
 num     #instances         #bytes  class name
----------------------------------------------
   1:         66506     1395273432  [B
   2:      10470021     1051927320  [C
   3:      10460187      251044488  java.lang.String
   4:         23524       90615168  [J
   5:          4715       87418232  [I
   6:         26207       43947544  [Ljava.lang.Object;
   7:         52794        3801168  org.apache.lucene.util.fst.FST$Arc
   8:          9354         989504  [Lorg.apache.lucene.util.fst.FST$Arc;
   9:          6600         875808  [Ljava.util.HashMap$Node;
  10:         20353         814120  org.apache.lucene.util.packed.Packed64
  11:         21167         677344  java.util.HashMap$Node
  12:          5037         567440  java.lang.Class
  13:         22897         549528  org.apache.lucene.util.BytesRef
  14:         13658         327792  java.util.ArrayList
  15:          6496         311808  java.util.HashMap
  16:          6020         240800  org.apache.lucene.document.FieldType
  17:          7346         235072  java.util.concurrent.ConcurrentHashMap$Node
  18:          5810         232400  java.util.LinkedHashMap$Entry
  19:          8323         199752  org.apache.lucene.util.fst.ReverseBytesReader
  20:          6018         192576  org.apache.lucene.document.Field
  21:          6018         192576  org.apache.lucene.document.LazyDocument$LazyField
  22:           203         151824  [S
  23:            24         127808  [[B
  24:          1924         107744  org.apache.lucene.codecs.memory.MemoryPostingsFormat$FSTTermsEnum
  25:          1924         107744  org.apache.lucene.util.fst.BytesRefFSTEnum
  26:          2607         104280  sun.nio.cs.UTF_8$Decoder
  27:            66         101256  [Lorg.apache.lucene.util.packed.PackedInts$Reader;
  28:          3149         100768  org.apache.lucene.util.WeakIdentityMap$IdentityWeakReference
  29:            17          99656  [F
  30:          2962          94784  org.apache.lucene.store.ByteArrayDataInput
  31:          2161          86440  org.tartarus.snowball.Among
  32:          3198          76752  org.apache.lucene.index.MultiDocsEnum$EnumWithSlice
  33:          2008          64256  org.apache.lucene.document.LazyDocument
  34:           104          63008  [Ljava.util.concurrent.ConcurrentHashMap$Node;
  35:          1121          62776  java.util.LinkedHashMap
  36:          1924          61568  org.apache.lucene.index.MultiTermsEnum$TermsEnumWithSlice
  37:          3725          59600  java.lang.Object
  38:          2405          57720  org.apache.lucene.util.packed.Direct8
  39:          1802          57664  java.util.Hashtable$Entry
  40:          3430          54880  java.lang.Integer
  41:          1369          54760  java.util.TreeMap$Entry
  42:          2005          48120  org.apache.lucene.util.packed.Packed64SingleBlock$Packed64SingleBlock4
  43:           739          46824  [Ljava.lang.String;
  44:          1924          46176  org.apache.lucene.index.ExitableDirectoryReader$ExitableTermsEnum
  45:          1924          46176  org.apache.lucene.index.MultiDocsAndPositionsEnum$EnumWithSlice
  46:          1924          46176  org.apache.lucene.util.fst.BytesRefFSTEnum$InputOutput
  47:           824          46144  org.apache.lucene.util.packed.PackedReaderIterator
  48:          1898          45552  org.apache.lucene.index.MultiTermsEnum$TermsEnumIndex
  49:           511          43696  [Ljava.util.WeakHashMap$Entry;
  50:           155          43488  [[C
  51:          1666          39984  java.util.concurrent.ConcurrentSkipListMap$Node
  52:          1631          39144  java.lang.Long
  53:          2325          37200  java.util.HashSet
  54:          1073          34336  java.lang.StackTraceElement
  55:          1374          32976  java.lang.Double
  56:           824          32960  java.util.WeakHashMap$Entry
  57:          2008          32128  org.apache.lucene.document.Document
  58:           498          31872  java.nio.DirectByteBufferR
  59:           782          31280  com.sun.org.apache.xerces.internal.dom.TextImpl
  60:           778          31120  com.sun.org.apache.xerces.internal.dom.DeferredTextImpl
  61:           937          29984  java.lang.ref.WeakReference
  62:           698          27920  java.lang.ref.SoftReference
  63:           862          27584  sun.security.util.DerInputBuffer
  64:           862          27584  sun.security.util.DerValue
  65:           677          27080  java.math.BigInteger
  66:           222          26640  [Lorg.apache.lucene.index.MultiTermsEnum$TermsEnumWithSlice;
  67:           241          25064  org.apache.lucene.util.fst.FST
  68:           508          24384  java.util.WeakHashMap
  69:           737          23584  java.lang.ThreadLocal$ThreadLocalMap$Entry
  70:           477          22896  org.apache.lucene.index.FieldInfo
  71:           354          22656  java.net.URL
  72:           291          20952  com.sun.org.apache.xerces.internal.dom.DeferredElementNSImpl
  73:           867          20808  org.apache.solr.common.SolrDocument
  74:           649          20768  java.util.Collections$UnmodifiableMap
  75:           862          20688  sun.security.util.DerInputStream
  76:           857          20568  [Lsun.security.x509.AVA;
  77:           857          20568  org.apache.solr.search.SolrIndexSearcher$SetNonLazyFieldSelector
  78:           857          20568  sun.security.x509.AVA
  79:           857          20568  sun.security.x509.RDN
  80:           855          20520  org.apache.lucene.codecs.compressing.CompressingStoredFieldsReader$SerializedDocument
  81:           824          19776  org.apache.lucene.util.LongsRef
  82:           609          19488  java.lang.ref.ReferenceQueue
  83:           303          19392  com.sun.org.apache.xerces.internal.dom.ElementNSImpl
  84:           288          18432  org.apache.lucene.store.ByteBufferIndexInput$SingleBufferImpl
  85:           208          18304  org.apache.lucene.codecs.blocktree.FieldReader
  86:           226          18080  java.lang.reflect.Constructor
  87:            74          17744  [Ljava.util.Hashtable$Entry;
  88:           352          16896  com.sun.org.apache.xerces.internal.dom.AttrNSImpl
  89:           693          16632  java.util.LinkedList$Node
  90:           341          16368  com.sun.org.apache.xerces.internal.dom.DeferredAttrNSImpl
  91:           336          16128  java.nio.HeapCharBuffer
  92:           251          16064  java.util.concurrent.ConcurrentHashMap
  93:           384          15360  java.lang.ref.Finalizer
  94:           236          15104  org.apache.lucene.codecs.compressing.CompressingStoredFieldsReader
  95:           236          15104  org.eclipse.jetty.io.BufferCache$CachedBuffer
  96:           377          15080  org.eclipse.jetty.util.StringMap$Node
  97:           471          15072  sun.security.util.ObjectIdentifier
  98:           627          15048  java.util.concurrent.ConcurrentSkipListMap$Index
  99:           123          14760  [Lorg.apache.lucene.index.MultiDocsEnum$EnumWithSlice;
 100:           879          14064  java.util.LinkedHashMap$LinkedEntrySet
 101:           571          13704  com.sun.org.apache.xerces.internal.dom.AttributeMap
 102:           237          13272  java.lang.Package
 103:           236          13216  org.apache.lucene.codecs.compressing.CompressingStoredFieldsReader$BlockState
 104:           540          12960  java.util.concurrent.atomic.AtomicLong
 105:           212          11872  org.eclipse.jetty.io.ByteArrayBuffer
 106:           182          11648  org.apache.lucene.codecs.memory.MemoryPostingsFormat$FSTDocsEnum
 107:           130          11440  [Lorg.eclipse.jetty.util.StringMap$Node;
 108:           119          11424  java.util.jar.JarFile$JarFileEntry
 109:           232          11136  java.util.TreeMap
 110:           341          10912  sun.misc.FDBigInteger
 111:           261          10440  org.eclipse.jetty.xml.XmlParser$Node
 112:           216          10368  java.nio.HeapByteBuffer
 113:            91          10216  [Lorg.tartarus.snowball.Among;
 114:           211          10128  sun.security.x509.X500Name
 115:           104           9984  org.apache.lucene.index.SegmentCommitInfo
 116:            39           9840  [Ljava.lang.ThreadLocal$ThreadLocalMap$Entry;
 117:           611           9776  java.lang.ref.ReferenceQueue$Lock
 118:           241           9640  org.apache.lucene.util.fst.BytesStore
 119:           200           9600  org.apache.solr.parser.Token
 120:           298           9536  sun.security.x509.AlgorithmId
 121:            25           9400  java.lang.Thread
 122:           292           9344  org.apache.lucene.util.Version
 123:            50           9248  [Ljava.lang.StackTraceElement;
 124:            74           8880  [Lorg.apache.lucene.index.MultiDocsAndPositionsEnum$EnumWithSlice;
 125:           157           8792  sun.nio.cs.UTF_8$Encoder
 126:            74           8776  [Lorg.apache.lucene.index.MultiTermsEnum$TermsEnumIndex;
 127:           209           8360  com.sun.org.apache.xerces.internal.dom.CommentImpl
 128:           209           8360  com.sun.org.apache.xerces.internal.dom.DeferredCommentImpl
 129:           124           7936  java.util.jar.JarFile
 130:            99           7920  sun.security.x509.X509CertImpl
 131:           211           7344  [Lsun.security.x509.RDN;
 132:           458           7328  java.util.concurrent.atomic.AtomicInteger
 133:           288           6912  [Ljava.nio.ByteBuffer;
 134:           117           6880  [Z
 135:            75           6600  java.lang.reflect.Method
 136:           164           6560  org.apache.log4j.Logger
 137:           200           6400  com.sun.org.apache.xerces.internal.xni.QName
 138:           133           6384  java.util.zip.Inflater
 139:           133           6384  org.apache.lucene.index.LeafReaderContext
 140:           133           6384  sun.misc.URLClassPath$JarLoader
 141:           256           6144  org.apache.solr.update.VersionBucket
 142:           188           6016  java.util.LinkedList
 143:            49           5880  [Lorg.apache.lucene.index.DocsEnum;
 144:            99           5544  sun.security.util.MemoryCache$SoftCacheEntry
 145:            99           5544  sun.security.x509.X509CertInfo
 146:           230           5520  org.apache.lucene.util.packed.Packed64SingleBlock$Packed64SingleBlock2
 147:           223           5352  java.security.Provider$ServiceKey
 148:            95           5320  java.security.Provider$Service
 149:           221           5304  org.apache.log4j.CategoryKey
 150:           212           5088  java.util.Date
 151:           211           5064  org.apache.lucene.index.IndexFileDeleter$RefCount
 152:           202           4848  java.util.Collections$SynchronizedSet
 153:            85           4760  org.eclipse.jetty.io.ByteArrayBuffer$CaseInsensitive
 154:            74           4736  org.apache.lucene.index.MultiTermsEnum
 155:           210           4696  [Ljava.lang.Class;
 156:           195           4680  org.eclipse.jetty.http.HttpFields$Field
 157:           140           4480  java.util.zip.ZipCoder
 158:           185           4440  org.apache.lucene.index.BitsSlice
 159:           276           4416  java.lang.ThreadLocal
 160:           275           4400  org.apache.lucene.util.BytesRefBuilder
 161:           273           4368  java.lang.Byte
 162:           272           4352  java.util.HashMap$EntrySet
 163:           181           4344  java.lang.Class$AnnotationData
 164:            90           4320  org.apache.solr.util.stats.EWMA
 165:           259           4184  [Lorg.eclipse.jetty.xml.XmlParser$Attribute;
 166:             1           4112  [Lcom.sun.org.apache.xpath.internal.objects.XObject;
 167:           256           4096  java.lang.Short
 168:            26           3952  [Lorg.apache.lucene.util.packed.PackedInts$Decoder;
 169:            26           3952  [Lorg.apache.lucene.util.packed.PackedInts$Encoder;
 170:           162           3888  org.slf4j.impl.Log4jLoggerAdapter
 171:            97           3880  org.apache.solr.analysis.TokenizerChain
 172:            94           3760  sun.security.rsa.RSAPublicKeyImpl
 173:           233           3728  org.apache.solr.common.util.NamedList
 174:           116           3712  org.apache.solr.schema.StrFieldSource$1
 175:           115           3680  java.util.concurrent.locks.ReentrantLock$NonfairSync
 176:           111           3552  java.io.FileDescriptor
 177:            63           3528  java.lang.invoke.MemberName
 178:            62           3472  java.beans.MethodDescriptor
 179:            56           3360  [Ljava.lang.ref.SoftReference;
 180:           140           3360  java.util.ArrayDeque
 181:            45           3240  org.apache.solr.schema.TextField
 182:            67           3216  org.opensextant.solrtexttagger.TermPrefixCursor
 183:           133           3192  java.util.zip.ZStreamRef
 184:           132           3168  java.util.jar.Attributes$Name
 185:            66           3168  org.opensextant.solrtexttagger.TagLL
 186:            78           3120  sun.misc.Cleaner
 187:            78           3120  sun.nio.ch.FileChannelImpl$Unmapper
 188:           127           3048  org.apache.lucene.util.CloseableThreadLocal
 189:            95           3040  java.util.Collections$SynchronizedMap
 190:           125           3000  java.util.concurrent.ConcurrentLinkedQueue$Node
 191:            16           2944  org.eclipse.jetty.server.Request
 192:           122           2928  org.apache.lucene.util.CharsRef
 193:            52           2912  org.apache.lucene.index.SegmentInfo
 194:            20           2880  org.apache.solr.search.SolrQueryParser
 195:            10           2848  [Lcom.sun.org.apache.xerces.internal.xni.QName;
 196:            71           2840  org.apache.solr.schema.SchemaField
 197:            62           2832  [D
 198:           118           2832  java.beans.MethodRef
 199:           117           2808  org.apache.lucene.uninverting.FieldCacheImpl$CacheKey
 200:           174           2784  java.util.HashMap$KeySet
 201:           116           2784  org.apache.lucene.uninverting.FieldCacheImpl$SortedDocValuesImpl$1
 202:           116           2784  org.apache.lucene.util.mutable.MutableValueStr
 203:            86           2752  sun.security.x509.BasicConstraintsExtension
 204:            83           2656  com.sun.org.apache.xerces.internal.util.SymbolTable$Entry
 205:            97           2648  [Lorg.apache.lucene.analysis.util.TokenFilterFactory;
 206:            22           2640  [Lorg.apache.lucene.queries.function.FunctionValues;
 207:           108           2592  sun.reflect.NativeConstructorAccessorImpl
 208:           161           2576  java.util.HashMap$Values
 209:            64           2560  org.apache.solr.core.PluginInfo
 210:            53           2544  org.eclipse.jetty.util.resource.FileResource
 211:            79           2528  java.io.File
 212:            79           2528  sun.security.x509.SubjectKeyIdentifierExtension
 213:            78           2496  java.lang.invoke.LambdaForm$Name
 214:           152           2432  java.util.LinkedHashSet
 215:            60           2400  java.security.ProtectionDomain
 216:            50           2400  java.util.Hashtable
 217:            50           2400  org.apache.lucene.analysis.util.CharArrayMap
 218:            99           2376  sun.security.util.BitArray
 219:            99           2376  sun.security.util.Cache$EqualByteArray
 220:            99           2376  sun.security.x509.CertificateValidity
 221:            74           2368  sun.security.x509.KeyUsageExtension
 222:            49           2352  org.apache.lucene.index.MultiDocsEnum
 223:            98           2352  org.eclipse.jetty.webapp.MetaData$OriginInfo
 224:             2           2256  [Lorg.eclipse.jetty.http.HttpStatus$Code;
 225:            20           2240  java.net.SocksSocketImpl
 226:            11           2200  [[Ljava.lang.Object;
 227:            21           2184  org.opensextant.solrtexttagger.TaggerRequestHandler$1
 228:           134           2144  java.lang.Float
 229:           133           2128  org.apache.solr.common.util.SimpleOrderedMap
 230:            87           2088  sun.security.x509.CertificateExtensions
 231:             1           2048  [Lorg.eclipse.jetty.http.HttpGenerator$Status;
 232:           128           2048  java.lang.Character
 233:           128           2048  java.util.WeakHashMap$KeySet
 234:            85           2040  java.lang.StringBuilder
 235:            85           2040  java.util.Collections$SetFromMap
 236:            28           2016  java.beans.PropertyDescriptor
 237:            84           2016  java.security.Provider$UString
 238:            28           2016  org.apache.lucene.index.SegmentReader
 239:            83           1992  java.util.Collections$SingletonList
 240:            64           1952  [Ljava.security.cert.Certificate;
 241:            60           1920  java.security.CodeSource
 242:            30           1920  java.text.DateFormatSymbols
 243:           120           1920  org.apache.lucene.util.CharsRefBuilder
 244:            40           1920  org.apache.lucene.util.packed.BulkOperationPacked
 245:            78           1872  org.apache.lucene.util.WeakIdentityMap
 246:            39           1872  sun.util.locale.LocaleObjectCache$CacheEntry
 247:            46           1840  sun.security.ec.NamedCurve
 248:            57           1824  org.apache.log4j.ProvisionNode
 249:            25           1800  org.apache.log4j.spi.LoggingEvent
 250:            32           1792  org.eclipse.jetty.io.View$CaseInsensitive
 251:           112           1792  sun.security.x509.KeyIdentifier
 252:            74           1776  org.apache.lucene.index.MultiTermsEnum$TermMergeQueue
 253:           110           1760  sun.reflect.DelegatingConstructorAccessorImpl
 254:           110           1760  sun.security.x509.SerialNumber
 255:            73           1752  java.util.concurrent.CopyOnWriteArrayList
 256:            31           1736  org.apache.solr.servlet.SolrRequestParsers$1
 257:            31           1736  org.eclipse.jetty.io.View
 258:            54           1728  java.util.Vector
 259:            24           1728  java.util.regex.Pattern
 260:            54           1728  org.apache.lucene.search.TermQuery
 261:            17           1712  [[I
 262:            53           1696  org.apache.lucene.index.FieldInfos
 263:            21           1680  java.net.URI
 264:           105           1680  java.util.jar.Attributes
 265:            30           1680  org.apache.solr.util.stats.ExponentiallyDecayingSample
 266:            30           1680  org.apache.solr.util.stats.Meter
 267:            16           1664  org.eclipse.jetty.server.BlockingHttpConnection
 268:            41           1640  java.io.ObjectStreamField
 269:            41           1640  java.lang.invoke.MethodType
 270:           102           1632  java.util.concurrent.locks.ReentrantLock
 271:            40           1600  java.io.StringReader
 272:            40           1600  org.apache.lucene.analysis.core.StopFilterFactory
 273:            40           1600  org.apache.solr.parser.FastCharStream
 274:            99           1584  sun.security.x509.CertificateAlgorithmId
 275:            99           1584  sun.security.x509.CertificateSerialNumber
 276:            99           1584  sun.security.x509.CertificateVersion
 277:            99           1584  sun.security.x509.CertificateX509Key
 278:            28           1568  java.lang.invoke.MethodTypeForm
 279:            39           1560  java.util.HashMap$KeyIterator
 280:            14           1544  [[Ljava.lang.String;
 281:            16           1536  org.eclipse.jetty.http.HttpParser
 282:            47           1504  org.eclipse.jetty.http.HttpStatus$Code
 283:             3           1480  [Ljava.lang.Integer;
 284:            46           1472  java.security.spec.EllipticCurve
 285:            26           1456  org.apache.lucene.index.SegmentCoreReaders
 286:            45           1440  java.io.FilePermission
 287:            45           1440  java.security.Permissions
 288:            30           1440  java.util.concurrent.ConcurrentSkipListMap
 289:            30           1440  java.util.concurrent.locks.ReentrantReadWriteLock$NonfairSync
 290:            30           1440  org.apache.solr.response.SolrQueryResponse
 291:             2           1424  [Lcom.sun.org.apache.xerces.internal.util.SymbolTable$Entry;
 292:            16           1408  org.eclipse.jetty.http.HttpGenerator
 293:            58           1392  java.lang.StringBuffer
 294:            15           1376  [Ljava.lang.Byte;
 295:             1           1376  [Lsun.misc.FDBigInteger;
 296:            43           1376  java.lang.invoke.MethodType$ConcurrentWeakInternSet$WeakEntry
 297:            57           1368  org.apache.lucene.util.IntsRef
 298:            34           1360  org.apache.solr.search.DocSlice
 299:            34           1360  sun.security.x509.AuthorityKeyIdentifierExtension
 300:            24           1344  java.util.ResourceBundle$CacheKey
 301:            55           1320  org.apache.lucene.index.Term
 302:             9           1296  [Ljava.lang.invoke.MethodHandle;
 303:             9           1296  java.text.DecimalFormat
 304:            27           1296  org.apache.solr.common.util.JavaBinCodec
 305:            40           1280  java.io.IOException
 306:            40           1280  java.util.ArrayList$ListItr
 307:            40           1280  java.util.regex.Pattern$Curly
 308:            40           1280  org.apache.solr.parser.QueryParser$JJCalls
 309:            16           1280  sun.net.www.protocol.jar.URLJarFile
 310:            53           1272  org.apache.lucene.search.BooleanClause
 311:            39           1248  java.util.concurrent.ConcurrentSkipListMap$HeadIndex
 312:            39           1248  org.apache.lucene.analysis.standard.StandardTokenizerFactory
 313:            26           1248  org.apache.lucene.codecs.blocktree.BlockTreeTermsReader
 314:            26           1248  org.apache.lucene.codecs.memory.MemoryPostingsFormat$TermsReader
 315:            26           1248  org.apache.lucene.index.ReadersAndUpdates
 316:            26           1248  org.apache.lucene.uninverting.UninvertingReader
 317:            31           1240  java.security.AccessControlContext
 318:            31           1240  org.apache.solr.search.SolrReturnFields
 319:            51           1224  java.security.spec.ECPoint
 320:            30           1200  org.apache.solr.util.stats.Histogram
 321:            38           1184  [Ljava.math.BigInteger;
 322:            49           1176  com.sun.org.apache.xerces.internal.util.XMLStringBuffer
 323:            29           1160  org.apache.solr.request.SolrRequestInfo
 324:            24           1152  java.util.ResourceBundle$BundleReference
 325:            16           1152  org.apache.lucene.analysis.standard.StandardTokenizerImpl
 326:            16           1152  org.eclipse.jetty.http.HttpURI
 327:            28           1120  java.util.IdentityHashMap
 328:            20           1120  org.apache.solr.parser.QueryParserTokenManager
 329:            20           1120  org.apache.solr.search.LuceneQParser
 330:            46           1104  org.eclipse.jetty.http.HttpGenerator$Status
 331:            23           1104  sun.nio.cs.StreamDecoder
 332:            34           1088  org.apache.solr.servlet.SolrRequestParsers$HttpRequestContentStream
 333:            45           1080  java.io.FilePermissionCollection
 334:            44           1056  com.sun.org.apache.xerces.internal.xni.XMLString
 335:            66           1056  org.eclipse.jetty.util.log.JettyAwareLogger
 336:            66           1056  org.eclipse.jetty.util.log.Slf4jLog
 337:             1           1040  [Lcom.sun.org.apache.xerces.internal.impl.dtd.models.ContentModelValidator;
 338:             1           1040  [Lcom.sun.org.apache.xerces.internal.impl.dv.DatatypeValidator;
 339:             1           1040  [Ljava.lang.Long;
 340:             1           1040  [Ljava.lang.Short;
 341:             1           1040  [Lorg.apache.solr.update.VersionBucket;
 342:             1           1040  [Lsun.text.normalizer.UnicodeSet;
 343:            26           1040  org.apache.lucene.codecs.compressing.CompressingStoredFieldsIndexReader
 344:            26           1040  org.apache.lucene.index.ExitableDirectoryReader$ExitableFilterAtomicReader
 345:            32           1024  java.util.Random
 346:            16           1024  org.apache.lucene.analysis.standard.StandardTokenizer
 347:            16           1024  org.eclipse.jetty.server.AsyncContinuation
 348:             8           1024  org.eclipse.jetty.servlet.ServletHolder
 349:            21           1008  java.lang.invoke.LambdaForm
 350:            25           1000  org.apache.solr.schema.FieldType$DefaultAnalyzer
 351:            60            960  [Ljava.security.Principal;
 352:            20            960  com.sun.org.apache.xerces.internal.util.XMLAttributesImpl$Attribute
 353:            60            960  java.security.ProtectionDomain$Key
 354:            30            960  java.security.Provider$EngineDescription
 355:            30            960  org.apache.solr.util.stats.Timer
 356:            39            936  java.lang.ThreadLocal$ThreadLocalMap
 357:            39            936  java.util.Currency
 358:            39            936  org.apache.lucene.analysis.core.LowerCaseFilterFactory
 359:            29            928  org.apache.solr.common.util.FastOutputStream
 360:            38            912  java.io.ByteArrayOutputStream
 361:            57            912  java.util.Collections$UnmodifiableCollection
 362:            38            912  java.util.regex.Pattern$5
 363:            26            896  [Ljava.lang.invoke.LambdaForm$Name;
 364:            28            896  org.apache.lucene.index.CodecReader$1
 365:            28            896  org.apache.lucene.index.CodecReader$2
 366:            28            896  org.apache.lucene.index.CodecReader$3
 367:            16            896  org.eclipse.jetty.server.Response
 368:            16            896  org.eclipse.jetty.server.bio.SocketConnector$ConnectorEndPoint
 369:            37            888  java.lang.invoke.LambdaForm$NamedFunction
 370:            37            888  java.net.InetAddress$InetAddressHolder
 371:             7            880  [Ljava.beans.MethodDescriptor;
 372:            55            880  java.util.TreeMap$Values
 373:            22            880  org.opensextant.solrtexttagger.ValueSourceAccessor
 374:            53            864  [Lorg.apache.lucene.analysis.util.CharFilterFactory;
 375:            18            864  java.util.Properties
 376:            27            864  org.apache.solr.response.BinaryResponseWriter$Resolver
 377:            21            840  com.sun.org.apache.xerces.internal.impl.dtd.XMLSimpleType
 378:            35            840  java.net.Inet4Address
 379:            15            840  org.apache.lucene.analysis.miscellaneous.ASCIIFoldingFilter
 380:            26            832  org.apache.lucene.codecs.lucene50.ForUtil
 381:            26            832  org.apache.lucene.codecs.lucene50.Lucene50PostingsReader
 382:            26            832  org.apache.lucene.index.SegmentCoreReaders$1
 383:            26            832  org.apache.lucene.index.SegmentCoreReaders$2
 384:            26            832  org.apache.solr.util.stats.TimerContext
 385:            34            816  java.util.regex.Pattern$GroupHead
 386:            34            816  java.util.regex.Pattern$GroupTail
 387:            17            816  org.apache.lucene.analysis.tokenattributes.PackedTokenAttributeImpl
 388:            51            816  org.apache.lucene.analysis.util.CharArraySet
 389:            34            816  org.apache.solr.common.params.DefaultSolrParams
 390:            25            800  org.apache.log4j.spi.LocationInfo
 391:            25            800  org.apache.lucene.search.BooleanQuery
 392:            24            768  java.lang.Throwable
 393:            32            768  java.net.InetSocketAddress$InetSocketAddressHolder
 394:            16            768  java.net.SocketInputStream
 395:            16            768  java.net.SocketOutputStream
 396:            24            768  java.util.ResourceBundle$LoaderReference
 397:            32            768  org.apache.lucene.util.AttributeSource$State
 398:            32            768  org.apache.solr.schema.IndexSchema$DynamicField
 399:            32            768  org.eclipse.jetty.http.HttpFields
 400:            16            768  org.eclipse.jetty.util.StringMap
 401:            24            768  sun.security.x509.OIDMap$OIDInfo
 402:            19            760  sun.util.locale.BaseLocale$Key
 403:            31            744  java.util.concurrent.locks.ReentrantReadWriteLock
 404:            31            744  org.apache.solr.core.ConfigSolr$CfgProp
 405:            15            720  java.lang.management.PlatformComponent
 406:            15            720  org.eclipse.jetty.server.AbstractHttpConnection$Output
 407:             2            704  com.sun.org.apache.xerces.internal.impl.XMLNSDocumentScannerImpl
 408:            22            704  com.sun.org.apache.xerces.internal.util.AugmentationsImpl$SmallContainer
 409:            12            672  com.sun.org.apache.xerces.internal.dom.DeferredElementImpl
 410:             6            672  java.util.GregorianCalendar
 411:            28            672  java.util.regex.Pattern$Ctype
 412:            14            672  org.apache.lucene.util.packed.MonotonicLongValues
 413:            28            672  org.noggit.CharArr
 414:            21            672  sun.security.x509.URIName
 415:            27            648  java.util.Collections$UnmodifiableRandomAccessList
 416:            27            648  org.apache.solr.schema.IndexSchema$DynamicReplacement$DynamicPattern$NameEndsWith
 417:            40            640  [Ljavax.servlet.http.Cookie;
 418:             8            640  com.google.common.cache.LocalCache$Segment
 419:            20            640  java.util.RegularEnumSet
 420:            20            640  org.apache.solr.parser.QueryParser$LookaheadSuccess
 421:            18            632  [Ljava.security.ProtectionDomain;
 422:             3            624  [Ljava.lang.invoke.LambdaForm;
 423:            26            624  java.security.spec.ECFieldF2m
 424:            39            624  java.util.regex.Pattern$CharPropertyNames$1
 425:            26            624  org.apache.lucene.codecs.memory.MemoryPostingsFormat$1
 426:            26            624  org.apache.lucene.codecs.perfield.PerFieldPostingsFormat$FieldsReader
 427:            26            624  org.apache.lucene.index.ExitableDirectoryReader$ExitableFields
 428:            26            624  org.apache.lucene.index.ExitableDirectoryReader$ExitableTerms
 429:            26            624  org.apache.lucene.index.ReaderSlice
 430:            26            624  org.apache.solr.search.DocSlice$1
 431:            19            608  java.util.Locale
 432:            19            608  sun.util.locale.BaseLocale
 433:            15            600  org.apache.lucene.analysis.en.EnglishPossessiveFilter
 434:            37            592  sun.security.x509.GeneralName
 435:            18            576  java.net.Socket
 436:             9            576  java.text.DecimalFormatSymbols
 437:            24            576  java.util.regex.Pattern$Start
 438:            24            576  org.apache.lucene.util.FixedBitSet
 439:            24            576  org.apache.solr.common.util.NamedList$1
 440:            24            576  org.apache.solr.response.ResultContext
 441:            18            576  org.eclipse.jetty.http.PathMap$Entry
 442:             8            576  sun.reflect.DelegatingClassLoader
 443:            18            576  sun.security.x509.DistributionPoint
 444:             6            576  sun.util.calendar.Gregorian$Date
 445:            14            560  org.apache.lucene.util.PagedBytes$Reader
 446:            35            560  org.apache.solr.common.params.MultiMapSolrParams
 447:            10            560  sun.invoke.util.Wrapper
 448:            10            560  sun.util.calendar.ZoneInfo
 449:            23            552  java.io.InputStreamReader
 450:            17            544  com.sun.org.apache.xerces.internal.impl.dtd.XMLElementDecl
 451:            17            544  java.util.regex.Pattern$Branch
 452:            17            544  sun.security.x509.CRLDistributionPointsExtension
 453:             1            528  [Ljava.lang.Character;
 454:             1            528  [Ljava.util.TimerTask;
 455:            22            528  java.util.regex.Pattern$1
 456:            22            528  java.util.regex.Pattern$Slice
 457:            33            528  sun.security.x509.GeneralNames
 458:            13            520  org.apache.lucene.analysis.snowball.SnowballPorterFilterFactory
 459:            32            512  java.net.InetSocketAddress
 460:            32            512  org.apache.solr.common.params.MapSolrParams
 461:            16            512  org.eclipse.jetty.util.Utf8StringBuilder
 462:            21            504  [Lorg.opensextant.solrtexttagger.TagLL;
 463:            21            504  org.eclipse.jetty.webapp.ClasspathPattern$Entry
 464:            21            504  sun.security.x509.AVAKeyword
 465:            31            496  java.util.concurrent.locks.ReentrantReadWriteLock$ReadLock
 466:            31            496  java.util.concurrent.locks.ReentrantReadWriteLock$Sync$ThreadLocalHoldCounter
 467:            31            496  java.util.concurrent.locks.ReentrantReadWriteLock$WriteLock
 468:            20            480  [Lorg.apache.solr.parser.QueryParser$JJCalls;
 469:             4            480  com.ctc.wstx.api.ReaderConfig
 470:            15            480  java.lang.StringCoding$StringEncoder
 471:            15            480  java.lang.invoke.DirectMethodHandle
 472:            30            480  java.util.concurrent.atomic.AtomicReference
 473:            20            480  java.util.regex.Pattern$Single
 474:            20            480  org.apache.solr.search.QueryParsing$StrParser
 475:            20            480  org.eclipse.jetty.security.RoleInfo
 476:            15            480  org.eclipse.jetty.server.CookieCutter
 477:            10            480  sun.util.locale.provider.LocaleResources$ResourceReference
 478:            17            464  [Ljava.util.regex.Pattern$Node;
 479:            16            456  [Ljava.io.ObjectStreamField;
 480:             4            456  [Ljava.lang.ClassValue$Entry;
 481:            19            456  java.util.Locale$LocaleKey
 482:            19            456  org.apache.solr.servlet.SolrRequestParsers$2
 483:            14            448  com.sun.org.apache.xml.internal.dtm.ref.ExtendedType
 484:            14            448  org.apache.lucene.uninverting.FieldCacheImpl$SortedDocValuesImpl
 485:            14            448  org.apache.lucene.util.packed.BulkOperationPackedSingleBlock
 486:            11            440  com.sun.org.apache.xerces.internal.dom.DeferredAttrImpl
 487:             1            432  [[[C
 488:            18            432  com.google.common.collect.RegularImmutableMap$TerminalEntry
 489:            18            432  java.text.DateFormat$Field
 490:             6            432  java.util.concurrent.ThreadPoolExecutor
 491:            18            432  java.util.concurrent.locks.AbstractQueuedSynchronizer$ConditionObject
 492:            18            432  org.apache.solr.core.SolrConfig$SolrPluginInfo
 493:             2            416  [Lorg.apache.lucene.util.packed.BulkOperation;
 494:            26            416  org.apache.lucene.index.SegmentDocValues
 495:            17            408  [Lorg.apache.lucene.util.AttributeSource$State;
 496:            17            408  org.apache.lucene.analysis.Analyzer$TokenStreamComponents
 497:             2            400  com.sun.org.apache.xerces.internal.dom.DeferredDocumentImpl
 498:             2            400  com.sun.org.apache.xerces.internal.impl.XMLDTDScannerImpl
 499:            25            400  java.util.Collections$UnmodifiableSet
 500:             1            392  org.apache.solr.core.CloserThread
 501:             1            392  org.eclipse.jetty.server.ShutdownMonitor
 502:             2            384  com.sun.org.apache.xerces.internal.parsers.XIncludeAwareParserConfiguration
 503:             1            384  java.lang.ref.Finalizer$FinalizerThread
 504:             6            384  java.nio.DirectByteBuffer
 505:            12            384  java.security.cert.PolicyQualifierInfo
 506:            12            384  java.util.Stack
 507:             1            384  java.util.TimerThread
 508:             1            384  java.util.logging.LogManager$Cleaner
 509:             8            384  java.util.logging.LogManager$LoggerWeakRef
 510:             1            384  org.eclipse.jetty.util.thread.ShutdownThread
 511:             1            376  java.lang.ref.Reference$ReferenceHandler
 512:             7            360  [Ljava.beans.PropertyDescriptor;
 513:             9            360  java.text.DigitList
 514:            15            360  org.eclipse.jetty.server.HttpInput
 515:            15            360  sun.misc.MetaIndex
 516:             2            352  com.sun.org.apache.xerces.internal.impl.dtd.XMLNSDTDValidator
 517:            22            352  com.sun.org.apache.xerces.internal.util.AugmentationsImpl
 518:            22            352  org.apache.solr.schema.StrFieldSource
 519:             7            336  java.beans.BeanDescriptor
 520:             6            336  java.nio.DirectLongBufferU
 521:            14            336  java.util.concurrent.ConcurrentLinkedQueue
 522:            21            336  java.util.concurrent.CopyOnWriteArraySet
 523:            14            336  java.util.regex.Pattern$BitClass
 524:             6            336  org.apache.lucene.util.BytesRefHash
 525:            14            336  org.apache.solr.schema.CopyField
 526:             7            336  sun.misc.URLClassPath
 527:            21            336  sun.security.x509.DNSName
 528:            16            328  [Ljava.lang.management.PlatformComponent;
 529:            10            320  java.lang.OutOfMemoryError
 530:            20            320  java.security.spec.ECFieldFp
 531:            20            320  java.util.LinkedHashMap$LinkedValues
 532:            10            320  java.util.logging.LogManager$LogNode
 533:            20            320  org.apache.solr.response.transform.DocTransformers
 534:             4            320  org.apache.solr.schema.TrieDateField
 535:            10            320  sun.security.x509.CertificatePoliciesExtension
 536:            13            312  org.apache.log4j.Level
 537:            19            304  org.eclipse.jetty.util.AttributesMap
 538:             6            296  [Lcom.google.common.collect.RegularImmutableMap$LinkedEntry;
 539:             4            296  [Lsun.invoke.util.Wrapper;
 540:             1            296  org.eclipse.jetty.webapp.WebAppContext
 541:             7            288  [[S
 542:            12            288  java.lang.invoke.SimpleMethodHandle
 543:             9            288  java.util.logging.Level
 544:            18            288  java.util.regex.Pattern$CharPropertyNames$4
 545:             9            288  jdk.internal.org.objectweb.asm.Type
 546:             4            288  org.apache.solr.handler.UpdateRequestHandler
 547:             4            288  org.apache.solr.handler.component.SearchHandler
 548:             9            288  sun.security.jca.ProviderConfig
 549:             9            288  sun.security.x509.NetscapeCertTypeExtension
 550:             7            280  com.sun.org.apache.xalan.internal.utils.XMLSecurityManager$Limit
 551:             7            280  com.sun.org.apache.xerces.internal.utils.XMLSecurityManager$Limit
 552:             7            280  java.beans.GenericBeanInfo
 553:             5            280  org.apache.lucene.analysis.synonym.SynonymFilterFactory
 554:             1            272  [Lcom.ctc.wstx.util.SymbolTable$Bucket;
 555:             2            272  com.sun.org.apache.xerces.internal.dom.DocumentImpl
 556:             1            272  com.sun.org.apache.xerces.internal.impl.dtd.DTDGrammar
 557:            17            272  java.util.regex.Pattern$BranchConn
 558:             3            264  java.util.jar.JarVerifier
 559:            11            264  org.apache.lucene.uninverting.UninvertingReader$Type
 560:            11            264  org.apache.lucene.util.packed.Direct16
 561:            11            264  sun.security.x509.Extension
 562:             3            256  [Lorg.apache.lucene.index.ReaderSlice;
 563:             2            256  com.google.common.cache.LocalCache
 564:             2            256  com.sun.org.apache.xerces.internal.impl.XMLEntityManager
 565:             4            256  java.text.SimpleDateFormat
 566:             8            256  org.apache.lucene.index.DocumentsWriterPerThreadPool$ThreadState
 567:            16            256  org.eclipse.jetty.server.AbstractHttpConnection$RequestHandler
 568:            16            256  sun.reflect.DelegatingMethodAccessorImpl
 569:             8            256  sun.security.x509.ExtendedKeyUsageExtension
 570:             8            248  [Ljava.lang.Boolean;
 571:             2            240  [Lorg.apache.lucene.index.IndexReaderContext;
 572:             2            240  [Lorg.apache.lucene.index.LeafReader;
 573:             2            240  com.sun.org.apache.xerces.internal.jaxp.SAXParserImpl$JAXPSAXParser
 574:            10            240  com.sun.xml.internal.stream.Entity$InternalEntity
 575:            10            240  java.nio.file.StandardOpenOption
 576:            10            240  java.security.CryptoPrimitive
 577:            10            240  java.util.Arrays$ArrayList
 578:             5            240  org.apache.lucene.analysis.miscellaneous.KeywordMarkerFilterFactory
 579:             6            240  org.apache.lucene.util.ByteBlockPool
 580:             3            240  org.apache.solr.schema.TrieDoubleField
 581:             3            240  org.apache.solr.schema.TrieLongField
 582:             3            240  org.apache.solr.search.LRUCache
 583:             3            240  org.eclipse.jetty.http.PathMap
 584:            15            240  org.opensextant.solrtexttagger.TaggingAttributeImpl
 585:            10            240  sun.reflect.NativeMethodAccessorImpl
 586:            10            240  sun.security.x509.PolicyInformation
 587:             7            224  java.io.FileInputStream
 588:             7            224  java.lang.ClassValue$Entry
 589:             7            224  org.apache.solr.core.RequestHandlers$LazyRequestHandlerWrapper
 590:            14            224  sun.security.x509.CertificatePolicyId
 591:             9            216  java.util.logging.Level$KnownLevel
 592:             3            216  java.util.logging.Logger
 593:             9            216  org.apache.lucene.util.packed.Packed8ThreeBlocks
 594:             9            216  org.eclipse.jetty.servlet.ServletMapping
 595:             9            216  sun.util.logging.PlatformLogger$Level
 596:             1            208  org.apache.solr.update.SolrIndexWriter
 597:             2            208  sun.net.www.protocol.file.FileURLConnection
 598:             3            200  [Ljava.lang.Thread;
 599:             2            200  [Ljava.text.DateFormat$Field;
 600:             5            200  com.sun.org.apache.xerces.internal.impl.dtd.XMLEntityDecl
 601:             5            200  java.lang.ClassLoader$NativeLibrary
 602:             1            200  org.apache.solr.core.SolrCore
 603:             5            200  org.apache.solr.search.CacheConfig
 604:            12            192  com.sun.org.apache.xerces.internal.dom.DeferredDocumentImpl$RefCount
 605:             2            192  com.sun.org.apache.xerces.internal.impl.dtd.XMLDTDProcessor
 606:             6            192  com.sun.org.apache.xerces.internal.util.XMLResourceIdentifierImpl
 607:             3            192  java.lang.ClassValue$ClassValueMap
 608:             6            192  java.lang.invoke.LambdaForm$BasicType
 609:             8            192  java.lang.invoke.MethodHandleImpl$Intrinsic
 610:             8            192  java.math.RoundingMode
 611:             2            192  org.apache.http.impl.client.SystemDefaultHttpClient
 612:             3            192  org.apache.solr.schema.StrField
 613:             3            192  org.apache.solr.search.LRUCache$1
 614:             8            192  org.eclipse.jetty.deploy.graph.Edge
 615:             8            192  org.eclipse.jetty.servlet.ServletHolder$Config
 616:             3            192  sun.security.provider.NativePRNG$RandomIO
 617:             2            192  sun.security.provider.Sun
 618:             6            192  sun.security.util.MemoryCache
 619:             1            184  org.eclipse.jetty.server.bio.SocketConnector
 620:             1            184  org.eclipse.jetty.server.session.HashSessionManager
 621:             2            176  java.net.FactoryURLClassLoader
 622:            11            176  java.text.NumberFormat$Field
 623:             8            168  [Ljava.security.CodeSigner;
 624:             1            168  [[Ljava.math.BigInteger;
 625:             7            168  com.sun.management.VMOption$Origin
 626:             7            168  com.sun.org.apache.xerces.internal.util.FeatureState
 627:             7            168  org.apache.commons.logging.impl.SLF4JLocationAwareLog
 628:             3            168  org.apache.lucene.index.SegmentInfos
 629:             7            168  org.apache.solr.util.DefaultSolrThreadFactory
 630:             7            168  org.eclipse.jetty.webapp.Origin
 631:             7            168  org.eclipse.jetty.xml.XmlParser$Attribute
 632:             7            168  sun.reflect.generics.tree.SimpleClassTypeSignature
 633:             7            168  sun.security.x509.NetscapeCertTypeExtension$MapEntry
 634:             5            160  [Ljava.lang.invoke.LambdaForm$BasicType;
 635:             2            160  [Ljava.util.concurrent.RunnableScheduledFuture;
 636:             5            160  com.google.common.collect.RegularImmutableList
 637:             4            160  com.sun.org.apache.xerces.internal.dom.DeferredCDATASectionImpl
 638:             5            160  com.sun.org.apache.xpath.internal.objects.XNumber
 639:             5            160  java.security.AlgorithmParameters
 640:            10            160  java.util.Formatter$Flags
 641:             2            160  java.util.concurrent.ScheduledThreadPoolExecutor
 642:             4            160  org.apache.lucene.analysis.util.ElisionFilterFactory
 643:             2            160  org.apache.solr.schema.TrieFloatField
 644:             2            160  org.apache.solr.schema.TrieIntField
 645:             5            160  org.apache.solr.search.SolrCacheBase$AutoWarmCountRef
 646:             4            160  org.apache.solr.util.ConcurrentLRUCache$Stats
 647:             4            160  org.apache.solr.util.DistanceUnits
 648:             4            160  sun.security.ec.ECPublicKeyImpl
 649:             5            160  sun.util.locale.provider.LocaleProviderAdapter$Type
 650:             1            152  org.apache.solr.core.SolrConfig
 651:             1            152  org.apache.solr.search.SolrIndexSearcher
 652:             4            144  [Lcom.sun.org.apache.xerces.internal.util.XMLAttributesImpl$Attribute;
 653:             3            144  [Ljava.util.Map;
 654:             1            144  [Ljava.util.Queue;
 655:             1            144  [Ljava.util.concurrent.ConcurrentMap;
 656:             1            144  [Lorg.apache.solr.core.ConfigSolr$CfgProp;
 657:             3            144  com.spatial4j.core.shape.impl.RectangleImpl
 658:             6            144  com.sun.org.apache.xerces.internal.util.Status
 659:             6            144  com.sun.org.apache.xml.internal.utils.NSInfo
 660:             2            144  java.lang.reflect.Field
 661:             6            144  java.util.Collections$SynchronizedRandomAccessList
 662:             3            144  java.util.concurrent.LinkedBlockingQueue
 663:             6            144  java.util.regex.Pattern$CharPropertyNames$2
 664:             2            144  org.apache.http.impl.conn.HttpConnPool
 665:             3            144  org.apache.lucene.analysis.miscellaneous.WordDelimiterFilterFactory
 666:             3            144  org.apache.lucene.analysis.synonym.SynonymFilter$PendingOutputs
 667:             6            144  org.apache.lucene.analysis.synonym.SynonymMap
 668:             6            144  org.apache.lucene.index.DocValuesType
 669:             6            144  org.apache.lucene.util.BytesRefHash$DirectBytesStartArray
 670:             6            144  org.apache.lucene.util.Counter$SerialCounter
 671:             2            144  org.apache.solr.handler.admin.SystemInfoHandler
 672:             1            144  org.apache.solr.update.UpdateLog
 673:             1            144  org.eclipse.jetty.servlet.ServletHandler
 674:             6            144  org.eclipse.jetty.util.component.AggregateLifeCycle$Bean
 675:             6            144  sun.misc.PerfCounter
 676:             3            144  sun.nio.cs.StreamEncoder
 677:             6            144  sun.security.ssl.ProtocolVersion
 678:             6            144  sun.security.util.DisabledAlgorithmConstraints$KeySizeConstraint$Operator
 679:             3            136  [Lcom.sun.org.apache.xerces.internal.utils.XMLSecurityManager$State;
 680:             2            136  [Lorg.apache.lucene.index.Fields;
 681:             2            136  [Lorg.apache.lucene.index.Terms;
 682:             1            136  [Lorg.apache.solr.schema.IndexSchema$DynamicField;
 683:             1            136  org.apache.lucene.index.DocumentsWriterFlushControl
 684:             4            128  [Lcom.sun.org.apache.xerces.internal.impl.XMLEntityManager$CharacterBuffer;
 685:             4            128  com.ctc.wstx.stax.WstxInputFactory
 686:             4            128  com.sun.org.apache.xerces.internal.jaxp.SAXParserFactoryImpl
 687:             2            128  java.io.ExpiringCache$1
 688:             4            128  java.io.FileOutputStream
 689:             2            128  java.security.SecureRandom
 690:             8            128  java.util.concurrent.atomic.AtomicReferenceArray
 691:             8            128  java.util.regex.Pattern$CharPropertyNames$3
 692:             4            128  org.apache.http.conn.scheme.Scheme
 693:             4            128  org.apache.log4j.helpers.PatternParser$LiteralPatternConverter
 694:             4            128  org.apache.lucene.store.IOContext
 695:             2            128  org.apache.solr.handler.admin.LoggingHandler
 696:             2            128  org.apache.solr.handler.admin.PropertiesRequestHandler
 697:             2            128  org.apache.solr.handler.admin.ThreadDumpHandler
 698:             1            128  org.eclipse.jetty.util.BlockingArrayQueue
 699:             2            128  sun.nio.ch.FileChannelImpl
 700:             4            128  sun.nio.fs.UnixPath
 701:             3            120  [Ljava.lang.invoke.BoundMethodHandle$SpeciesData;
 702:             4            120  [Ljava.lang.invoke.LambdaForm$NamedFunction;
 703:             1            120  [Lorg.apache.lucene.index.SegmentReader;
 704:             1            120  [Lorg.apache.lucene.util.Bits;
 705:             3            120  com.google.common.collect.RegularImmutableMap
 706:             5            120  com.sun.org.apache.xalan.internal.utils.FeaturePropertyBase$State
 707:             5            120  com.sun.org.apache.xalan.internal.utils.XMLSecurityManager$State
 708:             3            120  com.sun.org.apache.xerces.internal.impl.dtd.XMLDTDDescription
 709:             5            120  com.sun.org.apache.xerces.internal.util.PropertyState
 710:             3            120  com.sun.org.apache.xerces.internal.utils.XMLLimitAnalyzer
 711:             5            120  com.sun.org.apache.xerces.internal.utils.XMLSecurityManager$State
 712:             5            120  com.sun.org.apache.xerces.internal.utils.XMLSecurityPropertyManager$State
 713:             5            120  java.util.regex.Pattern$Category
 714:             3            120  javax.net.ssl.SSLParameters
 715:             5            120  javax.servlet.DispatcherType
 716:             5            120  javax.xml.namespace.QName
 717:             5            120  org.apache.lucene.analysis.core.KeywordTokenizerFactory
 718:             5            120  org.apache.lucene.analysis.core.WhitespaceTokenizerFactory
 719:             1            120  org.apache.lucene.analysis.synonym.SynonymFilter
 720:             5            120  org.apache.lucene.index.IndexOptions
 721:             1            120  org.apache.solr.handler.ReplicationHandler
 722:             5            120  org.apache.solr.schema.TrieField$TrieTypes
 723:             5            120  sun.misc.FloatingDecimal$PreparedASCIIToBinaryBuffer
 724:             5            120  sun.security.jca.ServiceId
 725:             5            120  sun.security.provider.certpath.X509CertPath
 726:             2            112  [Ljava.nio.file.StandardOpenOption;
 727:             2            112  [Ljava.security.CryptoPrimitive;
 728:             7            112  [Lsun.reflect.generics.tree.TypeArgument;
 729:             2            112  com.sun.org.apache.xerces.internal.impl.XMLEntityScanner
 730:             2            112  com.sun.org.apache.xerces.internal.jaxp.SAXParserImpl
 731:             7            112  java.util.TreeMap$KeySet
 732:             7            112  org.apache.lucene.codecs.lucene40.Lucene40CompoundFormat
 733:             7            112  org.apache.lucene.codecs.lucene40.Lucene40LiveDocsFormat
 734:             1            112  org.apache.solr.schema.IndexSchema
 735:             2            112  org.apache.solr.search.FastLRUCache
 736:             2            112  org.apache.solr.update.CommitTracker
 737:             1            112  org.apache.solr.update.DirectUpdateHandler2
 738:             2            112  org.apache.solr.util.ConcurrentLRUCache
 739:             7            112  org.eclipse.jetty.deploy.graph.Node
 740:             2            112  org.eclipse.jetty.io.PooledBuffers
 741:             1            112  org.eclipse.jetty.security.ConstraintSecurityHandler
 742:             7            112  sun.reflect.generics.tree.ClassTypeSignature
 743:             1            104  org.apache.lucene.index.IndexWriterConfig
 744:             1            104  org.apache.solr.schema.BBoxField
 745:             1            104  org.apache.solr.schema.SpatialRecursivePrefixTreeFieldType
 746:             1            104  org.eclipse.jetty.util.thread.QueuedThreadPool
 747:             1            104  org.eclipse.jetty.webapp.WebAppClassLoader
 748:             2             96  [Lcom.google.common.cache.LocalCache$EntryFactory;
 749:             1             96  [Ljava.lang.invoke.MethodType;
 750:             2             96  [Lorg.apache.lucene.index.DocumentsWriterPerThreadPool$ThreadState;
 751:             3             96  com.spatial4j.core.context.SpatialContext
 752:             1             96  com.sun.net.ssl.internal.ssl.Provider
 753:             3             96  com.sun.org.apache.xalan.internal.utils.XMLSecurityManager$NameMap
 754:             3             96  com.sun.org.apache.xerces.internal.dom.NodeListCache
 755:             2             96  com.sun.org.apache.xerces.internal.impl.XMLDocumentFragmentScannerImpl$ElementStack
 756:             2             96  com.sun.org.apache.xerces.internal.util.XMLAttributesIteratorImpl
 757:             3             96  com.sun.org.apache.xerces.internal.utils.XMLSecurityManager$NameMap
 758:             4             96  java.lang.RuntimePermission
 759:             2             96  java.lang.ThreadGroup
 760:             4             96  java.text.EntryPair
 761:             4             96  java.text.Normalizer$Form
 762:             6             96  java.util.TreeSet
 763:             3             96  java.util.concurrent.SynchronousQueue
 764:             3             96  java.util.concurrent.atomic.AtomicReferenceFieldUpdater$AtomicReferenceFieldUpdaterImpl
 765:             3             96  java.util.concurrent.locks.AbstractQueuedSynchronizer$Node
 766:             3             96  java.util.concurrent.locks.ReentrantLock$FairSync
 767:             6             96  java.util.regex.Pattern$Dot
 768:             1             96  org.apache.http.impl.client.DefaultHttpClient
 769:             4             96  org.apache.lucene.analysis.en.EnglishPossessiveFilterFactory
 770:             4             96  org.apache.lucene.analysis.en.PorterStemFilterFactory
 771:             3             96  org.apache.lucene.analysis.synonym.SynonymFilter$PendingInput
 772:             6             96  org.apache.lucene.codecs.lucene41.Lucene41StoredFieldsFormat
 773:             4             96  org.apache.lucene.store.IOContext$Context
 774:             6             96  org.apache.lucene.util.ByteBlockPool$DirectAllocator
 775:             4             96  org.apache.lucene.util.RamUsageEstimator$JvmFeature
 776:             4             96  org.apache.lucene.util.packed.Direct32
 777:             4             96  org.apache.lucene.util.packed.Packed64SingleBlock$Packed64SingleBlock1
 778:             1             96  org.apache.solr.core.CoreContainer
 779:             4             96  org.apache.solr.core.SolrConfig$PluginOpts
 780:             2             96  org.apache.solr.core.SolrResourceLoader
 781:             2             96  org.apache.solr.handler.component.QueryElevationComponent$ElevationObj
 782:             4             96  org.apache.solr.handler.loader.XMLLoader
 783:             4             96  org.apache.solr.schema.IndexSchema$DynamicReplacement$DynamicPattern$NameEquals
 784:             1             96  org.apache.solr.schema.PointType
 785:             3             96  org.apache.solr.search.LRUCache$CumulativeStats
 786:             4             96  org.apache.solr.search.SolrCache$State
 787:             4             96  org.apache.solr.servlet.cache.Method
 788:             4             96  org.apache.solr.update.UpdateLog$State
 789:             1             96  org.eclipse.jetty.server.Server
 790:             4             96  org.eclipse.jetty.servlet.Holder$Source
 791:             1             96  org.eclipse.jetty.util.Scanner
 792:             3             96  org.eclipse.jetty.util.statistic.SampleStatistic
 793:             1             96  sun.misc.Launcher$AppClassLoader
 794:             1             96  sun.net.www.protocol.jar.URLJarFile$URLJarFileEntry
 795:             1             96  sun.security.ec.SunEC
 796:             1             96  sun.security.jca.ProviderList$1
 797:             1             96  sun.security.rsa.SunRsaSign
 798:             3             96  sun.security.x509.SubjectAlternativeNameExtension
 799:             2             96  sun.text.normalizer.CharTrie
 800:             2             88  [Lcom.sun.org.apache.xalan.internal.utils.XMLSecurityManager$State;
 801:             3             88  [Lcom.sun.org.apache.xerces.internal.utils.XMLSecurityPropertyManager$State;
 802:             1             88  [Lsun.security.util.ObjectIdentifier;
 803:             1             88  [[Ljava.lang.Byte;
 804:             1             88  org.apache.log4j.RollingFileAppender
 805:             1             88  org.apache.solr.schema.CurrencyField
 806:             1             88  org.apache.solr.schema.LatLonType
 807:             1             88  org.eclipse.jetty.http.HttpBuffersImpl
 808:             1             88  org.eclipse.jetty.io.BufferDateCache
 809:             1             88  org.eclipse.jetty.servlet.FilterHolder
 810:             1             88  org.eclipse.jetty.start.Classpath$Loader
 811:             1             88  sun.misc.Launcher$ExtClassLoader
 812:             1             80  [[Z
 813:             2             80  com.ctc.wstx.util.SymbolTable
 814:             2             80  com.google.common.collect.SingletonImmutableBiMap
 815:             2             80  com.sun.org.apache.xerces.internal.impl.XMLDocumentFragmentScannerImpl$ElementStack2
 816:             2             80  com.sun.org.apache.xerces.internal.impl.XMLEntityManager$CharacterBufferPool
 817:             2             80  com.sun.org.apache.xerces.internal.impl.XMLErrorReporter
 818:             2             80  com.sun.org.apache.xerces.internal.impl.XMLVersionDetector
 819:             2             80  com.sun.org.apache.xerces.internal.impl.validation.ValidationState
 820:             2             80  com.sun.org.apache.xerces.internal.util.XMLAttributesImpl
 821:             2             80  com.sun.org.apache.xerces.internal.utils.XMLSecurityManager
 822:             2             80  com.sun.xml.internal.stream.XMLEntityStorage
 823:             2             80  java.io.BufferedWriter
 824:             2             80  java.io.ExpiringCache
 825:             2             80  java.io.PrintWriter
 826:             2             80  java.lang.invoke.BoundMethodHandle$SpeciesData
 827:             2             80  java.lang.invoke.DirectMethodHandle$Constructor
 828:             2             80  java.util.Locale$Category
 829:             2             80  java.util.PropertyResourceBundle
 830:             2             80  java.util.regex.Pattern$Loop
 831:             2             80  org.apache.lucene.analysis.path.PathHierarchyTokenizerFactory
 832:             5             80  org.apache.lucene.codecs.lucene42.Lucene42TermVectorsFormat
 833:             2             80  org.apache.lucene.index.CompositeReaderContext
 834:             1             80  org.apache.lucene.index.TieredMergePolicy
 835:             2             80  org.apache.lucene.store.NRTCachingDirectory
 836:             2             80  org.apache.solr.core.CachingDirectoryFactory$CacheValue
 837:             1             80  org.apache.solr.core.JmxMonitoredMap
 838:             1             80  org.apache.solr.handler.admin.InfoHandler
 839:             1             80  org.apache.solr.update.TransactionLog
 840:             1             80  org.eclipse.jetty.deploy.DeploymentManager
 841:             1             80  org.eclipse.jetty.deploy.providers.ContextProvider
 842:             1             80  org.eclipse.jetty.servlet.ErrorPageErrorHandler
 843:             2             80  org.eclipse.jetty.xml.XmlParser
 844:             2             80  sun.misc.FloatingDecimal$BinaryToASCIIBuffer
 845:             1             72  [Lcom.sun.org.apache.xml.internal.dtm.ref.ExtendedType;
 846:             3             72  [Lorg.apache.lucene.util.CharsRefBuilder;
 847:             2             72  [Lsun.security.jca.ProviderConfig;
 848:             3             72  com.sun.org.apache.xerces.internal.impl.dtd.XMLAttributeDecl
 849:             3             72  java.io.OutputStreamWriter
 850:             3             72  java.lang.ClassValue$Version
 851:             3             72  java.security.CodeSigner
 852:             3             72  java.util.Base64$Encoder
 853:             1             72  java.util.ResourceBundle$RBClassLoader
 854:             3             72  java.util.concurrent.LinkedBlockingQueue$Node
 855:             1             72  java.util.logging.LogManager$RootLogger
 856:             3             72  java.util.regex.Pattern$CharProperty$1
 857:             3             72  javax.servlet.SessionTrackingMode
 858:             3             72  org.apache.http.HttpVersion
 859:             3             72  org.apache.lucene.analysis.DelegatingAnalyzerWrapper$DelegatingReuseStrategy
 860:             3             72  org.apache.lucene.analysis.ja.JapaneseTokenizer$Mode
 861:             3             72  org.apache.lucene.analysis.util.AnalysisSPILoader
 862:             3             72  org.apache.lucene.index.IndexWriterConfig$OpenMode
 863:             1             72  org.apache.lucene.index.StandardDirectoryReader
 864:             3             72  org.apache.lucene.index.StoredFieldVisitor$Status
 865:             3             72  org.apache.lucene.index.TermsEnum$SeekStatus
 866:             3             72  org.apache.lucene.util.NamedSPILoader
 867:             3             72  org.apache.lucene.util.fst.FST$INPUT_TYPE
 868:             3             72  org.apache.solr.common.params.CommonParams$EchoParamStyle
 869:             3             72  org.apache.solr.core.SolrConfig$HttpCachingConfig$LastModFrom
 870:             1             72  org.apache.solr.handler.PingRequestHandler
 871:             1             72  org.apache.solr.handler.RealTimeGetHandler
 872:             1             72  org.apache.solr.handler.admin.CoreAdminHandler
 873:             1             72  org.apache.solr.handler.component.HttpShardHandlerFactory
 874:             3             72  org.apache.solr.rest.ManagedResourceStorage$JsonStorage
 875:             3             72  org.apache.solr.schema.IndexSchema$DynamicReplacement$DynamicPattern$NameStartsWith
 876:             1             72  org.apache.solr.schema.TrieDateField$ISO8601CanonicalDateFormat
 877:             1             72  org.apache.solr.update.SolrIndexConfig
 878:             3             72  org.apache.solr.update.UpdateLog$SyncLevel
 879:             3             72  org.eclipse.jetty.io.BufferCache
 880:             3             72  org.eclipse.jetty.io.Buffers$Type
 881:             3             72  org.eclipse.jetty.security.UserDataConstraint
 882:             1             72  org.eclipse.jetty.server.handler.ContextHandlerCollection
 883:             1             72  org.eclipse.jetty.server.handler.DefaultHandler
 884:             1             72  org.eclipse.jetty.server.session.HashSessionIdManager
 885:             1             72  org.eclipse.jetty.server.session.SessionHandler
 886:             1             72  org.eclipse.jetty.servlet.DefaultServlet
 887:             3             72  org.eclipse.jetty.util.Scanner$Notification
 888:             1             72  org.eclipse.jetty.util.resource.JarFileResource
 889:             1             72  org.eclipse.jetty.webapp.MetaData
 890:             3             72  org.eclipse.jetty.webapp.MetaDataComplete
 891:             3             72  sun.misc.FloatingDecimal$ExceptionalBinaryToASCIIBuffer
 892:             3             72  sun.misc.Signal
 893:             3             72  sun.security.provider.NativePRNG$Variant
 894:             3             72  sun.security.x509.AccessDescription
 895:             1             72  sun.util.locale.provider.JRELocaleProviderAdapter
 896:             2             64  [Lcom.google.common.cache.LocalCache$Segment;
 897:             2             64  [Lcom.sun.org.apache.xalan.internal.utils.FeaturePropertyBase$State;
 898:             2             64  [Ljavax.servlet.SessionTrackingMode;
 899:             2             64  [Lorg.apache.lucene.analysis.ja.JapaneseTokenizer$Mode;
 900:             1             64  [Lorg.apache.lucene.uninverting.UninvertingReader$Type;
 901:             2             64  [Lorg.apache.lucene.util.RamUsageEstimator$JvmFeature;
 902:             2             64  [Lorg.apache.solr.core.SolrConfig$HttpCachingConfig$LastModFrom;
 903:             2             64  [Lorg.apache.solr.core.SolrConfig$PluginOpts;
 904:             2             64  [Lorg.apache.solr.servlet.cache.Method;
 905:             2             64  [[Lcom.sun.org.apache.xerces.internal.xni.QName;
 906:             1             64  com.google.common.cache.CacheStats
 907:             2             64  com.sun.org.apache.xalan.internal.utils.XMLSecurityPropertyManager$Property
 908:             2             64  com.sun.org.apache.xerces.internal.impl.XMLNSDocumentScannerImpl$NSContentDriver
 909:             2             64  com.sun.org.apache.xerces.internal.util.NamespaceSupport
 910:             2             64  com.sun.org.apache.xerces.internal.utils.XMLSecurityPropertyManager$Property
 911:             2             64  com.sun.org.apache.xpath.internal.objects.XBooleanStatic
 912:             2             64  java.io.PrintStream
 913:             2             64  java.lang.VirtualMachineError
 914:             2             64  java.lang.invoke.BoundMethodHandle$Species_L
 915:             2             64  java.lang.ref.ReferenceQueue$Null
 916:             4             64  java.util.LinkedHashMap$LinkedKeySet
 917:             2             64  java.util.concurrent.ScheduledThreadPoolExecutor$DelayedWorkQueue
 918:             4             64  java.util.concurrent.atomic.AtomicBoolean
 919:             2             64  org.apache.http.conn.ssl.SSLSocketFactory
 920:             2             64  org.apache.http.impl.conn.PoolingClientConnectionManager
 921:             2             64  org.apache.log4j.helpers.PatternParser$BasicPatternConverter
 922:             2             64  org.apache.lucene.analysis.ReusableStringReader
 923:             2             64  org.apache.lucene.analysis.miscellaneous.ASCIIFoldingFilterFactory
 924:             4             64  org.apache.lucene.codecs.lucene40.Lucene40SegmentInfoFormat
 925:             1             64  org.apache.lucene.codecs.lucene410.Lucene410Codec
 926:             1             64  org.apache.lucene.codecs.lucene42.Lucene42Codec
 927:             1             64  org.apache.lucene.codecs.lucene45.Lucene45Codec
 928:             1             64  org.apache.lucene.codecs.lucene46.Lucene46Codec
 929:             1             64  org.apache.lucene.codecs.lucene49.Lucene49Codec
 930:             1             64  org.apache.lucene.codecs.lucene50.Lucene50Codec
 931:             2             64  org.apache.lucene.codecs.lucene50.Lucene50TermVectorsFormat
 932:             1             64  org.apache.lucene.index.DocumentsWriter
 933:             1             64  org.apache.lucene.index.ExitableDirectoryReader
 934:             2             64  org.apache.lucene.store.MMapDirectory
 935:             2             64  org.apache.lucene.store.RAMDirectory
 936:             1             64  org.apache.lucene.uninverting.UninvertingReader$UninvertingDirectoryReader
 937:             1             64  org.apache.solr.client.solrj.impl.LBHttpSolrClient
 938:             2             64  org.apache.solr.cloud.ActionThrottle
 939:             2             64  org.apache.solr.core.InitParams
 940:             1             64  org.apache.solr.core.NRTCachingDirectoryFactory
 941:             1             64  org.apache.solr.core.SchemaCodecFactory$1
 942:             1             64  org.apache.solr.handler.DumpRequestHandler
 943:             1             64  org.apache.solr.handler.SchemaHandler
 944:             1             64  org.apache.solr.handler.SolrConfigHandler
 945:             4             64  org.apache.solr.handler.UpdateRequestHandler$1
 946:             1             64  org.apache.solr.handler.admin.CollectionsHandler
 947:             1             64  org.apache.solr.handler.admin.LukeRequestHandler
 948:             1             64  org.apache.solr.handler.admin.PluginInfoHandler
 949:             1             64  org.apache.solr.handler.admin.ShowFileRequestHandler
 950:             1             64  org.apache.solr.handler.admin.SolrInfoMBeanHandler
 951:             4             64  org.apache.solr.handler.loader.CSVLoader
 952:             4             64  org.apache.solr.handler.loader.JavabinLoader
 953:             4             64  org.apache.solr.handler.loader.JsonLoader
 954:             1             64  org.apache.solr.rest.schema.analysis.ManagedSynonymFilterFactory$1
 955:             1             64  org.apache.solr.schema.BinaryField
 956:             1             64  org.apache.solr.schema.BoolField
 957:             2             64  org.apache.solr.schema.IndexSchema$DynamicCopy
 958:             1             64  org.apache.solr.schema.RandomSortField
 959:             2             64  org.apache.solr.servlet.SolrRequestParsers
 960:             1             64  org.apache.solr.update.DefaultSolrCoreState
 961:             1             64  org.apache.solr.update.UpdateLog$1
 962:             1             64  org.eclipse.jetty.server.handler.HandlerCollection
 963:             1             64  org.eclipse.jetty.server.handler.RequestLogHandler
 964:             2             64  org.eclipse.jetty.servlet.ServletHandler$CachedChain
 965:             2             64  org.eclipse.jetty.xml.XmlParser$Handler
 966:             1             64  org.opensextant.solrtexttagger.TaggerRequestHandler
 967:             4             64  sun.net.www.protocol.jar.Handler
 968:             2             64  sun.reflect.generics.repository.ClassRepository
 969:             4             64  sun.security.ec.ECParameters
 970:             2             64  sun.security.ssl.EphemeralKeyManager$EphemeralKeyPair
 971:             1             64  sun.security.ssl.SSLContextImpl$DefaultSSLContext
 972:             2             64  sun.security.ssl.SSLSessionContextImpl
 973:             2             64  sun.security.x509.AuthorityInfoAccessExtension
 974:             2             64  sun.security.x509.PolicyMappingsExtension
 975:             2             64  sun.security.x509.PrivateKeyUsageExtension
 976:             2             64  sun.util.locale.provider.LocaleResources
 977:             2             64  sun.util.locale.provider.LocaleServiceProviderPool
 978:             1             56  [Ljava.lang.Runnable;
 979:             2             56  [Lorg.apache.solr.search.SolrCache;
 980:             2             56  [Lorg.eclipse.jetty.server.Handler;
 981:             1             56  [Lorg.eclipse.jetty.servlet.ServletMapping;
 982:             1             56  [Lsun.util.logging.PlatformLogger$Level;
 983:             1             56  java.util.logging.LogManager
 984:             1             56  org.apache.lucene.codecs.lucene40.Lucene40Codec
 985:             1             56  org.apache.lucene.codecs.lucene41.Lucene41Codec
 986:             1             56  org.apache.lucene.codecs.simpletext.SimpleTextCodec
 987:             1             56  org.apache.lucene.index.BufferedUpdates
 988:             1             56  org.apache.lucene.index.ConcurrentMergeScheduler
 989:             1             56  org.apache.lucene.index.IndexFileDeleter
 990:             1             56  org.apache.lucene.index.SlowCompositeReaderWrapper
 991:             1             56  org.apache.lucene.search.spell.DirectSpellChecker
 992:             1             56  org.apache.solr.schema.FieldType$DefaultAnalyzer$1
 993:             1             56  org.apache.solr.update.VersionInfo
 994:             1             56  org.eclipse.jetty.server.ResourceCache
 995:             1             56  org.eclipse.jetty.webapp.DefaultsDescriptor
 996:             1             56  org.eclipse.jetty.webapp.WebDescriptor
 997:             1             56  org.tartarus.snowball.ext.FinnishStemmer
 998:             1             56  org.tartarus.snowball.ext.RomanianStemmer
 999:             1             56  sun.security.provider.SHA
1000:             1             48  [Lcom.sun.beans.util.Cache$CacheEntry;
1001:             1             48  [Lcom.sun.management.VMOption$Origin;
1002:             1             48  [Lcom.sun.org.apache.xalan.internal.utils.XMLSecurityManager$Limit;
1003:             1             48  [Lcom.sun.org.apache.xerces.internal.utils.XMLSecurityManager$Limit;
1004:             1             48  [Ljava.beans.WeakIdentityMap$Entry;
1005:             3             48  [Ljava.lang.annotation.Annotation;
1006:             1             48  [Ljava.lang.invoke.MethodHandleImpl$Intrinsic;
1007:             1             48  [Ljava.math.RoundingMode;
1008:             2             48  [Ljava.net.InetAddress;
1009:             1             48  [Ljava.util.concurrent.TimeUnit;
1010:             2             48  [Lorg.apache.lucene.codecs.lucene50.Lucene50StoredFieldsFormat$Mode;
1011:             1             48  [Lorg.eclipse.jetty.servlet.ServletHolder;
1012:             1             48  [Lorg.eclipse.jetty.webapp.Origin;
1013:             2             48  [Lsun.reflect.generics.tree.ClassTypeSignature;
1014:             1             48  [Lsun.security.x509.NetscapeCertTypeExtension$MapEntry;
1015:             3             48  com.ctc.wstx.api.WstxInputProperties$ParsingMode
1016:             2             48  com.ctc.wstx.util.SymbolTable$Bucket
1017:             2             48  com.google.common.collect.RegularImmutableAsList
1018:             2             48  com.google.common.collect.RegularImmutableMap$EntrySet
1019:             2             48  com.google.common.collect.RegularImmutableMap$NonTerminalEntry
1020:             3             48  com.spatial4j.core.distance.GeodesicSphereDistCalc$Haversine
1021:             3             48  com.spatial4j.core.io.BinaryCodec
1022:             3             48  com.spatial4j.core.io.WktShapeParser
1023:             3             48  com.sun.org.apache.xerces.internal.impl.dtd.DTDGrammar$QNameHashtable
1024:             2             48  com.sun.org.apache.xerces.internal.impl.dtd.DTDGrammarBucket
1025:             3             48  com.sun.org.apache.xerces.internal.impl.dv.dtd.ListDatatypeValidator
1026:             2             48  com.sun.org.apache.xerces.internal.impl.msg.XMLMessageFormatter
1027:             2             48  com.sun.org.apache.xerces.internal.impl.validation.ValidationManager
1028:             2             48  com.sun.org.apache.xerces.internal.util.SymbolTable
1029:             2             48  com.sun.org.apache.xerces.internal.utils.XMLSecurityPropertyManager
1030:             2             48  java.io.BufferedOutputStream
1031:             2             48  java.io.File$PathStatus
1032:             3             48  java.lang.ClassValue$Identity
1033:             2             48  java.lang.invoke.MethodHandles$Lookup
1034:             2             48  java.lang.reflect.ReflectPermission
1035:             2             48  java.net.InetAddress
1036:             2             48  java.net.InetAddress$Cache
1037:             2             48  java.net.InetAddress$Cache$Type
1038:             2             48  java.net.InetAddress$CacheEntry
1039:             2             48  java.net.ServerSocket
1040:             3             48  java.nio.channels.FileChannel$MapMode
1041:             2             48  java.nio.charset.CoderResult
1042:             3             48  java.nio.charset.CodingErrorAction
1043:             2             48  java.security.Timestamp
1044:             3             48  java.text.AttributedCharacterIterator$Attribute
1045:             1             48  java.text.RuleBasedCollator
1046:             3             48  java.util.Base64$Decoder
1047:             2             48  java.util.BitSet
1048:             1             48  java.util.WeakHashMap$KeyIterator
1049:             3             48  java.util.concurrent.SynchronousQueue$TransferStack
1050:             1             48  java.util.concurrent.ThreadPoolExecutor$Worker
1051:             1             48  java.util.concurrent.locks.ReentrantReadWriteLock$FairSync
1052:             2             48  java.util.concurrent.locks.ReentrantReadWriteLock$Sync$HoldCounter
1053:             3             48  java.util.jar.JarVerifier$3
1054:             2             48  java.util.logging.Logger$LoggerBundle
1055:             2             48  java.util.regex.Pattern$Dollar
1056:             2             48  java.util.regex.Pattern$Prolog
1057:             3             48  org.apache.http.impl.client.BasicCredentialsProvider
1058:             2             48  org.apache.http.impl.client.DefaultHttpRequestRetryHandler
1059:             2             48  org.apache.http.impl.conn.DefaultClientConnectionOperator
1060:             3             48  org.apache.http.impl.conn.SystemDefaultDnsResolver
1061:             1             48  org.apache.log4j.Hierarchy
1062:             2             48  org.apache.log4j.helpers.OnlyOnceErrorHandler
1063:             1             48  org.apache.log4j.helpers.PatternParser
1064:             2             48  org.apache.lucene.analysis.ar.ArabicNormalizationFilterFactory
1065:             2             48  org.apache.lucene.analysis.cjk.CJKWidthFilterFactory
1066:             1             48  org.apache.lucene.analysis.core.StopFilter
1067:             1             48  org.apache.lucene.analysis.ja.JapaneseTokenizerFactory
1068:             1             48  org.apache.lucene.analysis.util.CharArrayMap$EmptyCharArrayMap
1069:             3             48  org.apache.lucene.codecs.lucene46.Lucene46FieldInfosFormat
1070:             3             48  org.apache.lucene.codecs.lucene46.Lucene46SegmentInfoFormat
1071:             2             48  org.apache.lucene.codecs.lucene50.Lucene50Codec$1
1072:             2             48  org.apache.lucene.codecs.lucene50.Lucene50Codec$2
1073:             2             48  org.apache.lucene.codecs.lucene50.Lucene50StoredFieldsFormat$Mode
1074:             1             48  org.apache.lucene.index.IndexFileDeleter$CommitPoint
1075:             2             48  org.apache.lucene.search.spell.WordBreakSpellChecker$BreakSuggestionSortMethod
1076:             1             48  org.apache.lucene.util.packed.BulkOperationPacked1
1077:             1             48  org.apache.lucene.util.packed.BulkOperationPacked10
1078:             1             48  org.apache.lucene.util.packed.BulkOperationPacked11
1079:             1             48  org.apache.lucene.util.packed.BulkOperationPacked12
1080:             1             48  org.apache.lucene.util.packed.BulkOperationPacked13
1081:             1             48  org.apache.lucene.util.packed.BulkOperationPacked14
1082:             1             48  org.apache.lucene.util.packed.BulkOperationPacked15
1083:             1             48  org.apache.lucene.util.packed.BulkOperationPacked16
1084:             1             48  org.apache.lucene.util.packed.BulkOperationPacked17
1085:             1             48  org.apache.lucene.util.packed.BulkOperationPacked18
1086:             1             48  org.apache.lucene.util.packed.BulkOperationPacked19
1087:             1             48  org.apache.lucene.util.packed.BulkOperationPacked2
1088:             1             48  org.apache.lucene.util.packed.BulkOperationPacked20
1089:             1             48  org.apache.lucene.util.packed.BulkOperationPacked21
1090:             1             48  org.apache.lucene.util.packed.BulkOperationPacked22
1091:             1             48  org.apache.lucene.util.packed.BulkOperationPacked23
1092:             1             48  org.apache.lucene.util.packed.BulkOperationPacked24
1093:             1             48  org.apache.lucene.util.packed.BulkOperationPacked3
1094:             1             48  org.apache.lucene.util.packed.BulkOperationPacked4
1095:             1             48  org.apache.lucene.util.packed.BulkOperationPacked5
1096:             1             48  org.apache.lucene.util.packed.BulkOperationPacked6
1097:             1             48  org.apache.lucene.util.packed.BulkOperationPacked7
1098:             1             48  org.apache.lucene.util.packed.BulkOperationPacked8
1099:             1             48  org.apache.lucene.util.packed.BulkOperationPacked9
1100:             1             48  org.apache.solr.analysis.ReversedWildcardFilterFactory
1101:             2             48  org.apache.solr.client.solrj.SolrQuery$ORDER
1102:             2             48  org.apache.solr.client.solrj.impl.HttpClientUtil$1
1103:             3             48  org.apache.solr.common.util.XMLErrorLogger
1104:             2             48  org.apache.solr.core.DirectoryFactory$DirContext
1105:             2             48  org.apache.solr.core.QuerySenderListener
1106:             2             48  org.apache.solr.handler.component.SpellCheckComponent$SpellCheckerListener
1107:             2             48  org.apache.solr.highlight.ScoreOrderFragmentsBuilder
1108:             1             48  org.apache.solr.logging.log4j.EventAppender
1109:             2             48  org.apache.solr.parser.QueryParser$Operator
1110:             2             48  org.apache.solr.rest.RestManager$ManagedResourceRegistration
1111:             3             48  org.apache.solr.rest.schema.analysis.ManagedSynonymFilterFactory$CasePreservedSynonymMappings
1112:             2             48  org.apache.solr.servlet.SolrRequestParsers$StandardRequestParser
1113:             2             48  org.eclipse.jetty.servlet.ServletHolder$Registration
1114:             2             48  org.eclipse.jetty.util.statistic.CounterStatistic
1115:             2             48  org.eclipse.jetty.webapp.ClasspathPattern
1116:             2             48  org.eclipse.jetty.xml.XmlParser$NoopHandler
1117:             1             48  org.tartarus.snowball.ext.ArmenianStemmer
1118:             1             48  org.tartarus.snowball.ext.BasqueStemmer
1119:             1             48  org.tartarus.snowball.ext.CatalanStemmer
1120:             1             48  org.tartarus.snowball.ext.DanishStemmer
1121:             1             48  org.tartarus.snowball.ext.DutchStemmer
1122:             1             48  org.tartarus.snowball.ext.IrishStemmer
1123:             1             48  org.tartarus.snowball.ext.NorwegianStemmer
1124:             1             48  org.tartarus.snowball.ext.RussianStemmer
1125:             1             48  org.tartarus.snowball.ext.SwedishStemmer
1126:             1             48  org.tartarus.snowball.ext.TurkishStemmer
1127:             2             48  sun.misc.NativeSignalHandler
1128:             2             48  sun.net.www.MessageHeader
1129:             3             48  sun.nio.ch.FileDispatcherImpl
1130:             2             48  sun.nio.ch.NativeThreadSet
1131:             2             48  sun.reflect.generics.tree.ClassSignature
1132:             2             48  sun.security.jca.ProviderList
1133:             2             48  sun.security.jca.ProviderList$3
1134:             2             48  sun.security.ssl.SSLAlgorithmConstraints
1135:             2             48  sun.security.x509.CertificatePolicyMap
1136:             3             48  sun.security.x509.RFC822Name
1137:             1             48  sun.text.normalizer.IntTrie
1138:             1             48  sun.text.normalizer.NormalizerBase
1139:             3             48  sun.text.normalizer.NormalizerBase$QuickCheckResult
1140:             1             40  [Lcom.sun.org.apache.xerces.internal.util.Status;
1141:             1             40  [Ljavax.servlet.DispatcherType;
1142:             1             40  [Lorg.apache.lucene.index.DocValuesType;
1143:             1             40  [Lorg.apache.lucene.index.IndexOptions;
1144:             1             40  [Lorg.apache.solr.schema.TrieField$TrieTypes;
1145:             1             40  [Lorg.eclipse.jetty.webapp.Configuration;
1146:             2             40  [Lsun.reflect.generics.tree.FieldTypeSignature;
1147:             2             40  [Lsun.reflect.generics.tree.FormalTypeParameter;
1148:             1             40  [Lsun.security.jca.ServiceId;
1149:             1             40  [Lsun.security.util.DisabledAlgorithmConstraints$KeySizeConstraint$Operator;
1150:             1             40  [Lsun.util.locale.provider.LocaleProviderAdapter$Type;
1151:             1             40  [[Ljava.lang.invoke.LambdaForm$Name;
1152:             1             40  com.sun.beans.finder.MethodFinder$1
1153:             1             40  java.beans.WeakIdentityMap$Entry
1154:             1             40  java.io.BufferedInputStream
1155:             1             40  java.lang.invoke.DirectMethodHandle$Accessor
1156:             1             40  java.text.CollationElementIterator
1157:             1             40  java.text.RBCollationTables
1158:             1             40  java.util.ResourceBundle$1
1159:             1             40  java.util.ServiceLoader$LazyIterator
1160:             1             40  org.apache.log4j.helpers.CountingQuietWriter
1161:             1             40  org.apache.log4j.helpers.PatternParser$ClassNamePatternConverter
1162:             1             40  org.apache.log4j.helpers.PatternParser$DatePatternConverter
1163:             1             40  org.apache.log4j.spi.RootLogger
1164:             1             40  org.apache.lucene.analysis.core.LowerCaseFilter
1165:             1             40  org.apache.lucene.analysis.ja.JapanesePartOfSpeechStopFilterFactory
1166:             1             40  org.apache.lucene.analysis.miscellaneous.StemmerOverrideFilterFactory
1167:             1             40  org.apache.lucene.analysis.pattern.PatternReplaceFilterFactory
1168:             1             40  org.apache.lucene.analysis.payloads.DelimitedPayloadTokenFilterFactory
1169:             1             40  org.apache.lucene.index.BufferedUpdatesStream
1170:             1             40  org.apache.lucene.index.DocumentsWriterDeleteQueue
1171:             1             40  org.apache.solr.core.Config
1172:             1             40  org.apache.solr.core.CoreDescriptor
1173:             1             40  org.apache.solr.core.SolrConfig$UpdateHandlerInfo
1174:             1             40  org.apache.solr.handler.component.QueryElevationComponent
1175:             1             40  org.apache.solr.highlight.DefaultSolrHighlighter
1176:             1             40  org.apache.solr.rest.RestManager
1177:             1             40  org.apache.solr.rest.RestManager$RestManagerManagedResource
1178:             1             40  org.apache.solr.rest.schema.analysis.ManagedSynonymFilterFactory$SynonymManager
1179:             1             40  org.apache.solr.rest.schema.analysis.ManagedWordSetResource
1180:             1             40  org.apache.solr.schema.IndexSchema$SolrQueryAnalyzer
1181:             1             40  org.apache.solr.search.QueryResultKey
1182:             1             40  org.apache.solr.spelling.WordBreakSolrSpellChecker
1183:             1             40  org.apache.solr.update.UpdateLog$RecoveryInfo
1184:             1             40  org.apache.solr.util.ConcurrentLRUCache$CacheEntry
1185:             1             40  org.eclipse.jetty.server.session.HashSessionManager$2
1186:             1             40  org.eclipse.jetty.webapp.WebAppContext$Context
1187:             1             40  org.tartarus.snowball.ext.HungarianStemmer
1188:             1             40  sun.nio.ch.FileLockImpl
1189:             1             40  sun.nio.cs.StandardCharsets$Aliases
1190:             1             40  sun.nio.cs.StandardCharsets$Cache
1191:             1             40  sun.nio.cs.StandardCharsets$Classes
1192:             1             40  sun.security.provider.DSAPublicKeyImpl
1193:             1             40  sun.text.IntHashtable
1194:             1             40  sun.text.UCompactIntArray
1195:             1             32  [Lcom.google.common.cache.LocalCache$Strength;
1196:             1             32  [Lcom.sun.beans.util.Cache$Kind;
1197:             1             32  [Lcom.sun.org.apache.xalan.internal.utils.XMLSecurityManager$NameMap;
1198:             1             32  [Lcom.sun.org.apache.xerces.internal.utils.XMLSecurityManager$NameMap;
1199:             1             32  [Ljava.lang.OutOfMemoryError;
1200:             1             32  [Ljava.lang.ThreadGroup;
1201:             1             32  [Ljava.text.Normalizer$Form;
1202:             1             32  [Ljava.util.EventListener;
1203:             1             32  [Lorg.apache.lucene.analysis.synonym.SynonymFilter$PendingInput;
1204:             1             32  [Lorg.apache.lucene.analysis.synonym.SynonymFilter$PendingOutputs;
1205:             1             32  [Lorg.apache.lucene.index.IndexWriterConfig$OpenMode;
1206:             1             32  [Lorg.apache.lucene.index.StoredFieldVisitor$Status;
1207:             1             32  [Lorg.apache.lucene.index.TermsEnum$SeekStatus;
1208:             1             32  [Lorg.apache.lucene.search.BooleanClause$Occur;
1209:             1             32  [Lorg.apache.lucene.store.IOContext$Context;
1210:             1             32  [Lorg.apache.lucene.util.fst.FST$INPUT_TYPE;
1211:             1             32  [Lorg.apache.solr.common.params.CommonParams$EchoParamStyle;
1212:             1             32  [Lorg.apache.solr.search.SolrCache$State;
1213:             1             32  [Lorg.apache.solr.update.UpdateLog$State;
1214:             1             32  [Lorg.apache.solr.update.UpdateLog$SyncLevel;
1215:             1             32  [Lorg.apache.solr.update.processor.UpdateRequestProcessorFactory;
1216:             1             32  [Lorg.eclipse.jetty.io.Buffers$Type;
1217:             1             32  [Lorg.eclipse.jetty.security.UserDataConstraint;
1218:             1             32  [Lorg.eclipse.jetty.servlet.Holder$Source;
1219:             1             32  [Lorg.eclipse.jetty.util.Scanner$Notification;
1220:             1             32  [Lorg.eclipse.jetty.webapp.MetaDataComplete;
1221:             1             32  [Lsun.security.provider.NativePRNG$Variant;
1222:             1             32  [Lsun.text.normalizer.NormalizerBase$Mode;
1223:             1             32  [[Lcom.sun.org.apache.xerces.internal.impl.dtd.models.ContentModelValidator;
1224:             1             32  [[Lcom.sun.org.apache.xerces.internal.impl.dv.DatatypeValidator;
1225:             1             32  [[[Ljava.lang.String;
1226:             2             32  com.google.common.cache.LocalCache$LocalManualCache
1227:             1             32  com.google.common.util.concurrent.MoreExecutors$SameThreadExecutorService
1228:             2             32  com.sun.beans.WeakCache
1229:             1             32  com.sun.beans.finder.BeanInfoFinder
1230:             1             32  com.sun.org.apache.xalan.internal.utils.FeatureManager$Feature
1231:             1             32  com.sun.org.apache.xalan.internal.utils.XMLSecurityManager
1232:             2             32  com.sun.org.apache.xerces.internal.impl.XMLDocumentScannerImpl$PrologDriver
1233:             2             32  com.sun.org.apache.xerces.internal.impl.XMLDocumentScannerImpl$TrailingMiscDriver
1234:             2             32  com.sun.org.apache.xerces.internal.impl.XMLDocumentScannerImpl$XMLDeclDriver
1235:             1             32  com.sun.org.apache.xerces.internal.impl.XMLEntityScanner$1
1236:             2             32  com.sun.org.apache.xerces.internal.impl.dv.dtd.DTDDVFactoryImpl
1237:             2             32  com.sun.org.apache.xerces.internal.impl.dv.dtd.ENTITYDatatypeValidator
1238:             2             32  com.sun.org.apache.xerces.internal.parsers.AbstractSAXParser$AttributesProxy
1239:             2             32  com.sun.org.apache.xerces.internal.util.EntityResolverWrapper
1240:             2             32  com.sun.org.apache.xerces.internal.util.ErrorHandlerWrapper
1241:             1             32  com.sun.org.apache.xml.internal.utils.XMLReaderManager
1242:             1             32  com.sun.org.apache.xpath.internal.jaxp.XPathFactoryImpl
1243:             1             32  java.beans.ThreadGroupContext
1244:             1             32  java.beans.ThreadGroupContext$1
1245:             1             32  java.io.RandomAccessFile
1246:             1             32  java.io.UnixFileSystem
1247:             1             32  java.lang.ArithmeticException
1248:             1             32  java.lang.ArrayIndexOutOfBoundsException
1249:             2             32  java.lang.Boolean
1250:             1             32  java.lang.NullPointerException
1251:             2             32  java.lang.Shutdown$Lock
1252:             1             32  java.lang.reflect.WeakCache
1253:             2             32  java.nio.ByteOrder
1254:             1             32  java.nio.channels.Channels$1
1255:             1             32  java.security.BasicPermissionCollection
1256:             1             32  java.security.MessageDigest$Delegate
1257:             1             32  java.text.DontCareFieldPosition
1258:             2             32  java.util.Collections$SingletonSet
1259:             2             32  java.util.Hashtable$EntrySet
1260:             1             32  java.util.ServiceLoader
1261:             2             32  java.util.concurrent.ConcurrentHashMap$ValuesView
1262:             1             32  java.util.concurrent.ThreadLocalRandom
1263:             1             32  java.util.logging.LogManager$SystemLoggerContext
1264:             2             32  javax.xml.xpath.SecuritySupport
1265:             2             32  org.apache.http.conn.scheme.PlainSocketFactory
1266:             2             32  org.apache.http.conn.scheme.SchemeRegistry
1267:             2             32  org.apache.http.impl.conn.HttpConnPool$InternalConnFactory
1268:             2             32  org.apache.http.params.SyncBasicHttpParams
1269:             1             32  org.apache.log4j.PatternLayout
1270:             1             32  org.apache.lucene.analysis.cjk.CJKBigramFilterFactory
1271:             1             32  org.apache.lucene.analysis.id.IndonesianStemFilterFactory
1272:             1             32  org.apache.lucene.analysis.ja.JapaneseKatakanaStemFilterFactory
1273:             1             32  org.apache.lucene.analysis.miscellaneous.TrimFilterFactory
1274:             1             32  org.apache.lucene.analysis.phonetic.DoubleMetaphoneFilterFactory
1275:             2             32  org.apache.lucene.codecs.lucene40.Lucene40DocValuesFormat
1276:             2             32  org.apache.lucene.codecs.lucene40.Lucene40FieldInfosFormat
1277:             2             32  org.apache.lucene.codecs.lucene40.Lucene40NormsFormat
1278:             2             32  org.apache.lucene.codecs.lucene40.Lucene40TermVectorsFormat
1279:             2             32  org.apache.lucene.codecs.lucene42.Lucene42FieldInfosFormat
1280:             2             32  org.apache.lucene.codecs.lucene50.Lucene50CompoundFormat
1281:             2             32  org.apache.lucene.codecs.lucene50.Lucene50FieldInfosFormat
1282:             2             32  org.apache.lucene.codecs.lucene50.Lucene50LiveDocsFormat
1283:             2             32  org.apache.lucene.codecs.lucene50.Lucene50NormsFormat
1284:             2             32  org.apache.lucene.codecs.lucene50.Lucene50SegmentInfoFormat
1285:             2             32  org.apache.lucene.codecs.lucene50.Lucene50StoredFieldsFormat
1286:             2             32  org.apache.lucene.codecs.simpletext.SimpleTextDocValuesFormat
1287:             2             32  org.apache.lucene.codecs.simpletext.SimpleTextPostingsFormat
1288:             1             32  org.apache.lucene.index.DocumentsWriterPerThreadPool
1289:             1             32  org.apache.lucene.index.FieldInfos$FieldNumbers
1290:             2             32  org.apache.lucene.search.MatchAllDocsQuery
1291:             2             32  org.apache.lucene.search.similarities.DefaultSimilarity
1292:             1             32  org.apache.lucene.search.spell.WordBreakSpellChecker
1293:             1             32  org.apache.lucene.store.NativeFSLockFactory$NativeFSLock
1294:             2             32  org.apache.lucene.store.SingleInstanceLockFactory
1295:             1             32  org.apache.lucene.util.AttributeFactory$DefaultAttributeFactory$1
1296:             1             32  org.apache.solr.core.ConfigOverlay
1297:             1             32  org.apache.solr.core.ConfigSolrXml
1298:             1             32  org.apache.solr.core.IndexDeletionPolicyWrapper
1299:             1             32  org.apache.solr.core.SolrConfig$HttpCachingConfig
1300:             1             32  org.apache.solr.core.SolrConfig$JmxConfiguration
1301:             1             32  org.apache.solr.core.SolrCore$8
1302:             1             32  org.apache.solr.core.SolrCore$LazyQueryResponseWriterWrapper
1303:             1             32  org.apache.solr.core.SolrCores
1304:             1             32  org.apache.solr.core.ZkContainer
1305:             1             32  org.apache.solr.handler.component.SpellCheckComponent
1306:             1             32  org.apache.solr.highlight.RegexFragmenter
1307:             1             32  org.apache.solr.logging.CircularList
1308:             1             32  org.apache.solr.logging.log4j.Log4jWatcher
1309:             2             32  org.apache.solr.response.JSONResponseWriter
1310:             1             32  org.apache.solr.rest.RestManager$Registry
1311:             1             32  org.apache.solr.rest.schema.analysis.ManagedStopFilterFactory
1312:             1             32  org.apache.solr.rest.schema.analysis.ManagedSynonymFilterFactory
1313:             2             32  org.apache.solr.schema.AbstractSpatialFieldType$1
1314:             1             32  org.apache.solr.schema.BoolField$1
1315:             1             32  org.apache.solr.schema.IndexSchema$SolrIndexAnalyzer
1316:             1             32  org.apache.solr.servlet.SolrDispatchFilter
1317:             2             32  org.apache.solr.servlet.SolrRequestParsers$FormDataRequestParser
1318:             2             32  org.apache.solr.servlet.SolrRequestParsers$MultipartRequestParser
1319:             2             32  org.apache.solr.servlet.SolrRequestParsers$RawRequestParser
1320:             2             32  org.apache.solr.servlet.SolrRequestParsers$SimpleRequestParser
1321:             1             32  org.apache.solr.spelling.DirectSolrSpellChecker
1322:             1             32  org.apache.solr.update.SolrIndexConfig$DelayedSchemaAnalyzer
1323:             1             32  org.eclipse.jetty.continuation.ContinuationThrowable
1324:             1             32  org.eclipse.jetty.deploy.App
1325:             1             32  org.eclipse.jetty.deploy.DeploymentManager$AppEntry
1326:             1             32  org.eclipse.jetty.security.ConstraintMapping
1327:             1             32  org.eclipse.jetty.servlet.FilterMapping
1328:             1             32  org.eclipse.jetty.util.Scanner$TimeNSize
1329:             1             32  org.eclipse.jetty.util.security.Constraint
1330:             1             32  org.opensextant.solrtexttagger.ConcatenateFilterFactory
1331:             1             32  sun.nio.ch.FileKey
1332:             1             32  sun.nio.ch.SharedFileLockTable$FileLockReference
1333:             1             32  sun.nio.cs.StandardCharsets
1334:             1             32  sun.nio.fs.LinuxFileSystem
1335:             2             32  sun.reflect.BootstrapConstructorAccessorImpl
1336:             1             32  sun.reflect.generics.reflectiveObjects.TypeVariableImpl
1337:             2             32  sun.security.provider.NativePRNG
1338:             1             32  sun.security.provider.SecureRandom
1339:             2             32  sun.security.ssl.SSLSocketFactoryImpl
1340:             1             32  sun.security.ssl.X509TrustManagerImpl
1341:             2             32  sun.security.util.DisabledAlgorithmConstraints$KeySizeConstraints
1342:             1             32  sun.security.x509.IssuerAlternativeNameExtension
1343:             2             32  sun.text.normalizer.CharTrie$FriendAgent
1344:             1             24  [Lcom.google.common.base.Functions$ToStringFunction;
1345:             1             24  [Lcom.google.common.cache.CacheBuilder$NullListener;
1346:             1             24  [Lcom.google.common.cache.CacheBuilder$OneWeigher;
1347:             1             24  [Lcom.sun.org.apache.xalan.internal.utils.FeatureManager$Feature;
1348:             1             24  [Lcom.sun.org.apache.xalan.internal.utils.XMLSecurityPropertyManager$Property;
1349:             1             24  [Lcom.sun.org.apache.xerces.internal.utils.XMLSecurityPropertyManager$Property;
1350:             1             24  [Ljava.io.File$PathStatus;
1351:             1             24  [Ljava.lang.reflect.TypeVariable;
1352:             1             24  [Ljava.net.InetAddress$Cache$Type;
1353:             1             24  [Ljava.nio.file.LinkOption;
1354:             1             24  [Ljava.util.Locale$Category;
1355:             1             24  [Ljavax.net.ssl.KeyManager;
1356:             1             24  [Ljavax.net.ssl.TrustManager;
1357:             1             24  [Lorg.apache.lucene.search.TermQuery;
1358:             1             24  [Lorg.apache.lucene.search.spell.WordBreakSpellChecker$BreakSuggestionSortMethod;
1359:             1             24  [Lorg.apache.lucene.util.packed.PackedInts$Format;
1360:             1             24  [Lorg.apache.solr.client.solrj.SolrQuery$ORDER;
1361:             1             24  [Lorg.apache.solr.core.DirectoryFactory$DirContext;
1362:             1             24  [Lorg.apache.solr.parser.QueryParser$Operator;
1363:             1             24  [Lorg.apache.solr.schema.IndexSchema$DynamicCopy;
1364:             1             24  [Lorg.apache.solr.search.CacheConfig;
1365:             1             24  [Lorg.apache.solr.util.stats.Histogram$SampleType;
1366:             1             24  [Lorg.eclipse.jetty.server.Connector;
1367:             1             24  [Lorg.eclipse.jetty.servlet.FilterHolder;
1368:             1             24  [Lorg.eclipse.jetty.servlet.FilterMapping;
1369:             1             24  [Lsun.launcher.LauncherHelper;
1370:             1             24  [Lsun.security.ssl.EphemeralKeyManager$EphemeralKeyPair;
1371:             1             24  com.google.common.base.Functions$ToStringFunction
1372:             1             24  com.google.common.base.Joiner$1
1373:             1             24  com.google.common.base.Joiner$MapJoiner
1374:             1             24  com.google.common.cache.CacheBuilder$NullListener
1375:             1             24  com.google.common.cache.CacheBuilder$OneWeigher
1376:             1             24  com.google.common.cache.LocalCache$EntryFactory$1
1377:             1             24  com.google.common.cache.LocalCache$EntryFactory$2
1378:             1             24  com.google.common.cache.LocalCache$EntryFactory$3
1379:             1             24  com.google.common.cache.LocalCache$EntryFactory$4
1380:             1             24  com.google.common.cache.LocalCache$EntryFactory$5
1381:             1             24  com.google.common.cache.LocalCache$EntryFactory$6
1382:             1             24  com.google.common.cache.LocalCache$EntryFactory$7
1383:             1             24  com.google.common.cache.LocalCache$EntryFactory$8
1384:             1             24  com.google.common.cache.LocalCache$Strength$1
1385:             1             24  com.google.common.cache.LocalCache$Strength$2
1386:             1             24  com.google.common.cache.LocalCache$Strength$3
1387:             1             24  com.google.common.collect.ImmutableMapKeySet
1388:             1             24  com.google.common.collect.ImmutableMapKeySet$1
1389:             1             24  com.google.common.collect.SingletonImmutableSet
1390:             1             24  com.sun.beans.util.Cache$Kind$1
1391:             1             24  com.sun.beans.util.Cache$Kind$2
1392:             1             24  com.sun.beans.util.Cache$Kind$3
1393:             1             24  com.sun.org.apache.xalan.internal.utils.FeatureManager
1394:             1             24  com.sun.org.apache.xerces.internal.impl.Constants$ArrayEnumeration
1395:             1             24  com.sun.org.apache.xerces.internal.impl.dtd.XMLContentSpec
1396:             1             24  com.sun.org.apache.xpath.internal.objects.XString
1397:             1             24  java.io.StringWriter
1398:             1             24  java.lang.invoke.Invokers
1399:             1             24  java.lang.invoke.MethodHandleImpl$4
1400:             1             24  java.lang.invoke.MethodType$ConcurrentWeakInternSet
1401:             1             24  java.math.MutableBigInteger
1402:             1             24  java.net.Inet4AddressImpl
1403:             1             24  java.nio.file.LinkOption
1404:             1             24  java.util.Collections$EmptyMap
1405:             1             24  java.util.Locale$Cache
1406:             1             24  java.util.ResourceBundle$Control$CandidateListCache
1407:             1             24  java.util.TaskQueue
1408:             1             24  java.util.Timer
1409:             1             24  java.util.concurrent.ConcurrentHashMap$KeySetView
1410:             1             24  java.util.concurrent.TimeUnit$1
1411:             1             24  java.util.concurrent.TimeUnit$2
1412:             1             24  java.util.concurrent.TimeUnit$3
1413:             1             24  java.util.concurrent.TimeUnit$4
1414:             1             24  java.util.concurrent.TimeUnit$5
1415:             1             24  java.util.concurrent.TimeUnit$6
1416:             1             24  java.util.concurrent.TimeUnit$7
1417:             1             24  java.util.jar.Manifest
1418:             1             24  java.util.logging.LogManager$LoggerContext
1419:             1             24  java.util.logging.LoggingPermission
1420:             1             24  java.util.regex.Pattern$7
1421:             1             24  java.util.regex.Pattern$Bound
1422:             1             24  java.util.regex.Pattern$Neg
1423:             1             24  javax.net.ssl.SSLContext
1424:             1             24  org.apache.commons.logging.impl.SLF4JLogFactory
1425:             1             24  org.apache.log4j.helpers.FormattingInfo
1426:             1             24  org.apache.lucene.analysis.Tokenizer$1
1427:             1             24  org.apache.lucene.analysis.ar.ArabicStemFilterFactory
1428:             1             24  org.apache.lucene.analysis.bg.BulgarianStemFilterFactory
1429:             1             24  org.apache.lucene.analysis.ckb.SoraniNormalizationFilterFactory
1430:             1             24  org.apache.lucene.analysis.ckb.SoraniStemFilterFactory
1431:             1             24  org.apache.lucene.analysis.cz.CzechStemFilterFactory
1432:             1             24  org.apache.lucene.analysis.de.GermanLightStemFilterFactory
1433:             1             24  org.apache.lucene.analysis.de.GermanNormalizationFilterFactory
1434:             1             24  org.apache.lucene.analysis.el.GreekLowerCaseFilterFactory
1435:             1             24  org.apache.lucene.analysis.el.GreekStemFilterFactory
1436:             1             24  org.apache.lucene.analysis.en.EnglishMinimalStemFilterFactory
1437:             1             24  org.apache.lucene.analysis.es.SpanishLightStemFilterFactory
1438:             1             24  org.apache.lucene.analysis.fa.PersianCharFilterFactory
1439:             1             24  org.apache.lucene.analysis.fa.PersianNormalizationFilterFactory
1440:             1             24  org.apache.lucene.analysis.fr.FrenchLightStemFilterFactory
1441:             1             24  org.apache.lucene.analysis.ga.IrishLowerCaseFilterFactory
1442:             1             24  org.apache.lucene.analysis.gl.GalicianStemFilterFactory
1443:             1             24  org.apache.lucene.analysis.hi.HindiNormalizationFilterFactory
1444:             1             24  org.apache.lucene.analysis.hi.HindiStemFilterFactory
1445:             1             24  org.apache.lucene.analysis.in.IndicNormalizationFilterFactory
1446:             1             24  org.apache.lucene.analysis.it.ItalianLightStemFilterFactory
1447:             1             24  org.apache.lucene.analysis.ja.JapaneseBaseFormFilterFactory
1448:             1             24  org.apache.lucene.analysis.lv.LatvianStemFilterFactory
1449:             1             24  org.apache.lucene.analysis.miscellaneous.RemoveDuplicatesTokenFilterFactory
1450:             1             24  org.apache.lucene.analysis.miscellaneous.StemmerOverrideFilter$StemmerOverrideMap
1451:             1             24  org.apache.lucene.analysis.pt.PortugueseLightStemFilterFactory
1452:             1             24  org.apache.lucene.analysis.th.ThaiTokenizerFactory
1453:             1             24  org.apache.lucene.analysis.tr.ApostropheFilterFactory
1454:             1             24  org.apache.lucene.analysis.tr.TurkishLowerCaseFilterFactory
1455:             1             24  org.apache.lucene.codecs.blocktreeords.BlockTreeOrdsPostingsFormat
1456:             1             24  org.apache.lucene.codecs.bloom.BloomFilteringPostingsFormat
1457:             1             24  org.apache.lucene.codecs.lucene40.Lucene40Codec$1
1458:             1             24  org.apache.lucene.codecs.lucene41.Lucene41Codec$1
1459:             1             24  org.apache.lucene.codecs.lucene410.Lucene410Codec$1
1460:             1             24  org.apache.lucene.codecs.lucene410.Lucene410Codec$2
1461:             1             24  org.apache.lucene.codecs.lucene42.Lucene42Codec$1
1462:             1             24  org.apache.lucene.codecs.lucene42.Lucene42Codec$2
1463:             1             24  org.apache.lucene.codecs.lucene42.Lucene42Codec$3
1464:             1             24  org.apache.lucene.codecs.lucene42.Lucene42DocValuesFormat
1465:             1             24  org.apache.lucene.codecs.lucene45.Lucene45Codec$1
1466:             1             24  org.apache.lucene.codecs.lucene45.Lucene45Codec$2
1467:             1             24  org.apache.lucene.codecs.lucene45.Lucene45Codec$3
1468:             1             24  org.apache.lucene.codecs.lucene46.Lucene46Codec$1
1469:             1             24  org.apache.lucene.codecs.lucene46.Lucene46Codec$2
1470:             1             24  org.apache.lucene.codecs.lucene46.Lucene46Codec$3
1471:             1             24  org.apache.lucene.codecs.lucene49.Lucene49Codec$1
1472:             1             24  org.apache.lucene.codecs.lucene49.Lucene49Codec$2
1473:             1             24  org.apache.lucene.codecs.lucene50.Lucene50PostingsFormat
1474:             1             24  org.apache.lucene.codecs.memory.DirectPostingsFormat
1475:             1             24  org.apache.lucene.codecs.memory.MemoryDocValuesFormat
1476:             1             24  org.apache.lucene.codecs.memory.MemoryPostingsFormat
1477:             1             24  org.apache.lucene.index.DocumentsWriterDeleteQueue$DeleteSlice
1478:             1             24  org.apache.lucene.index.DocumentsWriterDeleteQueue$Node
1479:             1             24  org.apache.lucene.index.DocumentsWriterFlushQueue
1480:             1             24  org.apache.lucene.index.DocumentsWriterStallControl
1481:             1             24  org.apache.lucene.index.FlushByRamOrCountsPolicy
1482:             1             24  org.apache.lucene.index.IndexWriter$1
1483:             1             24  org.apache.lucene.index.IndexWriter$ReaderPool
1484:             1             24  org.apache.lucene.index.MultiBits
1485:             1             24  org.apache.lucene.index.MultiFields
1486:             1             24  org.apache.lucene.index.MultiTerms
1487:             1             24  org.apache.lucene.search.BooleanClause$Occur$1
1488:             1             24  org.apache.lucene.search.BooleanClause$Occur$2
1489:             1             24  org.apache.lucene.search.BooleanClause$Occur$3
1490:             1             24  org.apache.lucene.search.TopDocs
1491:             1             24  org.apache.lucene.spatial.prefix.tree.GeohashPrefixTree
1492:             1             24  org.apache.lucene.store.FlushInfo
1493:             1             24  org.apache.lucene.uninverting.FieldCacheImpl
1494:             1             24  org.apache.lucene.uninverting.FieldCacheImpl$BinaryDocValuesCache
1495:             1             24  org.apache.lucene.uninverting.FieldCacheImpl$DocTermOrdsCache
1496:             1             24  org.apache.lucene.uninverting.FieldCacheImpl$DocsWithFieldCache
1497:             1             24  org.apache.lucene.uninverting.FieldCacheImpl$LongCache
1498:             1             24  org.apache.lucene.uninverting.FieldCacheImpl$SortedDocValuesCache
1499:             1             24  org.apache.lucene.util.AttributeFactory$1
1500:             1             24  org.apache.lucene.util.AttributeSource$2
1501:             1             24  org.apache.lucene.util.SetOnce
1502:             1             24  org.apache.lucene.util.packed.PackedInts$Format$1
1503:             1             24  org.apache.lucene.util.packed.PackedInts$Format$2
1504:             1             24  org.apache.solr.client.solrj.SolrQuery
1505:             1             24  org.apache.solr.client.solrj.SolrQuery$SortClause
1506:             1             24  org.apache.solr.common.SolrInputDocument
1507:             1             24  org.apache.solr.common.util.SolrjNamedThreadFactory
1508:             1             24  org.apache.solr.core.ConfigSetService$Default
1509:             1             24  org.apache.solr.core.JarRepository
1510:             1             24  org.apache.solr.core.RequestHandlers
1511:             1             24  org.apache.solr.core.RequestParams
1512:             1             24  org.apache.solr.core.SchemaCodecFactory
1513:             1             24  org.apache.solr.core.SolrDeletionPolicy
1514:             1             24  org.apache.solr.handler.ReplicationHandler$3
1515:             1             24  org.apache.solr.handler.component.ExpandComponent
1516:             1             24  org.apache.solr.handler.component.FacetComponent
1517:             1             24  org.apache.solr.handler.component.HighlightComponent
1518:             1             24  org.apache.solr.handler.component.TermVectorComponent
1519:             1             24  org.apache.solr.highlight.BreakIteratorBoundaryScanner
1520:             1             24  org.apache.solr.highlight.DefaultEncoder
1521:             1             24  org.apache.solr.highlight.GapFragmenter
1522:             1             24  org.apache.solr.highlight.HtmlEncoder
1523:             1             24  org.apache.solr.highlight.HtmlFormatter
1524:             1             24  org.apache.solr.highlight.SimpleBoundaryScanner
1525:             1             24  org.apache.solr.highlight.SimpleFragListBuilder
1526:             1             24  org.apache.solr.highlight.SingleFragListBuilder
1527:             1             24  org.apache.solr.highlight.WeightedFragListBuilder
1528:             1             24  org.apache.solr.response.transform.ExplainAugmenterFactory
1529:             1             24  org.apache.solr.response.transform.ValueAugmenterFactory
1530:             1             24  org.apache.solr.schema.FileExchangeRateProvider
1531:             1             24  org.apache.solr.schema.TrieDateField$ThreadLocalDateFormat
1532:             1             24  org.apache.solr.search.BitDocSet
1533:             1             24  org.apache.solr.search.similarities.DefaultSimilarityFactory
1534:             1             24  org.apache.solr.spelling.SpellingQueryConverter
1535:             1             24  org.apache.solr.update.DefaultSolrCoreState$1
1536:             1             24  org.apache.solr.update.UpdateShardHandler
1537:             1             24  org.apache.solr.update.processor.LogUpdateProcessorFactory
1538:             1             24  org.apache.solr.update.processor.UpdateRequestProcessorChain
1539:             1             24  org.apache.solr.util.stats.Histogram$SampleType$1
1540:             1             24  org.apache.solr.util.stats.Histogram$SampleType$2
1541:             1             24  org.eclipse.jetty.deploy.AppLifeCycle
1542:             1             24  org.eclipse.jetty.http.HttpFields$DateGenerator
1543:             1             24  org.eclipse.jetty.http.HttpHeaderValues
1544:             1             24  org.eclipse.jetty.http.HttpHeaders
1545:             1             24  org.eclipse.jetty.server.AbstractConnector$Acceptor
1546:             1             24  org.eclipse.jetty.servlet.FilterHolder$Config
1547:             1             24  org.eclipse.jetty.servlet.NoJspServlet
1548:             1             24  org.eclipse.jetty.util.IO$NullWrite
1549:             1             24  org.eclipse.jetty.util.MultiMap
1550:             1             24  org.noggit.NullCharArr
1551:             1             24  org.slf4j.helpers.FormattingTuple
1552:             1             24  sun.launcher.LauncherHelper
1553:             1             24  sun.management.VMManagementImpl
1554:             1             24  sun.misc.JarIndex
1555:             1             24  sun.misc.URLClassPath$FileLoader
1556:             1             24  sun.net.ProgressMonitor
1557:             1             24  sun.net.sdp.SdpProvider
1558:             1             24  sun.nio.ch.SharedFileLockTable
1559:             1             24  sun.nio.cs.ISO_8859_1
1560:             1             24  sun.nio.cs.US_ASCII
1561:             1             24  sun.nio.cs.UTF_16
1562:             1             24  sun.nio.cs.UTF_16BE
1563:             1             24  sun.nio.cs.UTF_16LE
1564:             1             24  sun.nio.cs.UTF_8
1565:             1             24  sun.reflect.generics.factory.CoreReflectionFactory
1566:             1             24  sun.reflect.generics.scope.ClassScope
1567:             1             24  sun.reflect.generics.tree.FormalTypeParameter
1568:             1             24  sun.security.provider.DSAParameters
1569:             1             24  sun.security.ssl.SSLAlgorithmConstraints$TLSDisabledAlgConstraints
1570:             1             24  sun.security.ssl.SSLAlgorithmConstraints$X509DisabledAlgConstraints
1571:             1             24  sun.security.ssl.SunX509KeyManagerImpl
1572:             1             24  sun.security.util.DisabledAlgorithmConstraints$KeySizeConstraint
1573:             1             24  sun.text.normalizer.ReplaceableUCharacterIterator
1574:             1             24  sun.util.locale.BaseLocale$Cache
1575:             1             24  sun.util.locale.provider.CalendarDataProviderImpl
1576:             1             24  sun.util.locale.provider.CalendarProviderImpl
1577:             1             24  sun.util.locale.provider.CollatorProviderImpl
1578:             1             24  sun.util.locale.provider.CurrencyNameProviderImpl
1579:             1             24  sun.util.locale.provider.DateFormatSymbolsProviderImpl
1580:             1             24  sun.util.locale.provider.DecimalFormatSymbolsProviderImpl
1581:             1             24  sun.util.locale.provider.NumberFormatProviderImpl
1582:             1             16  [Ljava.beans.EventSetDescriptor;
1583:             1             16  [Ljava.lang.Enum;
1584:             1             16  [Ljava.lang.Throwable;
1585:             1             16  [Ljava.nio.file.attribute.FileAttribute;
1586:             1             16  [Ljava.security.Provider;
1587:             1             16  [Ljava.text.FieldPosition;
1588:             1             16  [Ljava.util.logging.Handler;
1589:             1             16  [Lorg.apache.lucene.codecs.PostingsFormat;
1590:             1             16  [Lorg.apache.lucene.search.ScoreDoc;
1591:             1             16  [Lorg.apache.lucene.search.SortField;
1592:             1             16  [Lorg.apache.solr.client.solrj.impl.LBHttpSolrClient$ServerWrapper;
1593:             1             16  com.google.common.base.Equivalence$Equals
1594:             1             16  com.google.common.base.Joiner
1595:             1             16  com.google.common.base.Suppliers$SupplierOfInstance
1596:             1             16  com.google.common.base.Ticker$1
1597:             1             16  com.google.common.cache.CacheBuilder$1
1598:             1             16  com.google.common.cache.CacheBuilder$2
1599:             1             16  com.google.common.cache.CacheBuilder$3
1600:             1             16  com.google.common.cache.LocalCache$1
1601:             1             16  com.google.common.cache.LocalCache$2
1602:             1             16  com.google.common.collect.ImmutableCollection$EmptyImmutableCollection
1603:             1             16  com.google.common.collect.Iterators$1
1604:             1             16  com.google.common.collect.Iterators$2
1605:             1             16  com.sun.naming.internal.VersionHelper12
1606:             1             16  com.sun.org.apache.xalan.internal.utils.SecuritySupport
1607:             1             16  com.sun.org.apache.xerces.internal.dom.CharacterDataImpl$1
1608:             1             16  com.sun.org.apache.xerces.internal.impl.XMLDocumentScannerImpl$DTDDriver
1609:             1             16  com.sun.org.apache.xerces.internal.impl.dv.dtd.IDDatatypeValidator
1610:             1             16  com.sun.org.apache.xerces.internal.impl.dv.dtd.IDREFDatatypeValidator
1611:             1             16  com.sun.org.apache.xerces.internal.impl.dv.dtd.NMTOKENDatatypeValidator
1612:             1             16  com.sun.org.apache.xerces.internal.impl.dv.dtd.NOTATIONDatatypeValidator
1613:             1             16  com.sun.org.apache.xerces.internal.impl.dv.dtd.StringDatatypeValidator
1614:             1             16  com.sun.org.apache.xerces.internal.utils.SecuritySupport
1615:             1             16  com.sun.org.apache.xpath.internal.objects.EqualComparator
1616:             1             16  com.sun.org.apache.xpath.internal.objects.GreaterThanComparator
1617:             1             16  com.sun.org.apache.xpath.internal.objects.GreaterThanOrEqualComparator
1618:             1             16  com.sun.org.apache.xpath.internal.objects.LessThanComparator
1619:             1             16  com.sun.org.apache.xpath.internal.objects.LessThanOrEqualComparator
1620:             1             16  com.sun.org.apache.xpath.internal.objects.NotEqualComparator
1621:             1             16  com.sun.org.apache.xpath.internal.objects.XMLStringFactoryImpl
1622:             1             16  java.io.FileDescriptor$1
1623:             1             16  java.lang.ApplicationShutdownHooks$1
1624:             1             16  java.lang.CharacterData00
1625:             1             16  java.lang.CharacterDataLatin1
1626:             1             16  java.lang.InheritableThreadLocal
1627:             1             16  java.lang.Runtime
1628:             1             16  java.lang.String$CaseInsensitiveComparator
1629:             1             16  java.lang.System$2
1630:             1             16  java.lang.Terminator$1
1631:             1             16  java.lang.invoke.MemberName$Factory
1632:             1             16  java.lang.invoke.MethodHandleImpl$2
1633:             1             16  java.lang.invoke.MethodHandleImpl$3
1634:             1             16  java.lang.management.PlatformComponent$1
1635:             1             16  java.lang.management.PlatformComponent$10
1636:             1             16  java.lang.management.PlatformComponent$11
1637:             1             16  java.lang.management.PlatformComponent$12
1638:             1             16  java.lang.management.PlatformComponent$13
1639:             1             16  java.lang.management.PlatformComponent$14
1640:             1             16  java.lang.management.PlatformComponent$15
1641:             1             16  java.lang.management.PlatformComponent$2
1642:             1             16  java.lang.management.PlatformComponent$3
1643:             1             16  java.lang.management.PlatformComponent$4
1644:             1             16  java.lang.management.PlatformComponent$5
1645:             1             16  java.lang.management.PlatformComponent$6
1646:             1             16  java.lang.management.PlatformComponent$7
1647:             1             16  java.lang.management.PlatformComponent$8
1648:             1             16  java.lang.management.PlatformComponent$9
1649:             1             16  java.lang.ref.Reference$Lock
1650:             1             16  java.lang.reflect.Proxy$KeyFactory
1651:             1             16  java.lang.reflect.Proxy$ProxyClassFactory
1652:             1             16  java.lang.reflect.ReflectAccess
1653:             1             16  java.net.InetAddress$2
1654:             1             16  java.net.URLClassLoader$7
1655:             1             16  java.nio.Bits$1
1656:             1             16  java.nio.channels.spi.AbstractInterruptibleChannel$1
1657:             1             16  java.nio.charset.CoderResult$1
1658:             1             16  java.nio.charset.CoderResult$2
1659:             1             16  java.security.ProtectionDomain$1
1660:             1             16  java.security.ProtectionDomain$3
1661:             1             16  java.text.DontCareFieldPosition$1
1662:             1             16  java.util.Collections$EmptyEnumeration
1663:             1             16  java.util.Collections$EmptyIterator
1664:             1             16  java.util.Collections$EmptyList
1665:             1             16  java.util.Collections$EmptySet
1666:             1             16  java.util.Collections$UnmodifiableMap$UnmodifiableEntrySet
1667:             1             16  java.util.Currency$CurrencyNameGetter
1668:             1             16  java.util.Hashtable$KeySet
1669:             1             16  java.util.ResourceBundle$Control
1670:             1             16  java.util.Timer$1
1671:             1             16  java.util.concurrent.ConcurrentHashMap$EntrySetView
1672:             1             16  java.util.concurrent.ConcurrentSkipListMap$KeySet
1673:             1             16  java.util.concurrent.Executors$FinalizableDelegatedExecutorService
1674:             1             16  java.util.concurrent.ThreadPoolExecutor$AbortPolicy
1675:             1             16  java.util.jar.JavaUtilJarAccessImpl
1676:             1             16  java.util.logging.LoggingProxyImpl
1677:             1             16  java.util.regex.Pattern$4
1678:             1             16  java.util.regex.Pattern$Begin
1679:             1             16  java.util.regex.Pattern$CharPropertyNames$10
1680:             1             16  java.util.regex.Pattern$CharPropertyNames$11
1681:             1             16  java.util.regex.Pattern$CharPropertyNames$12
1682:             1             16  java.util.regex.Pattern$CharPropertyNames$13
1683:             1             16  java.util.regex.Pattern$CharPropertyNames$14
1684:             1             16  java.util.regex.Pattern$CharPropertyNames$15
1685:             1             16  java.util.regex.Pattern$CharPropertyNames$16
1686:             1             16  java.util.regex.Pattern$CharPropertyNames$17
1687:             1             16  java.util.regex.Pattern$CharPropertyNames$18
1688:             1             16  java.util.regex.Pattern$CharPropertyNames$19
1689:             1             16  java.util.regex.Pattern$CharPropertyNames$20
1690:             1             16  java.util.regex.Pattern$CharPropertyNames$21
1691:             1             16  java.util.regex.Pattern$CharPropertyNames$22
1692:             1             16  java.util.regex.Pattern$CharPropertyNames$23
1693:             1             16  java.util.regex.Pattern$CharPropertyNames$5
1694:             1             16  java.util.regex.Pattern$CharPropertyNames$6
1695:             1             16  java.util.regex.Pattern$CharPropertyNames$7
1696:             1             16  java.util.regex.Pattern$CharPropertyNames$8
1697:             1             16  java.util.regex.Pattern$CharPropertyNames$9
1698:             1             16  java.util.regex.Pattern$LastNode
1699:             1             16  java.util.regex.Pattern$Node
1700:             1             16  java.util.zip.ZipFile$1
1701:             1             16  javax.xml.parsers.SecuritySupport
1702:             1             16  javax.xml.stream.SecuritySupport
1703:             1             16  javax.xml.transform.SecuritySupport
1704:             1             16  org.apache.http.conn.ssl.AllowAllHostnameVerifier
1705:             1             16  org.apache.http.conn.ssl.BrowserCompatHostnameVerifier
1706:             1             16  org.apache.http.conn.ssl.StrictHostnameVerifier
1707:             1             16  org.apache.log4j.DefaultCategoryFactory
1708:             1             16  org.apache.log4j.helpers.AppenderAttachableImpl
1709:             1             16  org.apache.log4j.or.DefaultRenderer
1710:             1             16  org.apache.log4j.or.RendererMap
1711:             1             16  org.apache.log4j.spi.DefaultRepositorySelector
1712:             1             16  org.apache.lucene.analysis.Analyzer$1
1713:             1             16  org.apache.lucene.analysis.Analyzer$2
1714:             1             16  org.apache.lucene.analysis.payloads.FloatEncoder
1715:             1             16  org.apache.lucene.analysis.util.CharacterUtils$Java4CharacterUtils
1716:             1             16  org.apache.lucene.analysis.util.CharacterUtils$Java5CharacterUtils
1717:             1             16  org.apache.lucene.codecs.bloom.DefaultBloomFilterFactory
1718:             1             16  org.apache.lucene.codecs.compressing.CompressionMode$1
1719:             1             16  org.apache.lucene.codecs.compressing.CompressionMode$2
1720:             1             16  org.apache.lucene.codecs.compressing.CompressionMode$3
1721:             1             16  org.apache.lucene.codecs.compressing.CompressionMode$4
1722:             1             16  org.apache.lucene.codecs.lucene40.Lucene40PostingsFormat
1723:             1             16  org.apache.lucene.codecs.lucene40.Lucene40StoredFieldsFormat
1724:             1             16  org.apache.lucene.codecs.lucene41.Lucene41PostingsFormat
1725:             1             16  org.apache.lucene.codecs.lucene410.Lucene410Codec$3
1726:             1             16  org.apache.lucene.codecs.lucene410.Lucene410DocValuesFormat
1727:             1             16  org.apache.lucene.codecs.lucene45.Lucene45DocValuesFormat
1728:             1             16  org.apache.lucene.codecs.lucene49.Lucene49Codec$3
1729:             1             16  org.apache.lucene.codecs.lucene49.Lucene49DocValuesFormat
1730:             1             16  org.apache.lucene.codecs.lucene50.Lucene50DocValuesFormat
1731:             1             16  org.apache.lucene.codecs.memory.DirectDocValuesFormat
1732:             1             16  org.apache.lucene.codecs.memory.FSTOrdPostingsFormat
1733:             1             16  org.apache.lucene.codecs.memory.FSTPostingsFormat
1734:             1             16  org.apache.lucene.codecs.simpletext.SimpleTextCompoundFormat
1735:             1             16  org.apache.lucene.codecs.simpletext.SimpleTextFieldInfosFormat
1736:             1             16  org.apache.lucene.codecs.simpletext.SimpleTextLiveDocsFormat
1737:             1             16  org.apache.lucene.codecs.simpletext.SimpleTextNormsFormat
1738:             1             16  org.apache.lucene.codecs.simpletext.SimpleTextSegmentInfoFormat
1739:             1             16  org.apache.lucene.codecs.simpletext.SimpleTextStoredFieldsFormat
1740:             1             16  org.apache.lucene.codecs.simpletext.SimpleTextTermVectorsFormat
1741:             1             16  org.apache.lucene.index.BufferedUpdatesStream$1
1742:             1             16  org.apache.lucene.index.DocumentsWriterPerThread$1
1743:             1             16  org.apache.lucene.index.TermsEnum$2
1744:             1             16  org.apache.lucene.search.MultiTermQuery$1
1745:             1             16  org.apache.lucene.search.ScoringRewrite$1
1746:             1             16  org.apache.lucene.search.ScoringRewrite$2
1747:             1             16  org.apache.lucene.search.spell.LuceneLevenshteinDistance
1748:             1             16  org.apache.lucene.search.spell.SuggestWordScoreComparator
1749:             1             16  org.apache.lucene.store.MMapDirectory$1
1750:             1             16  org.apache.lucene.store.NativeFSLockFactory
1751:             1             16  org.apache.lucene.uninverting.FieldCache$1
1752:             1             16  org.apache.lucene.uninverting.FieldCache$2
1753:             1             16  org.apache.lucene.uninverting.FieldCache$3
1754:             1             16  org.apache.lucene.uninverting.FieldCache$4
1755:             1             16  org.apache.lucene.uninverting.FieldCacheImpl$1
1756:             1             16  org.apache.lucene.util.ArrayUtil$NaturalComparator
1757:             1             16  org.apache.lucene.util.AttributeFactory$DefaultAttributeFactory
1758:             1             16  org.apache.lucene.util.BytesRef$UTF8SortedAsUTF16Comparator
1759:             1             16  org.apache.lucene.util.BytesRef$UTF8SortedAsUnicodeComparator
1760:             1             16  org.apache.lucene.util.CharsRef$UTF16SortedAsUTF8Comparator
1761:             1             16  org.apache.lucene.util.InfoStream$NoOutput
1762:             1             16  org.apache.lucene.util.LongValues$1
1763:             1             16  org.apache.lucene.util.fst.ByteSequenceOutputs
1764:             1             16  org.apache.lucene.util.packed.PackedInts$NullReader
1765:             1             16  org.apache.solr.client.solrj.impl.BinaryResponseParser
1766:             1             16  org.apache.solr.client.solrj.impl.HttpClientConfigurer
1767:             1             16  org.apache.solr.core.ConfigSolrXml$1
1768:             1             16  org.apache.solr.core.ConfigSolrXml$2
1769:             1             16  org.apache.solr.core.ConfigSolrXml$3
1770:             1             16  org.apache.solr.core.CorePropertiesLocator
1771:             1             16  org.apache.solr.core.SolrCore$9
1772:             1             16  org.apache.solr.core.StandardIndexReaderFactory
1773:             1             16  org.apache.solr.handler.ReplicationHandler$2
1774:             1             16  org.apache.solr.handler.component.DebugComponent
1775:             1             16  org.apache.solr.handler.component.MoreLikeThisComponent
1776:             1             16  org.apache.solr.handler.component.QueryComponent
1777:             1             16  org.apache.solr.handler.component.RealTimeGetComponent
1778:             1             16  org.apache.solr.handler.component.StatsComponent
1779:             1             16  org.apache.solr.handler.component.TermsComponent
1780:             1             16  org.apache.solr.response.BinaryResponseWriter
1781:             1             16  org.apache.solr.response.CSVResponseWriter
1782:             1             16  org.apache.solr.response.PHPResponseWriter
1783:             1             16  org.apache.solr.response.PHPSerializedResponseWriter
1784:             1             16  org.apache.solr.response.PythonResponseWriter
1785:             1             16  org.apache.solr.response.RawResponseWriter
1786:             1             16  org.apache.solr.response.RubyResponseWriter
1787:             1             16  org.apache.solr.response.SchemaXmlResponseWriter
1788:             1             16  org.apache.solr.response.SortingResponseWriter
1789:             1             16  org.apache.solr.response.XMLResponseWriter
1790:             1             16  org.apache.solr.response.XSLTResponseWriter
1791:             1             16  org.apache.solr.response.transform.ChildDocTransformerFactory
1792:             1             16  org.apache.solr.response.transform.DocIdAugmenterFactory
1793:             1             16  org.apache.solr.response.transform.ElevatedMarkerFactory
1794:             1             16  org.apache.solr.response.transform.ExcludedMarkerFactory
1795:             1             16  org.apache.solr.response.transform.ShardAugmenterFactory
1796:             1             16  org.apache.solr.rest.ManagedResourceStorage$FileStorageIO
1797:             1             16  org.apache.solr.schema.RandomSortField$1
1798:             1             16  org.apache.solr.search.BoostQParserPlugin
1799:             1             16  org.apache.solr.search.CollapsingQParserPlugin
1800:             1             16  org.apache.solr.search.ComplexPhraseQParserPlugin
1801:             1             16  org.apache.solr.search.DateValueSourceParser
1802:             1             16  org.apache.solr.search.DisMaxQParserPlugin
1803:             1             16  org.apache.solr.search.ExportQParserPlugin
1804:             1             16  org.apache.solr.search.ExtendedDismaxQParserPlugin
1805:             1             16  org.apache.solr.search.FieldQParserPlugin
1806:             1             16  org.apache.solr.search.FunctionQParserPlugin
1807:             1             16  org.apache.solr.search.FunctionRangeQParserPlugin
1808:             1             16  org.apache.solr.search.JoinQParserPlugin
1809:             1             16  org.apache.solr.search.LuceneQParserPlugin
1810:             1             16  org.apache.solr.search.MaxScoreQParserPlugin
1811:             1             16  org.apache.solr.search.NestedQParserPlugin
1812:             1             16  org.apache.solr.search.NoOpRegenerator
1813:             1             16  org.apache.solr.search.OldLuceneQParserPlugin
1814:             1             16  org.apache.solr.search.PrefixQParserPlugin
1815:             1             16  org.apache.solr.search.RawQParserPlugin
1816:             1             16  org.apache.solr.search.ReRankQParserPlugin
1817:             1             16  org.apache.solr.search.SimpleQParserPlugin
1818:             1             16  org.apache.solr.search.SolrFieldCacheMBean
1819:             1             16  org.apache.solr.search.SolrIndexSearcher$1
1820:             1             16  org.apache.solr.search.SolrIndexSearcher$2
1821:             1             16  org.apache.solr.search.SolrIndexSearcher$3
1822:             1             16  org.apache.solr.search.SolrIndexSearcher$4
1823:             1             16  org.apache.solr.search.SolrQueryTimeoutImpl
1824:             1             16  org.apache.solr.search.SolrQueryTimeoutImpl$1
1825:             1             16  org.apache.solr.search.SpatialBoxQParserPlugin
1826:             1             16  org.apache.solr.search.SpatialFilterQParserPlugin
1827:             1             16  org.apache.solr.search.SurroundQParserPlugin
1828:             1             16  org.apache.solr.search.SwitchQParserPlugin
1829:             1             16  org.apache.solr.search.TermQParserPlugin
1830:             1             16  org.apache.solr.search.TermsQParserPlugin
1831:             1             16  org.apache.solr.search.ValueSourceParser$1
1832:             1             16  org.apache.solr.search.ValueSourceParser$10
1833:             1             16  org.apache.solr.search.ValueSourceParser$11
1834:             1             16  org.apache.solr.search.ValueSourceParser$12
1835:             1             16  org.apache.solr.search.ValueSourceParser$13
1836:             1             16  org.apache.solr.search.ValueSourceParser$14
1837:             1             16  org.apache.solr.search.ValueSourceParser$15
1838:             1             16  org.apache.solr.search.ValueSourceParser$16
1839:             1             16  org.apache.solr.search.ValueSourceParser$17
1840:             1             16  org.apache.solr.search.ValueSourceParser$18
1841:             1             16  org.apache.solr.search.ValueSourceParser$19
1842:             1             16  org.apache.solr.search.ValueSourceParser$2
1843:             1             16  org.apache.solr.search.ValueSourceParser$20
1844:             1             16  org.apache.solr.search.ValueSourceParser$21
1845:             1             16  org.apache.solr.search.ValueSourceParser$22
1846:             1             16  org.apache.solr.search.ValueSourceParser$23
1847:             1             16  org.apache.solr.search.ValueSourceParser$24
1848:             1             16  org.apache.solr.search.ValueSourceParser$25
1849:             1             16  org.apache.solr.search.ValueSourceParser$26
1850:             1             16  org.apache.solr.search.ValueSourceParser$27
1851:             1             16  org.apache.solr.search.ValueSourceParser$28
1852:             1             16  org.apache.solr.search.ValueSourceParser$29
1853:             1             16  org.apache.solr.search.ValueSourceParser$3
1854:             1             16  org.apache.solr.search.ValueSourceParser$30
1855:             1             16  org.apache.solr.search.ValueSourceParser$31
1856:             1             16  org.apache.solr.search.ValueSourceParser$32
1857:             1             16  org.apache.solr.search.ValueSourceParser$33
1858:             1             16  org.apache.solr.search.ValueSourceParser$34
1859:             1             16  org.apache.solr.search.ValueSourceParser$35
1860:             1             16  org.apache.solr.search.ValueSourceParser$36
1861:             1             16  org.apache.solr.search.ValueSourceParser$37
1862:             1             16  org.apache.solr.search.ValueSourceParser$38
1863:             1             16  org.apache.solr.search.ValueSourceParser$39
1864:             1             16  org.apache.solr.search.ValueSourceParser$4
1865:             1             16  org.apache.solr.search.ValueSourceParser$40
1866:             1             16  org.apache.solr.search.ValueSourceParser$41
1867:             1             16  org.apache.solr.search.ValueSourceParser$42
1868:             1             16  org.apache.solr.search.ValueSourceParser$43
1869:             1             16  org.apache.solr.search.ValueSourceParser$44
1870:             1             16  org.apache.solr.search.ValueSourceParser$45
1871:             1             16  org.apache.solr.search.ValueSourceParser$46
1872:             1             16  org.apache.solr.search.ValueSourceParser$47
1873:             1             16  org.apache.solr.search.ValueSourceParser$48
1874:             1             16  org.apache.solr.search.ValueSourceParser$49
1875:             1             16  org.apache.solr.search.ValueSourceParser$5
1876:             1             16  org.apache.solr.search.ValueSourceParser$50
1877:             1             16  org.apache.solr.search.ValueSourceParser$51
1878:             1             16  org.apache.solr.search.ValueSourceParser$52
1879:             1             16  org.apache.solr.search.ValueSourceParser$53
1880:             1             16  org.apache.solr.search.ValueSourceParser$54
1881:             1             16  org.apache.solr.search.ValueSourceParser$55
1882:             1             16  org.apache.solr.search.ValueSourceParser$56
1883:             1             16  org.apache.solr.search.ValueSourceParser$57
1884:             1             16  org.apache.solr.search.ValueSourceParser$58
1885:             1             16  org.apache.solr.search.ValueSourceParser$59
1886:             1             16  org.apache.solr.search.ValueSourceParser$6
1887:             1             16  org.apache.solr.search.ValueSourceParser$60
1888:             1             16  org.apache.solr.search.ValueSourceParser$61
1889:             1             16  org.apache.solr.search.ValueSourceParser$62
1890:             1             16  org.apache.solr.search.ValueSourceParser$63
1891:             1             16  org.apache.solr.search.ValueSourceParser$64
1892:             1             16  org.apache.solr.search.ValueSourceParser$65
1893:             1             16  org.apache.solr.search.ValueSourceParser$66
1894:             1             16  org.apache.solr.search.ValueSourceParser$67
1895:             1             16  org.apache.solr.search.ValueSourceParser$68
1896:             1             16  org.apache.solr.search.ValueSourceParser$69
1897:             1             16  org.apache.solr.search.ValueSourceParser$7
1898:             1             16  org.apache.solr.search.ValueSourceParser$70
1899:             1             16  org.apache.solr.search.ValueSourceParser$71
1900:             1             16  org.apache.solr.search.ValueSourceParser$72
1901:             1             16  org.apache.solr.search.ValueSourceParser$73
1902:             1             16  org.apache.solr.search.ValueSourceParser$74
1903:             1             16  org.apache.solr.search.ValueSourceParser$8
1904:             1             16  org.apache.solr.search.ValueSourceParser$9
1905:             1             16  org.apache.solr.search.function.distance.GeoDistValueSourceParser
1906:             1             16  org.apache.solr.search.grouping.endresulttransformer.MainEndResultTransformer
1907:             1             16  org.apache.solr.search.grouping.endresulttransformer.SimpleEndResultTransformer
1908:             1             16  org.apache.solr.search.join.BlockJoinChildQParserPlugin
1909:             1             16  org.apache.solr.search.join.BlockJoinParentQParserPlugin
1910:             1             16  org.apache.solr.search.mlt.MLTQParserPlugin
1911:             1             16  org.apache.solr.search.stats.LocalStatsCache
1912:             1             16  org.apache.solr.update.LoggingInfoStream
1913:             1             16  org.apache.solr.update.TransactionLog$1
1914:             1             16  org.apache.solr.update.processor.DistributedUpdateProcessorFactory
1915:             1             16  org.apache.solr.update.processor.RunUpdateProcessorFactory
1916:             1             16  org.apache.solr.util.EmptyEntityResolver$1
1917:             1             16  org.apache.solr.util.EmptyEntityResolver$2
1918:             1             16  org.apache.solr.util.stats.Clock$UserTimeClock
1919:             1             16  org.eclipse.jetty.deploy.bindings.StandardDeployer
1920:             1             16  org.eclipse.jetty.deploy.bindings.StandardStarter
1921:             1             16  org.eclipse.jetty.deploy.bindings.StandardStopper
1922:             1             16  org.eclipse.jetty.deploy.bindings.StandardUndeployer
1923:             1             16  org.eclipse.jetty.deploy.providers.ContextProvider$1
1924:             1             16  org.eclipse.jetty.deploy.providers.ScanningAppProvider$1
1925:             1             16  org.eclipse.jetty.http.HttpFields$1
1926:             1             16  org.eclipse.jetty.http.HttpFields$2
1927:             1             16  org.eclipse.jetty.http.MimeTypes
1928:             1             16  org.eclipse.jetty.security.DefaultAuthenticatorFactory
1929:             1             16  org.eclipse.jetty.security.SecurityHandler$1
1930:             1             16  org.eclipse.jetty.security.SecurityHandler$2
1931:             1             16  org.eclipse.jetty.security.SecurityHandler$3
1932:             1             16  org.eclipse.jetty.server.Authentication$1
1933:             1             16  org.eclipse.jetty.server.Authentication$2
1934:             1             16  org.eclipse.jetty.server.Authentication$3
1935:             1             16  org.eclipse.jetty.server.Authentication$4
1936:             1             16  org.eclipse.jetty.server.Authentication$5
1937:             1             16  org.eclipse.jetty.server.handler.ContextHandler$ApproveNonExistentDirectoryAliases
1938:             1             16  org.eclipse.jetty.server.session.AbstractSessionManager$1
1939:             1             16  org.eclipse.jetty.server.session.AbstractSessionManager$2
1940:             1             16  org.eclipse.jetty.servlet.listener.ELContextCleaner
1941:             1             16  org.eclipse.jetty.servlet.listener.IntrospectorCleaner
1942:             1             16  org.eclipse.jetty.start.FilenameComparator
1943:             1             16  org.eclipse.jetty.util.IO$ClosedIS
1944:             1             16  org.eclipse.jetty.util.IO$NullOS
1945:             1             16  org.eclipse.jetty.util.StringMap$NullEntry
1946:             1             16  org.eclipse.jetty.util.component.Container
1947:             1             16  org.eclipse.jetty.util.thread.QueuedThreadPool$3
1948:             1             16  org.eclipse.jetty.webapp.FragmentConfiguration
1949:             1             16  org.eclipse.jetty.webapp.JettyWebXmlConfiguration
1950:             1             16  org.eclipse.jetty.webapp.MetaInfConfiguration
1951:             1             16  org.eclipse.jetty.webapp.StandardDescriptorProcessor
1952:             1             16  org.eclipse.jetty.webapp.WebInfConfiguration
1953:             1             16  org.eclipse.jetty.webapp.WebXmlConfiguration
1954:             1             16  org.opensextant.solrtexttagger.TagClusterReducer$1
1955:             1             16  org.opensextant.solrtexttagger.TagClusterReducer$2
1956:             1             16  org.opensextant.solrtexttagger.TagClusterReducer$3
1957:             1             16  org.slf4j.helpers.NOPLoggerFactory
1958:             1             16  org.slf4j.helpers.SubstituteLoggerFactory
1959:             1             16  org.slf4j.impl.Log4jLoggerFactory
1960:             1             16  org.slf4j.impl.StaticLoggerBinder
1961:             1             16  sun.management.HotSpotDiagnostic
1962:             1             16  sun.misc.ASCIICaseInsensitiveComparator
1963:             1             16  sun.misc.FloatingDecimal$1
1964:             1             16  sun.misc.Launcher
1965:             1             16  sun.misc.Launcher$Factory
1966:             1             16  sun.misc.Perf
1967:             1             16  sun.misc.Unsafe
1968:             1             16  sun.net.DefaultProgressMeteringPolicy
1969:             1             16  sun.net.www.protocol.file.Handler
1970:             1             16  sun.net.www.protocol.jar.JarFileFactory
1971:             1             16  sun.nio.ch.Util$1
1972:             1             16  sun.nio.fs.LinuxFileSystemProvider
1973:             1             16  sun.reflect.GeneratedConstructorAccessor13
1974:             1             16  sun.reflect.GeneratedConstructorAccessor8
1975:             1             16  sun.reflect.GeneratedMethodAccessor1
1976:             1             16  sun.reflect.GeneratedMethodAccessor2
1977:             1             16  sun.reflect.GeneratedMethodAccessor3
1978:             1             16  sun.reflect.GeneratedMethodAccessor4
1979:             1             16  sun.reflect.GeneratedMethodAccessor5
1980:             1             16  sun.reflect.GeneratedMethodAccessor6
1981:             1             16  sun.reflect.ReflectionFactory
1982:             1             16  sun.reflect.generics.tree.BottomSignature
1983:             1             16  sun.security.rsa.RSAKeyFactory
1984:             1             16  sun.security.ssl.EphemeralKeyManager
1985:             1             16  sun.security.util.ByteArrayLexOrder
1986:             1             16  sun.security.util.ByteArrayTagOrder
1987:             1             16  sun.text.normalizer.NormalizerBase$Mode
1988:             1             16  sun.text.normalizer.NormalizerBase$NFCMode
1989:             1             16  sun.text.normalizer.NormalizerBase$NFDMode
1990:             1             16  sun.text.normalizer.NormalizerBase$NFKCMode
1991:             1             16  sun.text.normalizer.NormalizerBase$NFKDMode
1992:             1             16  sun.text.normalizer.NormalizerImpl
1993:             1             16  sun.text.normalizer.NormalizerImpl$AuxTrieImpl
1994:             1             16  sun.text.normalizer.NormalizerImpl$FCDTrieImpl
1995:             1             16  sun.text.normalizer.NormalizerImpl$NormTrieImpl
1996:             1             16  sun.text.normalizer.ReplaceableString
1997:             1             16  sun.util.calendar.Gregorian
1998:             1             16  sun.util.locale.provider.AuxLocaleProviderAdapter$NullProvider
1999:             1             16  sun.util.locale.provider.CalendarDataUtility$CalendarWeekParameterGetter
2000:             1             16  sun.util.locale.provider.SPILocaleProviderAdapter
2001:             1             16  sun.util.resources.LocaleData
2002:             1             16  sun.util.resources.LocaleData$LocaleDataResourceBundleControl
Total      21361365     2934744696

 num     #instances         #bytes  class name
----------------------------------------------
   1:      15687975     1576087456  [C
   2:        129301     1420229328  [B
   3:      15675995      376223880  java.lang.String
   4:         25080      261006168  [J
   5:          5574      167911504  [I
   6:         58086       68235256  [Ljava.lang.Object;
   7:        188053       13539816  org.apache.lucene.util.fst.FST$Arc
   8:         35071        3598984  [Lorg.apache.lucene.util.fst.FST$Arc;
   9:          7598        1800960  [Ljava.util.HashMap$Node;
  10:         75015        1800360  org.apache.lucene.util.BytesRef
  11:         20353         814120  org.apache.lucene.util.packed.Packed64
  12:         31886         765264  org.apache.lucene.util.fst.ReverseBytesReader
  13:         21728         695296  java.util.HashMap$Node
  14:          5037         567440  java.lang.Class
  15:         18101         434424  java.util.ArrayList
  16:          7358         412048  org.apache.lucene.codecs.memory.MemoryPostingsFormat$FSTTermsEnum
  17:          7358         412048  org.apache.lucene.util.fst.BytesRefFSTEnum
  18:          9039         361560  java.util.LinkedHashMap$Entry
  19:         12844         308256  org.apache.lucene.index.MultiDocsEnum$EnumWithSlice
  20:          6326         303648  java.util.HashMap
  21:          9336         298752  org.apache.lucene.store.ByteArrayDataInput
  22:          7358         235456  org.apache.lucene.index.MultiTermsEnum$TermsEnumWithSlice
  23:          7346         235072  java.util.concurrent.ConcurrentHashMap$Node
  24:          5180         207200  org.apache.lucene.document.FieldType
  25:           623         185424  [S
  26:          7358         176592  org.apache.lucene.index.ExitableDirectoryReader$ExitableTermsEnum
  27:          7358         176592  org.apache.lucene.index.MultiDocsAndPositionsEnum$EnumWithSlice
  28:          7358         176592  org.apache.lucene.util.fst.BytesRefFSTEnum$InputOutput
  29:          7254         174096  org.apache.lucene.index.MultiTermsEnum$TermsEnumIndex
  30:          5178         165696  org.apache.lucene.document.Field
  31:          5178         165696  org.apache.lucene.document.LazyDocument$LazyField
  32:          3750         150000  sun.nio.cs.UTF_8$Decoder
  33:          2326         130256  org.apache.lucene.util.packed.PackedReaderIterator
  34:          2291         128296  java.util.LinkedHashMap
  35:            24         127808  [[B
  36:          3397         108704  java.lang.StackTraceElement
  37:           849         101880  [Lorg.apache.lucene.index.MultiTermsEnum$TermsEnumWithSlice;
  38:            66         101256  [Lorg.apache.lucene.util.packed.PackedInts$Reader;
  39:          3149         100768  org.apache.lucene.util.WeakIdentityMap$IdentityWeakReference
  40:            17          99656  [F
  41:          2161          86440  org.tartarus.snowball.Among
  42:          1311          73416  org.eclipse.jetty.io.ByteArrayBuffer
  43:          1404          73344  [Ljava.lang.String;
  44:          4434          70944  java.lang.Integer
  45:           104          63008  [Ljava.util.concurrent.ConcurrentHashMap$Node;
  46:          2616          62784  java.util.concurrent.ConcurrentSkipListMap$Node
  47:          3725          59600  java.lang.Object
  48:           494          59280  [Lorg.apache.lucene.index.MultiDocsEnum$EnumWithSlice;
  49:          1222          58656  java.nio.HeapCharBuffer
  50:          2405          57720  org.apache.lucene.util.packed.Direct8
  51:          1802          57664  java.util.Hashtable$Entry
  52:          2326          55824  org.apache.lucene.util.LongsRef
  53:          1728          55296  org.apache.lucene.document.LazyDocument
  54:          1369          54760  java.util.TreeMap$Entry
  55:           776          49664  org.apache.lucene.codecs.memory.MemoryPostingsFormat$FSTDocsEnum
  56:          2005          48120  org.apache.lucene.util.packed.Packed64SingleBlock$Packed64SingleBlock4
  57:          1982          47568  org.apache.solr.common.SolrDocument
  58:          1929          46296  java.lang.Long
  59:          1849          44376  java.lang.Double
  60:           511          43696  [Ljava.util.WeakHashMap$Entry;
  61:           155          43488  [[C
  62:          1733          41592  java.util.LinkedList$Node
  63:           790          37920  java.nio.HeapByteBuffer
  64:           720          34560  org.apache.solr.parser.Token
  65:          2157          34512  java.util.HashSet
  66:           283          33960  [Lorg.apache.lucene.index.MultiDocsAndPositionsEnum$EnumWithSlice;
  67:           280          33496  [Lorg.apache.lucene.index.MultiTermsEnum$TermsEnumIndex;
  68:           824          32960  java.util.WeakHashMap$Entry
  69:          1993          31888  java.util.LinkedHashMap$LinkedEntrySet
  70:           498          31872  java.nio.DirectByteBufferR
  71:           782          31280  com.sun.org.apache.xerces.internal.dom.TextImpl
  72:           778          31120  com.sun.org.apache.xerces.internal.dom.DeferredTextImpl
  73:           160          30368  [Ljava.lang.StackTraceElement;
  74:           937          29984  java.lang.ref.WeakReference
  75:          1203          28872  org.apache.solr.search.SolrIndexSearcher$SetNonLazyFieldSelector
  76:          1201          28824  org.apache.lucene.codecs.compressing.CompressingStoredFieldsReader$SerializedDocument
  77:           698          27920  java.lang.ref.SoftReference
  78:          1728          27648  org.apache.lucene.document.Document
  79:           862          27584  sun.security.util.DerInputBuffer
  80:           862          27584  sun.security.util.DerValue
  81:           677          27080  java.math.BigInteger
  82:           792          25344  java.lang.ThreadLocal$ThreadLocalMap$Entry
  83:           211          25320  [Lorg.apache.lucene.index.DocsEnum;
  84:           241          25064  org.apache.lucene.util.fst.FST
  85:           508          24384  java.util.WeakHashMap
  86:           477          22896  org.apache.lucene.index.FieldInfo
  87:           354          22656  java.net.URL
  88:           291          20952  com.sun.org.apache.xerces.internal.dom.DeferredElementNSImpl
  89:           649          20768  java.util.Collections$UnmodifiableMap
  90:           862          20688  sun.security.util.DerInputStream
  91:           857          20568  [Lsun.security.x509.AVA;
  92:           857          20568  sun.security.x509.AVA
  93:           857          20568  sun.security.x509.RDN
  94:           844          20256  java.util.concurrent.ConcurrentSkipListMap$Index
  95:           609          19488  java.lang.ref.ReferenceQueue
  96:           303          19392  com.sun.org.apache.xerces.internal.dom.ElementNSImpl
  97:           789          18936  org.apache.lucene.index.BitsSlice
  98:           288          18432  org.apache.lucene.store.ByteBufferIndexInput$SingleBufferImpl
  99:           208          18304  org.apache.lucene.codecs.blocktree.FieldReader
 100:           226          18080  java.lang.reflect.Constructor
 101:           280          17920  org.apache.lucene.index.MultiTermsEnum
 102:            74          17744  [Ljava.util.Hashtable$Entry;
 103:           352          16896  com.sun.org.apache.xerces.internal.dom.AttrNSImpl
 104:           341          16368  com.sun.org.apache.xerces.internal.dom.DeferredAttrNSImpl
 105:          1018          16288  org.apache.lucene.util.BytesRefBuilder
 106:           251          16064  java.util.concurrent.ConcurrentHashMap
 107:           384          15360  java.lang.ref.Finalizer
 108:           236          15104  org.apache.lucene.codecs.compressing.CompressingStoredFieldsReader
 109:           236          15104  org.eclipse.jetty.io.BufferCache$CachedBuffer
 110:           377          15080  org.eclipse.jetty.util.StringMap$Node
 111:           471          15072  sun.security.util.ObjectIdentifier
 112:           462          14784  org.apache.solr.schema.StrFieldSource$1
 113:           571          13704  com.sun.org.apache.xerces.internal.dom.AttributeMap
 114:           243          13608  org.eclipse.jetty.io.ByteArrayBuffer$CaseInsensitive
 115:           237          13272  java.lang.Package
 116:           236          13216  org.apache.lucene.codecs.compressing.CompressingStoredFieldsReader$BlockState
 117:           271          13008  org.opensextant.solrtexttagger.TagLL
 118:           540          12960  java.util.concurrent.atomic.AtomicLong
 119:           516          12384  org.eclipse.jetty.http.HttpFields$Field
 120:           254          12192  org.opensextant.solrtexttagger.TermPrefixCursor
 121:           130          11440  [Lorg.eclipse.jetty.util.StringMap$Node;
 122:           119          11424  java.util.jar.JarFile$JarFileEntry
 123:           468          11232  org.apache.lucene.util.CharsRef
 124:           232          11136  java.util.TreeMap
 125:           462          11088  org.apache.lucene.uninverting.FieldCacheImpl$SortedDocValuesImpl$1
 126:           462          11088  org.apache.lucene.util.mutable.MutableValueStr
 127:           341          10912  sun.misc.FDBigInteger
 128:           441          10584  org.apache.lucene.uninverting.FieldCacheImpl$CacheKey
 129:           261          10440  org.eclipse.jetty.xml.XmlParser$Node
 130:            72          10368  org.apache.solr.search.SolrQueryParser
 131:            91          10216  [Lorg.tartarus.snowball.Among;
 132:           211          10128  org.apache.lucene.index.MultiDocsEnum
 133:           211          10128  sun.security.x509.X500Name
 134:           104           9984  org.apache.lucene.index.SegmentCommitInfo
 135:            39           9840  [Ljava.lang.ThreadLocal$ThreadLocalMap$Entry;
 136:           611           9776  java.lang.ref.ReferenceQueue$Lock
 137:           241           9640  org.apache.lucene.util.fst.BytesStore
 138:           298           9536  sun.security.x509.AlgorithmId
 139:            25           9400  java.lang.Thread
 140:           292           9344  org.apache.lucene.util.Version
 141:            75           9000  [Lorg.apache.lucene.queries.function.FunctionValues;
 142:           158           8848  sun.nio.cs.UTF_8$Encoder
 143:           209           8360  com.sun.org.apache.xerces.internal.dom.CommentImpl
 144:           209           8360  com.sun.org.apache.xerces.internal.dom.DeferredCommentImpl
 145:           124           7936  java.util.jar.JarFile
 146:            99           7920  sun.security.x509.X509CertImpl
 147:            74           7696  org.opensextant.solrtexttagger.TaggerRequestHandler$1
 148:           240           7680  java.util.LinkedList
 149:           466           7456  org.apache.lucene.util.CharsRefBuilder
 150:           211           7344  [Lsun.security.x509.RDN;
 151:           458           7328  java.lang.Float
 152:           458           7328  java.util.concurrent.atomic.AtomicInteger
 153:           458           7328  org.apache.solr.common.util.NamedList
 154:           288           6912  [Ljava.nio.ByteBuffer;
 155:           117           6880  [Z
 156:           283           6792  org.apache.lucene.index.MultiTermsEnum$TermMergeQueue
 157:            75           6600  java.lang.reflect.Method
 158:           164           6560  org.apache.log4j.Logger
 159:           200           6400  com.sun.org.apache.xerces.internal.xni.QName
 160:           133           6384  java.util.zip.Inflater
 161:           133           6384  org.apache.lucene.index.LeafReaderContext
 162:           133           6384  sun.misc.URLClassPath$JarLoader
 163:           256           6144  org.apache.solr.update.VersionBucket
 164:           144           5760  java.io.StringReader
 165:           144           5760  org.apache.solr.parser.FastCharStream
 166:           358           5728  org.apache.solr.common.util.SimpleOrderedMap
 167:           143           5720  java.util.HashMap$KeyIterator
 168:           237           5688  java.lang.StringBuilder
 169:            79           5688  org.apache.log4j.spi.LoggingEvent
 170:           231           5544  org.apache.lucene.util.IntsRef
 171:            99           5544  sun.security.util.MemoryCache$SoftCacheEntry
 172:            99           5544  sun.security.x509.X509CertInfo
 173:           230           5520  org.apache.lucene.util.packed.Packed64SingleBlock$Packed64SingleBlock2
 174:            85           5440  java.text.DateFormatSymbols
 175:           223           5352  java.security.Provider$ServiceKey
 176:           167           5344  java.util.concurrent.locks.ReentrantLock$NonfairSync
 177:            95           5320  java.security.Provider$Service
 178:           221           5304  org.apache.log4j.CategoryKey
 179:           328           5248  java.util.HashMap$EntrySet
 180:           212           5088  java.util.Date
 181:           211           5064  org.apache.lucene.index.IndexFileDeleter$RefCount
 182:           158           5056  org.apache.lucene.search.TermQuery
 183:           202           4848  java.util.Collections$SynchronizedSet
 184:            85           4760  org.apache.solr.servlet.SolrRequestParsers$1
 185:           197           4728  java.util.concurrent.ConcurrentLinkedQueue$Node
 186:           210           4696  [Ljava.lang.Class;
 187:           144           4608  java.io.IOException
 188:           144           4608  java.util.ArrayList$ListItr
 189:           144           4608  org.apache.solr.parser.QueryParser$JJCalls
 190:           140           4480  java.util.zip.ZipCoder
 191:           276           4416  java.lang.ThreadLocal
 192:           110           4368  [D
 193:           273           4368  java.lang.Byte
 194:           181           4344  java.lang.Class$AnnotationData
 195:            90           4320  org.apache.solr.util.stats.EWMA
 196:           259           4184  [Lorg.eclipse.jetty.xml.XmlParser$Attribute;
 197:             1           4112  [Lcom.sun.org.apache.xpath.internal.objects.XObject;
 198:           256           4096  java.lang.Short
 199:            85           4080  org.apache.solr.response.SolrQueryResponse
 200:           168           4032  java.lang.StringBuffer
 201:            84           4032  org.apache.solr.common.util.JavaBinCodec
 202:            72           4032  org.apache.solr.parser.QueryParserTokenManager
 203:            72           4032  org.apache.solr.search.LuceneQParser
 204:            26           3952  [Lorg.apache.lucene.util.packed.PackedInts$Decoder;
 205:            26           3952  [Lorg.apache.lucene.util.packed.PackedInts$Encoder;
 206:           162           3888  org.slf4j.impl.Log4jLoggerAdapter
 207:            97           3880  org.apache.solr.analysis.TokenizerChain
 208:           159           3816  org.apache.lucene.index.Term
 209:           157           3768  org.apache.lucene.search.BooleanClause
 210:            94           3760  sun.security.rsa.RSAPublicKeyImpl
 211:           232           3712  java.util.HashMap$KeySet
 212:            92           3680  org.apache.solr.search.DocSlice
 213:            76           3648  sun.nio.cs.StreamDecoder
 214:           111           3552  java.io.FileDescriptor
 215:            63           3528  java.lang.invoke.MemberName
 216:            87           3480  org.apache.solr.search.SolrReturnFields
 217:            62           3472  java.beans.MethodDescriptor
 218:           142           3408  java.io.ByteArrayOutputStream
 219:            85           3400  org.apache.solr.request.SolrRequestInfo
 220:            56           3360  [Ljava.lang.ref.SoftReference;
 221:           140           3360  java.util.ArrayDeque
 222:           208           3328  java.util.LinkedHashSet
 223:            81           3240  java.util.IdentityHashMap
 224:            45           3240  org.apache.solr.schema.TextField
 225:           133           3192  java.util.zip.ZStreamRef
 226:           132           3168  java.util.jar.Attributes$Name
 227:            78           3120  sun.misc.Cleaner
 228:            78           3120  sun.nio.ch.FileChannelImpl$Unmapper
 229:           127           3048  org.apache.lucene.util.CloseableThreadLocal
 230:            95           3040  java.util.Collections$SynchronizedMap
 231:           125           3000  java.util.concurrent.CopyOnWriteArrayList
 232:            75           3000  org.opensextant.solrtexttagger.ValueSourceAccessor
 233:            16           2944  org.eclipse.jetty.server.Request
 234:            52           2912  org.apache.lucene.index.SegmentInfo
 235:            90           2880  org.apache.solr.servlet.SolrRequestParsers$HttpRequestContentStream
 236:            10           2848  [Lcom.sun.org.apache.xerces.internal.xni.QName;
 237:            71           2840  org.apache.solr.schema.SchemaField
 238:           118           2832  java.beans.MethodRef
 239:            87           2784  org.apache.solr.common.util.FastOutputStream
 240:            86           2752  sun.security.x509.BasicConstraintsExtension
 241:            84           2688  org.apache.solr.response.BinaryResponseWriter$Resolver
 242:            83           2656  com.sun.org.apache.xerces.internal.util.SymbolTable$Entry
 243:            97           2648  [Lorg.apache.lucene.analysis.util.TokenFilterFactory;
 244:           108           2592  sun.reflect.NativeConstructorAccessorImpl
 245:           161           2576  java.util.HashMap$Values
 246:            80           2560  org.apache.log4j.spi.LocationInfo
 247:            64           2560  org.apache.solr.core.PluginInfo
 248:            53           2544  org.eclipse.jetty.util.resource.FileResource
 249:            79           2528  java.io.File
 250:            79           2528  java.lang.Throwable
 251:            79           2528  sun.security.x509.SubjectKeyIdentifierExtension
 252:            78           2496  java.lang.invoke.LambdaForm$Name
 253:           154           2464  java.util.concurrent.locks.ReentrantLock
 254:            77           2464  org.apache.lucene.search.BooleanQuery
 255:            60           2400  java.security.ProtectionDomain
 256:            50           2400  java.util.Hashtable
 257:            50           2400  org.apache.lucene.analysis.util.CharArrayMap
 258:            75           2400  org.apache.solr.util.stats.TimerContext
 259:            99           2376  sun.security.util.BitArray
 260:            99           2376  sun.security.util.Cache$EqualByteArray
 261:            99           2376  sun.security.x509.CertificateValidity
 262:            74           2368  sun.security.x509.KeyUsageExtension
 263:            98           2352  org.eclipse.jetty.webapp.MetaData$OriginInfo
 264:            72           2304  org.apache.solr.parser.QueryParser$LookaheadSuccess
 265:             2           2256  [Lorg.eclipse.jetty.http.HttpStatus$Code;
 266:            20           2240  java.net.SocksSocketImpl
 267:            11           2200  [[Ljava.lang.Object;
 268:            90           2160  org.apache.solr.common.params.DefaultSolrParams
 269:            87           2088  sun.security.x509.CertificateExtensions
 270:            86           2064  org.noggit.CharArr
 271:             1           2048  [Lorg.eclipse.jetty.http.HttpGenerator$Status;
 272:           128           2048  java.lang.Character
 273:           128           2048  java.util.WeakHashMap$KeySet
 274:            85           2040  java.util.Collections$SetFromMap
 275:            28           2016  java.beans.PropertyDescriptor
 276:            84           2016  java.security.Provider$UString
 277:            28           2016  org.apache.lucene.index.SegmentReader
 278:            83           1992  java.util.Collections$SingletonList
 279:            64           1952  [Ljava.security.cert.Certificate;
 280:            81           1944  org.apache.solr.search.DocSlice$1
 281:            60           1920  java.security.CodeSource
 282:            40           1920  org.apache.lucene.util.packed.BulkOperationPacked
 283:            79           1896  org.apache.solr.common.util.NamedList$1
 284:            79           1896  org.apache.solr.response.ResultContext
 285:            78           1872  org.apache.lucene.util.WeakIdentityMap
 286:            39           1872  sun.util.locale.LocaleObjectCache$CacheEntry
 287:            77           1848  org.apache.lucene.util.FixedBitSet
 288:            46           1840  sun.security.ec.NamedCurve
 289:            76           1824  java.io.InputStreamReader
 290:            57           1824  org.apache.log4j.ProvisionNode
 291:            75           1800  [Lorg.opensextant.solrtexttagger.TagLL;
 292:            32           1792  org.eclipse.jetty.io.View$CaseInsensitive
 293:           112           1792  sun.security.x509.KeyIdentifier
 294:           110           1760  sun.reflect.DelegatingConstructorAccessorImpl
 295:           110           1760  sun.security.x509.SerialNumber
 296:            31           1736  org.eclipse.jetty.io.View
 297:            72           1728  [Lorg.apache.solr.parser.QueryParser$JJCalls;
 298:            54           1728  java.util.Vector
 299:            24           1728  java.util.regex.Pattern
 300:            72           1728  org.apache.solr.search.QueryParsing$StrParser
 301:            72           1728  org.eclipse.jetty.security.RoleInfo
 302:            17           1712  [[I
 303:            71           1704  org.apache.solr.servlet.SolrRequestParsers$2
 304:            53           1696  org.apache.lucene.index.FieldInfos
 305:            21           1680  java.net.URI
 306:           105           1680  java.util.jar.Attributes
 307:            30           1680  org.apache.solr.util.stats.ExponentiallyDecayingSample
 308:            30           1680  org.apache.solr.util.stats.Meter
 309:            16           1664  org.eclipse.jetty.server.BlockingHttpConnection
 310:            41           1640  java.io.ObjectStreamField
 311:            41           1640  java.lang.invoke.MethodType
 312:            40           1600  org.apache.lucene.analysis.core.StopFilterFactory
 313:            99           1584  sun.security.x509.CertificateAlgorithmId
 314:            99           1584  sun.security.x509.CertificateSerialNumber
 315:            99           1584  sun.security.x509.CertificateVersion
 316:            99           1584  sun.security.x509.CertificateX509Key
 317:            28           1568  java.lang.invoke.MethodTypeForm
 318:            14           1544  [[Ljava.lang.String;
 319:            16           1536  org.eclipse.jetty.http.HttpParser
 320:            47           1504  org.eclipse.jetty.http.HttpStatus$Code
 321:             3           1480  [Ljava.lang.Integer;
 322:            46           1472  java.security.spec.EllipticCurve
 323:            26           1456  org.apache.lucene.index.SegmentCoreReaders
 324:            91           1456  org.apache.solr.common.params.MultiMapSolrParams
 325:            45           1440  java.io.FilePermission
 326:            45           1440  java.security.Permissions
 327:            30           1440  java.util.concurrent.ConcurrentSkipListMap
 328:            30           1440  java.util.concurrent.locks.ReentrantReadWriteLock$NonfairSync
 329:             2           1424  [Lcom.sun.org.apache.xerces.internal.util.SymbolTable$Entry;
 330:            16           1408  org.eclipse.jetty.http.HttpGenerator
 331:            87           1392  [Ljavax.servlet.http.Cookie;
 332:            15           1376  [Ljava.lang.Byte;
 333:             1           1376  [Lsun.misc.FDBigInteger;
 334:            43           1376  java.lang.invoke.MethodType$ConcurrentWeakInternSet$WeakEntry
 335:            34           1360  sun.security.x509.AuthorityKeyIdentifierExtension
 336:            24           1344  java.util.ResourceBundle$CacheKey
 337:             9           1296  [Ljava.lang.invoke.MethodHandle;
 338:             9           1296  java.text.DecimalFormat
 339:            40           1280  java.util.regex.Pattern$Curly
 340:            16           1280  sun.net.www.protocol.jar.URLJarFile
 341:            39           1248  java.util.concurrent.ConcurrentSkipListMap$HeadIndex
 342:            39           1248  org.apache.lucene.analysis.standard.StandardTokenizerFactory
 343:            26           1248  org.apache.lucene.codecs.blocktree.BlockTreeTermsReader
 344:            26           1248  org.apache.lucene.codecs.memory.MemoryPostingsFormat$TermsReader
 345:            26           1248  org.apache.lucene.index.ReadersAndUpdates
 346:            26           1248  org.apache.lucene.uninverting.UninvertingReader
 347:            31           1240  java.security.AccessControlContext
 348:            51           1224  java.security.spec.ECPoint
 349:            75           1200  org.apache.solr.schema.StrFieldSource
 350:            30           1200  org.apache.solr.util.stats.Histogram
 351:            38           1184  [Ljava.math.BigInteger;
 352:            49           1176  com.sun.org.apache.xerces.internal.util.XMLStringBuffer
 353:            73           1168  java.util.concurrent.CopyOnWriteArraySet
 354:            24           1152  java.util.ResourceBundle$BundleReference
 355:            16           1152  org.apache.lucene.analysis.standard.StandardTokenizerImpl
 356:            72           1152  org.apache.solr.response.transform.DocTransformers
 357:            16           1152  org.eclipse.jetty.http.HttpURI
 358:            46           1104  org.eclipse.jetty.http.HttpGenerator$Status
 359:            45           1080  java.io.FilePermissionCollection
 360:            44           1056  com.sun.org.apache.xerces.internal.xni.XMLString
 361:            66           1056  org.eclipse.jetty.util.log.JettyAwareLogger
 362:            66           1056  org.eclipse.jetty.util.log.Slf4jLog
 363:             1           1040  [Lcom.sun.org.apache.xerces.internal.impl.dtd.models.ContentModelValidator;
 364:             1           1040  [Lcom.sun.org.apache.xerces.internal.impl.dv.DatatypeValidator;
 365:             1           1040  [Ljava.lang.Long;
 366:             1           1040  [Ljava.lang.Short;
 367:             1           1040  [Lorg.apache.solr.update.VersionBucket;
 368:             1           1040  [Lsun.text.normalizer.UnicodeSet;
 369:            26           1040  org.apache.lucene.codecs.compressing.CompressingStoredFieldsIndexReader
 370:            26           1040  org.apache.lucene.index.ExitableDirectoryReader$ExitableFilterAtomicReader
 371:            32           1024  java.util.Random
 372:            16           1024  org.apache.lucene.analysis.standard.StandardTokenizer
 373:            16           1024  org.eclipse.jetty.server.AsyncContinuation
 374:             8           1024  org.eclipse.jetty.servlet.ServletHolder
 375:            21           1008  java.lang.invoke.LambdaForm
 376:            25           1000  org.apache.solr.schema.FieldType$DefaultAnalyzer
 377:            60            960  [Ljava.security.Principal;
 378:            20            960  com.sun.org.apache.xerces.internal.util.XMLAttributesImpl$Attribute
 379:            60            960  java.security.ProtectionDomain$Key
 380:            30            960  java.security.Provider$EngineDescription
 381:            30            960  org.apache.solr.util.stats.Timer
 382:            39            936  java.lang.ThreadLocal$ThreadLocalMap
 383:            39            936  java.util.Currency
 384:            39            936  org.apache.lucene.analysis.core.LowerCaseFilterFactory
 385:            57            912  java.util.Collections$UnmodifiableCollection
 386:            38            912  java.util.regex.Pattern$5
 387:            26            896  [Ljava.lang.invoke.LambdaForm$Name;
 388:            28            896  org.apache.lucene.index.CodecReader$1
 389:            28            896  org.apache.lucene.index.CodecReader$2
 390:            28            896  org.apache.lucene.index.CodecReader$3
 391:            16            896  org.eclipse.jetty.server.Response
 392:            16            896  org.eclipse.jetty.server.bio.SocketConnector$ConnectorEndPoint
 393:            37            888  java.lang.invoke.LambdaForm$NamedFunction
 394:            37            888  java.net.InetAddress$InetAddressHolder
 395:             7            880  [Ljava.beans.MethodDescriptor;
 396:            55            880  java.util.TreeMap$Values
 397:            53            864  [Lorg.apache.lucene.analysis.util.CharFilterFactory;
 398:            18            864  java.util.Properties
 399:            21            840  com.sun.org.apache.xerces.internal.impl.dtd.XMLSimpleType
 400:            35            840  java.net.Inet4Address
 401:            15            840  org.apache.lucene.analysis.miscellaneous.ASCIIFoldingFilter
 402:            26            832  org.apache.lucene.codecs.lucene50.ForUtil
 403:            26            832  org.apache.lucene.codecs.lucene50.Lucene50PostingsReader
 404:            26            832  org.apache.lucene.index.SegmentCoreReaders$1
 405:            26            832  org.apache.lucene.index.SegmentCoreReaders$2
 406:            34            816  java.util.regex.Pattern$GroupHead
 407:            34            816  java.util.regex.Pattern$GroupTail
 408:            17            816  org.apache.lucene.analysis.tokenattributes.PackedTokenAttributeImpl
 409:            51            816  org.apache.lucene.analysis.util.CharArraySet
 410:            32            768  java.net.InetSocketAddress$InetSocketAddressHolder
 411:            16            768  java.net.SocketInputStream
 412:            16            768  java.net.SocketOutputStream
 413:            24            768  java.util.ResourceBundle$LoaderReference
 414:            32            768  org.apache.lucene.util.AttributeSource$State
 415:            32            768  org.apache.solr.schema.IndexSchema$DynamicField
 416:            32            768  org.eclipse.jetty.http.HttpFields
 417:            16            768  org.eclipse.jetty.util.StringMap
 418:            24            768  sun.security.x509.OIDMap$OIDInfo
 419:            19            760  sun.util.locale.BaseLocale$Key
 420:            31            744  java.util.concurrent.locks.ReentrantReadWriteLock
 421:            31            744  org.apache.solr.core.ConfigSolr$CfgProp
 422:            15            720  java.lang.management.PlatformComponent
 423:            15            720  org.eclipse.jetty.server.AbstractHttpConnection$Output
 424:             2            704  com.sun.org.apache.xerces.internal.impl.XMLNSDocumentScannerImpl
 425:            22            704  com.sun.org.apache.xerces.internal.util.AugmentationsImpl$SmallContainer
 426:            12            672  com.sun.org.apache.xerces.internal.dom.DeferredElementImpl
 427:             6            672  java.util.GregorianCalendar
 428:            28            672  java.util.regex.Pattern$Ctype
 429:            14            672  org.apache.lucene.util.packed.MonotonicLongValues
 430:            21            672  sun.security.x509.URIName
 431:            27            648  java.util.Collections$UnmodifiableRandomAccessList
 432:            27            648  org.apache.solr.schema.IndexSchema$DynamicReplacement$DynamicPattern$NameEndsWith
 433:             8            640  com.google.common.cache.LocalCache$Segment
 434:            20            640  java.util.RegularEnumSet
 435:            18            632  [Ljava.security.ProtectionDomain;
 436:             3            624  [Ljava.lang.invoke.LambdaForm;
 437:            26            624  java.security.spec.ECFieldF2m
 438:            39            624  java.util.regex.Pattern$CharPropertyNames$1
 439:            26            624  org.apache.lucene.codecs.memory.MemoryPostingsFormat$1
 440:            26            624  org.apache.lucene.codecs.perfield.PerFieldPostingsFormat$FieldsReader
 441:            26            624  org.apache.lucene.index.ExitableDirectoryReader$ExitableFields
 442:            26            624  org.apache.lucene.index.ExitableDirectoryReader$ExitableTerms
 443:            26            624  org.apache.lucene.index.ReaderSlice
 444:            19            608  java.util.Locale
 445:            19            608  sun.util.locale.BaseLocale
 446:            15            600  org.apache.lucene.analysis.en.EnglishPossessiveFilter
 447:            37            592  sun.security.x509.GeneralName
 448:            18            576  java.net.Socket
 449:             9            576  java.text.DecimalFormatSymbols
 450:            24            576  java.util.regex.Pattern$Start
 451:            18            576  org.eclipse.jetty.http.PathMap$Entry
 452:             8            576  sun.reflect.DelegatingClassLoader
 453:            18            576  sun.security.x509.DistributionPoint
 454:             6            576  sun.util.calendar.Gregorian$Date
 455:            14            560  org.apache.lucene.util.PagedBytes$Reader
 456:            10            560  sun.invoke.util.Wrapper
 457:            10            560  sun.util.calendar.ZoneInfo
 458:            17            544  com.sun.org.apache.xerces.internal.impl.dtd.XMLElementDecl
 459:            17            544  java.util.regex.Pattern$Branch
 460:            17            544  sun.security.x509.CRLDistributionPointsExtension
 461:             1            528  [Ljava.lang.Character;
 462:             1            528  [Ljava.util.TimerTask;
 463:            22            528  java.util.regex.Pattern$1
 464:            22            528  java.util.regex.Pattern$Slice
 465:            33            528  sun.security.x509.GeneralNames
 466:            13            520  org.apache.lucene.analysis.snowball.SnowballPorterFilterFactory
 467:            32            512  java.net.InetSocketAddress
 468:            32            512  org.apache.solr.common.params.MapSolrParams
 469:            16            512  org.eclipse.jetty.util.Utf8StringBuilder
 470:            21            504  org.eclipse.jetty.webapp.ClasspathPattern$Entry
 471:            21            504  sun.security.x509.AVAKeyword
 472:            31            496  java.util.concurrent.locks.ReentrantReadWriteLock$ReadLock
 473:            31            496  java.util.concurrent.locks.ReentrantReadWriteLock$Sync$ThreadLocalHoldCounter
 474:            31            496  java.util.concurrent.locks.ReentrantReadWriteLock$WriteLock
 475:             4            480  com.ctc.wstx.api.ReaderConfig
 476:            15            480  java.lang.StringCoding$StringEncoder
 477:            15            480  java.lang.invoke.DirectMethodHandle
 478:            30            480  java.util.concurrent.atomic.AtomicReference
 479:            20            480  java.util.regex.Pattern$Single
 480:            15            480  org.eclipse.jetty.server.CookieCutter
 481:            10            480  sun.util.locale.provider.LocaleResources$ResourceReference
 482:            17            464  [Ljava.util.regex.Pattern$Node;
 483:            16            456  [Ljava.io.ObjectStreamField;
 484:             4            456  [Ljava.lang.ClassValue$Entry;
 485:            19            456  java.util.Locale$LocaleKey
 486:            14            448  com.sun.org.apache.xml.internal.dtm.ref.ExtendedType
 487:            14            448  org.apache.lucene.uninverting.FieldCacheImpl$SortedDocValuesImpl
 488:            14            448  org.apache.lucene.util.packed.BulkOperationPackedSingleBlock
 489:            11            440  com.sun.org.apache.xerces.internal.dom.DeferredAttrImpl
 490:             1            432  [[[C
 491:            18            432  com.google.common.collect.RegularImmutableMap$TerminalEntry
 492:            18            432  java.text.DateFormat$Field
 493:             6            432  java.util.concurrent.ThreadPoolExecutor
 494:            18            432  java.util.concurrent.locks.AbstractQueuedSynchronizer$ConditionObject
 495:            18            432  org.apache.solr.core.SolrConfig$SolrPluginInfo
 496:             2            416  [Lorg.apache.lucene.util.packed.BulkOperation;
 497:            26            416  org.apache.lucene.index.SegmentDocValues
 498:            17            408  [Lorg.apache.lucene.util.AttributeSource$State;
 499:            17            408  org.apache.lucene.analysis.Analyzer$TokenStreamComponents
 500:             2            400  com.sun.org.apache.xerces.internal.dom.DeferredDocumentImpl
 501:             2            400  com.sun.org.apache.xerces.internal.impl.XMLDTDScannerImpl
 502:            25            400  java.util.Collections$UnmodifiableSet
 503:             1            392  org.apache.solr.core.CloserThread
 504:             1            392  org.eclipse.jetty.server.ShutdownMonitor
 505:             2            384  com.sun.org.apache.xerces.internal.parsers.XIncludeAwareParserConfiguration
 506:             1            384  java.lang.ref.Finalizer$FinalizerThread
 507:             6            384  java.nio.DirectByteBuffer
 508:            12            384  java.security.cert.PolicyQualifierInfo
 509:            12            384  java.util.Stack
 510:             1            384  java.util.TimerThread
 511:             1            384  java.util.logging.LogManager$Cleaner
 512:             8            384  java.util.logging.LogManager$LoggerWeakRef
 513:             1            384  org.eclipse.jetty.util.thread.ShutdownThread
 514:             1            376  java.lang.ref.Reference$ReferenceHandler
 515:             7            360  [Ljava.beans.PropertyDescriptor;
 516:             9            360  java.text.DigitList
 517:            15            360  org.eclipse.jetty.server.HttpInput
 518:            15            360  sun.misc.MetaIndex
 519:             2            352  com.sun.org.apache.xerces.internal.impl.dtd.XMLNSDTDValidator
 520:            22            352  com.sun.org.apache.xerces.internal.util.AugmentationsImpl
 521:             7            336  java.beans.BeanDescriptor
 522:             6            336  java.nio.DirectLongBufferU
 523:            14            336  java.util.concurrent.ConcurrentLinkedQueue
 524:            14            336  java.util.regex.Pattern$BitClass
 525:             6            336  org.apache.lucene.util.BytesRefHash
 526:            14            336  org.apache.solr.schema.CopyField
 527:             7            336  sun.misc.URLClassPath
 528:            21            336  sun.security.x509.DNSName
 529:            16            328  [Ljava.lang.management.PlatformComponent;
 530:            10            320  java.lang.OutOfMemoryError
 531:            20            320  java.security.spec.ECFieldFp
 532:            20            320  java.util.LinkedHashMap$LinkedValues
 533:            10            320  java.util.logging.LogManager$LogNode
 534:             4            320  org.apache.solr.schema.TrieDateField
 535:            10            320  sun.security.x509.CertificatePoliciesExtension
 536:            13            312  org.apache.log4j.Level
 537:            19            304  org.eclipse.jetty.util.AttributesMap
 538:             6            296  [Lcom.google.common.collect.RegularImmutableMap$LinkedEntry;
 539:             4            296  [Lsun.invoke.util.Wrapper;
 540:             1            296  org.eclipse.jetty.webapp.WebAppContext
 541:             7            288  [[S
 542:            12            288  java.lang.invoke.SimpleMethodHandle
 543:             9            288  java.util.logging.Level
 544:            18            288  java.util.regex.Pattern$CharPropertyNames$4
 545:             9            288  jdk.internal.org.objectweb.asm.Type
 546:             4            288  org.apache.solr.handler.UpdateRequestHandler
 547:             4            288  org.apache.solr.handler.component.SearchHandler
 548:             9            288  sun.security.jca.ProviderConfig
 549:             9            288  sun.security.x509.NetscapeCertTypeExtension
 550:             7            280  com.sun.org.apache.xalan.internal.utils.XMLSecurityManager$Limit
 551:             7            280  com.sun.org.apache.xerces.internal.utils.XMLSecurityManager$Limit
 552:             7            280  java.beans.GenericBeanInfo
 553:             5            280  org.apache.lucene.analysis.synonym.SynonymFilterFactory
 554:             1            272  [Lcom.ctc.wstx.util.SymbolTable$Bucket;
 555:             2            272  com.sun.org.apache.xerces.internal.dom.DocumentImpl
 556:             1            272  com.sun.org.apache.xerces.internal.impl.dtd.DTDGrammar
 557:            17            272  java.util.regex.Pattern$BranchConn
 558:             3            264  java.util.jar.JarVerifier
 559:            11            264  org.apache.lucene.uninverting.UninvertingReader$Type
 560:            11            264  org.apache.lucene.util.packed.Direct16
 561:            11            264  sun.security.x509.Extension
 562:             3            256  [Lorg.apache.lucene.index.ReaderSlice;
 563:             2            256  com.google.common.cache.LocalCache
 564:             2            256  com.sun.org.apache.xerces.internal.impl.XMLEntityManager
 565:             4            256  java.text.SimpleDateFormat
 566:             8            256  org.apache.lucene.index.DocumentsWriterPerThreadPool$ThreadState
 567:            16            256  org.eclipse.jetty.server.AbstractHttpConnection$RequestHandler
 568:            16            256  sun.reflect.DelegatingMethodAccessorImpl
 569:             8            256  sun.security.x509.ExtendedKeyUsageExtension
 570:             8            248  [Ljava.lang.Boolean;
 571:             2            240  [Lorg.apache.lucene.index.IndexReaderContext;
 572:             2            240  [Lorg.apache.lucene.index.LeafReader;
 573:             2            240  com.sun.org.apache.xerces.internal.jaxp.SAXParserImpl$JAXPSAXParser
 574:            10            240  com.sun.xml.internal.stream.Entity$InternalEntity
 575:            10            240  java.nio.file.StandardOpenOption
 576:            10            240  java.security.CryptoPrimitive
 577:            10            240  java.util.Arrays$ArrayList
 578:             5            240  org.apache.lucene.analysis.miscellaneous.KeywordMarkerFilterFactory
 579:             6            240  org.apache.lucene.util.ByteBlockPool
 580:             3            240  org.apache.solr.schema.TrieDoubleField
 581:             3            240  org.apache.solr.schema.TrieLongField
 582:             3            240  org.apache.solr.search.LRUCache
 583:             3            240  org.eclipse.jetty.http.PathMap
 584:            15            240  org.opensextant.solrtexttagger.TaggingAttributeImpl
 585:            10            240  sun.reflect.NativeMethodAccessorImpl
 586:            10            240  sun.security.x509.PolicyInformation
 587:             7            224  java.io.FileInputStream
 588:             7            224  java.lang.ClassValue$Entry
 589:             7            224  org.apache.solr.core.RequestHandlers$LazyRequestHandlerWrapper
 590:            14            224  sun.security.x509.CertificatePolicyId
 591:             9            216  java.util.logging.Level$KnownLevel
 592:             3            216  java.util.logging.Logger
 593:             9            216  org.apache.lucene.util.packed.Packed8ThreeBlocks
 594:             9            216  org.eclipse.jetty.servlet.ServletMapping
 595:             9            216  sun.util.logging.PlatformLogger$Level
 596:             1            208  org.apache.solr.update.SolrIndexWriter
 597:             2            208  sun.net.www.protocol.file.FileURLConnection
 598:             3            200  [Ljava.lang.Thread;
 599:             2            200  [Ljava.text.DateFormat$Field;
 600:             5            200  com.sun.org.apache.xerces.internal.impl.dtd.XMLEntityDecl
 601:             5            200  java.lang.ClassLoader$NativeLibrary
 602:             1            200  org.apache.solr.core.SolrCore
 603:             5            200  org.apache.solr.search.CacheConfig
 604:            12            192  com.sun.org.apache.xerces.internal.dom.DeferredDocumentImpl$RefCount
 605:             2            192  com.sun.org.apache.xerces.internal.impl.dtd.XMLDTDProcessor
 606:             6            192  com.sun.org.apache.xerces.internal.util.XMLResourceIdentifierImpl
 607:             3            192  java.lang.ClassValue$ClassValueMap
 608:             6            192  java.lang.invoke.LambdaForm$BasicType
 609:             8            192  java.lang.invoke.MethodHandleImpl$Intrinsic
 610:             8            192  java.math.RoundingMode
 611:             2            192  org.apache.http.impl.client.SystemDefaultHttpClient
 612:             3            192  org.apache.solr.schema.StrField
 613:             3            192  org.apache.solr.search.LRUCache$1
 614:             8            192  org.eclipse.jetty.deploy.graph.Edge
 615:             8            192  org.eclipse.jetty.servlet.ServletHolder$Config
 616:             4            192  sun.nio.cs.StreamEncoder
 617:             3            192  sun.security.provider.NativePRNG$RandomIO
 618:             2            192  sun.security.provider.Sun
 619:             6            192  sun.security.util.MemoryCache
 620:             1            184  org.eclipse.jetty.server.bio.SocketConnector
 621:             1            184  org.eclipse.jetty.server.session.HashSessionManager
 622:             2            176  java.net.FactoryURLClassLoader
 623:            11            176  java.text.NumberFormat$Field
 624:             8            168  [Ljava.security.CodeSigner;
 625:             1            168  [[Ljava.math.BigInteger;
 626:             7            168  com.sun.management.VMOption$Origin
 627:             7            168  com.sun.org.apache.xerces.internal.util.FeatureState
 628:             7            168  org.apache.commons.logging.impl.SLF4JLocationAwareLog
 629:             3            168  org.apache.lucene.index.SegmentInfos
 630:             7            168  org.apache.solr.util.DefaultSolrThreadFactory
 631:             7            168  org.eclipse.jetty.webapp.Origin
 632:             7            168  org.eclipse.jetty.xml.XmlParser$Attribute
 633:             7            168  sun.reflect.generics.tree.SimpleClassTypeSignature
 634:             7            168  sun.security.x509.NetscapeCertTypeExtension$MapEntry
 635:             5            160  [Ljava.lang.invoke.LambdaForm$BasicType;
 636:             2            160  [Ljava.util.concurrent.RunnableScheduledFuture;
 637:             5            160  com.google.common.collect.RegularImmutableList
 638:             4            160  com.sun.org.apache.xerces.internal.dom.DeferredCDATASectionImpl
 639:             5            160  com.sun.org.apache.xpath.internal.objects.XNumber
 640:             5            160  java.security.AlgorithmParameters
 641:            10            160  java.util.Formatter$Flags
 642:             2            160  java.util.concurrent.ScheduledThreadPoolExecutor
 643:             4            160  org.apache.lucene.analysis.util.ElisionFilterFactory
 644:             2            160  org.apache.solr.schema.TrieFloatField
 645:             2            160  org.apache.solr.schema.TrieIntField
 646:             5            160  org.apache.solr.search.SolrCacheBase$AutoWarmCountRef
 647:             4            160  org.apache.solr.util.ConcurrentLRUCache$Stats
 648:             4            160  org.apache.solr.util.DistanceUnits
 649:             4            160  sun.security.ec.ECPublicKeyImpl
 650:             5            160  sun.util.locale.provider.LocaleProviderAdapter$Type
 651:             1            152  org.apache.solr.core.SolrConfig
 652:             1            152  org.apache.solr.search.SolrIndexSearcher
 653:             4            144  [Lcom.sun.org.apache.xerces.internal.util.XMLAttributesImpl$Attribute;
 654:             3            144  [Ljava.util.Map;
 655:             1            144  [Ljava.util.Queue;
 656:             1            144  [Ljava.util.concurrent.ConcurrentMap;
 657:             1            144  [Lorg.apache.solr.core.ConfigSolr$CfgProp;
 658:             3            144  com.spatial4j.core.shape.impl.RectangleImpl
 659:             6            144  com.sun.org.apache.xerces.internal.util.Status
 660:             6            144  com.sun.org.apache.xml.internal.utils.NSInfo
 661:             2            144  java.lang.reflect.Field
 662:             6            144  java.util.Collections$SynchronizedRandomAccessList
 663:             3            144  java.util.WeakHashMap$KeyIterator
 664:             3            144  java.util.concurrent.LinkedBlockingQueue
 665:             6            144  java.util.regex.Pattern$CharPropertyNames$2
 666:             2            144  org.apache.http.impl.conn.HttpConnPool
 667:             3            144  org.apache.lucene.analysis.miscellaneous.WordDelimiterFilterFactory
 668:             3            144  org.apache.lucene.analysis.synonym.SynonymFilter$PendingOutputs
 669:             6            144  org.apache.lucene.analysis.synonym.SynonymMap
 670:             6            144  org.apache.lucene.index.DocValuesType
 671:             6            144  org.apache.lucene.util.BytesRefHash$DirectBytesStartArray
 672:             6            144  org.apache.lucene.util.Counter$SerialCounter
 673:             2            144  org.apache.solr.handler.admin.SystemInfoHandler
 674:             1            144  org.apache.solr.update.UpdateLog
 675:             1            144  org.eclipse.jetty.servlet.ServletHandler
 676:             6            144  org.eclipse.jetty.util.component.AggregateLifeCycle$Bean
 677:             6            144  sun.misc.PerfCounter
 678:             6            144  sun.security.ssl.ProtocolVersion
 679:             6            144  sun.security.util.DisabledAlgorithmConstraints$KeySizeConstraint$Operator
 680:             3            136  [Lcom.sun.org.apache.xerces.internal.utils.XMLSecurityManager$State;
 681:             2            136  [Lorg.apache.lucene.index.Fields;
 682:             2            136  [Lorg.apache.lucene.index.Terms;
 683:             1            136  [Lorg.apache.solr.schema.IndexSchema$DynamicField;
 684:             1            136  org.apache.lucene.index.DocumentsWriterFlushControl
 685:             4            128  [Lcom.sun.org.apache.xerces.internal.impl.XMLEntityManager$CharacterBuffer;
 686:             4            128  com.ctc.wstx.stax.WstxInputFactory
 687:             4            128  com.sun.org.apache.xerces.internal.jaxp.SAXParserFactoryImpl
 688:             2            128  java.io.ExpiringCache$1
 689:             4            128  java.io.FileOutputStream
 690:             2            128  java.security.SecureRandom
 691:             8            128  java.util.concurrent.atomic.AtomicReferenceArray
 692:             8            128  java.util.regex.Pattern$CharPropertyNames$3
 693:             4            128  org.apache.http.conn.scheme.Scheme
 694:             4            128  org.apache.log4j.helpers.PatternParser$LiteralPatternConverter
 695:             4            128  org.apache.lucene.store.IOContext
 696:             2            128  org.apache.solr.handler.admin.LoggingHandler
 697:             2            128  org.apache.solr.handler.admin.PropertiesRequestHandler
 698:             2            128  org.apache.solr.handler.admin.ThreadDumpHandler
 699:             1            128  org.eclipse.jetty.util.BlockingArrayQueue
 700:             2            128  sun.nio.ch.FileChannelImpl
 701:             4            128  sun.nio.fs.UnixPath
 702:             3            120  [Ljava.lang.invoke.BoundMethodHandle$SpeciesData;
 703:             4            120  [Ljava.lang.invoke.LambdaForm$NamedFunction;
 704:             1            120  [Lorg.apache.lucene.index.SegmentReader;
 705:             1            120  [Lorg.apache.lucene.util.Bits;
 706:             3            120  com.google.common.collect.RegularImmutableMap
 707:             5            120  com.sun.org.apache.xalan.internal.utils.FeaturePropertyBase$State
 708:             5            120  com.sun.org.apache.xalan.internal.utils.XMLSecurityManager$State
 709:             3            120  com.sun.org.apache.xerces.internal.impl.dtd.XMLDTDDescription
 710:             5            120  com.sun.org.apache.xerces.internal.util.PropertyState
 711:             3            120  com.sun.org.apache.xerces.internal.utils.XMLLimitAnalyzer
 712:             5            120  com.sun.org.apache.xerces.internal.utils.XMLSecurityManager$State
 713:             5            120  com.sun.org.apache.xerces.internal.utils.XMLSecurityPropertyManager$State
 714:             5            120  java.util.regex.Pattern$Category
 715:             3            120  javax.net.ssl.SSLParameters
 716:             5            120  javax.servlet.DispatcherType
 717:             5            120  javax.xml.namespace.QName
 718:             5            120  org.apache.lucene.analysis.core.KeywordTokenizerFactory
 719:             5            120  org.apache.lucene.analysis.core.WhitespaceTokenizerFactory
 720:             1            120  org.apache.lucene.analysis.synonym.SynonymFilter
 721:             5            120  org.apache.lucene.index.IndexOptions
 722:             1            120  org.apache.solr.handler.ReplicationHandler
 723:             5            120  org.apache.solr.schema.TrieField$TrieTypes
 724:             5            120  sun.misc.FloatingDecimal$PreparedASCIIToBinaryBuffer
 725:             5            120  sun.security.jca.ServiceId
 726:             5            120  sun.security.provider.certpath.X509CertPath
 727:             2            112  [Ljava.nio.file.StandardOpenOption;
 728:             2            112  [Ljava.security.CryptoPrimitive;
 729:             7            112  [Lsun.reflect.generics.tree.TypeArgument;
 730:             2            112  com.sun.org.apache.xerces.internal.impl.XMLEntityScanner
 731:             2            112  com.sun.org.apache.xerces.internal.jaxp.SAXParserImpl
 732:             7            112  java.util.TreeMap$KeySet
 733:             7            112  org.apache.lucene.codecs.lucene40.Lucene40CompoundFormat
 734:             7            112  org.apache.lucene.codecs.lucene40.Lucene40LiveDocsFormat
 735:             1            112  org.apache.solr.schema.IndexSchema
 736:             2            112  org.apache.solr.search.FastLRUCache
 737:             2            112  org.apache.solr.update.CommitTracker
 738:             1            112  org.apache.solr.update.DirectUpdateHandler2
 739:             2            112  org.apache.solr.util.ConcurrentLRUCache
 740:             7            112  org.eclipse.jetty.deploy.graph.Node
 741:             2            112  org.eclipse.jetty.io.PooledBuffers
 742:             1            112  org.eclipse.jetty.security.ConstraintSecurityHandler
 743:             7            112  sun.reflect.generics.tree.ClassTypeSignature
 744:             1            104  org.apache.lucene.index.IndexWriterConfig
 745:             1            104  org.apache.solr.schema.BBoxField
 746:             1            104  org.apache.solr.schema.SpatialRecursivePrefixTreeFieldType
 747:             1            104  org.eclipse.jetty.util.thread.QueuedThreadPool
 748:             1            104  org.eclipse.jetty.webapp.WebAppClassLoader
 749:             2             96  [Lcom.google.common.cache.LocalCache$EntryFactory;
 750:             1             96  [Ljava.lang.invoke.MethodType;
 751:             2             96  [Lorg.apache.lucene.index.DocumentsWriterPerThreadPool$ThreadState;
 752:             3             96  com.spatial4j.core.context.SpatialContext
 753:             1             96  com.sun.net.ssl.internal.ssl.Provider
 754:             3             96  com.sun.org.apache.xalan.internal.utils.XMLSecurityManager$NameMap
 755:             3             96  com.sun.org.apache.xerces.internal.dom.NodeListCache
 756:             2             96  com.sun.org.apache.xerces.internal.impl.XMLDocumentFragmentScannerImpl$ElementStack
 757:             2             96  com.sun.org.apache.xerces.internal.util.XMLAttributesIteratorImpl
 758:             3             96  com.sun.org.apache.xerces.internal.utils.XMLSecurityManager$NameMap
 759:             4             96  java.io.OutputStreamWriter
 760:             4             96  java.lang.RuntimePermission
 761:             2             96  java.lang.ThreadGroup
 762:             4             96  java.text.EntryPair
 763:             4             96  java.text.Normalizer$Form
 764:             6             96  java.util.TreeSet
 765:             3             96  java.util.concurrent.SynchronousQueue
 766:             3             96  java.util.concurrent.atomic.AtomicReferenceFieldUpdater$AtomicReferenceFieldUpdaterImpl
 767:             3             96  java.util.concurrent.locks.AbstractQueuedSynchronizer$Node
 768:             3             96  java.util.concurrent.locks.ReentrantLock$FairSync
 769:             6             96  java.util.regex.Pattern$Dot
 770:             1             96  org.apache.http.impl.client.DefaultHttpClient
 771:             4             96  org.apache.lucene.analysis.en.EnglishPossessiveFilterFactory
 772:             4             96  org.apache.lucene.analysis.en.PorterStemFilterFactory
 773:             3             96  org.apache.lucene.analysis.synonym.SynonymFilter$PendingInput
 774:             6             96  org.apache.lucene.codecs.lucene41.Lucene41StoredFieldsFormat
 775:             4             96  org.apache.lucene.store.IOContext$Context
 776:             6             96  org.apache.lucene.util.ByteBlockPool$DirectAllocator
 777:             4             96  org.apache.lucene.util.RamUsageEstimator$JvmFeature
 778:             4             96  org.apache.lucene.util.packed.Direct32
 779:             4             96  org.apache.lucene.util.packed.Packed64SingleBlock$Packed64SingleBlock1
 780:             1             96  org.apache.solr.core.CoreContainer
 781:             4             96  org.apache.solr.core.SolrConfig$PluginOpts
 782:             2             96  org.apache.solr.core.SolrResourceLoader
 783:             2             96  org.apache.solr.handler.component.QueryElevationComponent$ElevationObj
 784:             4             96  org.apache.solr.handler.loader.XMLLoader
 785:             4             96  org.apache.solr.schema.IndexSchema$DynamicReplacement$DynamicPattern$NameEquals
 786:             1             96  org.apache.solr.schema.PointType
 787:             3             96  org.apache.solr.search.LRUCache$CumulativeStats
 788:             4             96  org.apache.solr.search.SolrCache$State
 789:             4             96  org.apache.solr.servlet.cache.Method
 790:             4             96  org.apache.solr.update.UpdateLog$State
 791:             1             96  org.eclipse.jetty.server.Server
 792:             4             96  org.eclipse.jetty.servlet.Holder$Source
 793:             1             96  org.eclipse.jetty.util.Scanner
 794:             3             96  org.eclipse.jetty.util.statistic.SampleStatistic
 795:             1             96  sun.misc.Launcher$AppClassLoader
 796:             1             96  sun.net.www.protocol.jar.URLJarFile$URLJarFileEntry
 797:             1             96  sun.security.ec.SunEC
 798:             1             96  sun.security.jca.ProviderList$1
 799:             1             96  sun.security.rsa.SunRsaSign
 800:             3             96  sun.security.x509.SubjectAlternativeNameExtension
 801:             2             96  sun.text.normalizer.CharTrie
 802:             2             88  [Lcom.sun.org.apache.xalan.internal.utils.XMLSecurityManager$State;
 803:             3             88  [Lcom.sun.org.apache.xerces.internal.utils.XMLSecurityPropertyManager$State;
 804:             1             88  [Lsun.security.util.ObjectIdentifier;
 805:             1             88  [[Ljava.lang.Byte;
 806:             1             88  org.apache.log4j.RollingFileAppender
 807:             1             88  org.apache.solr.schema.CurrencyField
 808:             1             88  org.apache.solr.schema.LatLonType
 809:             1             88  org.eclipse.jetty.http.HttpBuffersImpl
 810:             1             88  org.eclipse.jetty.io.BufferDateCache
 811:             1             88  org.eclipse.jetty.servlet.FilterHolder
 812:             1             88  org.eclipse.jetty.start.Classpath$Loader
 813:             1             88  sun.misc.Launcher$ExtClassLoader
 814:             1             80  [[Z
 815:             2             80  com.ctc.wstx.util.SymbolTable
 816:             2             80  com.google.common.collect.SingletonImmutableBiMap
 817:             2             80  com.sun.org.apache.xerces.internal.impl.XMLDocumentFragmentScannerImpl$ElementStack2
 818:             2             80  com.sun.org.apache.xerces.internal.impl.XMLEntityManager$CharacterBufferPool
 819:             2             80  com.sun.org.apache.xerces.internal.impl.XMLErrorReporter
 820:             2             80  com.sun.org.apache.xerces.internal.impl.XMLVersionDetector
 821:             2             80  com.sun.org.apache.xerces.internal.impl.validation.ValidationState
 822:             2             80  com.sun.org.apache.xerces.internal.util.XMLAttributesImpl
 823:             2             80  com.sun.org.apache.xerces.internal.utils.XMLSecurityManager
 824:             2             80  com.sun.xml.internal.stream.XMLEntityStorage
 825:             2             80  java.io.BufferedWriter
 826:             2             80  java.io.ExpiringCache
 827:             2             80  java.io.PrintWriter
 828:             2             80  java.lang.invoke.BoundMethodHandle$SpeciesData
 829:             2             80  java.lang.invoke.DirectMethodHandle$Constructor
 830:             2             80  java.util.Locale$Category
 831:             2             80  java.util.PropertyResourceBundle
 832:             2             80  java.util.regex.Pattern$Loop
 833:             2             80  org.apache.log4j.helpers.CountingQuietWriter
 834:             2             80  org.apache.lucene.analysis.path.PathHierarchyTokenizerFactory
 835:             5             80  org.apache.lucene.codecs.lucene42.Lucene42TermVectorsFormat
 836:             2             80  org.apache.lucene.index.CompositeReaderContext
 837:             1             80  org.apache.lucene.index.TieredMergePolicy
 838:             2             80  org.apache.lucene.store.NRTCachingDirectory
 839:             2             80  org.apache.solr.core.CachingDirectoryFactory$CacheValue
 840:             1             80  org.apache.solr.core.JmxMonitoredMap
 841:             1             80  org.apache.solr.handler.admin.InfoHandler
 842:             1             80  org.apache.solr.update.TransactionLog
 843:             1             80  org.eclipse.jetty.deploy.DeploymentManager
 844:             1             80  org.eclipse.jetty.deploy.providers.ContextProvider
 845:             1             80  org.eclipse.jetty.servlet.ErrorPageErrorHandler
 846:             2             80  org.eclipse.jetty.xml.XmlParser
 847:             2             80  sun.misc.FloatingDecimal$BinaryToASCIIBuffer
 848:             1             72  [Lcom.sun.org.apache.xml.internal.dtm.ref.ExtendedType;
 849:             3             72  [Lorg.apache.lucene.util.CharsRefBuilder;
 850:             2             72  [Lsun.security.jca.ProviderConfig;
 851:             3             72  com.sun.org.apache.xerces.internal.impl.dtd.XMLAttributeDecl
 852:             3             72  java.lang.ClassValue$Version
 853:             3             72  java.security.CodeSigner
 854:             3             72  java.util.Base64$Encoder
 855:             1             72  java.util.ResourceBundle$RBClassLoader
 856:             3             72  java.util.concurrent.LinkedBlockingQueue$Node
 857:             1             72  java.util.logging.LogManager$RootLogger
 858:             3             72  java.util.regex.Pattern$CharProperty$1
 859:             3             72  javax.servlet.SessionTrackingMode
 860:             3             72  org.apache.http.HttpVersion
 861:             3             72  org.apache.lucene.analysis.DelegatingAnalyzerWrapper$DelegatingReuseStrategy
 862:             3             72  org.apache.lucene.analysis.ja.JapaneseTokenizer$Mode
 863:             3             72  org.apache.lucene.analysis.util.AnalysisSPILoader
 864:             3             72  org.apache.lucene.index.IndexWriterConfig$OpenMode
 865:             1             72  org.apache.lucene.index.StandardDirectoryReader
 866:             3             72  org.apache.lucene.index.StoredFieldVisitor$Status
 867:             3             72  org.apache.lucene.index.TermsEnum$SeekStatus
 868:             3             72  org.apache.lucene.util.NamedSPILoader
 869:             3             72  org.apache.lucene.util.fst.FST$INPUT_TYPE
 870:             3             72  org.apache.solr.common.params.CommonParams$EchoParamStyle
 871:             3             72  org.apache.solr.core.SolrConfig$HttpCachingConfig$LastModFrom
 872:             1             72  org.apache.solr.handler.PingRequestHandler
 873:             1             72  org.apache.solr.handler.RealTimeGetHandler
 874:             1             72  org.apache.solr.handler.admin.CoreAdminHandler
 875:             1             72  org.apache.solr.handler.component.HttpShardHandlerFactory
 876:             3             72  org.apache.solr.rest.ManagedResourceStorage$JsonStorage
 877:             3             72  org.apache.solr.schema.IndexSchema$DynamicReplacement$DynamicPattern$NameStartsWith
 878:             1             72  org.apache.solr.schema.TrieDateField$ISO8601CanonicalDateFormat
 879:             1             72  org.apache.solr.update.SolrIndexConfig
 880:             3             72  org.apache.solr.update.UpdateLog$SyncLevel
 881:             3             72  org.eclipse.jetty.io.BufferCache
 882:             3             72  org.eclipse.jetty.io.Buffers$Type
 883:             3             72  org.eclipse.jetty.security.UserDataConstraint
 884:             1             72  org.eclipse.jetty.server.handler.ContextHandlerCollection
 885:             1             72  org.eclipse.jetty.server.handler.DefaultHandler
 886:             1             72  org.eclipse.jetty.server.session.HashSessionIdManager
 887:             1             72  org.eclipse.jetty.server.session.SessionHandler
 888:             1             72  org.eclipse.jetty.servlet.DefaultServlet
 889:             3             72  org.eclipse.jetty.util.Scanner$Notification
 890:             1             72  org.eclipse.jetty.util.resource.JarFileResource
 891:             1             72  org.eclipse.jetty.webapp.MetaData
 892:             3             72  org.eclipse.jetty.webapp.MetaDataComplete
 893:             3             72  sun.misc.FloatingDecimal$ExceptionalBinaryToASCIIBuffer
 894:             3             72  sun.misc.Signal
 895:             3             72  sun.security.provider.NativePRNG$Variant
 896:             3             72  sun.security.x509.AccessDescription
 897:             1             72  sun.util.locale.provider.JRELocaleProviderAdapter
 898:             2             64  [Lcom.google.common.cache.LocalCache$Segment;
 899:             2             64  [Lcom.sun.org.apache.xalan.internal.utils.FeaturePropertyBase$State;
 900:             2             64  [Ljavax.servlet.SessionTrackingMode;
 901:             2             64  [Lorg.apache.lucene.analysis.ja.JapaneseTokenizer$Mode;
 902:             1             64  [Lorg.apache.lucene.uninverting.UninvertingReader$Type;
 903:             2             64  [Lorg.apache.lucene.util.RamUsageEstimator$JvmFeature;
 904:             2             64  [Lorg.apache.solr.core.SolrConfig$HttpCachingConfig$LastModFrom;
 905:             2             64  [Lorg.apache.solr.core.SolrConfig$PluginOpts;
 906:             2             64  [Lorg.apache.solr.servlet.cache.Method;
 907:             2             64  [[Lcom.sun.org.apache.xerces.internal.xni.QName;
 908:             1             64  com.google.common.cache.CacheStats
 909:             2             64  com.sun.org.apache.xalan.internal.utils.XMLSecurityPropertyManager$Property
 910:             2             64  com.sun.org.apache.xerces.internal.impl.XMLNSDocumentScannerImpl$NSContentDriver
 911:             2             64  com.sun.org.apache.xerces.internal.util.NamespaceSupport
 912:             2             64  com.sun.org.apache.xerces.internal.utils.XMLSecurityPropertyManager$Property
 913:             2             64  com.sun.org.apache.xpath.internal.objects.XBooleanStatic
 914:             2             64  java.io.PrintStream
 915:             2             64  java.lang.VirtualMachineError
 916:             2             64  java.lang.invoke.BoundMethodHandle$Species_L
 917:             2             64  java.lang.ref.ReferenceQueue$Null
 918:             4             64  java.util.LinkedHashMap$LinkedKeySet
 919:             2             64  java.util.concurrent.ScheduledThreadPoolExecutor$DelayedWorkQueue
 920:             4             64  java.util.concurrent.atomic.AtomicBoolean
 921:             2             64  org.apache.http.conn.ssl.SSLSocketFactory
 922:             2             64  org.apache.http.impl.conn.PoolingClientConnectionManager
 923:             2             64  org.apache.log4j.helpers.PatternParser$BasicPatternConverter
 924:             2             64  org.apache.lucene.analysis.ReusableStringReader
 925:             2             64  org.apache.lucene.analysis.miscellaneous.ASCIIFoldingFilterFactory
 926:             4             64  org.apache.lucene.codecs.lucene40.Lucene40SegmentInfoFormat
 927:             1             64  org.apache.lucene.codecs.lucene410.Lucene410Codec
 928:             1             64  org.apache.lucene.codecs.lucene42.Lucene42Codec
 929:             1             64  org.apache.lucene.codecs.lucene45.Lucene45Codec
 930:             1             64  org.apache.lucene.codecs.lucene46.Lucene46Codec
 931:             1             64  org.apache.lucene.codecs.lucene49.Lucene49Codec
 932:             1             64  org.apache.lucene.codecs.lucene50.Lucene50Codec
 933:             2             64  org.apache.lucene.codecs.lucene50.Lucene50TermVectorsFormat
 934:             1             64  org.apache.lucene.index.DocumentsWriter
 935:             1             64  org.apache.lucene.index.ExitableDirectoryReader
 936:             2             64  org.apache.lucene.store.MMapDirectory
 937:             2             64  org.apache.lucene.store.RAMDirectory
 938:             1             64  org.apache.lucene.uninverting.UninvertingReader$UninvertingDirectoryReader
 939:             1             64  org.apache.solr.client.solrj.impl.LBHttpSolrClient
 940:             2             64  org.apache.solr.cloud.ActionThrottle
 941:             2             64  org.apache.solr.core.InitParams
 942:             1             64  org.apache.solr.core.NRTCachingDirectoryFactory
 943:             1             64  org.apache.solr.core.SchemaCodecFactory$1
 944:             1             64  org.apache.solr.handler.DumpRequestHandler
 945:             1             64  org.apache.solr.handler.SchemaHandler
 946:             1             64  org.apache.solr.handler.SolrConfigHandler
 947:             4             64  org.apache.solr.handler.UpdateRequestHandler$1
 948:             1             64  org.apache.solr.handler.admin.CollectionsHandler
 949:             1             64  org.apache.solr.handler.admin.LukeRequestHandler
 950:             1             64  org.apache.solr.handler.admin.PluginInfoHandler
 951:             1             64  org.apache.solr.handler.admin.ShowFileRequestHandler
 952:             1             64  org.apache.solr.handler.admin.SolrInfoMBeanHandler
 953:             4             64  org.apache.solr.handler.loader.CSVLoader
 954:             4             64  org.apache.solr.handler.loader.JavabinLoader
 955:             4             64  org.apache.solr.handler.loader.JsonLoader
 956:             1             64  org.apache.solr.rest.schema.analysis.ManagedSynonymFilterFactory$1
 957:             1             64  org.apache.solr.schema.BinaryField
 958:             1             64  org.apache.solr.schema.BoolField
 959:             2             64  org.apache.solr.schema.IndexSchema$DynamicCopy
 960:             1             64  org.apache.solr.schema.RandomSortField
 961:             2             64  org.apache.solr.servlet.SolrRequestParsers
 962:             1             64  org.apache.solr.update.DefaultSolrCoreState
 963:             1             64  org.apache.solr.update.UpdateLog$1
 964:             1             64  org.eclipse.jetty.server.handler.HandlerCollection
 965:             1             64  org.eclipse.jetty.server.handler.RequestLogHandler
 966:             2             64  org.eclipse.jetty.servlet.ServletHandler$CachedChain
 967:             2             64  org.eclipse.jetty.xml.XmlParser$Handler
 968:             1             64  org.opensextant.solrtexttagger.TaggerRequestHandler
 969:             4             64  sun.net.www.protocol.jar.Handler
 970:             2             64  sun.reflect.generics.repository.ClassRepository
 971:             4             64  sun.security.ec.ECParameters
 972:             2             64  sun.security.ssl.EphemeralKeyManager$EphemeralKeyPair
 973:             1             64  sun.security.ssl.SSLContextImpl$DefaultSSLContext
 974:             2             64  sun.security.ssl.SSLSessionContextImpl
 975:             2             64  sun.security.x509.AuthorityInfoAccessExtension
 976:             2             64  sun.security.x509.PolicyMappingsExtension
 977:             2             64  sun.security.x509.PrivateKeyUsageExtension
 978:             2             64  sun.util.locale.provider.LocaleResources
 979:             2             64  sun.util.locale.provider.LocaleServiceProviderPool
 980:             1             56  [Ljava.lang.Runnable;
 981:             2             56  [Lorg.apache.solr.search.SolrCache;
 982:             2             56  [Lorg.eclipse.jetty.server.Handler;
 983:             1             56  [Lorg.eclipse.jetty.servlet.ServletMapping;
 984:             1             56  [Lsun.util.logging.PlatformLogger$Level;
 985:             1             56  java.util.logging.LogManager
 986:             1             56  org.apache.lucene.codecs.lucene40.Lucene40Codec
 987:             1             56  org.apache.lucene.codecs.lucene41.Lucene41Codec
 988:             1             56  org.apache.lucene.codecs.simpletext.SimpleTextCodec
 989:             1             56  org.apache.lucene.index.BufferedUpdates
 990:             1             56  org.apache.lucene.index.ConcurrentMergeScheduler
 991:             1             56  org.apache.lucene.index.IndexFileDeleter
 992:             1             56  org.apache.lucene.index.SlowCompositeReaderWrapper
 993:             1             56  org.apache.lucene.search.spell.DirectSpellChecker
 994:             1             56  org.apache.solr.schema.FieldType$DefaultAnalyzer$1
 995:             1             56  org.apache.solr.update.VersionInfo
 996:             1             56  org.eclipse.jetty.server.ResourceCache
 997:             1             56  org.eclipse.jetty.webapp.DefaultsDescriptor
 998:             1             56  org.eclipse.jetty.webapp.WebDescriptor
 999:             1             56  org.tartarus.snowball.ext.FinnishStemmer
1000:             1             56  org.tartarus.snowball.ext.RomanianStemmer
1001:             1             56  sun.security.provider.SHA
1002:             1             48  [Lcom.sun.beans.util.Cache$CacheEntry;
1003:             1             48  [Lcom.sun.management.VMOption$Origin;
1004:             1             48  [Lcom.sun.org.apache.xalan.internal.utils.XMLSecurityManager$Limit;
1005:             1             48  [Lcom.sun.org.apache.xerces.internal.utils.XMLSecurityManager$Limit;
1006:             1             48  [Ljava.beans.WeakIdentityMap$Entry;
1007:             3             48  [Ljava.lang.annotation.Annotation;
1008:             1             48  [Ljava.lang.invoke.MethodHandleImpl$Intrinsic;
1009:             1             48  [Ljava.math.RoundingMode;
1010:             2             48  [Ljava.net.InetAddress;
1011:             1             48  [Ljava.util.concurrent.TimeUnit;
1012:             2             48  [Lorg.apache.lucene.codecs.lucene50.Lucene50StoredFieldsFormat$Mode;
1013:             1             48  [Lorg.eclipse.jetty.servlet.ServletHolder;
1014:             1             48  [Lorg.eclipse.jetty.webapp.Origin;
1015:             2             48  [Lsun.reflect.generics.tree.ClassTypeSignature;
1016:             1             48  [Lsun.security.x509.NetscapeCertTypeExtension$MapEntry;
1017:             3             48  com.ctc.wstx.api.WstxInputProperties$ParsingMode
1018:             2             48  com.ctc.wstx.util.SymbolTable$Bucket
1019:             2             48  com.google.common.collect.RegularImmutableAsList
1020:             2             48  com.google.common.collect.RegularImmutableMap$EntrySet
1021:             2             48  com.google.common.collect.RegularImmutableMap$NonTerminalEntry
1022:             3             48  com.spatial4j.core.distance.GeodesicSphereDistCalc$Haversine
1023:             3             48  com.spatial4j.core.io.BinaryCodec
1024:             3             48  com.spatial4j.core.io.WktShapeParser
1025:             3             48  com.sun.org.apache.xerces.internal.impl.dtd.DTDGrammar$QNameHashtable
1026:             2             48  com.sun.org.apache.xerces.internal.impl.dtd.DTDGrammarBucket
1027:             3             48  com.sun.org.apache.xerces.internal.impl.dv.dtd.ListDatatypeValidator
1028:             2             48  com.sun.org.apache.xerces.internal.impl.msg.XMLMessageFormatter
1029:             2             48  com.sun.org.apache.xerces.internal.impl.validation.ValidationManager
1030:             2             48  com.sun.org.apache.xerces.internal.util.SymbolTable
1031:             2             48  com.sun.org.apache.xerces.internal.utils.XMLSecurityPropertyManager
1032:             2             48  java.io.BufferedOutputStream
1033:             2             48  java.io.File$PathStatus
1034:             3             48  java.lang.ClassValue$Identity
1035:             2             48  java.lang.invoke.MethodHandles$Lookup
1036:             2             48  java.lang.reflect.ReflectPermission
1037:             2             48  java.net.InetAddress
1038:             2             48  java.net.InetAddress$Cache
1039:             2             48  java.net.InetAddress$Cache$Type
1040:             2             48  java.net.InetAddress$CacheEntry
1041:             2             48  java.net.ServerSocket
1042:             3             48  java.nio.channels.FileChannel$MapMode
1043:             2             48  java.nio.charset.CoderResult
1044:             3             48  java.nio.charset.CodingErrorAction
1045:             2             48  java.security.Timestamp
1046:             3             48  java.text.AttributedCharacterIterator$Attribute
1047:             1             48  java.text.RuleBasedCollator
1048:             3             48  java.util.Base64$Decoder
1049:             2             48  java.util.BitSet
1050:             3             48  java.util.concurrent.SynchronousQueue$TransferStack
1051:             1             48  java.util.concurrent.ThreadPoolExecutor$Worker
1052:             1             48  java.util.concurrent.locks.ReentrantReadWriteLock$FairSync
1053:             2             48  java.util.concurrent.locks.ReentrantReadWriteLock$Sync$HoldCounter
1054:             3             48  java.util.jar.JarVerifier$3
1055:             2             48  java.util.logging.Logger$LoggerBundle
1056:             2             48  java.util.regex.Pattern$Dollar
1057:             2             48  java.util.regex.Pattern$Prolog
1058:             3             48  org.apache.http.impl.client.BasicCredentialsProvider
1059:             2             48  org.apache.http.impl.client.DefaultHttpRequestRetryHandler
1060:             2             48  org.apache.http.impl.conn.DefaultClientConnectionOperator
1061:             3             48  org.apache.http.impl.conn.SystemDefaultDnsResolver
1062:             1             48  org.apache.log4j.Hierarchy
1063:             2             48  org.apache.log4j.helpers.OnlyOnceErrorHandler
1064:             1             48  org.apache.log4j.helpers.PatternParser
1065:             2             48  org.apache.lucene.analysis.ar.ArabicNormalizationFilterFactory
1066:             2             48  org.apache.lucene.analysis.cjk.CJKWidthFilterFactory
1067:             1             48  org.apache.lucene.analysis.core.StopFilter
1068:             1             48  org.apache.lucene.analysis.ja.JapaneseTokenizerFactory
1069:             1             48  org.apache.lucene.analysis.util.CharArrayMap$EmptyCharArrayMap
1070:             3             48  org.apache.lucene.codecs.lucene46.Lucene46FieldInfosFormat
1071:             3             48  org.apache.lucene.codecs.lucene46.Lucene46SegmentInfoFormat
1072:             2             48  org.apache.lucene.codecs.lucene50.Lucene50Codec$1
1073:             2             48  org.apache.lucene.codecs.lucene50.Lucene50Codec$2
1074:             2             48  org.apache.lucene.codecs.lucene50.Lucene50StoredFieldsFormat$Mode
1075:             1             48  org.apache.lucene.index.IndexFileDeleter$CommitPoint
1076:             2             48  org.apache.lucene.search.spell.WordBreakSpellChecker$BreakSuggestionSortMethod
1077:             1             48  org.apache.lucene.util.packed.BulkOperationPacked1
1078:             1             48  org.apache.lucene.util.packed.BulkOperationPacked10
1079:             1             48  org.apache.lucene.util.packed.BulkOperationPacked11
1080:             1             48  org.apache.lucene.util.packed.BulkOperationPacked12
1081:             1             48  org.apache.lucene.util.packed.BulkOperationPacked13
1082:             1             48  org.apache.lucene.util.packed.BulkOperationPacked14
1083:             1             48  org.apache.lucene.util.packed.BulkOperationPacked15
1084:             1             48  org.apache.lucene.util.packed.BulkOperationPacked16
1085:             1             48  org.apache.lucene.util.packed.BulkOperationPacked17
1086:             1             48  org.apache.lucene.util.packed.BulkOperationPacked18
1087:             1             48  org.apache.lucene.util.packed.BulkOperationPacked19
1088:             1             48  org.apache.lucene.util.packed.BulkOperationPacked2
1089:             1             48  org.apache.lucene.util.packed.BulkOperationPacked20
1090:             1             48  org.apache.lucene.util.packed.BulkOperationPacked21
1091:             1             48  org.apache.lucene.util.packed.BulkOperationPacked22
1092:             1             48  org.apache.lucene.util.packed.BulkOperationPacked23
1093:             1             48  org.apache.lucene.util.packed.BulkOperationPacked24
1094:             1             48  org.apache.lucene.util.packed.BulkOperationPacked3
1095:             1             48  org.apache.lucene.util.packed.BulkOperationPacked4
1096:             1             48  org.apache.lucene.util.packed.BulkOperationPacked5
1097:             1             48  org.apache.lucene.util.packed.BulkOperationPacked6
1098:             1             48  org.apache.lucene.util.packed.BulkOperationPacked7
1099:             1             48  org.apache.lucene.util.packed.BulkOperationPacked8
1100:             1             48  org.apache.lucene.util.packed.BulkOperationPacked9
1101:             1             48  org.apache.solr.analysis.ReversedWildcardFilterFactory
1102:             2             48  org.apache.solr.client.solrj.SolrQuery$ORDER
1103:             2             48  org.apache.solr.client.solrj.impl.HttpClientUtil$1
1104:             3             48  org.apache.solr.common.util.XMLErrorLogger
1105:             2             48  org.apache.solr.core.DirectoryFactory$DirContext
1106:             2             48  org.apache.solr.core.QuerySenderListener
1107:             2             48  org.apache.solr.handler.component.SpellCheckComponent$SpellCheckerListener
1108:             2             48  org.apache.solr.highlight.ScoreOrderFragmentsBuilder
1109:             1             48  org.apache.solr.logging.log4j.EventAppender
1110:             2             48  org.apache.solr.parser.QueryParser$Operator
1111:             2             48  org.apache.solr.rest.RestManager$ManagedResourceRegistration
1112:             3             48  org.apache.solr.rest.schema.analysis.ManagedSynonymFilterFactory$CasePreservedSynonymMappings
1113:             2             48  org.apache.solr.servlet.SolrRequestParsers$StandardRequestParser
1114:             2             48  org.eclipse.jetty.servlet.ServletHolder$Registration
1115:             2             48  org.eclipse.jetty.util.statistic.CounterStatistic
1116:             2             48  org.eclipse.jetty.webapp.ClasspathPattern
1117:             2             48  org.eclipse.jetty.xml.XmlParser$NoopHandler
1118:             1             48  org.tartarus.snowball.ext.ArmenianStemmer
1119:             1             48  org.tartarus.snowball.ext.BasqueStemmer
1120:             1             48  org.tartarus.snowball.ext.CatalanStemmer
1121:             1             48  org.tartarus.snowball.ext.DanishStemmer
1122:             1             48  org.tartarus.snowball.ext.DutchStemmer
1123:             1             48  org.tartarus.snowball.ext.IrishStemmer
1124:             1             48  org.tartarus.snowball.ext.NorwegianStemmer
1125:             1             48  org.tartarus.snowball.ext.RussianStemmer
1126:             1             48  org.tartarus.snowball.ext.SwedishStemmer
1127:             1             48  org.tartarus.snowball.ext.TurkishStemmer
1128:             2             48  sun.misc.NativeSignalHandler
1129:             2             48  sun.net.www.MessageHeader
1130:             3             48  sun.nio.ch.FileDispatcherImpl
1131:             2             48  sun.nio.ch.NativeThreadSet
1132:             2             48  sun.reflect.generics.tree.ClassSignature
1133:             2             48  sun.security.jca.ProviderList
1134:             2             48  sun.security.jca.ProviderList$3
1135:             2             48  sun.security.ssl.SSLAlgorithmConstraints
1136:             2             48  sun.security.x509.CertificatePolicyMap
1137:             3             48  sun.security.x509.RFC822Name
1138:             1             48  sun.text.normalizer.IntTrie
1139:             1             48  sun.text.normalizer.NormalizerBase
1140:             3             48  sun.text.normalizer.NormalizerBase$QuickCheckResult
1141:             1             40  [Lcom.sun.org.apache.xerces.internal.util.Status;
1142:             1             40  [Ljavax.servlet.DispatcherType;
1143:             1             40  [Lorg.apache.lucene.index.DocValuesType;
1144:             1             40  [Lorg.apache.lucene.index.IndexOptions;
1145:             1             40  [Lorg.apache.solr.schema.TrieField$TrieTypes;
1146:             1             40  [Lorg.eclipse.jetty.webapp.Configuration;
1147:             2             40  [Lsun.reflect.generics.tree.FieldTypeSignature;
1148:             2             40  [Lsun.reflect.generics.tree.FormalTypeParameter;
1149:             1             40  [Lsun.security.jca.ServiceId;
1150:             1             40  [Lsun.security.util.DisabledAlgorithmConstraints$KeySizeConstraint$Operator;
1151:             1             40  [Lsun.util.locale.provider.LocaleProviderAdapter$Type;
1152:             1             40  [[Ljava.lang.invoke.LambdaForm$Name;
1153:             1             40  com.sun.beans.finder.MethodFinder$1
1154:             1             40  java.beans.WeakIdentityMap$Entry
1155:             1             40  java.io.BufferedInputStream
1156:             1             40  java.lang.invoke.DirectMethodHandle$Accessor
1157:             1             40  java.text.CollationElementIterator
1158:             1             40  java.text.RBCollationTables
1159:             1             40  java.util.ResourceBundle$1
1160:             1             40  java.util.ServiceLoader$LazyIterator
1161:             1             40  org.apache.log4j.helpers.PatternParser$ClassNamePatternConverter
1162:             1             40  org.apache.log4j.helpers.PatternParser$DatePatternConverter
1163:             1             40  org.apache.log4j.spi.RootLogger
1164:             1             40  org.apache.lucene.analysis.core.LowerCaseFilter
1165:             1             40  org.apache.lucene.analysis.ja.JapanesePartOfSpeechStopFilterFactory
1166:             1             40  org.apache.lucene.analysis.miscellaneous.StemmerOverrideFilterFactory
1167:             1             40  org.apache.lucene.analysis.pattern.PatternReplaceFilterFactory
1168:             1             40  org.apache.lucene.analysis.payloads.DelimitedPayloadTokenFilterFactory
1169:             1             40  org.apache.lucene.index.BufferedUpdatesStream
1170:             1             40  org.apache.lucene.index.DocumentsWriterDeleteQueue
1171:             1             40  org.apache.solr.core.Config
1172:             1             40  org.apache.solr.core.CoreDescriptor
1173:             1             40  org.apache.solr.core.SolrConfig$UpdateHandlerInfo
1174:             1             40  org.apache.solr.handler.component.QueryElevationComponent
1175:             1             40  org.apache.solr.highlight.DefaultSolrHighlighter
1176:             1             40  org.apache.solr.rest.RestManager
1177:             1             40  org.apache.solr.rest.RestManager$RestManagerManagedResource
1178:             1             40  org.apache.solr.rest.schema.analysis.ManagedSynonymFilterFactory$SynonymManager
1179:             1             40  org.apache.solr.rest.schema.analysis.ManagedWordSetResource
1180:             1             40  org.apache.solr.schema.IndexSchema$SolrQueryAnalyzer
1181:             1             40  org.apache.solr.search.QueryResultKey
1182:             1             40  org.apache.solr.spelling.WordBreakSolrSpellChecker
1183:             1             40  org.apache.solr.update.UpdateLog$RecoveryInfo
1184:             1             40  org.apache.solr.util.ConcurrentLRUCache$CacheEntry
1185:             1             40  org.eclipse.jetty.server.session.HashSessionManager$2
1186:             1             40  org.eclipse.jetty.webapp.WebAppContext$Context
1187:             1             40  org.tartarus.snowball.ext.HungarianStemmer
1188:             1             40  sun.nio.ch.FileLockImpl
1189:             1             40  sun.nio.cs.StandardCharsets$Aliases
1190:             1             40  sun.nio.cs.StandardCharsets$Cache
1191:             1             40  sun.nio.cs.StandardCharsets$Classes
1192:             1             40  sun.security.provider.DSAPublicKeyImpl
1193:             1             40  sun.text.IntHashtable
1194:             1             40  sun.text.UCompactIntArray
1195:             1             32  [Lcom.google.common.cache.LocalCache$Strength;
1196:             1             32  [Lcom.sun.beans.util.Cache$Kind;
1197:             1             32  [Lcom.sun.org.apache.xalan.internal.utils.XMLSecurityManager$NameMap;
1198:             1             32  [Lcom.sun.org.apache.xerces.internal.utils.XMLSecurityManager$NameMap;
1199:             1             32  [Ljava.lang.OutOfMemoryError;
1200:             1             32  [Ljava.lang.ThreadGroup;
1201:             1             32  [Ljava.text.Normalizer$Form;
1202:             1             32  [Ljava.util.EventListener;
1203:             1             32  [Lorg.apache.lucene.analysis.synonym.SynonymFilter$PendingInput;
1204:             1             32  [Lorg.apache.lucene.analysis.synonym.SynonymFilter$PendingOutputs;
1205:             1             32  [Lorg.apache.lucene.index.IndexWriterConfig$OpenMode;
1206:             1             32  [Lorg.apache.lucene.index.StoredFieldVisitor$Status;
1207:             1             32  [Lorg.apache.lucene.index.TermsEnum$SeekStatus;
1208:             1             32  [Lorg.apache.lucene.search.BooleanClause$Occur;
1209:             1             32  [Lorg.apache.lucene.store.IOContext$Context;
1210:             1             32  [Lorg.apache.lucene.util.fst.FST$INPUT_TYPE;
1211:             1             32  [Lorg.apache.solr.common.params.CommonParams$EchoParamStyle;
1212:             1             32  [Lorg.apache.solr.search.SolrCache$State;
1213:             1             32  [Lorg.apache.solr.update.UpdateLog$State;
1214:             1             32  [Lorg.apache.solr.update.UpdateLog$SyncLevel;
1215:             1             32  [Lorg.apache.solr.update.processor.UpdateRequestProcessorFactory;
1216:             1             32  [Lorg.eclipse.jetty.io.Buffers$Type;
1217:             1             32  [Lorg.eclipse.jetty.security.UserDataConstraint;
1218:             1             32  [Lorg.eclipse.jetty.servlet.Holder$Source;
1219:             1             32  [Lorg.eclipse.jetty.util.Scanner$Notification;
1220:             1             32  [Lorg.eclipse.jetty.webapp.MetaDataComplete;
1221:             1             32  [Lsun.security.provider.NativePRNG$Variant;
1222:             1             32  [Lsun.text.normalizer.NormalizerBase$Mode;
1223:             1             32  [[Lcom.sun.org.apache.xerces.internal.impl.dtd.models.ContentModelValidator;
1224:             1             32  [[Lcom.sun.org.apache.xerces.internal.impl.dv.DatatypeValidator;
1225:             1             32  [[[Ljava.lang.String;
1226:             2             32  com.google.common.cache.LocalCache$LocalManualCache
1227:             1             32  com.google.common.util.concurrent.MoreExecutors$SameThreadExecutorService
1228:             2             32  com.sun.beans.WeakCache
1229:             1             32  com.sun.beans.finder.BeanInfoFinder
1230:             1             32  com.sun.org.apache.xalan.internal.utils.FeatureManager$Feature
1231:             1             32  com.sun.org.apache.xalan.internal.utils.XMLSecurityManager
1232:             2             32  com.sun.org.apache.xerces.internal.impl.XMLDocumentScannerImpl$PrologDriver
1233:             2             32  com.sun.org.apache.xerces.internal.impl.XMLDocumentScannerImpl$TrailingMiscDriver
1234:             2             32  com.sun.org.apache.xerces.internal.impl.XMLDocumentScannerImpl$XMLDeclDriver
1235:             1             32  com.sun.org.apache.xerces.internal.impl.XMLEntityScanner$1
1236:             2             32  com.sun.org.apache.xerces.internal.impl.dv.dtd.DTDDVFactoryImpl
1237:             2             32  com.sun.org.apache.xerces.internal.impl.dv.dtd.ENTITYDatatypeValidator
1238:             2             32  com.sun.org.apache.xerces.internal.parsers.AbstractSAXParser$AttributesProxy
1239:             2             32  com.sun.org.apache.xerces.internal.util.EntityResolverWrapper
1240:             2             32  com.sun.org.apache.xerces.internal.util.ErrorHandlerWrapper
1241:             1             32  com.sun.org.apache.xml.internal.utils.XMLReaderManager
1242:             1             32  com.sun.org.apache.xpath.internal.jaxp.XPathFactoryImpl
1243:             1             32  java.beans.ThreadGroupContext
1244:             1             32  java.beans.ThreadGroupContext$1
1245:             1             32  java.io.RandomAccessFile
1246:             1             32  java.io.UnixFileSystem
1247:             1             32  java.lang.ArithmeticException
1248:             1             32  java.lang.ArrayIndexOutOfBoundsException
1249:             2             32  java.lang.Boolean
1250:             1             32  java.lang.NullPointerException
1251:             2             32  java.lang.Shutdown$Lock
1252:             1             32  java.lang.reflect.WeakCache
1253:             2             32  java.nio.ByteOrder
1254:             1             32  java.nio.channels.Channels$1
1255:             1             32  java.security.BasicPermissionCollection
1256:             1             32  java.security.MessageDigest$Delegate
1257:             1             32  java.text.DontCareFieldPosition
1258:             2             32  java.util.Collections$SingletonSet
1259:             2             32  java.util.Hashtable$EntrySet
1260:             1             32  java.util.ServiceLoader
1261:             2             32  java.util.concurrent.ConcurrentHashMap$ValuesView
1262:             1             32  java.util.concurrent.ThreadLocalRandom
1263:             1             32  java.util.logging.LogManager$SystemLoggerContext
1264:             2             32  javax.xml.xpath.SecuritySupport
1265:             2             32  org.apache.http.conn.scheme.PlainSocketFactory
1266:             2             32  org.apache.http.conn.scheme.SchemeRegistry
1267:             2             32  org.apache.http.impl.conn.HttpConnPool$InternalConnFactory
1268:             2             32  org.apache.http.params.SyncBasicHttpParams
1269:             1             32  org.apache.log4j.PatternLayout
1270:             1             32  org.apache.lucene.analysis.cjk.CJKBigramFilterFactory
1271:             1             32  org.apache.lucene.analysis.id.IndonesianStemFilterFactory
1272:             1             32  org.apache.lucene.analysis.ja.JapaneseKatakanaStemFilterFactory
1273:             1             32  org.apache.lucene.analysis.miscellaneous.TrimFilterFactory
1274:             1             32  org.apache.lucene.analysis.phonetic.DoubleMetaphoneFilterFactory
1275:             2             32  org.apache.lucene.codecs.lucene40.Lucene40DocValuesFormat
1276:             2             32  org.apache.lucene.codecs.lucene40.Lucene40FieldInfosFormat
1277:             2             32  org.apache.lucene.codecs.lucene40.Lucene40NormsFormat
1278:             2             32  org.apache.lucene.codecs.lucene40.Lucene40TermVectorsFormat
1279:             2             32  org.apache.lucene.codecs.lucene42.Lucene42FieldInfosFormat
1280:             2             32  org.apache.lucene.codecs.lucene50.Lucene50CompoundFormat
1281:             2             32  org.apache.lucene.codecs.lucene50.Lucene50FieldInfosFormat
1282:             2             32  org.apache.lucene.codecs.lucene50.Lucene50LiveDocsFormat
1283:             2             32  org.apache.lucene.codecs.lucene50.Lucene50NormsFormat
1284:             2             32  org.apache.lucene.codecs.lucene50.Lucene50SegmentInfoFormat
1285:             2             32  org.apache.lucene.codecs.lucene50.Lucene50StoredFieldsFormat
1286:             2             32  org.apache.lucene.codecs.simpletext.SimpleTextDocValuesFormat
1287:             2             32  org.apache.lucene.codecs.simpletext.SimpleTextPostingsFormat
1288:             1             32  org.apache.lucene.index.DocumentsWriterPerThreadPool
1289:             1             32  org.apache.lucene.index.FieldInfos$FieldNumbers
1290:             2             32  org.apache.lucene.search.MatchAllDocsQuery
1291:             2             32  org.apache.lucene.search.similarities.DefaultSimilarity
1292:             1             32  org.apache.lucene.search.spell.WordBreakSpellChecker
1293:             1             32  org.apache.lucene.store.NativeFSLockFactory$NativeFSLock
1294:             2             32  org.apache.lucene.store.SingleInstanceLockFactory
1295:             1             32  org.apache.lucene.util.AttributeFactory$DefaultAttributeFactory$1
1296:             1             32  org.apache.solr.core.ConfigOverlay
1297:             1             32  org.apache.solr.core.ConfigSolrXml
1298:             1             32  org.apache.solr.core.IndexDeletionPolicyWrapper
1299:             1             32  org.apache.solr.core.SolrConfig$HttpCachingConfig
1300:             1             32  org.apache.solr.core.SolrConfig$JmxConfiguration
1301:             1             32  org.apache.solr.core.SolrCore$8
1302:             1             32  org.apache.solr.core.SolrCore$LazyQueryResponseWriterWrapper
1303:             1             32  org.apache.solr.core.SolrCores
1304:             1             32  org.apache.solr.core.ZkContainer
1305:             1             32  org.apache.solr.handler.component.SpellCheckComponent
1306:             1             32  org.apache.solr.highlight.RegexFragmenter
1307:             1             32  org.apache.solr.logging.CircularList
1308:             1             32  org.apache.solr.logging.log4j.Log4jWatcher
1309:             2             32  org.apache.solr.response.JSONResponseWriter
1310:             1             32  org.apache.solr.rest.RestManager$Registry
1311:             1             32  org.apache.solr.rest.schema.analysis.ManagedStopFilterFactory
1312:             1             32  org.apache.solr.rest.schema.analysis.ManagedSynonymFilterFactory
1313:             2             32  org.apache.solr.schema.AbstractSpatialFieldType$1
1314:             1             32  org.apache.solr.schema.BoolField$1
1315:             1             32  org.apache.solr.schema.IndexSchema$SolrIndexAnalyzer
1316:             1             32  org.apache.solr.servlet.SolrDispatchFilter
1317:             2             32  org.apache.solr.servlet.SolrRequestParsers$FormDataRequestParser
1318:             2             32  org.apache.solr.servlet.SolrRequestParsers$MultipartRequestParser
1319:             2             32  org.apache.solr.servlet.SolrRequestParsers$RawRequestParser
1320:             2             32  org.apache.solr.servlet.SolrRequestParsers$SimpleRequestParser
1321:             1             32  org.apache.solr.spelling.DirectSolrSpellChecker
1322:             1             32  org.apache.solr.update.SolrIndexConfig$DelayedSchemaAnalyzer
1323:             1             32  org.eclipse.jetty.continuation.ContinuationThrowable
1324:             1             32  org.eclipse.jetty.deploy.App
1325:             1             32  org.eclipse.jetty.deploy.DeploymentManager$AppEntry
1326:             1             32  org.eclipse.jetty.security.ConstraintMapping
1327:             1             32  org.eclipse.jetty.servlet.FilterMapping
1328:             1             32  org.eclipse.jetty.util.Scanner$TimeNSize
1329:             1             32  org.eclipse.jetty.util.security.Constraint
1330:             1             32  org.opensextant.solrtexttagger.ConcatenateFilterFactory
1331:             1             32  sun.nio.ch.FileKey
1332:             1             32  sun.nio.ch.SharedFileLockTable$FileLockReference
1333:             1             32  sun.nio.cs.StandardCharsets
1334:             1             32  sun.nio.fs.LinuxFileSystem
1335:             2             32  sun.reflect.BootstrapConstructorAccessorImpl
1336:             1             32  sun.reflect.generics.reflectiveObjects.TypeVariableImpl
1337:             2             32  sun.security.provider.NativePRNG
1338:             1             32  sun.security.provider.SecureRandom
1339:             2             32  sun.security.ssl.SSLSocketFactoryImpl
1340:             1             32  sun.security.ssl.X509TrustManagerImpl
1341:             2             32  sun.security.util.DisabledAlgorithmConstraints$KeySizeConstraints
1342:             1             32  sun.security.x509.IssuerAlternativeNameExtension
1343:             2             32  sun.text.normalizer.CharTrie$FriendAgent
1344:             1             24  [Lcom.google.common.base.Functions$ToStringFunction;
1345:             1             24  [Lcom.google.common.cache.CacheBuilder$NullListener;
1346:             1             24  [Lcom.google.common.cache.CacheBuilder$OneWeigher;
1347:             1             24  [Lcom.sun.org.apache.xalan.internal.utils.FeatureManager$Feature;
1348:             1             24  [Lcom.sun.org.apache.xalan.internal.utils.XMLSecurityPropertyManager$Property;
1349:             1             24  [Lcom.sun.org.apache.xerces.internal.utils.XMLSecurityPropertyManager$Property;
1350:             1             24  [Ljava.io.File$PathStatus;
1351:             1             24  [Ljava.lang.reflect.TypeVariable;
1352:             1             24  [Ljava.net.InetAddress$Cache$Type;
1353:             1             24  [Ljava.nio.file.LinkOption;
1354:             1             24  [Ljava.util.Locale$Category;
1355:             1             24  [Ljavax.net.ssl.KeyManager;
1356:             1             24  [Ljavax.net.ssl.TrustManager;
1357:             1             24  [Lorg.apache.lucene.search.TermQuery;
1358:             1             24  [Lorg.apache.lucene.search.spell.WordBreakSpellChecker$BreakSuggestionSortMethod;
1359:             1             24  [Lorg.apache.lucene.util.packed.PackedInts$Format;
1360:             1             24  [Lorg.apache.solr.client.solrj.SolrQuery$ORDER;
1361:             1             24  [Lorg.apache.solr.core.DirectoryFactory$DirContext;
1362:             1             24  [Lorg.apache.solr.parser.QueryParser$Operator;
1363:             1             24  [Lorg.apache.solr.schema.IndexSchema$DynamicCopy;
1364:             1             24  [Lorg.apache.solr.search.CacheConfig;
1365:             1             24  [Lorg.apache.solr.util.stats.Histogram$SampleType;
1366:             1             24  [Lorg.eclipse.jetty.server.Connector;
1367:             1             24  [Lorg.eclipse.jetty.servlet.FilterHolder;
1368:             1             24  [Lorg.eclipse.jetty.servlet.FilterMapping;
1369:             1             24  [Lsun.launcher.LauncherHelper;
1370:             1             24  [Lsun.security.ssl.EphemeralKeyManager$EphemeralKeyPair;
1371:             1             24  com.google.common.base.Functions$ToStringFunction
1372:             1             24  com.google.common.base.Joiner$1
1373:             1             24  com.google.common.base.Joiner$MapJoiner
1374:             1             24  com.google.common.cache.CacheBuilder$NullListener
1375:             1             24  com.google.common.cache.CacheBuilder$OneWeigher
1376:             1             24  com.google.common.cache.LocalCache$EntryFactory$1
1377:             1             24  com.google.common.cache.LocalCache$EntryFactory$2
1378:             1             24  com.google.common.cache.LocalCache$EntryFactory$3
1379:             1             24  com.google.common.cache.LocalCache$EntryFactory$4
1380:             1             24  com.google.common.cache.LocalCache$EntryFactory$5
1381:             1             24  com.google.common.cache.LocalCache$EntryFactory$6
1382:             1             24  com.google.common.cache.LocalCache$EntryFactory$7
1383:             1             24  com.google.common.cache.LocalCache$EntryFactory$8
1384:             1             24  com.google.common.cache.LocalCache$Strength$1
1385:             1             24  com.google.common.cache.LocalCache$Strength$2
1386:             1             24  com.google.common.cache.LocalCache$Strength$3
1387:             1             24  com.google.common.collect.ImmutableMapKeySet
1388:             1             24  com.google.common.collect.ImmutableMapKeySet$1
1389:             1             24  com.google.common.collect.SingletonImmutableSet
1390:             1             24  com.sun.beans.util.Cache$Kind$1
1391:             1             24  com.sun.beans.util.Cache$Kind$2
1392:             1             24  com.sun.beans.util.Cache$Kind$3
1393:             1             24  com.sun.org.apache.xalan.internal.utils.FeatureManager
1394:             1             24  com.sun.org.apache.xerces.internal.impl.Constants$ArrayEnumeration
1395:             1             24  com.sun.org.apache.xerces.internal.impl.dtd.XMLContentSpec
1396:             1             24  com.sun.org.apache.xpath.internal.objects.XString
1397:             1             24  java.io.StringWriter
1398:             1             24  java.lang.invoke.Invokers
1399:             1             24  java.lang.invoke.MethodHandleImpl$4
1400:             1             24  java.lang.invoke.MethodType$ConcurrentWeakInternSet
1401:             1             24  java.math.MutableBigInteger
1402:             1             24  java.net.Inet4AddressImpl
1403:             1             24  java.nio.file.LinkOption
1404:             1             24  java.util.Collections$EmptyMap
1405:             1             24  java.util.Locale$Cache
1406:             1             24  java.util.ResourceBundle$Control$CandidateListCache
1407:             1             24  java.util.TaskQueue
1408:             1             24  java.util.Timer
1409:             1             24  java.util.concurrent.ConcurrentHashMap$KeySetView
1410:             1             24  java.util.concurrent.TimeUnit$1
1411:             1             24  java.util.concurrent.TimeUnit$2
1412:             1             24  java.util.concurrent.TimeUnit$3
1413:             1             24  java.util.concurrent.TimeUnit$4
1414:             1             24  java.util.concurrent.TimeUnit$5
1415:             1             24  java.util.concurrent.TimeUnit$6
1416:             1             24  java.util.concurrent.TimeUnit$7
1417:             1             24  java.util.jar.Manifest
1418:             1             24  java.util.logging.LogManager$LoggerContext
1419:             1             24  java.util.logging.LoggingPermission
1420:             1             24  java.util.regex.Pattern$7
1421:             1             24  java.util.regex.Pattern$Bound
1422:             1             24  java.util.regex.Pattern$Neg
1423:             1             24  javax.net.ssl.SSLContext
1424:             1             24  org.apache.commons.logging.impl.SLF4JLogFactory
1425:             1             24  org.apache.log4j.helpers.FormattingInfo
1426:             1             24  org.apache.lucene.analysis.Tokenizer$1
1427:             1             24  org.apache.lucene.analysis.ar.ArabicStemFilterFactory
1428:             1             24  org.apache.lucene.analysis.bg.BulgarianStemFilterFactory
1429:             1             24  org.apache.lucene.analysis.ckb.SoraniNormalizationFilterFactory
1430:             1             24  org.apache.lucene.analysis.ckb.SoraniStemFilterFactory
1431:             1             24  org.apache.lucene.analysis.cz.CzechStemFilterFactory
1432:             1             24  org.apache.lucene.analysis.de.GermanLightStemFilterFactory
1433:             1             24  org.apache.lucene.analysis.de.GermanNormalizationFilterFactory
1434:             1             24  org.apache.lucene.analysis.el.GreekLowerCaseFilterFactory
1435:             1             24  org.apache.lucene.analysis.el.GreekStemFilterFactory
1436:             1             24  org.apache.lucene.analysis.en.EnglishMinimalStemFilterFactory
1437:             1             24  org.apache.lucene.analysis.es.SpanishLightStemFilterFactory
1438:             1             24  org.apache.lucene.analysis.fa.PersianCharFilterFactory
1439:             1             24  org.apache.lucene.analysis.fa.PersianNormalizationFilterFactory
1440:             1             24  org.apache.lucene.analysis.fr.FrenchLightStemFilterFactory
1441:             1             24  org.apache.lucene.analysis.ga.IrishLowerCaseFilterFactory
1442:             1             24  org.apache.lucene.analysis.gl.GalicianStemFilterFactory
1443:             1             24  org.apache.lucene.analysis.hi.HindiNormalizationFilterFactory
1444:             1             24  org.apache.lucene.analysis.hi.HindiStemFilterFactory
1445:             1             24  org.apache.lucene.analysis.in.IndicNormalizationFilterFactory
1446:             1             24  org.apache.lucene.analysis.it.ItalianLightStemFilterFactory
1447:             1             24  org.apache.lucene.analysis.ja.JapaneseBaseFormFilterFactory
1448:             1             24  org.apache.lucene.analysis.lv.LatvianStemFilterFactory
1449:             1             24  org.apache.lucene.analysis.miscellaneous.RemoveDuplicatesTokenFilterFactory
1450:             1             24  org.apache.lucene.analysis.miscellaneous.StemmerOverrideFilter$StemmerOverrideMap
1451:             1             24  org.apache.lucene.analysis.pt.PortugueseLightStemFilterFactory
1452:             1             24  org.apache.lucene.analysis.th.ThaiTokenizerFactory
1453:             1             24  org.apache.lucene.analysis.tr.ApostropheFilterFactory
1454:             1             24  org.apache.lucene.analysis.tr.TurkishLowerCaseFilterFactory
1455:             1             24  org.apache.lucene.codecs.blocktreeords.BlockTreeOrdsPostingsFormat
1456:             1             24  org.apache.lucene.codecs.bloom.BloomFilteringPostingsFormat
1457:             1             24  org.apache.lucene.codecs.lucene40.Lucene40Codec$1
1458:             1             24  org.apache.lucene.codecs.lucene41.Lucene41Codec$1
1459:             1             24  org.apache.lucene.codecs.lucene410.Lucene410Codec$1
1460:             1             24  org.apache.lucene.codecs.lucene410.Lucene410Codec$2
1461:             1             24  org.apache.lucene.codecs.lucene42.Lucene42Codec$1
1462:             1             24  org.apache.lucene.codecs.lucene42.Lucene42Codec$2
1463:             1             24  org.apache.lucene.codecs.lucene42.Lucene42Codec$3
1464:             1             24  org.apache.lucene.codecs.lucene42.Lucene42DocValuesFormat
1465:             1             24  org.apache.lucene.codecs.lucene45.Lucene45Codec$1
1466:             1             24  org.apache.lucene.codecs.lucene45.Lucene45Codec$2
1467:             1             24  org.apache.lucene.codecs.lucene45.Lucene45Codec$3
1468:             1             24  org.apache.lucene.codecs.lucene46.Lucene46Codec$1
1469:             1             24  org.apache.lucene.codecs.lucene46.Lucene46Codec$2
1470:             1             24  org.apache.lucene.codecs.lucene46.Lucene46Codec$3
1471:             1             24  org.apache.lucene.codecs.lucene49.Lucene49Codec$1
1472:             1             24  org.apache.lucene.codecs.lucene49.Lucene49Codec$2
1473:             1             24  org.apache.lucene.codecs.lucene50.Lucene50PostingsFormat
1474:             1             24  org.apache.lucene.codecs.memory.DirectPostingsFormat
1475:             1             24  org.apache.lucene.codecs.memory.MemoryDocValuesFormat
1476:             1             24  org.apache.lucene.codecs.memory.MemoryPostingsFormat
1477:             1             24  org.apache.lucene.index.DocumentsWriterDeleteQueue$DeleteSlice
1478:             1             24  org.apache.lucene.index.DocumentsWriterDeleteQueue$Node
1479:             1             24  org.apache.lucene.index.DocumentsWriterFlushQueue
1480:             1             24  org.apache.lucene.index.DocumentsWriterStallControl
1481:             1             24  org.apache.lucene.index.FlushByRamOrCountsPolicy
1482:             1             24  org.apache.lucene.index.IndexWriter$1
1483:             1             24  org.apache.lucene.index.IndexWriter$ReaderPool
1484:             1             24  org.apache.lucene.index.MultiBits
1485:             1             24  org.apache.lucene.index.MultiFields
1486:             1             24  org.apache.lucene.index.MultiTerms
1487:             1             24  org.apache.lucene.search.BooleanClause$Occur$1
1488:             1             24  org.apache.lucene.search.BooleanClause$Occur$2
1489:             1             24  org.apache.lucene.search.BooleanClause$Occur$3
1490:             1             24  org.apache.lucene.search.TopDocs
1491:             1             24  org.apache.lucene.spatial.prefix.tree.GeohashPrefixTree
1492:             1             24  org.apache.lucene.store.FlushInfo
1493:             1             24  org.apache.lucene.uninverting.FieldCacheImpl
1494:             1             24  org.apache.lucene.uninverting.FieldCacheImpl$BinaryDocValuesCache
1495:             1             24  org.apache.lucene.uninverting.FieldCacheImpl$DocTermOrdsCache
1496:             1             24  org.apache.lucene.uninverting.FieldCacheImpl$DocsWithFieldCache
1497:             1             24  org.apache.lucene.uninverting.FieldCacheImpl$LongCache
1498:             1             24  org.apache.lucene.uninverting.FieldCacheImpl$SortedDocValuesCache
1499:             1             24  org.apache.lucene.util.AttributeFactory$1
1500:             1             24  org.apache.lucene.util.AttributeSource$2
1501:             1             24  org.apache.lucene.util.SetOnce
1502:             1             24  org.apache.lucene.util.packed.PackedInts$Format$1
1503:             1             24  org.apache.lucene.util.packed.PackedInts$Format$2
1504:             1             24  org.apache.solr.client.solrj.SolrQuery
1505:             1             24  org.apache.solr.client.solrj.SolrQuery$SortClause
1506:             1             24  org.apache.solr.common.SolrInputDocument
1507:             1             24  org.apache.solr.common.util.SolrjNamedThreadFactory
1508:             1             24  org.apache.solr.core.ConfigSetService$Default
1509:             1             24  org.apache.solr.core.JarRepository
1510:             1             24  org.apache.solr.core.RequestHandlers
1511:             1             24  org.apache.solr.core.RequestParams
1512:             1             24  org.apache.solr.core.SchemaCodecFactory
1513:             1             24  org.apache.solr.core.SolrDeletionPolicy
1514:             1             24  org.apache.solr.handler.ReplicationHandler$3
1515:             1             24  org.apache.solr.handler.component.ExpandComponent
1516:             1             24  org.apache.solr.handler.component.FacetComponent
1517:             1             24  org.apache.solr.handler.component.HighlightComponent
1518:             1             24  org.apache.solr.handler.component.TermVectorComponent
1519:             1             24  org.apache.solr.highlight.BreakIteratorBoundaryScanner
1520:             1             24  org.apache.solr.highlight.DefaultEncoder
1521:             1             24  org.apache.solr.highlight.GapFragmenter
1522:             1             24  org.apache.solr.highlight.HtmlEncoder
1523:             1             24  org.apache.solr.highlight.HtmlFormatter
1524:             1             24  org.apache.solr.highlight.SimpleBoundaryScanner
1525:             1             24  org.apache.solr.highlight.SimpleFragListBuilder
1526:             1             24  org.apache.solr.highlight.SingleFragListBuilder
1527:             1             24  org.apache.solr.highlight.WeightedFragListBuilder
1528:             1             24  org.apache.solr.response.transform.ExplainAugmenterFactory
1529:             1             24  org.apache.solr.response.transform.ValueAugmenterFactory
1530:             1             24  org.apache.solr.schema.FileExchangeRateProvider
1531:             1             24  org.apache.solr.schema.TrieDateField$ThreadLocalDateFormat
1532:             1             24  org.apache.solr.search.BitDocSet
1533:             1             24  org.apache.solr.search.similarities.DefaultSimilarityFactory
1534:             1             24  org.apache.solr.spelling.SpellingQueryConverter
1535:             1             24  org.apache.solr.update.DefaultSolrCoreState$1
1536:             1             24  org.apache.solr.update.UpdateShardHandler
1537:             1             24  org.apache.solr.update.processor.LogUpdateProcessorFactory
1538:             1             24  org.apache.solr.update.processor.UpdateRequestProcessorChain
1539:             1             24  org.apache.solr.util.stats.Histogram$SampleType$1
1540:             1             24  org.apache.solr.util.stats.Histogram$SampleType$2
1541:             1             24  org.eclipse.jetty.deploy.AppLifeCycle
1542:             1             24  org.eclipse.jetty.http.HttpFields$DateGenerator
1543:             1             24  org.eclipse.jetty.http.HttpHeaderValues
1544:             1             24  org.eclipse.jetty.http.HttpHeaders
1545:             1             24  org.eclipse.jetty.server.AbstractConnector$Acceptor
1546:             1             24  org.eclipse.jetty.servlet.FilterHolder$Config
1547:             1             24  org.eclipse.jetty.servlet.NoJspServlet
1548:             1             24  org.eclipse.jetty.util.IO$NullWrite
1549:             1             24  org.eclipse.jetty.util.MultiMap
1550:             1             24  org.noggit.NullCharArr
1551:             1             24  org.slf4j.helpers.FormattingTuple
1552:             1             24  sun.launcher.LauncherHelper
1553:             1             24  sun.management.VMManagementImpl
1554:             1             24  sun.misc.JarIndex
1555:             1             24  sun.misc.URLClassPath$FileLoader
1556:             1             24  sun.net.ProgressMonitor
1557:             1             24  sun.net.sdp.SdpProvider
1558:             1             24  sun.nio.ch.SharedFileLockTable
1559:             1             24  sun.nio.cs.ISO_8859_1
1560:             1             24  sun.nio.cs.US_ASCII
1561:             1             24  sun.nio.cs.UTF_16
1562:             1             24  sun.nio.cs.UTF_16BE
1563:             1             24  sun.nio.cs.UTF_16LE
1564:             1             24  sun.nio.cs.UTF_8
1565:             1             24  sun.reflect.generics.factory.CoreReflectionFactory
1566:             1             24  sun.reflect.generics.scope.ClassScope
1567:             1             24  sun.reflect.generics.tree.FormalTypeParameter
1568:             1             24  sun.security.provider.DSAParameters
1569:             1             24  sun.security.ssl.SSLAlgorithmConstraints$TLSDisabledAlgConstraints
1570:             1             24  sun.security.ssl.SSLAlgorithmConstraints$X509DisabledAlgConstraints
1571:             1             24  sun.security.ssl.SunX509KeyManagerImpl
1572:             1             24  sun.security.util.DisabledAlgorithmConstraints$KeySizeConstraint
1573:             1             24  sun.text.normalizer.ReplaceableUCharacterIterator
1574:             1             24  sun.util.locale.BaseLocale$Cache
1575:             1             24  sun.util.locale.provider.CalendarDataProviderImpl
1576:             1             24  sun.util.locale.provider.CalendarProviderImpl
1577:             1             24  sun.util.locale.provider.CollatorProviderImpl
1578:             1             24  sun.util.locale.provider.CurrencyNameProviderImpl
1579:             1             24  sun.util.locale.provider.DateFormatSymbolsProviderImpl
1580:             1             24  sun.util.locale.provider.DecimalFormatSymbolsProviderImpl
1581:             1             24  sun.util.locale.provider.NumberFormatProviderImpl
1582:             1             16  [Ljava.beans.EventSetDescriptor;
1583:             1             16  [Ljava.lang.Enum;
1584:             1             16  [Ljava.lang.Throwable;
1585:             1             16  [Ljava.nio.file.attribute.FileAttribute;
1586:             1             16  [Ljava.security.Provider;
1587:             1             16  [Ljava.text.FieldPosition;
1588:             1             16  [Ljava.util.logging.Handler;
1589:             1             16  [Lorg.apache.lucene.codecs.PostingsFormat;
1590:             1             16  [Lorg.apache.lucene.search.ScoreDoc;
1591:             1             16  [Lorg.apache.lucene.search.SortField;
1592:             1             16  [Lorg.apache.solr.client.solrj.impl.LBHttpSolrClient$ServerWrapper;
1593:             1             16  com.google.common.base.Equivalence$Equals
1594:             1             16  com.google.common.base.Joiner
1595:             1             16  com.google.common.base.Suppliers$SupplierOfInstance
1596:             1             16  com.google.common.base.Ticker$1
1597:             1             16  com.google.common.cache.CacheBuilder$1
1598:             1             16  com.google.common.cache.CacheBuilder$2
1599:             1             16  com.google.common.cache.CacheBuilder$3
1600:             1             16  com.google.common.cache.LocalCache$1
1601:             1             16  com.google.common.cache.LocalCache$2
1602:             1             16  com.google.common.collect.ImmutableCollection$EmptyImmutableCollection
1603:             1             16  com.google.common.collect.Iterators$1
1604:             1             16  com.google.common.collect.Iterators$2
1605:             1             16  com.sun.naming.internal.VersionHelper12
1606:             1             16  com.sun.org.apache.xalan.internal.utils.SecuritySupport
1607:             1             16  com.sun.org.apache.xerces.internal.dom.CharacterDataImpl$1
1608:             1             16  com.sun.org.apache.xerces.internal.impl.XMLDocumentScannerImpl$DTDDriver
1609:             1             16  com.sun.org.apache.xerces.internal.impl.dv.dtd.IDDatatypeValidator
1610:             1             16  com.sun.org.apache.xerces.internal.impl.dv.dtd.IDREFDatatypeValidator
1611:             1             16  com.sun.org.apache.xerces.internal.impl.dv.dtd.NMTOKENDatatypeValidator
1612:             1             16  com.sun.org.apache.xerces.internal.impl.dv.dtd.NOTATIONDatatypeValidator
1613:             1             16  com.sun.org.apache.xerces.internal.impl.dv.dtd.StringDatatypeValidator
1614:             1             16  com.sun.org.apache.xerces.internal.utils.SecuritySupport
1615:             1             16  com.sun.org.apache.xpath.internal.objects.EqualComparator
1616:             1             16  com.sun.org.apache.xpath.internal.objects.GreaterThanComparator
1617:             1             16  com.sun.org.apache.xpath.internal.objects.GreaterThanOrEqualComparator
1618:             1             16  com.sun.org.apache.xpath.internal.objects.LessThanComparator
1619:             1             16  com.sun.org.apache.xpath.internal.objects.LessThanOrEqualComparator
1620:             1             16  com.sun.org.apache.xpath.internal.objects.NotEqualComparator
1621:             1             16  com.sun.org.apache.xpath.internal.objects.XMLStringFactoryImpl
1622:             1             16  java.io.FileDescriptor$1
1623:             1             16  java.lang.ApplicationShutdownHooks$1
1624:             1             16  java.lang.CharacterData00
1625:             1             16  java.lang.CharacterDataLatin1
1626:             1             16  java.lang.InheritableThreadLocal
1627:             1             16  java.lang.Runtime
1628:             1             16  java.lang.String$CaseInsensitiveComparator
1629:             1             16  java.lang.System$2
1630:             1             16  java.lang.Terminator$1
1631:             1             16  java.lang.invoke.MemberName$Factory
1632:             1             16  java.lang.invoke.MethodHandleImpl$2
1633:             1             16  java.lang.invoke.MethodHandleImpl$3
1634:             1             16  java.lang.management.PlatformComponent$1
1635:             1             16  java.lang.management.PlatformComponent$10
1636:             1             16  java.lang.management.PlatformComponent$11
1637:             1             16  java.lang.management.PlatformComponent$12
1638:             1             16  java.lang.management.PlatformComponent$13
1639:             1             16  java.lang.management.PlatformComponent$14
1640:             1             16  java.lang.management.PlatformComponent$15
1641:             1             16  java.lang.management.PlatformComponent$2
1642:             1             16  java.lang.management.PlatformComponent$3
1643:             1             16  java.lang.management.PlatformComponent$4
1644:             1             16  java.lang.management.PlatformComponent$5
1645:             1             16  java.lang.management.PlatformComponent$6
1646:             1             16  java.lang.management.PlatformComponent$7
1647:             1             16  java.lang.management.PlatformComponent$8
1648:             1             16  java.lang.management.PlatformComponent$9
1649:             1             16  java.lang.ref.Reference$Lock
1650:             1             16  java.lang.reflect.Proxy$KeyFactory
1651:             1             16  java.lang.reflect.Proxy$ProxyClassFactory
1652:             1             16  java.lang.reflect.ReflectAccess
1653:             1             16  java.net.InetAddress$2
1654:             1             16  java.net.URLClassLoader$7
1655:             1             16  java.nio.Bits$1
1656:             1             16  java.nio.channels.spi.AbstractInterruptibleChannel$1
1657:             1             16  java.nio.charset.CoderResult$1
1658:             1             16  java.nio.charset.CoderResult$2
1659:             1             16  java.security.ProtectionDomain$1
1660:             1             16  java.security.ProtectionDomain$3
1661:             1             16  java.text.DontCareFieldPosition$1
1662:             1             16  java.util.Collections$EmptyEnumeration
1663:             1             16  java.util.Collections$EmptyIterator
1664:             1             16  java.util.Collections$EmptyList
1665:             1             16  java.util.Collections$EmptySet
1666:             1             16  java.util.Collections$UnmodifiableMap$UnmodifiableEntrySet
1667:             1             16  java.util.Currency$CurrencyNameGetter
1668:             1             16  java.util.Hashtable$KeySet
1669:             1             16  java.util.ResourceBundle$Control
1670:             1             16  java.util.Timer$1
1671:             1             16  java.util.concurrent.ConcurrentHashMap$EntrySetView
1672:             1             16  java.util.concurrent.ConcurrentSkipListMap$KeySet
1673:             1             16  java.util.concurrent.Executors$FinalizableDelegatedExecutorService
1674:             1             16  java.util.concurrent.ThreadPoolExecutor$AbortPolicy
1675:             1             16  java.util.jar.JavaUtilJarAccessImpl
1676:             1             16  java.util.logging.LoggingProxyImpl
1677:             1             16  java.util.regex.Pattern$4
1678:             1             16  java.util.regex.Pattern$Begin
1679:             1             16  java.util.regex.Pattern$CharPropertyNames$10
1680:             1             16  java.util.regex.Pattern$CharPropertyNames$11
1681:             1             16  java.util.regex.Pattern$CharPropertyNames$12
1682:             1             16  java.util.regex.Pattern$CharPropertyNames$13
1683:             1             16  java.util.regex.Pattern$CharPropertyNames$14
1684:             1             16  java.util.regex.Pattern$CharPropertyNames$15
1685:             1             16  java.util.regex.Pattern$CharPropertyNames$16
1686:             1             16  java.util.regex.Pattern$CharPropertyNames$17
1687:             1             16  java.util.regex.Pattern$CharPropertyNames$18
1688:             1             16  java.util.regex.Pattern$CharPropertyNames$19
1689:             1             16  java.util.regex.Pattern$CharPropertyNames$20
1690:             1             16  java.util.regex.Pattern$CharPropertyNames$21
1691:             1             16  java.util.regex.Pattern$CharPropertyNames$22
1692:             1             16  java.util.regex.Pattern$CharPropertyNames$23
1693:             1             16  java.util.regex.Pattern$CharPropertyNames$5
1694:             1             16  java.util.regex.Pattern$CharPropertyNames$6
1695:             1             16  java.util.regex.Pattern$CharPropertyNames$7
1696:             1             16  java.util.regex.Pattern$CharPropertyNames$8
1697:             1             16  java.util.regex.Pattern$CharPropertyNames$9
1698:             1             16  java.util.regex.Pattern$LastNode
1699:             1             16  java.util.regex.Pattern$Node
1700:             1             16  java.util.zip.ZipFile$1
1701:             1             16  javax.xml.parsers.SecuritySupport
1702:             1             16  javax.xml.stream.SecuritySupport
1703:             1             16  javax.xml.transform.SecuritySupport
1704:             1             16  org.apache.http.conn.ssl.AllowAllHostnameVerifier
1705:             1             16  org.apache.http.conn.ssl.BrowserCompatHostnameVerifier
1706:             1             16  org.apache.http.conn.ssl.StrictHostnameVerifier
1707:             1             16  org.apache.log4j.DefaultCategoryFactory
1708:             1             16  org.apache.log4j.helpers.AppenderAttachableImpl
1709:             1             16  org.apache.log4j.or.DefaultRenderer
1710:             1             16  org.apache.log4j.or.RendererMap
1711:             1             16  org.apache.log4j.spi.DefaultRepositorySelector
1712:             1             16  org.apache.lucene.analysis.Analyzer$1
1713:             1             16  org.apache.lucene.analysis.Analyzer$2
1714:             1             16  org.apache.lucene.analysis.payloads.FloatEncoder
1715:             1             16  org.apache.lucene.analysis.util.CharacterUtils$Java4CharacterUtils
1716:             1             16  org.apache.lucene.analysis.util.CharacterUtils$Java5CharacterUtils
1717:             1             16  org.apache.lucene.codecs.bloom.DefaultBloomFilterFactory
1718:             1             16  org.apache.lucene.codecs.compressing.CompressionMode$1
1719:             1             16  org.apache.lucene.codecs.compressing.CompressionMode$2
1720:             1             16  org.apache.lucene.codecs.compressing.CompressionMode$3
1721:             1             16  org.apache.lucene.codecs.compressing.CompressionMode$4
1722:             1             16  org.apache.lucene.codecs.lucene40.Lucene40PostingsFormat
1723:             1             16  org.apache.lucene.codecs.lucene40.Lucene40StoredFieldsFormat
1724:             1             16  org.apache.lucene.codecs.lucene41.Lucene41PostingsFormat
1725:             1             16  org.apache.lucene.codecs.lucene410.Lucene410Codec$3
1726:             1             16  org.apache.lucene.codecs.lucene410.Lucene410DocValuesFormat
1727:             1             16  org.apache.lucene.codecs.lucene45.Lucene45DocValuesFormat
1728:             1             16  org.apache.lucene.codecs.lucene49.Lucene49Codec$3
1729:             1             16  org.apache.lucene.codecs.lucene49.Lucene49DocValuesFormat
1730:             1             16  org.apache.lucene.codecs.lucene50.Lucene50DocValuesFormat
1731:             1             16  org.apache.lucene.codecs.memory.DirectDocValuesFormat
1732:             1             16  org.apache.lucene.codecs.memory.FSTOrdPostingsFormat
1733:             1             16  org.apache.lucene.codecs.memory.FSTPostingsFormat
1734:             1             16  org.apache.lucene.codecs.simpletext.SimpleTextCompoundFormat
1735:             1             16  org.apache.lucene.codecs.simpletext.SimpleTextFieldInfosFormat
1736:             1             16  org.apache.lucene.codecs.simpletext.SimpleTextLiveDocsFormat
1737:             1             16  org.apache.lucene.codecs.simpletext.SimpleTextNormsFormat
1738:             1             16  org.apache.lucene.codecs.simpletext.SimpleTextSegmentInfoFormat
1739:             1             16  org.apache.lucene.codecs.simpletext.SimpleTextStoredFieldsFormat
1740:             1             16  org.apache.lucene.codecs.simpletext.SimpleTextTermVectorsFormat
1741:             1             16  org.apache.lucene.index.BufferedUpdatesStream$1
1742:             1             16  org.apache.lucene.index.DocumentsWriterPerThread$1
1743:             1             16  org.apache.lucene.index.TermsEnum$2
1744:             1             16  org.apache.lucene.search.MultiTermQuery$1
1745:             1             16  org.apache.lucene.search.ScoringRewrite$1
1746:             1             16  org.apache.lucene.search.ScoringRewrite$2
1747:             1             16  org.apache.lucene.search.spell.LuceneLevenshteinDistance
1748:             1             16  org.apache.lucene.search.spell.SuggestWordScoreComparator
1749:             1             16  org.apache.lucene.store.MMapDirectory$1
1750:             1             16  org.apache.lucene.store.NativeFSLockFactory
1751:             1             16  org.apache.lucene.uninverting.FieldCache$1
1752:             1             16  org.apache.lucene.uninverting.FieldCache$2
1753:             1             16  org.apache.lucene.uninverting.FieldCache$3
1754:             1             16  org.apache.lucene.uninverting.FieldCache$4
1755:             1             16  org.apache.lucene.uninverting.FieldCacheImpl$1
1756:             1             16  org.apache.lucene.util.ArrayUtil$NaturalComparator
1757:             1             16  org.apache.lucene.util.AttributeFactory$DefaultAttributeFactory
1758:             1             16  org.apache.lucene.util.BytesRef$UTF8SortedAsUTF16Comparator
1759:             1             16  org.apache.lucene.util.BytesRef$UTF8SortedAsUnicodeComparator
1760:             1             16  org.apache.lucene.util.CharsRef$UTF16SortedAsUTF8Comparator
1761:             1             16  org.apache.lucene.util.InfoStream$NoOutput
1762:             1             16  org.apache.lucene.util.LongValues$1
1763:             1             16  org.apache.lucene.util.fst.ByteSequenceOutputs
1764:             1             16  org.apache.lucene.util.packed.PackedInts$NullReader
1765:             1             16  org.apache.solr.client.solrj.impl.BinaryResponseParser
1766:             1             16  org.apache.solr.client.solrj.impl.HttpClientConfigurer
1767:             1             16  org.apache.solr.core.ConfigSolrXml$1
1768:             1             16  org.apache.solr.core.ConfigSolrXml$2
1769:             1             16  org.apache.solr.core.ConfigSolrXml$3
1770:             1             16  org.apache.solr.core.CorePropertiesLocator
1771:             1             16  org.apache.solr.core.SolrCore$9
1772:             1             16  org.apache.solr.core.StandardIndexReaderFactory
1773:             1             16  org.apache.solr.handler.ReplicationHandler$2
1774:             1             16  org.apache.solr.handler.component.DebugComponent
1775:             1             16  org.apache.solr.handler.component.MoreLikeThisComponent
1776:             1             16  org.apache.solr.handler.component.QueryComponent
1777:             1             16  org.apache.solr.handler.component.RealTimeGetComponent
1778:             1             16  org.apache.solr.handler.component.StatsComponent
1779:             1             16  org.apache.solr.handler.component.TermsComponent
1780:             1             16  org.apache.solr.response.BinaryResponseWriter
1781:             1             16  org.apache.solr.response.CSVResponseWriter
1782:             1             16  org.apache.solr.response.PHPResponseWriter
1783:             1             16  org.apache.solr.response.PHPSerializedResponseWriter
1784:             1             16  org.apache.solr.response.PythonResponseWriter
1785:             1             16  org.apache.solr.response.RawResponseWriter
1786:             1             16  org.apache.solr.response.RubyResponseWriter
1787:             1             16  org.apache.solr.response.SchemaXmlResponseWriter
1788:             1             16  org.apache.solr.response.SortingResponseWriter
1789:             1             16  org.apache.solr.response.XMLResponseWriter
1790:             1             16  org.apache.solr.response.XSLTResponseWriter
1791:             1             16  org.apache.solr.response.transform.ChildDocTransformerFactory
1792:             1             16  org.apache.solr.response.transform.DocIdAugmenterFactory
1793:             1             16  org.apache.solr.response.transform.ElevatedMarkerFactory
1794:             1             16  org.apache.solr.response.transform.ExcludedMarkerFactory
1795:             1             16  org.apache.solr.response.transform.ShardAugmenterFactory
1796:             1             16  org.apache.solr.rest.ManagedResourceStorage$FileStorageIO
1797:             1             16  org.apache.solr.schema.RandomSortField$1
1798:             1             16  org.apache.solr.search.BoostQParserPlugin
1799:             1             16  org.apache.solr.search.CollapsingQParserPlugin
1800:             1             16  org.apache.solr.search.ComplexPhraseQParserPlugin
1801:             1             16  org.apache.solr.search.DateValueSourceParser
1802:             1             16  org.apache.solr.search.DisMaxQParserPlugin
1803:             1             16  org.apache.solr.search.ExportQParserPlugin
1804:             1             16  org.apache.solr.search.ExtendedDismaxQParserPlugin
1805:             1             16  org.apache.solr.search.FieldQParserPlugin
1806:             1             16  org.apache.solr.search.FunctionQParserPlugin
1807:             1             16  org.apache.solr.search.FunctionRangeQParserPlugin
1808:             1             16  org.apache.solr.search.JoinQParserPlugin
1809:             1             16  org.apache.solr.search.LuceneQParserPlugin
1810:             1             16  org.apache.solr.search.MaxScoreQParserPlugin
1811:             1             16  org.apache.solr.search.NestedQParserPlugin
1812:             1             16  org.apache.solr.search.NoOpRegenerator
1813:             1             16  org.apache.solr.search.OldLuceneQParserPlugin
1814:             1             16  org.apache.solr.search.PrefixQParserPlugin
1815:             1             16  org.apache.solr.search.RawQParserPlugin
1816:             1             16  org.apache.solr.search.ReRankQParserPlugin
1817:             1             16  org.apache.solr.search.SimpleQParserPlugin
1818:             1             16  org.apache.solr.search.SolrFieldCacheMBean
1819:             1             16  org.apache.solr.search.SolrIndexSearcher$1
1820:             1             16  org.apache.solr.search.SolrIndexSearcher$2
1821:             1             16  org.apache.solr.search.SolrIndexSearcher$3
1822:             1             16  org.apache.solr.search.SolrIndexSearcher$4
1823:             1             16  org.apache.solr.search.SolrQueryTimeoutImpl
1824:             1             16  org.apache.solr.search.SolrQueryTimeoutImpl$1
1825:             1             16  org.apache.solr.search.SpatialBoxQParserPlugin
1826:             1             16  org.apache.solr.search.SpatialFilterQParserPlugin
1827:             1             16  org.apache.solr.search.SurroundQParserPlugin
1828:             1             16  org.apache.solr.search.SwitchQParserPlugin
1829:             1             16  org.apache.solr.search.TermQParserPlugin
1830:             1             16  org.apache.solr.search.TermsQParserPlugin
1831:             1             16  org.apache.solr.search.ValueSourceParser$1
1832:             1             16  org.apache.solr.search.ValueSourceParser$10
1833:             1             16  org.apache.solr.search.ValueSourceParser$11
1834:             1             16  org.apache.solr.search.ValueSourceParser$12
1835:             1             16  org.apache.solr.search.ValueSourceParser$13
1836:             1             16  org.apache.solr.search.ValueSourceParser$14
1837:             1             16  org.apache.solr.search.ValueSourceParser$15
1838:             1             16  org.apache.solr.search.ValueSourceParser$16
1839:             1             16  org.apache.solr.search.ValueSourceParser$17
1840:             1             16  org.apache.solr.search.ValueSourceParser$18
1841:             1             16  org.apache.solr.search.ValueSourceParser$19
1842:             1             16  org.apache.solr.search.ValueSourceParser$2
1843:             1             16  org.apache.solr.search.ValueSourceParser$20
1844:             1             16  org.apache.solr.search.ValueSourceParser$21
1845:             1             16  org.apache.solr.search.ValueSourceParser$22
1846:             1             16  org.apache.solr.search.ValueSourceParser$23
1847:             1             16  org.apache.solr.search.ValueSourceParser$24
1848:             1             16  org.apache.solr.search.ValueSourceParser$25
1849:             1             16  org.apache.solr.search.ValueSourceParser$26
1850:             1             16  org.apache.solr.search.ValueSourceParser$27
1851:             1             16  org.apache.solr.search.ValueSourceParser$28
1852:             1             16  org.apache.solr.search.ValueSourceParser$29
1853:             1             16  org.apache.solr.search.ValueSourceParser$3
1854:             1             16  org.apache.solr.search.ValueSourceParser$30
1855:             1             16  org.apache.solr.search.ValueSourceParser$31
1856:             1             16  org.apache.solr.search.ValueSourceParser$32
1857:             1             16  org.apache.solr.search.ValueSourceParser$33
1858:             1             16  org.apache.solr.search.ValueSourceParser$34
1859:             1             16  org.apache.solr.search.ValueSourceParser$35
1860:             1             16  org.apache.solr.search.ValueSourceParser$36
1861:             1             16  org.apache.solr.search.ValueSourceParser$37
1862:             1             16  org.apache.solr.search.ValueSourceParser$38
1863:             1             16  org.apache.solr.search.ValueSourceParser$39
1864:             1             16  org.apache.solr.search.ValueSourceParser$4
1865:             1             16  org.apache.solr.search.ValueSourceParser$40
1866:             1             16  org.apache.solr.search.ValueSourceParser$41
1867:             1             16  org.apache.solr.search.ValueSourceParser$42
1868:             1             16  org.apache.solr.search.ValueSourceParser$43
1869:             1             16  org.apache.solr.search.ValueSourceParser$44
1870:             1             16  org.apache.solr.search.ValueSourceParser$45
1871:             1             16  org.apache.solr.search.ValueSourceParser$46
1872:             1             16  org.apache.solr.search.ValueSourceParser$47
1873:             1             16  org.apache.solr.search.ValueSourceParser$48
1874:             1             16  org.apache.solr.search.ValueSourceParser$49
1875:             1             16  org.apache.solr.search.ValueSourceParser$5
1876:             1             16  org.apache.solr.search.ValueSourceParser$50
1877:             1             16  org.apache.solr.search.ValueSourceParser$51
1878:             1             16  org.apache.solr.search.ValueSourceParser$52
1879:             1             16  org.apache.solr.search.ValueSourceParser$53
1880:             1             16  org.apache.solr.search.ValueSourceParser$54
1881:             1             16  org.apache.solr.search.ValueSourceParser$55
1882:             1             16  org.apache.solr.search.ValueSourceParser$56
1883:             1             16  org.apache.solr.search.ValueSourceParser$57
1884:             1             16  org.apache.solr.search.ValueSourceParser$58
1885:             1             16  org.apache.solr.search.ValueSourceParser$59
1886:             1             16  org.apache.solr.search.ValueSourceParser$6
1887:             1             16  org.apache.solr.search.ValueSourceParser$60
1888:             1             16  org.apache.solr.search.ValueSourceParser$61
1889:             1             16  org.apache.solr.search.ValueSourceParser$62
1890:             1             16  org.apache.solr.search.ValueSourceParser$63
1891:             1             16  org.apache.solr.search.ValueSourceParser$64
1892:             1             16  org.apache.solr.search.ValueSourceParser$65
1893:             1             16  org.apache.solr.search.ValueSourceParser$66
1894:             1             16  org.apache.solr.search.ValueSourceParser$67
1895:             1             16  org.apache.solr.search.ValueSourceParser$68
1896:             1             16  org.apache.solr.search.ValueSourceParser$69
1897:             1             16  org.apache.solr.search.ValueSourceParser$7
1898:             1             16  org.apache.solr.search.ValueSourceParser$70
1899:             1             16  org.apache.solr.search.ValueSourceParser$71
1900:             1             16  org.apache.solr.search.ValueSourceParser$72
1901:             1             16  org.apache.solr.search.ValueSourceParser$73
1902:             1             16  org.apache.solr.search.ValueSourceParser$74
1903:             1             16  org.apache.solr.search.ValueSourceParser$8
1904:             1             16  org.apache.solr.search.ValueSourceParser$9
1905:             1             16  org.apache.solr.search.function.distance.GeoDistValueSourceParser
1906:             1             16  org.apache.solr.search.grouping.endresulttransformer.MainEndResultTransformer
1907:             1             16  org.apache.solr.search.grouping.endresulttransformer.SimpleEndResultTransformer
1908:             1             16  org.apache.solr.search.join.BlockJoinChildQParserPlugin
1909:             1             16  org.apache.solr.search.join.BlockJoinParentQParserPlugin
1910:             1             16  org.apache.solr.search.mlt.MLTQParserPlugin
1911:             1             16  org.apache.solr.search.stats.LocalStatsCache
1912:             1             16  org.apache.solr.update.LoggingInfoStream
1913:             1             16  org.apache.solr.update.TransactionLog$1
1914:             1             16  org.apache.solr.update.processor.DistributedUpdateProcessorFactory
1915:             1             16  org.apache.solr.update.processor.RunUpdateProcessorFactory
1916:             1             16  org.apache.solr.util.EmptyEntityResolver$1
1917:             1             16  org.apache.solr.util.EmptyEntityResolver$2
1918:             1             16  org.apache.solr.util.stats.Clock$UserTimeClock
1919:             1             16  org.eclipse.jetty.deploy.bindings.StandardDeployer
1920:             1             16  org.eclipse.jetty.deploy.bindings.StandardStarter
1921:             1             16  org.eclipse.jetty.deploy.bindings.StandardStopper
1922:             1             16  org.eclipse.jetty.deploy.bindings.StandardUndeployer
1923:             1             16  org.eclipse.jetty.deploy.providers.ContextProvider$1
1924:             1             16  org.eclipse.jetty.deploy.providers.ScanningAppProvider$1
1925:             1             16  org.eclipse.jetty.http.HttpFields$1
1926:             1             16  org.eclipse.jetty.http.HttpFields$2
1927:             1             16  org.eclipse.jetty.http.MimeTypes
1928:             1             16  org.eclipse.jetty.security.DefaultAuthenticatorFactory
1929:             1             16  org.eclipse.jetty.security.SecurityHandler$1
1930:             1             16  org.eclipse.jetty.security.SecurityHandler$2
1931:             1             16  org.eclipse.jetty.security.SecurityHandler$3
1932:             1             16  org.eclipse.jetty.server.Authentication$1
1933:             1             16  org.eclipse.jetty.server.Authentication$2
1934:             1             16  org.eclipse.jetty.server.Authentication$3
1935:             1             16  org.eclipse.jetty.server.Authentication$4
1936:             1             16  org.eclipse.jetty.server.Authentication$5
1937:             1             16  org.eclipse.jetty.server.handler.ContextHandler$ApproveNonExistentDirectoryAliases
1938:             1             16  org.eclipse.jetty.server.session.AbstractSessionManager$1
1939:             1             16  org.eclipse.jetty.server.session.AbstractSessionManager$2
1940:             1             16  org.eclipse.jetty.servlet.listener.ELContextCleaner
1941:             1             16  org.eclipse.jetty.servlet.listener.IntrospectorCleaner
1942:             1             16  org.eclipse.jetty.start.FilenameComparator
1943:             1             16  org.eclipse.jetty.util.IO$ClosedIS
1944:             1             16  org.eclipse.jetty.util.IO$NullOS
1945:             1             16  org.eclipse.jetty.util.StringMap$NullEntry
1946:             1             16  org.eclipse.jetty.util.component.Container
1947:             1             16  org.eclipse.jetty.util.thread.QueuedThreadPool$3
1948:             1             16  org.eclipse.jetty.webapp.FragmentConfiguration
1949:             1             16  org.eclipse.jetty.webapp.JettyWebXmlConfiguration
1950:             1             16  org.eclipse.jetty.webapp.MetaInfConfiguration
1951:             1             16  org.eclipse.jetty.webapp.StandardDescriptorProcessor
1952:             1             16  org.eclipse.jetty.webapp.WebInfConfiguration
1953:             1             16  org.eclipse.jetty.webapp.WebXmlConfiguration
1954:             1             16  org.opensextant.solrtexttagger.TagClusterReducer$1
1955:             1             16  org.opensextant.solrtexttagger.TagClusterReducer$2
1956:             1             16  org.opensextant.solrtexttagger.TagClusterReducer$3
1957:             1             16  org.slf4j.helpers.NOPLoggerFactory
1958:             1             16  org.slf4j.helpers.SubstituteLoggerFactory
1959:             1             16  org.slf4j.impl.Log4jLoggerFactory
1960:             1             16  org.slf4j.impl.StaticLoggerBinder
1961:             1             16  sun.management.HotSpotDiagnostic
1962:             1             16  sun.misc.ASCIICaseInsensitiveComparator
1963:             1             16  sun.misc.FloatingDecimal$1
1964:             1             16  sun.misc.Launcher
1965:             1             16  sun.misc.Launcher$Factory
1966:             1             16  sun.misc.Perf
1967:             1             16  sun.misc.Unsafe
1968:             1             16  sun.net.DefaultProgressMeteringPolicy
1969:             1             16  sun.net.www.protocol.file.Handler
1970:             1             16  sun.net.www.protocol.jar.JarFileFactory
1971:             1             16  sun.nio.ch.Util$1
1972:             1             16  sun.nio.fs.LinuxFileSystemProvider
1973:             1             16  sun.reflect.GeneratedConstructorAccessor13
1974:             1             16  sun.reflect.GeneratedConstructorAccessor8
1975:             1             16  sun.reflect.GeneratedMethodAccessor1
1976:             1             16  sun.reflect.GeneratedMethodAccessor2
1977:             1             16  sun.reflect.GeneratedMethodAccessor3
1978:             1             16  sun.reflect.GeneratedMethodAccessor4
1979:             1             16  sun.reflect.GeneratedMethodAccessor5
1980:             1             16  sun.reflect.GeneratedMethodAccessor6
1981:             1             16  sun.reflect.ReflectionFactory
1982:             1             16  sun.reflect.generics.tree.BottomSignature
1983:             1             16  sun.security.rsa.RSAKeyFactory
1984:             1             16  sun.security.ssl.EphemeralKeyManager
1985:             1             16  sun.security.util.ByteArrayLexOrder
1986:             1             16  sun.security.util.ByteArrayTagOrder
1987:             1             16  sun.text.normalizer.NormalizerBase$Mode
1988:             1             16  sun.text.normalizer.NormalizerBase$NFCMode
1989:             1             16  sun.text.normalizer.NormalizerBase$NFDMode
1990:             1             16  sun.text.normalizer.NormalizerBase$NFKCMode
1991:             1             16  sun.text.normalizer.NormalizerBase$NFKDMode
1992:             1             16  sun.text.normalizer.NormalizerImpl
1993:             1             16  sun.text.normalizer.NormalizerImpl$AuxTrieImpl
1994:             1             16  sun.text.normalizer.NormalizerImpl$FCDTrieImpl
1995:             1             16  sun.text.normalizer.NormalizerImpl$NormTrieImpl
1996:             1             16  sun.text.normalizer.ReplaceableString
1997:             1             16  sun.util.calendar.Gregorian
1998:             1             16  sun.util.locale.provider.AuxLocaleProviderAdapter$NullProvider
1999:             1             16  sun.util.locale.provider.CalendarDataUtility$CalendarWeekParameterGetter
2000:             1             16  sun.util.locale.provider.SPILocaleProviderAdapter
2001:             1             16  sun.util.resources.LocaleData
2002:             1             16  sun.util.resources.LocaleData$LocaleDataResourceBundleControl
Total      32219520     3902395688

 num     #instances         #bytes  class name
----------------------------------------------
   1:      22780633     2288407120  [C
   2:        359281     1407951904  [B
   3:         30638      847921888  [J
   4:      22761102      546266448  java.lang.String
   5:          8871      265436016  [I
   6:        203191      123611528  [Ljava.lang.Object;
   7:        659502       47484144  org.apache.lucene.util.fst.FST$Arc
   8:        125833       12811768  [Lorg.apache.lucene.util.fst.FST$Arc;
   9:         25621        6185136  [Ljava.util.HashMap$Node;
  10:        253938        6094512  org.apache.lucene.util.BytesRef
  11:        111890        2685360  org.apache.lucene.util.fst.ReverseBytesReader
  12:         61060        1953920  java.util.HashMap$Node
  13:         66471        1595304  java.util.ArrayList
  14:         26026        1457456  org.apache.lucene.codecs.memory.MemoryPostingsFormat$FSTTermsEnum
  15:         26026        1457456  org.apache.lucene.util.fst.BytesRefFSTEnum
  16:         32399        1295960  java.util.LinkedHashMap$Entry
  17:         35299        1129568  org.apache.lucene.store.ByteArrayDataInput
  18:         45890        1101360  org.apache.lucene.index.MultiDocsEnum$EnumWithSlice
  19:         18366         881568  java.util.HashMap
  20:         21371         854840  org.apache.lucene.document.FieldType
  21:         26026         832832  org.apache.lucene.index.MultiTermsEnum$TermsEnumWithSlice
  22:         20353         814120  org.apache.lucene.util.packed.Packed64
  23:         20343         813720  sun.nio.cs.UTF_8$Decoder
  24:         21369         683808  org.apache.lucene.document.Field
  25:         21369         683808  org.apache.lucene.document.LazyDocument$LazyField
  26:         26026         624624  org.apache.lucene.index.ExitableDirectoryReader$ExitableTermsEnum
  27:         26026         624624  org.apache.lucene.index.MultiDocsAndPositionsEnum$EnumWithSlice
  28:         26026         624624  org.apache.lucene.index.MultiTermsEnum$TermsEnumIndex
  29:         26026         624624  org.apache.lucene.util.fst.BytesRefFSTEnum$InputOutput
  30:          5037         567440  java.lang.Class
  31:          8284         463904  java.util.LinkedHashMap
  32:          7698         431088  org.apache.lucene.util.packed.PackedReaderIterator
  33:          3003         360360  [Lorg.apache.lucene.index.MultiTermsEnum$TermsEnumWithSlice;
  34:         10664         341248  java.lang.StackTraceElement
  35:          2083         302224  [S
  36:         16193         259088  java.lang.Integer
  37:          7346         235072  java.util.concurrent.ConcurrentHashMap$Node
  38:          7124         227968  org.apache.lucene.document.LazyDocument
  39:          1765         211800  [Lorg.apache.lucene.index.MultiDocsEnum$EnumWithSlice;
  40:          4312         206976  java.nio.HeapCharBuffer
  41:          7799         187176  org.apache.solr.common.SolrDocument
  42:          7698         184752  org.apache.lucene.util.LongsRef
  43:          2663         170432  org.apache.lucene.codecs.memory.MemoryPostingsFormat$FSTDocsEnum
  44:          6610         158640  org.apache.solr.search.SolrIndexSearcher$SetNonLazyFieldSelector
  45:          6609         158616  org.apache.lucene.codecs.compressing.CompressingStoredFieldsReader$SerializedDocument
  46:          3482         155664  [Ljava.lang.String;
  47:          2779         133392  java.nio.HeapByteBuffer
  48:          5333         127992  java.util.LinkedList$Node
  49:            24         127808  [[B
  50:          7905         126480  java.util.HashSet
  51:          7810         124960  java.util.LinkedHashMap$LinkedEntrySet
  52:          2590         124320  org.apache.solr.parser.Token
  53:          1002         120136  [Lorg.apache.lucene.index.MultiTermsEnum$TermsEnumIndex;
  54:          1001         120120  [Lorg.apache.lucene.index.MultiDocsAndPositionsEnum$EnumWithSlice;
  55:          7124         113984  org.apache.lucene.document.Document
  56:            66         101256  [Lorg.apache.lucene.util.packed.PackedInts$Reader;
  57:          3149         100768  org.apache.lucene.util.WeakIdentityMap$IdentityWeakReference
  58:            17          99656  [F
  59:           498          95264  [Ljava.lang.StackTraceElement;
  60:           764          91680  [Lorg.apache.lucene.index.DocsEnum;
  61:          1592          89152  org.eclipse.jetty.io.ByteArrayBuffer
  62:          2161          86440  org.tartarus.snowball.Among
  63:          2694          64656  org.apache.lucene.index.BitsSlice
  64:          1001          64064  org.apache.lucene.index.MultiTermsEnum
  65:           104          63008  [Ljava.util.concurrent.ConcurrentHashMap$Node;
  66:          3724          59584  java.lang.Object
  67:          2405          57720  org.apache.lucene.util.packed.Direct8
  68:          1802          57664  java.util.Hashtable$Entry
  69:          3443          55088  org.apache.lucene.util.BytesRefBuilder
  70:          1369          54760  java.util.TreeMap$Entry
  71:          1505          48160  org.apache.solr.schema.StrFieldSource$1
  72:          2005          48120  org.apache.lucene.util.packed.Packed64SingleBlock$Packed64SingleBlock4
  73:          1974          47376  java.util.concurrent.ConcurrentSkipListMap$Node
  74:           958          45984  org.opensextant.solrtexttagger.TagLL
  75:           920          44160  org.opensextant.solrtexttagger.TermPrefixCursor
  76:           781          43736  org.eclipse.jetty.io.ByteArrayBuffer$CaseInsensitive
  77:           511          43696  [Ljava.util.WeakHashMap$Entry;
  78:           155          43488  [[C
  79:          1673          40152  java.lang.Long
  80:          1578          37872  org.eclipse.jetty.http.HttpFields$Field
  81:           259          37296  org.apache.solr.search.SolrQueryParser
  82:          1528          36672  java.lang.Double
  83:           764          36672  org.apache.lucene.index.MultiDocsEnum
  84:          1511          36264  org.apache.lucene.util.CharsRef
  85:          1505          36120  org.apache.lucene.uninverting.FieldCacheImpl$SortedDocValuesImpl$1
  86:          1505          36120  org.apache.lucene.util.mutable.MutableValueStr
  87:          1489          35736  org.apache.lucene.uninverting.FieldCacheImpl$CacheKey
  88:           824          32960  java.util.WeakHashMap$Entry
  89:           498          31872  java.nio.DirectByteBufferR
  90:           262          31440  [Lorg.apache.lucene.queries.function.FunctionValues;
  91:           782          31280  com.sun.org.apache.xerces.internal.dom.TextImpl
  92:           778          31120  com.sun.org.apache.xerces.internal.dom.DeferredTextImpl
  93:           972          31104  java.lang.ThreadLocal$ThreadLocalMap$Entry
  94:           937          29984  java.lang.ref.WeakReference
  95:           698          27920  java.lang.ref.SoftReference
  96:           862          27584  sun.security.util.DerInputBuffer
  97:           862          27584  sun.security.util.DerValue
  98:           262          27248  org.opensextant.solrtexttagger.TaggerRequestHandler$1
  99:           677          27080  java.math.BigInteger
 100:           241          25064  org.apache.lucene.util.fst.FST
 101:           508          24384  java.util.WeakHashMap
 102:          1509          24144  org.apache.lucene.util.CharsRefBuilder
 103:          1506          24096  java.lang.Float
 104:          1001          24024  org.apache.lucene.index.MultiTermsEnum$TermMergeQueue
 105:           477          22896  org.apache.lucene.index.FieldInfo
 106:           354          22656  java.net.URL
 107:           291          20952  com.sun.org.apache.xerces.internal.dom.DeferredElementNSImpl
 108:           649          20768  java.util.Collections$UnmodifiableMap
 109:           518          20720  java.io.StringReader
 110:           518          20720  org.apache.solr.parser.FastCharStream
 111:           862          20688  sun.security.util.DerInputStream
 112:           857          20568  [Lsun.security.x509.AVA;
 113:           857          20568  sun.security.x509.AVA
 114:           857          20568  sun.security.x509.RDN
 115:           510          20400  java.util.HashMap$KeyIterator
 116:           609          19488  java.lang.ref.ReferenceQueue
 117:           811          19464  org.apache.lucene.util.IntsRef
 118:           303          19392  com.sun.org.apache.xerces.internal.dom.ElementNSImpl
 119:           783          18792  java.lang.StringBuilder
 120:           259          18648  org.apache.log4j.spi.LoggingEvent
 121:           288          18432  org.apache.lucene.store.ByteBufferIndexInput$SingleBufferImpl
 122:           208          18304  org.apache.lucene.codecs.blocktree.FieldReader
 123:          1137          18192  org.apache.solr.common.util.NamedList
 124:           226          18080  java.lang.reflect.Constructor
 125:            74          17744  [Ljava.util.Hashtable$Entry;
 126:          1076          17216  org.apache.solr.common.util.SimpleOrderedMap
 127:           532          17024  org.apache.lucene.search.TermQuery
 128:           352          16896  com.sun.org.apache.xerces.internal.dom.AttrNSImpl
 129:           692          16608  java.util.concurrent.ConcurrentSkipListMap$Index
 130:           518          16576  java.io.IOException
 131:           518          16576  java.util.ArrayList$ListItr
 132:           518          16576  org.apache.solr.parser.QueryParser$JJCalls
 133:           341          16368  com.sun.org.apache.xerces.internal.dom.DeferredAttrNSImpl
 134:           254          16256  java.text.DateFormatSymbols
 135:           251          16064  java.util.concurrent.ConcurrentHashMap
 136:           383          15320  java.lang.ref.Finalizer
 137:           236          15104  org.apache.lucene.codecs.compressing.CompressingStoredFieldsReader
 138:           236          15104  org.eclipse.jetty.io.BufferCache$CachedBuffer
 139:           377          15080  org.eclipse.jetty.util.StringMap$Node
 140:           471          15072  sun.security.util.ObjectIdentifier
 141:           264          14784  org.apache.solr.servlet.SolrRequestParsers$1
 142:           259          14504  org.apache.solr.parser.QueryParserTokenManager
 143:           259          14504  org.apache.solr.search.LuceneQParser
 144:           571          13704  com.sun.org.apache.xerces.internal.dom.AttributeMap
 145:           420          13440  java.util.LinkedList
 146:           237          13272  java.lang.Package
 147:           552          13248  java.util.concurrent.ConcurrentLinkedQueue$Node
 148:           236          13216  org.apache.lucene.codecs.compressing.CompressingStoredFieldsReader$BlockState
 149:           540          12960  java.util.concurrent.atomic.AtomicLong
 150:           533          12792  org.apache.lucene.index.Term
 151:           266          12768  sun.nio.cs.StreamDecoder
 152:           531          12744  org.apache.lucene.search.BooleanClause
 153:           264          12672  org.apache.solr.response.SolrQueryResponse
 154:           506          12144  java.lang.StringBuffer
 155:           252          12096  org.apache.solr.common.util.JavaBinCodec
 156:           502          12048  java.io.ByteArrayOutputStream
 157:           130          11440  [Lorg.eclipse.jetty.util.StringMap$Node;
 158:           119          11424  java.util.jar.JarFile$JarFileEntry
 159:           232          11136  java.util.TreeMap
 160:           347          11104  java.util.concurrent.locks.ReentrantLock$NonfairSync
 161:           341          10912  sun.misc.FDBigInteger
 162:           269          10760  org.apache.solr.search.DocSlice
 163:           268          10720  java.util.IdentityHashMap
 164:           264          10560  org.apache.solr.request.SolrRequestInfo
 165:           263          10520  org.apache.solr.search.SolrReturnFields
 166:           262          10480  org.opensextant.solrtexttagger.ValueSourceAccessor
 167:           261          10440  org.eclipse.jetty.xml.XmlParser$Node
 168:           296          10320  [D
 169:            91          10216  [Lorg.tartarus.snowball.Among;
 170:           211          10128  sun.security.x509.X500Name
 171:           104           9984  org.apache.lucene.index.SegmentCommitInfo
 172:            39           9840  [Ljava.lang.ThreadLocal$ThreadLocalMap$Entry;
 173:           611           9776  java.lang.ref.ReferenceQueue$Lock
 174:           241           9640  org.apache.lucene.util.fst.BytesStore
 175:           298           9536  sun.security.x509.AlgorithmId
 176:            25           9400  java.lang.Thread
 177:           292           9344  org.apache.lucene.util.Version
 178:           157           8792  sun.nio.cs.UTF_8$Encoder
 179:           269           8608  org.apache.solr.servlet.SolrRequestParsers$HttpRequestContentStream
 180:           264           8448  org.apache.lucene.search.BooleanQuery
 181:           262           8384  org.apache.solr.util.stats.TimerContext
 182:           209           8360  com.sun.org.apache.xerces.internal.dom.CommentImpl
 183:           209           8360  com.sun.org.apache.xerces.internal.dom.DeferredCommentImpl
 184:           259           8288  org.apache.solr.parser.QueryParser$LookaheadSuccess
 185:           507           8112  java.util.HashMap$EntrySet
 186:           253           8096  org.apache.solr.common.util.FastOutputStream
 187:           252           8064  org.apache.solr.response.BinaryResponseWriter$Resolver
 188:           249           7968  org.apache.log4j.spi.LocationInfo
 189:           248           7936  java.lang.Throwable
 190:           124           7936  java.util.jar.JarFile
 191:            99           7920  sun.security.x509.X509CertImpl
 192:           211           7344  [Lsun.security.x509.RDN;
 193:           458           7328  java.util.concurrent.atomic.AtomicInteger
 194:           305           7320  java.util.concurrent.CopyOnWriteArrayList
 195:           288           6912  [Ljava.nio.ByteBuffer;
 196:           117           6880  [Z
 197:            75           6600  java.lang.reflect.Method
 198:           164           6560  org.apache.log4j.Logger
 199:           406           6496  java.util.HashMap$KeySet
 200:           269           6456  org.apache.solr.common.params.DefaultSolrParams
 201:           200           6400  com.sun.org.apache.xerces.internal.xni.QName
 202:           266           6384  java.io.InputStreamReader
 203:           133           6384  java.util.zip.Inflater
 204:           133           6384  org.apache.lucene.index.LeafReaderContext
 205:           133           6384  sun.misc.URLClassPath$JarLoader
 206:           265           6360  org.apache.lucene.util.FixedBitSet
 207:           262           6288  [Lorg.opensextant.solrtexttagger.TagLL;
 208:           259           6216  [Lorg.apache.solr.parser.QueryParser$JJCalls;
 209:           259           6216  org.apache.solr.search.QueryParsing$StrParser
 210:           384           6144  java.util.LinkedHashSet
 211:           256           6144  org.apache.solr.update.VersionBucket
 212:           252           6048  org.eclipse.jetty.security.RoleInfo
 213:           252           6048  org.noggit.CharArr
 214:           251           6024  org.apache.solr.servlet.SolrRequestParsers$2
 215:           249           5976  org.apache.solr.search.DocSlice$1
 216:           248           5952  org.apache.solr.common.util.NamedList$1
 217:           248           5952  org.apache.solr.response.ResultContext
 218:            99           5544  sun.security.util.MemoryCache$SoftCacheEntry
 219:            99           5544  sun.security.x509.X509CertInfo
 220:           230           5520  org.apache.lucene.util.packed.Packed64SingleBlock$Packed64SingleBlock2
 221:           223           5352  java.security.Provider$ServiceKey
 222:           334           5344  java.util.concurrent.locks.ReentrantLock
 223:            95           5320  java.security.Provider$Service
 224:           221           5304  org.apache.log4j.CategoryKey
 225:           212           5088  java.util.Date
 226:           211           5064  org.apache.lucene.index.IndexFileDeleter$RefCount
 227:           202           4848  java.util.Collections$SynchronizedSet
 228:           210           4696  [Ljava.lang.Class;
 229:           140           4480  java.util.zip.ZipCoder
 230:           276           4416  java.lang.ThreadLocal
 231:           273           4368  java.lang.Byte
 232:           181           4344  java.lang.Class$AnnotationData
 233:           270           4320  org.apache.solr.common.params.MultiMapSolrParams
 234:            90           4320  org.apache.solr.util.stats.EWMA
 235:           268           4288  [Ljavax.servlet.http.Cookie;
 236:           262           4192  org.apache.solr.schema.StrFieldSource
 237:           259           4184  [Lorg.eclipse.jetty.xml.XmlParser$Attribute;
 238:           259           4144  org.apache.solr.response.transform.DocTransformers
 239:             1           4112  [Lcom.sun.org.apache.xpath.internal.objects.XObject;
 240:           256           4096  java.lang.Short
 241:           253           4048  java.util.concurrent.CopyOnWriteArraySet
 242:            26           3952  [Lorg.apache.lucene.util.packed.PackedInts$Decoder;
 243:            26           3952  [Lorg.apache.lucene.util.packed.PackedInts$Encoder;
 244:           162           3888  org.slf4j.impl.Log4jLoggerAdapter
 245:            97           3880  org.apache.solr.analysis.TokenizerChain
 246:            94           3760  sun.security.rsa.RSAPublicKeyImpl
 247:            63           3528  java.lang.invoke.MemberName
 248:           110           3520  java.io.FileDescriptor
 249:            62           3472  java.beans.MethodDescriptor
 250:            56           3360  [Ljava.lang.ref.SoftReference;
 251:           140           3360  java.util.ArrayDeque
 252:            45           3240  org.apache.solr.schema.TextField
 253:           133           3192  java.util.zip.ZStreamRef
 254:           132           3168  java.util.jar.Attributes$Name
 255:            78           3120  sun.misc.Cleaner
 256:            78           3120  sun.nio.ch.FileChannelImpl$Unmapper
 257:           127           3048  org.apache.lucene.util.CloseableThreadLocal
 258:            95           3040  java.util.Collections$SynchronizedMap
 259:            16           2944  org.eclipse.jetty.server.Request
 260:            52           2912  org.apache.lucene.index.SegmentInfo
 261:            10           2848  [Lcom.sun.org.apache.xerces.internal.xni.QName;
 262:            71           2840  org.apache.solr.schema.SchemaField
 263:           118           2832  java.beans.MethodRef
 264:            86           2752  sun.security.x509.BasicConstraintsExtension
 265:            83           2656  com.sun.org.apache.xerces.internal.util.SymbolTable$Entry
 266:            97           2648  [Lorg.apache.lucene.analysis.util.TokenFilterFactory;
 267:           108           2592  sun.reflect.NativeConstructorAccessorImpl
 268:           161           2576  java.util.HashMap$Values
 269:            64           2560  org.apache.solr.core.PluginInfo
 270:            53           2544  org.eclipse.jetty.util.resource.FileResource
 271:            79           2528  java.io.File
 272:            79           2528  sun.security.x509.SubjectKeyIdentifierExtension
 273:            78           2496  java.lang.invoke.LambdaForm$Name
 274:            60           2400  java.security.ProtectionDomain
 275:            50           2400  java.util.Hashtable
 276:            50           2400  org.apache.lucene.analysis.util.CharArrayMap
 277:            99           2376  sun.security.util.BitArray
 278:            99           2376  sun.security.util.Cache$EqualByteArray
 279:            99           2376  sun.security.x509.CertificateValidity
 280:            74           2368  sun.security.x509.KeyUsageExtension
 281:            98           2352  org.eclipse.jetty.webapp.MetaData$OriginInfo
 282:             2           2256  [Lorg.eclipse.jetty.http.HttpStatus$Code;
 283:            20           2240  java.net.SocksSocketImpl
 284:            11           2200  [[Ljava.lang.Object;
 285:            87           2088  sun.security.x509.CertificateExtensions
 286:             1           2048  [Lorg.eclipse.jetty.http.HttpGenerator$Status;
 287:           128           2048  java.lang.Character
 288:           128           2048  java.util.WeakHashMap$KeySet
 289:            85           2040  java.util.Collections$SetFromMap
 290:            28           2016  java.beans.PropertyDescriptor
 291:            84           2016  java.security.Provider$UString
 292:            28           2016  org.apache.lucene.index.SegmentReader
 293:            83           1992  java.util.Collections$SingletonList
 294:            64           1952  [Ljava.security.cert.Certificate;
 295:            60           1920  java.security.CodeSource
 296:            40           1920  org.apache.lucene.util.packed.BulkOperationPacked
 297:            78           1872  org.apache.lucene.util.WeakIdentityMap
 298:            39           1872  sun.util.locale.LocaleObjectCache$CacheEntry
 299:            46           1840  sun.security.ec.NamedCurve
 300:            57           1824  org.apache.log4j.ProvisionNode
 301:            32           1792  org.eclipse.jetty.io.View$CaseInsensitive
 302:           112           1792  sun.security.x509.KeyIdentifier
 303:           110           1760  sun.reflect.DelegatingConstructorAccessorImpl
 304:           110           1760  sun.security.x509.SerialNumber
 305:            31           1736  org.eclipse.jetty.io.View
 306:            54           1728  java.util.Vector
 307:            24           1728  java.util.regex.Pattern
 308:            17           1712  [[I
 309:            53           1696  org.apache.lucene.index.FieldInfos
 310:            21           1680  java.net.URI
 311:           105           1680  java.util.jar.Attributes
 312:            30           1680  org.apache.solr.util.stats.ExponentiallyDecayingSample
 313:            30           1680  org.apache.solr.util.stats.Meter
 314:            16           1664  org.eclipse.jetty.server.BlockingHttpConnection
 315:            41           1640  java.io.ObjectStreamField
 316:            41           1640  java.lang.invoke.MethodType
 317:            40           1600  org.apache.lucene.analysis.core.StopFilterFactory
 318:            99           1584  sun.security.x509.CertificateAlgorithmId
 319:            99           1584  sun.security.x509.CertificateSerialNumber
 320:            99           1584  sun.security.x509.CertificateVersion
 321:            99           1584  sun.security.x509.CertificateX509Key
 322:            28           1568  java.lang.invoke.MethodTypeForm
 323:            14           1544  [[Ljava.lang.String;
 324:            16           1536  org.eclipse.jetty.http.HttpParser
 325:            47           1504  org.eclipse.jetty.http.HttpStatus$Code
 326:             3           1480  [Ljava.lang.Integer;
 327:            46           1472  java.security.spec.EllipticCurve
 328:            26           1456  org.apache.lucene.index.SegmentCoreReaders
 329:            45           1440  java.io.FilePermission
 330:            45           1440  java.security.Permissions
 331:            30           1440  java.util.concurrent.ConcurrentSkipListMap
 332:            30           1440  java.util.concurrent.locks.ReentrantReadWriteLock$NonfairSync
 333:             2           1424  [Lcom.sun.org.apache.xerces.internal.util.SymbolTable$Entry;
 334:            16           1408  org.eclipse.jetty.http.HttpGenerator
 335:            15           1376  [Ljava.lang.Byte;
 336:             1           1376  [Lsun.misc.FDBigInteger;
 337:            43           1376  java.lang.invoke.MethodType$ConcurrentWeakInternSet$WeakEntry
 338:            34           1360  sun.security.x509.AuthorityKeyIdentifierExtension
 339:            24           1344  java.util.ResourceBundle$CacheKey
 340:             9           1296  [Ljava.lang.invoke.MethodHandle;
 341:             9           1296  java.text.DecimalFormat
 342:            27           1296  java.util.WeakHashMap$KeyIterator
 343:            40           1280  java.util.concurrent.ConcurrentSkipListMap$HeadIndex
 344:            40           1280  java.util.regex.Pattern$Curly
 345:            16           1280  sun.net.www.protocol.jar.URLJarFile
 346:            39           1248  org.apache.lucene.analysis.standard.StandardTokenizerFactory
 347:            26           1248  org.apache.lucene.codecs.blocktree.BlockTreeTermsReader
 348:            26           1248  org.apache.lucene.codecs.memory.MemoryPostingsFormat$TermsReader
 349:            26           1248  org.apache.lucene.index.ReadersAndUpdates
 350:            26           1248  org.apache.lucene.uninverting.UninvertingReader
 351:            31           1240  java.security.AccessControlContext
 352:            51           1224  java.security.spec.ECPoint
 353:            30           1200  org.apache.solr.util.stats.Histogram
 354:            38           1184  [Ljava.math.BigInteger;
 355:            49           1176  com.sun.org.apache.xerces.internal.util.XMLStringBuffer
 356:            24           1152  java.util.ResourceBundle$BundleReference
 357:            16           1152  org.apache.lucene.analysis.standard.StandardTokenizerImpl
 358:            16           1152  org.eclipse.jetty.http.HttpURI
 359:            46           1104  org.eclipse.jetty.http.HttpGenerator$Status
 360:            45           1080  java.io.FilePermissionCollection
 361:            44           1056  com.sun.org.apache.xerces.internal.xni.XMLString
 362:            66           1056  org.eclipse.jetty.util.log.JettyAwareLogger
 363:            66           1056  org.eclipse.jetty.util.log.Slf4jLog
 364:             1           1040  [Lcom.sun.org.apache.xerces.internal.impl.dtd.models.ContentModelValidator;
 365:             1           1040  [Lcom.sun.org.apache.xerces.internal.impl.dv.DatatypeValidator;
 366:             1           1040  [Ljava.lang.Long;
 367:             1           1040  [Ljava.lang.Short;
 368:             1           1040  [Lorg.apache.solr.update.VersionBucket;
 369:             1           1040  [Lsun.text.normalizer.UnicodeSet;
 370:            26           1040  org.apache.lucene.codecs.compressing.CompressingStoredFieldsIndexReader
 371:            26           1040  org.apache.lucene.index.ExitableDirectoryReader$ExitableFilterAtomicReader
 372:            32           1024  java.util.Random
 373:            16           1024  org.apache.lucene.analysis.standard.StandardTokenizer
 374:            16           1024  org.eclipse.jetty.server.AsyncContinuation
 375:             8           1024  org.eclipse.jetty.servlet.ServletHolder
 376:            21           1008  java.lang.invoke.LambdaForm
 377:            25           1000  org.apache.solr.schema.FieldType$DefaultAnalyzer
 378:            60            960  [Ljava.security.Principal;
 379:            20            960  com.sun.org.apache.xerces.internal.util.XMLAttributesImpl$Attribute
 380:            60            960  java.security.ProtectionDomain$Key
 381:            30            960  java.security.Provider$EngineDescription
 382:            30            960  org.apache.solr.util.stats.Timer
 383:            39            936  java.lang.ThreadLocal$ThreadLocalMap
 384:            39            936  java.util.Currency
 385:            39            936  org.apache.lucene.analysis.core.LowerCaseFilterFactory
 386:            57            912  java.util.Collections$UnmodifiableCollection
 387:            38            912  java.util.regex.Pattern$5
 388:            26            896  [Ljava.lang.invoke.LambdaForm$Name;
 389:            28            896  org.apache.lucene.index.CodecReader$1
 390:            28            896  org.apache.lucene.index.CodecReader$2
 391:            28            896  org.apache.lucene.index.CodecReader$3
 392:            16            896  org.eclipse.jetty.server.Response
 393:            16            896  org.eclipse.jetty.server.bio.SocketConnector$ConnectorEndPoint
 394:            37            888  java.lang.invoke.LambdaForm$NamedFunction
 395:            37            888  java.net.InetAddress$InetAddressHolder
 396:             7            880  [Ljava.beans.MethodDescriptor;
 397:            55            880  java.util.TreeMap$Values
 398:            53            864  [Lorg.apache.lucene.analysis.util.CharFilterFactory;
 399:            18            864  java.util.Properties
 400:            21            840  com.sun.org.apache.xerces.internal.impl.dtd.XMLSimpleType
 401:            35            840  java.net.Inet4Address
 402:            15            840  org.apache.lucene.analysis.miscellaneous.ASCIIFoldingFilter
 403:            26            832  org.apache.lucene.codecs.lucene50.ForUtil
 404:            26            832  org.apache.lucene.codecs.lucene50.Lucene50PostingsReader
 405:            26            832  org.apache.lucene.index.SegmentCoreReaders$1
 406:            26            832  org.apache.lucene.index.SegmentCoreReaders$2
 407:            34            816  java.util.regex.Pattern$GroupHead
 408:            34            816  java.util.regex.Pattern$GroupTail
 409:            17            816  org.apache.lucene.analysis.tokenattributes.PackedTokenAttributeImpl
 410:            51            816  org.apache.lucene.analysis.util.CharArraySet
 411:            32            768  java.net.InetSocketAddress$InetSocketAddressHolder
 412:            16            768  java.net.SocketInputStream
 413:            16            768  java.net.SocketOutputStream
 414:            24            768  java.util.ResourceBundle$LoaderReference
 415:            32            768  org.apache.lucene.util.AttributeSource$State
 416:            32            768  org.apache.solr.schema.IndexSchema$DynamicField
 417:            32            768  org.eclipse.jetty.http.HttpFields
 418:            16            768  org.eclipse.jetty.util.StringMap
 419:            24            768  sun.security.x509.OIDMap$OIDInfo
 420:            19            760  sun.util.locale.BaseLocale$Key
 421:            31            744  java.util.concurrent.locks.ReentrantReadWriteLock
 422:            31            744  org.apache.solr.core.ConfigSolr$CfgProp
 423:            15            720  java.lang.management.PlatformComponent
 424:            15            720  org.eclipse.jetty.server.AbstractHttpConnection$Output
 425:             2            704  com.sun.org.apache.xerces.internal.impl.XMLNSDocumentScannerImpl
 426:            22            704  com.sun.org.apache.xerces.internal.util.AugmentationsImpl$SmallContainer
 427:            12            672  com.sun.org.apache.xerces.internal.dom.DeferredElementImpl
 428:             6            672  java.util.GregorianCalendar
 429:            28            672  java.util.regex.Pattern$Ctype
 430:            14            672  org.apache.lucene.util.packed.MonotonicLongValues
 431:            21            672  sun.security.x509.URIName
 432:            27            648  java.util.Collections$UnmodifiableRandomAccessList
 433:            27            648  org.apache.solr.schema.IndexSchema$DynamicReplacement$DynamicPattern$NameEndsWith
 434:             8            640  com.google.common.cache.LocalCache$Segment
 435:            20            640  java.util.RegularEnumSet
 436:            18            632  [Ljava.security.ProtectionDomain;
 437:             3            624  [Ljava.lang.invoke.LambdaForm;
 438:            26            624  java.security.spec.ECFieldF2m
 439:            39            624  java.util.regex.Pattern$CharPropertyNames$1
 440:            26            624  org.apache.lucene.codecs.memory.MemoryPostingsFormat$1
 441:            26            624  org.apache.lucene.codecs.perfield.PerFieldPostingsFormat$FieldsReader
 442:            26            624  org.apache.lucene.index.ExitableDirectoryReader$ExitableFields
 443:            26            624  org.apache.lucene.index.ExitableDirectoryReader$ExitableTerms
 444:            26            624  org.apache.lucene.index.ReaderSlice
 445:            19            608  java.util.Locale
 446:            19            608  sun.util.locale.BaseLocale
 447:            15            600  org.apache.lucene.analysis.en.EnglishPossessiveFilter
 448:            37            592  sun.security.x509.GeneralName
 449:            18            576  java.net.Socket
 450:             9            576  java.text.DecimalFormatSymbols
 451:            24            576  java.util.regex.Pattern$Start
 452:            18            576  org.eclipse.jetty.http.PathMap$Entry
 453:             8            576  sun.reflect.DelegatingClassLoader
 454:            18            576  sun.security.x509.DistributionPoint
 455:             6            576  sun.util.calendar.Gregorian$Date
 456:            14            560  org.apache.lucene.util.PagedBytes$Reader
 457:            10            560  sun.invoke.util.Wrapper
 458:            10            560  sun.util.calendar.ZoneInfo
 459:            17            544  com.sun.org.apache.xerces.internal.impl.dtd.XMLElementDecl
 460:            17            544  java.util.regex.Pattern$Branch
 461:            17            544  sun.security.x509.CRLDistributionPointsExtension
 462:             1            528  [Ljava.lang.Character;
 463:             1            528  [Ljava.util.TimerTask;
 464:            22            528  java.util.regex.Pattern$1
 465:            22            528  java.util.regex.Pattern$Slice
 466:            33            528  sun.security.x509.GeneralNames
 467:            13            520  org.apache.lucene.analysis.snowball.SnowballPorterFilterFactory
 468:            32            512  java.net.InetSocketAddress
 469:            32            512  org.apache.solr.common.params.MapSolrParams
 470:            16            512  org.eclipse.jetty.util.Utf8StringBuilder
 471:            21            504  org.eclipse.jetty.webapp.ClasspathPattern$Entry
 472:            21            504  sun.security.x509.AVAKeyword
 473:            31            496  java.util.concurrent.locks.ReentrantReadWriteLock$ReadLock
 474:            31            496  java.util.concurrent.locks.ReentrantReadWriteLock$Sync$ThreadLocalHoldCounter
 475:            31            496  java.util.concurrent.locks.ReentrantReadWriteLock$WriteLock
 476:             4            480  com.ctc.wstx.api.ReaderConfig
 477:            15            480  java.lang.StringCoding$StringEncoder
 478:            15            480  java.lang.invoke.DirectMethodHandle
 479:            30            480  java.util.concurrent.atomic.AtomicReference
 480:            20            480  java.util.regex.Pattern$Single
 481:            15            480  org.eclipse.jetty.server.CookieCutter
 482:            10            480  sun.util.locale.provider.LocaleResources$ResourceReference
 483:            17            464  [Ljava.util.regex.Pattern$Node;
 484:            16            456  [Ljava.io.ObjectStreamField;
 485:             4            456  [Ljava.lang.ClassValue$Entry;
 486:            19            456  java.util.Locale$LocaleKey
 487:            14            448  com.sun.org.apache.xml.internal.dtm.ref.ExtendedType
 488:            14            448  org.apache.lucene.uninverting.FieldCacheImpl$SortedDocValuesImpl
 489:            14            448  org.apache.lucene.util.packed.BulkOperationPackedSingleBlock
 490:            11            440  com.sun.org.apache.xerces.internal.dom.DeferredAttrImpl
 491:             1            432  [[[C
 492:            18            432  com.google.common.collect.RegularImmutableMap$TerminalEntry
 493:            18            432  java.text.DateFormat$Field
 494:             6            432  java.util.concurrent.ThreadPoolExecutor
 495:            18            432  java.util.concurrent.locks.AbstractQueuedSynchronizer$ConditionObject
 496:            18            432  org.apache.solr.core.SolrConfig$SolrPluginInfo
 497:             2            416  [Lorg.apache.lucene.util.packed.BulkOperation;
 498:            26            416  org.apache.lucene.index.SegmentDocValues
 499:            17            408  [Lorg.apache.lucene.util.AttributeSource$State;
 500:            17            408  org.apache.lucene.analysis.Analyzer$TokenStreamComponents
 501:             2            400  com.sun.org.apache.xerces.internal.dom.DeferredDocumentImpl
 502:             2            400  com.sun.org.apache.xerces.internal.impl.XMLDTDScannerImpl
 503:            25            400  java.util.Collections$UnmodifiableSet
 504:             1            392  org.apache.solr.core.CloserThread
 505:             1            392  org.eclipse.jetty.server.ShutdownMonitor
 506:             2            384  com.sun.org.apache.xerces.internal.parsers.XIncludeAwareParserConfiguration
 507:             1            384  java.lang.ref.Finalizer$FinalizerThread
 508:             6            384  java.nio.DirectByteBuffer
 509:            12            384  java.security.cert.PolicyQualifierInfo
 510:            12            384  java.util.Stack
 511:             1            384  java.util.TimerThread
 512:             1            384  java.util.logging.LogManager$Cleaner
 513:             8            384  java.util.logging.LogManager$LoggerWeakRef
 514:             1            384  org.eclipse.jetty.util.thread.ShutdownThread
 515:             1            376  java.lang.ref.Reference$ReferenceHandler
 516:             7            360  [Ljava.beans.PropertyDescriptor;
 517:             9            360  java.text.DigitList
 518:            15            360  org.eclipse.jetty.server.HttpInput
 519:            15            360  sun.misc.MetaIndex
 520:             2            352  com.sun.org.apache.xerces.internal.impl.dtd.XMLNSDTDValidator
 521:            22            352  com.sun.org.apache.xerces.internal.util.AugmentationsImpl
 522:             7            336  java.beans.BeanDescriptor
 523:             6            336  java.nio.DirectLongBufferU
 524:            14            336  java.util.concurrent.ConcurrentLinkedQueue
 525:            14            336  java.util.regex.Pattern$BitClass
 526:             6            336  org.apache.lucene.util.BytesRefHash
 527:            14            336  org.apache.solr.schema.CopyField
 528:             7            336  sun.misc.URLClassPath
 529:            21            336  sun.security.x509.DNSName
 530:            16            328  [Ljava.lang.management.PlatformComponent;
 531:            10            320  java.lang.OutOfMemoryError
 532:            20            320  java.security.spec.ECFieldFp
 533:            20            320  java.util.LinkedHashMap$LinkedValues
 534:            10            320  java.util.logging.LogManager$LogNode
 535:             4            320  org.apache.solr.schema.TrieDateField
 536:            10            320  sun.security.x509.CertificatePoliciesExtension
 537:            13            312  org.apache.log4j.Level
 538:            19            304  org.eclipse.jetty.util.AttributesMap
 539:             6            296  [Lcom.google.common.collect.RegularImmutableMap$LinkedEntry;
 540:             4            296  [Lsun.invoke.util.Wrapper;
 541:             1            296  org.eclipse.jetty.webapp.WebAppContext
 542:             7            288  [[S
 543:            12            288  java.lang.invoke.SimpleMethodHandle
 544:             9            288  java.util.logging.Level
 545:            18            288  java.util.regex.Pattern$CharPropertyNames$4
 546:             9            288  jdk.internal.org.objectweb.asm.Type
 547:             4            288  org.apache.solr.handler.UpdateRequestHandler
 548:             4            288  org.apache.solr.handler.component.SearchHandler
 549:             9            288  sun.security.jca.ProviderConfig
 550:             9            288  sun.security.x509.NetscapeCertTypeExtension
 551:             7            280  com.sun.org.apache.xalan.internal.utils.XMLSecurityManager$Limit
 552:             7            280  com.sun.org.apache.xerces.internal.utils.XMLSecurityManager$Limit
 553:             7            280  java.beans.GenericBeanInfo
 554:             5            280  org.apache.lucene.analysis.synonym.SynonymFilterFactory
 555:             1            272  [Lcom.ctc.wstx.util.SymbolTable$Bucket;
 556:             2            272  com.sun.org.apache.xerces.internal.dom.DocumentImpl
 557:             1            272  com.sun.org.apache.xerces.internal.impl.dtd.DTDGrammar
 558:            17            272  java.util.regex.Pattern$BranchConn
 559:             3            264  java.util.jar.JarVerifier
 560:            11            264  org.apache.lucene.uninverting.UninvertingReader$Type
 561:            11            264  org.apache.lucene.util.packed.Direct16
 562:            11            264  sun.security.x509.Extension
 563:             3            256  [Lorg.apache.lucene.index.ReaderSlice;
 564:             2            256  com.google.common.cache.LocalCache
 565:             2            256  com.sun.org.apache.xerces.internal.impl.XMLEntityManager
 566:             4            256  java.text.SimpleDateFormat
 567:             8            256  org.apache.lucene.index.DocumentsWriterPerThreadPool$ThreadState
 568:            16            256  org.eclipse.jetty.server.AbstractHttpConnection$RequestHandler
 569:            16            256  sun.reflect.DelegatingMethodAccessorImpl
 570:             8            256  sun.security.x509.ExtendedKeyUsageExtension
 571:             8            248  [Ljava.lang.Boolean;
 572:             2            240  [Lorg.apache.lucene.index.IndexReaderContext;
 573:             2            240  [Lorg.apache.lucene.index.LeafReader;
 574:             2            240  com.sun.org.apache.xerces.internal.jaxp.SAXParserImpl$JAXPSAXParser
 575:            10            240  com.sun.xml.internal.stream.Entity$InternalEntity
 576:            10            240  java.nio.file.StandardOpenOption
 577:            10            240  java.security.CryptoPrimitive
 578:            10            240  java.util.Arrays$ArrayList
 579:             5            240  org.apache.lucene.analysis.miscellaneous.KeywordMarkerFilterFactory
 580:             6            240  org.apache.lucene.util.ByteBlockPool
 581:             3            240  org.apache.solr.schema.TrieDoubleField
 582:             3            240  org.apache.solr.schema.TrieLongField
 583:             3            240  org.apache.solr.search.LRUCache
 584:             3            240  org.eclipse.jetty.http.PathMap
 585:            15            240  org.opensextant.solrtexttagger.TaggingAttributeImpl
 586:            10            240  sun.reflect.NativeMethodAccessorImpl
 587:            10            240  sun.security.x509.PolicyInformation
 588:             7            224  java.io.FileInputStream
 589:             7            224  java.lang.ClassValue$Entry
 590:             7            224  org.apache.solr.core.RequestHandlers$LazyRequestHandlerWrapper
 591:            14            224  sun.security.x509.CertificatePolicyId
 592:             9            216  java.util.logging.Level$KnownLevel
 593:             3            216  java.util.logging.Logger
 594:             9            216  org.apache.lucene.util.packed.Packed8ThreeBlocks
 595:             9            216  org.eclipse.jetty.servlet.ServletMapping
 596:             9            216  sun.util.logging.PlatformLogger$Level
 597:             1            208  org.apache.solr.update.SolrIndexWriter
 598:             2            208  sun.net.www.protocol.file.FileURLConnection
 599:             3            200  [Ljava.lang.Thread;
 600:             2            200  [Ljava.text.DateFormat$Field;
 601:             5            200  com.sun.org.apache.xerces.internal.impl.dtd.XMLEntityDecl
 602:             5            200  java.lang.ClassLoader$NativeLibrary
 603:             1            200  org.apache.solr.core.SolrCore
 604:             5            200  org.apache.solr.search.CacheConfig
 605:            12            192  com.sun.org.apache.xerces.internal.dom.DeferredDocumentImpl$RefCount
 606:             2            192  com.sun.org.apache.xerces.internal.impl.dtd.XMLDTDProcessor
 607:             6            192  com.sun.org.apache.xerces.internal.util.XMLResourceIdentifierImpl
 608:             3            192  java.lang.ClassValue$ClassValueMap
 609:             6            192  java.lang.invoke.LambdaForm$BasicType
 610:             8            192  java.lang.invoke.MethodHandleImpl$Intrinsic
 611:             8            192  java.math.RoundingMode
 612:             2            192  org.apache.http.impl.client.SystemDefaultHttpClient
 613:             3            192  org.apache.solr.schema.StrField
 614:             3            192  org.apache.solr.search.LRUCache$1
 615:             8            192  org.eclipse.jetty.deploy.graph.Edge
 616:             8            192  org.eclipse.jetty.servlet.ServletHolder$Config
 617:             3            192  sun.security.provider.NativePRNG$RandomIO
 618:             2            192  sun.security.provider.Sun
 619:             6            192  sun.security.util.MemoryCache
 620:             1            184  org.eclipse.jetty.server.bio.SocketConnector
 621:             1            184  org.eclipse.jetty.server.session.HashSessionManager
 622:             2            176  java.net.FactoryURLClassLoader
 623:            11            176  java.text.NumberFormat$Field
 624:             8            168  [Ljava.security.CodeSigner;
 625:             1            168  [[Ljava.math.BigInteger;
 626:             7            168  com.sun.management.VMOption$Origin
 627:             7            168  com.sun.org.apache.xerces.internal.util.FeatureState
 628:             7            168  org.apache.commons.logging.impl.SLF4JLocationAwareLog
 629:             3            168  org.apache.lucene.index.SegmentInfos
 630:             7            168  org.apache.solr.util.DefaultSolrThreadFactory
 631:             7            168  org.eclipse.jetty.webapp.Origin
 632:             7            168  org.eclipse.jetty.xml.XmlParser$Attribute
 633:             7            168  sun.reflect.generics.tree.SimpleClassTypeSignature
 634:             7            168  sun.security.x509.NetscapeCertTypeExtension$MapEntry
 635:             5            160  [Ljava.lang.invoke.LambdaForm$BasicType;
 636:             2            160  [Ljava.util.concurrent.RunnableScheduledFuture;
 637:             5            160  com.google.common.collect.RegularImmutableList
 638:             4            160  com.sun.org.apache.xerces.internal.dom.DeferredCDATASectionImpl
 639:             5            160  com.sun.org.apache.xpath.internal.objects.XNumber
 640:             5            160  java.security.AlgorithmParameters
 641:            10            160  java.util.Formatter$Flags
 642:             2            160  java.util.concurrent.ScheduledThreadPoolExecutor
 643:             4            160  org.apache.lucene.analysis.util.ElisionFilterFactory
 644:             2            160  org.apache.solr.schema.TrieFloatField
 645:             2            160  org.apache.solr.schema.TrieIntField
 646:             5            160  org.apache.solr.search.SolrCacheBase$AutoWarmCountRef
 647:             4            160  org.apache.solr.util.ConcurrentLRUCache$Stats
 648:             4            160  org.apache.solr.util.DistanceUnits
 649:             4            160  sun.security.ec.ECPublicKeyImpl
 650:             5            160  sun.util.locale.provider.LocaleProviderAdapter$Type
 651:             1            152  org.apache.solr.core.SolrConfig
 652:             1            152  org.apache.solr.search.SolrIndexSearcher
 653:             4            144  [Lcom.sun.org.apache.xerces.internal.util.XMLAttributesImpl$Attribute;
 654:             3            144  [Ljava.util.Map;
 655:             1            144  [Ljava.util.Queue;
 656:             1            144  [Ljava.util.concurrent.ConcurrentMap;
 657:             1            144  [Lorg.apache.solr.core.ConfigSolr$CfgProp;
 658:             3            144  com.spatial4j.core.shape.impl.RectangleImpl
 659:             6            144  com.sun.org.apache.xerces.internal.util.Status
 660:             6            144  com.sun.org.apache.xml.internal.utils.NSInfo
 661:             2            144  java.lang.reflect.Field
 662:             6            144  java.util.Collections$SynchronizedRandomAccessList
 663:             3            144  java.util.concurrent.LinkedBlockingQueue
 664:             6            144  java.util.regex.Pattern$CharPropertyNames$2
 665:             2            144  org.apache.http.impl.conn.HttpConnPool
 666:             3            144  org.apache.lucene.analysis.miscellaneous.WordDelimiterFilterFactory
 667:             3            144  org.apache.lucene.analysis.synonym.SynonymFilter$PendingOutputs
 668:             6            144  org.apache.lucene.analysis.synonym.SynonymMap
 669:             6            144  org.apache.lucene.index.DocValuesType
 670:             6            144  org.apache.lucene.util.BytesRefHash$DirectBytesStartArray
 671:             6            144  org.apache.lucene.util.Counter$SerialCounter
 672:             2            144  org.apache.solr.handler.admin.SystemInfoHandler
 673:             1            144  org.apache.solr.update.UpdateLog
 674:             1            144  org.eclipse.jetty.servlet.ServletHandler
 675:             6            144  org.eclipse.jetty.util.component.AggregateLifeCycle$Bean
 676:             6            144  sun.misc.PerfCounter
 677:             3            144  sun.nio.cs.StreamEncoder
 678:             6            144  sun.security.ssl.ProtocolVersion
 679:             6            144  sun.security.util.DisabledAlgorithmConstraints$KeySizeConstraint$Operator
 680:             3            136  [Lcom.sun.org.apache.xerces.internal.utils.XMLSecurityManager$State;
 681:             2            136  [Lorg.apache.lucene.index.Fields;
 682:             2            136  [Lorg.apache.lucene.index.Terms;
 683:             1            136  [Lorg.apache.solr.schema.IndexSchema$DynamicField;
 684:             1            136  org.apache.lucene.index.DocumentsWriterFlushControl
 685:             4            128  [Lcom.sun.org.apache.xerces.internal.impl.XMLEntityManager$CharacterBuffer;
 686:             4            128  com.ctc.wstx.stax.WstxInputFactory
 687:             4            128  com.sun.org.apache.xerces.internal.jaxp.SAXParserFactoryImpl
 688:             2            128  java.io.ExpiringCache$1
 689:             2            128  java.security.SecureRandom
 690:             8            128  java.util.concurrent.atomic.AtomicReferenceArray
 691:             8            128  java.util.regex.Pattern$CharPropertyNames$3
 692:             4            128  org.apache.http.conn.scheme.Scheme
 693:             4            128  org.apache.log4j.helpers.PatternParser$LiteralPatternConverter
 694:             4            128  org.apache.lucene.store.IOContext
 695:             2            128  org.apache.solr.handler.admin.LoggingHandler
 696:             2            128  org.apache.solr.handler.admin.PropertiesRequestHandler
 697:             2            128  org.apache.solr.handler.admin.ThreadDumpHandler
 698:             1            128  org.eclipse.jetty.util.BlockingArrayQueue
 699:             2            128  sun.nio.ch.FileChannelImpl
 700:             4            128  sun.nio.fs.UnixPath
 701:             3            120  [Ljava.lang.invoke.BoundMethodHandle$SpeciesData;
 702:             4            120  [Ljava.lang.invoke.LambdaForm$NamedFunction;
 703:             1            120  [Lorg.apache.lucene.index.SegmentReader;
 704:             1            120  [Lorg.apache.lucene.util.Bits;
 705:             3            120  com.google.common.collect.RegularImmutableMap
 706:             5            120  com.sun.org.apache.xalan.internal.utils.FeaturePropertyBase$State
 707:             5            120  com.sun.org.apache.xalan.internal.utils.XMLSecurityManager$State
 708:             3            120  com.sun.org.apache.xerces.internal.impl.dtd.XMLDTDDescription
 709:             5            120  com.sun.org.apache.xerces.internal.util.PropertyState
 710:             3            120  com.sun.org.apache.xerces.internal.utils.XMLLimitAnalyzer
 711:             5            120  com.sun.org.apache.xerces.internal.utils.XMLSecurityManager$State
 712:             5            120  com.sun.org.apache.xerces.internal.utils.XMLSecurityPropertyManager$State
 713:             5            120  java.util.regex.Pattern$Category
 714:             3            120  javax.net.ssl.SSLParameters
 715:             5            120  javax.servlet.DispatcherType
 716:             5            120  javax.xml.namespace.QName
 717:             5            120  org.apache.lucene.analysis.core.KeywordTokenizerFactory
 718:             5            120  org.apache.lucene.analysis.core.WhitespaceTokenizerFactory
 719:             1            120  org.apache.lucene.analysis.synonym.SynonymFilter
 720:             5            120  org.apache.lucene.index.IndexOptions
 721:             1            120  org.apache.solr.handler.ReplicationHandler
 722:             5            120  org.apache.solr.schema.TrieField$TrieTypes
 723:             5            120  sun.misc.FloatingDecimal$PreparedASCIIToBinaryBuffer
 724:             5            120  sun.security.jca.ServiceId
 725:             5            120  sun.security.provider.certpath.X509CertPath
 726:             2            112  [Ljava.nio.file.StandardOpenOption;
 727:             2            112  [Ljava.security.CryptoPrimitive;
 728:             7            112  [Lsun.reflect.generics.tree.TypeArgument;
 729:             2            112  com.sun.org.apache.xerces.internal.impl.XMLEntityScanner
 730:             2            112  com.sun.org.apache.xerces.internal.jaxp.SAXParserImpl
 731:             7            112  java.util.TreeMap$KeySet
 732:             7            112  org.apache.lucene.codecs.lucene40.Lucene40CompoundFormat
 733:             7            112  org.apache.lucene.codecs.lucene40.Lucene40LiveDocsFormat
 734:             1            112  org.apache.solr.schema.IndexSchema
 735:             2            112  org.apache.solr.search.FastLRUCache
 736:             2            112  org.apache.solr.update.CommitTracker
 737:             1            112  org.apache.solr.update.DirectUpdateHandler2
 738:             2            112  org.apache.solr.util.ConcurrentLRUCache
 739:             7            112  org.eclipse.jetty.deploy.graph.Node
 740:             2            112  org.eclipse.jetty.io.PooledBuffers
 741:             1            112  org.eclipse.jetty.security.ConstraintSecurityHandler
 742:             7            112  sun.reflect.generics.tree.ClassTypeSignature
 743:             1            104  org.apache.lucene.index.IndexWriterConfig
 744:             1            104  org.apache.solr.schema.BBoxField
 745:             1            104  org.apache.solr.schema.SpatialRecursivePrefixTreeFieldType
 746:             1            104  org.eclipse.jetty.util.thread.QueuedThreadPool
 747:             1            104  org.eclipse.jetty.webapp.WebAppClassLoader
 748:             2             96  [Lcom.google.common.cache.LocalCache$EntryFactory;
 749:             1             96  [Ljava.lang.invoke.MethodType;
 750:             2             96  [Lorg.apache.lucene.index.DocumentsWriterPerThreadPool$ThreadState;
 751:             3             96  com.spatial4j.core.context.SpatialContext
 752:             1             96  com.sun.net.ssl.internal.ssl.Provider
 753:             3             96  com.sun.org.apache.xalan.internal.utils.XMLSecurityManager$NameMap
 754:             3             96  com.sun.org.apache.xerces.internal.dom.NodeListCache
 755:             2             96  com.sun.org.apache.xerces.internal.impl.XMLDocumentFragmentScannerImpl$ElementStack
 756:             2             96  com.sun.org.apache.xerces.internal.util.XMLAttributesIteratorImpl
 757:             3             96  com.sun.org.apache.xerces.internal.utils.XMLSecurityManager$NameMap
 758:             3             96  java.io.FileOutputStream
 759:             4             96  java.lang.RuntimePermission
 760:             2             96  java.lang.ThreadGroup
 761:             4             96  java.text.EntryPair
 762:             4             96  java.text.Normalizer$Form
 763:             6             96  java.util.TreeSet
 764:             3             96  java.util.concurrent.SynchronousQueue
 765:             3             96  java.util.concurrent.atomic.AtomicReferenceFieldUpdater$AtomicReferenceFieldUpdaterImpl
 766:             3             96  java.util.concurrent.locks.AbstractQueuedSynchronizer$Node
 767:             3             96  java.util.concurrent.locks.ReentrantLock$FairSync
 768:             6             96  java.util.regex.Pattern$Dot
 769:             1             96  org.apache.http.impl.client.DefaultHttpClient
 770:             4             96  org.apache.lucene.analysis.en.EnglishPossessiveFilterFactory
 771:             4             96  org.apache.lucene.analysis.en.PorterStemFilterFactory
 772:             3             96  org.apache.lucene.analysis.synonym.SynonymFilter$PendingInput
 773:             6             96  org.apache.lucene.codecs.lucene41.Lucene41StoredFieldsFormat
 774:             4             96  org.apache.lucene.store.IOContext$Context
 775:             6             96  org.apache.lucene.util.ByteBlockPool$DirectAllocator
 776:             4             96  org.apache.lucene.util.RamUsageEstimator$JvmFeature
 777:             4             96  org.apache.lucene.util.packed.Direct32
 778:             4             96  org.apache.lucene.util.packed.Packed64SingleBlock$Packed64SingleBlock1
 779:             1             96  org.apache.solr.core.CoreContainer
 780:             4             96  org.apache.solr.core.SolrConfig$PluginOpts
 781:             2             96  org.apache.solr.core.SolrResourceLoader
 782:             2             96  org.apache.solr.handler.component.QueryElevationComponent$ElevationObj
 783:             4             96  org.apache.solr.handler.loader.XMLLoader
 784:             4             96  org.apache.solr.schema.IndexSchema$DynamicReplacement$DynamicPattern$NameEquals
 785:             1             96  org.apache.solr.schema.PointType
 786:             3             96  org.apache.solr.search.LRUCache$CumulativeStats
 787:             4             96  org.apache.solr.search.SolrCache$State
 788:             4             96  org.apache.solr.servlet.cache.Method
 789:             4             96  org.apache.solr.update.UpdateLog$State
 790:             1             96  org.eclipse.jetty.server.Server
 791:             4             96  org.eclipse.jetty.servlet.Holder$Source
 792:             1             96  org.eclipse.jetty.util.Scanner
 793:             3             96  org.eclipse.jetty.util.statistic.SampleStatistic
 794:             1             96  sun.misc.Launcher$AppClassLoader
 795:             1             96  sun.net.www.protocol.jar.URLJarFile$URLJarFileEntry
 796:             1             96  sun.security.ec.SunEC
 797:             1             96  sun.security.jca.ProviderList$1
 798:             1             96  sun.security.rsa.SunRsaSign
 799:             3             96  sun.security.x509.SubjectAlternativeNameExtension
 800:             2             96  sun.text.normalizer.CharTrie
 801:             2             88  [Lcom.sun.org.apache.xalan.internal.utils.XMLSecurityManager$State;
 802:             3             88  [Lcom.sun.org.apache.xerces.internal.utils.XMLSecurityPropertyManager$State;
 803:             1             88  [Lsun.security.util.ObjectIdentifier;
 804:             1             88  [[Ljava.lang.Byte;
 805:             1             88  org.apache.log4j.RollingFileAppender
 806:             1             88  org.apache.solr.schema.CurrencyField
 807:             1             88  org.apache.solr.schema.LatLonType
 808:             1             88  org.eclipse.jetty.http.HttpBuffersImpl
 809:             1             88  org.eclipse.jetty.io.BufferDateCache
 810:             1             88  org.eclipse.jetty.servlet.FilterHolder
 811:             1             88  org.eclipse.jetty.start.Classpath$Loader
 812:             1             88  sun.misc.Launcher$ExtClassLoader
 813:             1             80  [[Z
 814:             2             80  com.ctc.wstx.util.SymbolTable
 815:             2             80  com.google.common.collect.SingletonImmutableBiMap
 816:             2             80  com.sun.org.apache.xerces.internal.impl.XMLDocumentFragmentScannerImpl$ElementStack2
 817:             2             80  com.sun.org.apache.xerces.internal.impl.XMLEntityManager$CharacterBufferPool
 818:             2             80  com.sun.org.apache.xerces.internal.impl.XMLErrorReporter
 819:             2             80  com.sun.org.apache.xerces.internal.impl.XMLVersionDetector
 820:             2             80  com.sun.org.apache.xerces.internal.impl.validation.ValidationState
 821:             2             80  com.sun.org.apache.xerces.internal.util.XMLAttributesImpl
 822:             2             80  com.sun.org.apache.xerces.internal.utils.XMLSecurityManager
 823:             2             80  com.sun.xml.internal.stream.XMLEntityStorage
 824:             2             80  java.io.BufferedWriter
 825:             2             80  java.io.ExpiringCache
 826:             2             80  java.io.PrintWriter
 827:             2             80  java.lang.invoke.BoundMethodHandle$SpeciesData
 828:             2             80  java.lang.invoke.DirectMethodHandle$Constructor
 829:             2             80  java.util.Locale$Category
 830:             2             80  java.util.PropertyResourceBundle
 831:             2             80  java.util.regex.Pattern$Loop
 832:             2             80  org.apache.lucene.analysis.path.PathHierarchyTokenizerFactory
 833:             5             80  org.apache.lucene.codecs.lucene42.Lucene42TermVectorsFormat
 834:             2             80  org.apache.lucene.index.CompositeReaderContext
 835:             1             80  org.apache.lucene.index.TieredMergePolicy
 836:             2             80  org.apache.lucene.store.NRTCachingDirectory
 837:             2             80  org.apache.solr.core.CachingDirectoryFactory$CacheValue
 838:             1             80  org.apache.solr.core.JmxMonitoredMap
 839:             1             80  org.apache.solr.handler.admin.InfoHandler
 840:             1             80  org.apache.solr.update.TransactionLog
 841:             1             80  org.eclipse.jetty.deploy.DeploymentManager
 842:             1             80  org.eclipse.jetty.deploy.providers.ContextProvider
 843:             1             80  org.eclipse.jetty.servlet.ErrorPageErrorHandler
 844:             2             80  org.eclipse.jetty.xml.XmlParser
 845:             2             80  sun.misc.FloatingDecimal$BinaryToASCIIBuffer
 846:             1             72  [Lcom.sun.org.apache.xml.internal.dtm.ref.ExtendedType;
 847:             3             72  [Lorg.apache.lucene.util.CharsRefBuilder;
 848:             2             72  [Lsun.security.jca.ProviderConfig;
 849:             3             72  com.sun.org.apache.xerces.internal.impl.dtd.XMLAttributeDecl
 850:             3             72  java.io.OutputStreamWriter
 851:             3             72  java.lang.ClassValue$Version
 852:             3             72  java.security.CodeSigner
 853:             3             72  java.util.Base64$Encoder
 854:             1             72  java.util.ResourceBundle$RBClassLoader
 855:             3             72  java.util.concurrent.LinkedBlockingQueue$Node
 856:             1             72  java.util.logging.LogManager$RootLogger
 857:             3             72  java.util.regex.Pattern$CharProperty$1
 858:             3             72  javax.servlet.SessionTrackingMode
 859:             3             72  org.apache.http.HttpVersion
 860:             3             72  org.apache.lucene.analysis.DelegatingAnalyzerWrapper$DelegatingReuseStrategy
 861:             3             72  org.apache.lucene.analysis.ja.JapaneseTokenizer$Mode
 862:             3             72  org.apache.lucene.analysis.util.AnalysisSPILoader
 863:             3             72  org.apache.lucene.index.IndexWriterConfig$OpenMode
 864:             1             72  org.apache.lucene.index.StandardDirectoryReader
 865:             3             72  org.apache.lucene.index.StoredFieldVisitor$Status
 866:             3             72  org.apache.lucene.index.TermsEnum$SeekStatus
 867:             3             72  org.apache.lucene.util.NamedSPILoader
 868:             3             72  org.apache.lucene.util.fst.FST$INPUT_TYPE
 869:             3             72  org.apache.solr.common.params.CommonParams$EchoParamStyle
 870:             3             72  org.apache.solr.core.SolrConfig$HttpCachingConfig$LastModFrom
 871:             1             72  org.apache.solr.handler.PingRequestHandler
 872:             1             72  org.apache.solr.handler.RealTimeGetHandler
 873:             1             72  org.apache.solr.handler.admin.CoreAdminHandler
 874:             1             72  org.apache.solr.handler.component.HttpShardHandlerFactory
 875:             3             72  org.apache.solr.rest.ManagedResourceStorage$JsonStorage
 876:             3             72  org.apache.solr.schema.IndexSchema$DynamicReplacement$DynamicPattern$NameStartsWith
 877:             1             72  org.apache.solr.schema.TrieDateField$ISO8601CanonicalDateFormat
 878:             1             72  org.apache.solr.update.SolrIndexConfig
 879:             3             72  org.apache.solr.update.UpdateLog$SyncLevel
 880:             3             72  org.eclipse.jetty.io.BufferCache
 881:             3             72  org.eclipse.jetty.io.Buffers$Type
 882:             3             72  org.eclipse.jetty.security.UserDataConstraint
 883:             1             72  org.eclipse.jetty.server.handler.ContextHandlerCollection
 884:             1             72  org.eclipse.jetty.server.handler.DefaultHandler
 885:             1             72  org.eclipse.jetty.server.session.HashSessionIdManager
 886:             1             72  org.eclipse.jetty.server.session.SessionHandler
 887:             1             72  org.eclipse.jetty.servlet.DefaultServlet
 888:             3             72  org.eclipse.jetty.util.Scanner$Notification
 889:             1             72  org.eclipse.jetty.util.resource.JarFileResource
 890:             1             72  org.eclipse.jetty.webapp.MetaData
 891:             3             72  org.eclipse.jetty.webapp.MetaDataComplete
 892:             3             72  sun.misc.FloatingDecimal$ExceptionalBinaryToASCIIBuffer
 893:             3             72  sun.misc.Signal
 894:             3             72  sun.security.provider.NativePRNG$Variant
 895:             3             72  sun.security.x509.AccessDescription
 896:             1             72  sun.util.locale.provider.JRELocaleProviderAdapter
 897:             2             64  [Lcom.google.common.cache.LocalCache$Segment;
 898:             2             64  [Lcom.sun.org.apache.xalan.internal.utils.FeaturePropertyBase$State;
 899:             2             64  [Ljavax.servlet.SessionTrackingMode;
 900:             2             64  [Lorg.apache.lucene.analysis.ja.JapaneseTokenizer$Mode;
 901:             1             64  [Lorg.apache.lucene.uninverting.UninvertingReader$Type;
 902:             2             64  [Lorg.apache.lucene.util.RamUsageEstimator$JvmFeature;
 903:             2             64  [Lorg.apache.solr.core.SolrConfig$HttpCachingConfig$LastModFrom;
 904:             2             64  [Lorg.apache.solr.core.SolrConfig$PluginOpts;
 905:             2             64  [Lorg.apache.solr.servlet.cache.Method;
 906:             2             64  [[Lcom.sun.org.apache.xerces.internal.xni.QName;
 907:             1             64  com.google.common.cache.CacheStats
 908:             2             64  com.sun.org.apache.xalan.internal.utils.XMLSecurityPropertyManager$Property
 909:             2             64  com.sun.org.apache.xerces.internal.impl.XMLNSDocumentScannerImpl$NSContentDriver
 910:             2             64  com.sun.org.apache.xerces.internal.util.NamespaceSupport
 911:             2             64  com.sun.org.apache.xerces.internal.utils.XMLSecurityPropertyManager$Property
 912:             2             64  com.sun.org.apache.xpath.internal.objects.XBooleanStatic
 913:             2             64  java.io.PrintStream
 914:             2             64  java.lang.VirtualMachineError
 915:             2             64  java.lang.invoke.BoundMethodHandle$Species_L
 916:             2             64  java.lang.ref.ReferenceQueue$Null
 917:             4             64  java.util.LinkedHashMap$LinkedKeySet
 918:             2             64  java.util.concurrent.ScheduledThreadPoolExecutor$DelayedWorkQueue
 919:             4             64  java.util.concurrent.atomic.AtomicBoolean
 920:             2             64  org.apache.http.conn.ssl.SSLSocketFactory
 921:             2             64  org.apache.http.impl.conn.PoolingClientConnectionManager
 922:             2             64  org.apache.log4j.helpers.PatternParser$BasicPatternConverter
 923:             2             64  org.apache.lucene.analysis.ReusableStringReader
 924:             2             64  org.apache.lucene.analysis.miscellaneous.ASCIIFoldingFilterFactory
 925:             4             64  org.apache.lucene.codecs.lucene40.Lucene40SegmentInfoFormat
 926:             1             64  org.apache.lucene.codecs.lucene410.Lucene410Codec
 927:             1             64  org.apache.lucene.codecs.lucene42.Lucene42Codec
 928:             1             64  org.apache.lucene.codecs.lucene45.Lucene45Codec
 929:             1             64  org.apache.lucene.codecs.lucene46.Lucene46Codec
 930:             1             64  org.apache.lucene.codecs.lucene49.Lucene49Codec
 931:             1             64  org.apache.lucene.codecs.lucene50.Lucene50Codec
 932:             2             64  org.apache.lucene.codecs.lucene50.Lucene50TermVectorsFormat
 933:             1             64  org.apache.lucene.index.DocumentsWriter
 934:             1             64  org.apache.lucene.index.ExitableDirectoryReader
 935:             2             64  org.apache.lucene.store.MMapDirectory
 936:             2             64  org.apache.lucene.store.RAMDirectory
 937:             1             64  org.apache.lucene.uninverting.UninvertingReader$UninvertingDirectoryReader
 938:             1             64  org.apache.solr.client.solrj.impl.LBHttpSolrClient
 939:             2             64  org.apache.solr.cloud.ActionThrottle
 940:             2             64  org.apache.solr.core.InitParams
 941:             1             64  org.apache.solr.core.NRTCachingDirectoryFactory
 942:             1             64  org.apache.solr.core.SchemaCodecFactory$1
 943:             1             64  org.apache.solr.handler.DumpRequestHandler
 944:             1             64  org.apache.solr.handler.SchemaHandler
 945:             1             64  org.apache.solr.handler.SolrConfigHandler
 946:             4             64  org.apache.solr.handler.UpdateRequestHandler$1
 947:             1             64  org.apache.solr.handler.admin.CollectionsHandler
 948:             1             64  org.apache.solr.handler.admin.LukeRequestHandler
 949:             1             64  org.apache.solr.handler.admin.PluginInfoHandler
 950:             1             64  org.apache.solr.handler.admin.ShowFileRequestHandler
 951:             1             64  org.apache.solr.handler.admin.SolrInfoMBeanHandler
 952:             4             64  org.apache.solr.handler.loader.CSVLoader
 953:             4             64  org.apache.solr.handler.loader.JavabinLoader
 954:             4             64  org.apache.solr.handler.loader.JsonLoader
 955:             1             64  org.apache.solr.rest.schema.analysis.ManagedSynonymFilterFactory$1
 956:             1             64  org.apache.solr.schema.BinaryField
 957:             1             64  org.apache.solr.schema.BoolField
 958:             2             64  org.apache.solr.schema.IndexSchema$DynamicCopy
 959:             1             64  org.apache.solr.schema.RandomSortField
 960:             2             64  org.apache.solr.servlet.SolrRequestParsers
 961:             1             64  org.apache.solr.update.DefaultSolrCoreState
 962:             1             64  org.apache.solr.update.UpdateLog$1
 963:             1             64  org.eclipse.jetty.server.handler.HandlerCollection
 964:             1             64  org.eclipse.jetty.server.handler.RequestLogHandler
 965:             2             64  org.eclipse.jetty.servlet.ServletHandler$CachedChain
 966:             2             64  org.eclipse.jetty.xml.XmlParser$Handler
 967:             1             64  org.opensextant.solrtexttagger.TaggerRequestHandler
 968:             4             64  sun.net.www.protocol.jar.Handler
 969:             2             64  sun.reflect.generics.repository.ClassRepository
 970:             4             64  sun.security.ec.ECParameters
 971:             2             64  sun.security.ssl.EphemeralKeyManager$EphemeralKeyPair
 972:             1             64  sun.security.ssl.SSLContextImpl$DefaultSSLContext
 973:             2             64  sun.security.ssl.SSLSessionContextImpl
 974:             2             64  sun.security.x509.AuthorityInfoAccessExtension
 975:             2             64  sun.security.x509.PolicyMappingsExtension
 976:             2             64  sun.security.x509.PrivateKeyUsageExtension
 977:             2             64  sun.util.locale.provider.LocaleResources
 978:             2             64  sun.util.locale.provider.LocaleServiceProviderPool
 979:             1             56  [Ljava.lang.Runnable;
 980:             2             56  [Lorg.apache.solr.search.SolrCache;
 981:             2             56  [Lorg.eclipse.jetty.server.Handler;
 982:             1             56  [Lorg.eclipse.jetty.servlet.ServletMapping;
 983:             1             56  [Lsun.util.logging.PlatformLogger$Level;
 984:             1             56  java.util.logging.LogManager
 985:             1             56  org.apache.lucene.codecs.lucene40.Lucene40Codec
 986:             1             56  org.apache.lucene.codecs.lucene41.Lucene41Codec
 987:             1             56  org.apache.lucene.codecs.simpletext.SimpleTextCodec
 988:             1             56  org.apache.lucene.index.BufferedUpdates
 989:             1             56  org.apache.lucene.index.ConcurrentMergeScheduler
 990:             1             56  org.apache.lucene.index.IndexFileDeleter
 991:             1             56  org.apache.lucene.index.SlowCompositeReaderWrapper
 992:             1             56  org.apache.lucene.search.spell.DirectSpellChecker
 993:             1             56  org.apache.solr.schema.FieldType$DefaultAnalyzer$1
 994:             1             56  org.apache.solr.update.VersionInfo
 995:             1             56  org.eclipse.jetty.server.ResourceCache
 996:             1             56  org.eclipse.jetty.webapp.DefaultsDescriptor
 997:             1             56  org.eclipse.jetty.webapp.WebDescriptor
 998:             1             56  org.tartarus.snowball.ext.FinnishStemmer
 999:             1             56  org.tartarus.snowball.ext.RomanianStemmer
1000:             1             56  sun.security.provider.SHA
1001:             1             48  [Lcom.sun.beans.util.Cache$CacheEntry;
1002:             1             48  [Lcom.sun.management.VMOption$Origin;
1003:             1             48  [Lcom.sun.org.apache.xalan.internal.utils.XMLSecurityManager$Limit;
1004:             1             48  [Lcom.sun.org.apache.xerces.internal.utils.XMLSecurityManager$Limit;
1005:             1             48  [Ljava.beans.WeakIdentityMap$Entry;
1006:             3             48  [Ljava.lang.annotation.Annotation;
1007:             1             48  [Ljava.lang.invoke.MethodHandleImpl$Intrinsic;
1008:             1             48  [Ljava.math.RoundingMode;
1009:             2             48  [Ljava.net.InetAddress;
1010:             1             48  [Ljava.util.concurrent.TimeUnit;
1011:             2             48  [Lorg.apache.lucene.codecs.lucene50.Lucene50StoredFieldsFormat$Mode;
1012:             1             48  [Lorg.eclipse.jetty.servlet.ServletHolder;
1013:             1             48  [Lorg.eclipse.jetty.webapp.Origin;
1014:             2             48  [Lsun.reflect.generics.tree.ClassTypeSignature;
1015:             1             48  [Lsun.security.x509.NetscapeCertTypeExtension$MapEntry;
1016:             3             48  com.ctc.wstx.api.WstxInputProperties$ParsingMode
1017:             2             48  com.ctc.wstx.util.SymbolTable$Bucket
1018:             2             48  com.google.common.collect.RegularImmutableAsList
1019:             2             48  com.google.common.collect.RegularImmutableMap$EntrySet
1020:             2             48  com.google.common.collect.RegularImmutableMap$NonTerminalEntry
1021:             3             48  com.spatial4j.core.distance.GeodesicSphereDistCalc$Haversine
1022:             3             48  com.spatial4j.core.io.BinaryCodec
1023:             3             48  com.spatial4j.core.io.WktShapeParser
1024:             3             48  com.sun.org.apache.xerces.internal.impl.dtd.DTDGrammar$QNameHashtable
1025:             2             48  com.sun.org.apache.xerces.internal.impl.dtd.DTDGrammarBucket
1026:             3             48  com.sun.org.apache.xerces.internal.impl.dv.dtd.ListDatatypeValidator
1027:             2             48  com.sun.org.apache.xerces.internal.impl.msg.XMLMessageFormatter
1028:             2             48  com.sun.org.apache.xerces.internal.impl.validation.ValidationManager
1029:             2             48  com.sun.org.apache.xerces.internal.util.SymbolTable
1030:             2             48  com.sun.org.apache.xerces.internal.utils.XMLSecurityPropertyManager
1031:             2             48  java.io.BufferedOutputStream
1032:             2             48  java.io.File$PathStatus
1033:             3             48  java.lang.ClassValue$Identity
1034:             2             48  java.lang.invoke.MethodHandles$Lookup
1035:             2             48  java.lang.reflect.ReflectPermission
1036:             2             48  java.net.InetAddress
1037:             2             48  java.net.InetAddress$Cache
1038:             2             48  java.net.InetAddress$Cache$Type
1039:             2             48  java.net.InetAddress$CacheEntry
1040:             2             48  java.net.ServerSocket
1041:             3             48  java.nio.channels.FileChannel$MapMode
1042:             2             48  java.nio.charset.CoderResult
1043:             3             48  java.nio.charset.CodingErrorAction
1044:             2             48  java.security.Timestamp
1045:             3             48  java.text.AttributedCharacterIterator$Attribute
1046:             1             48  java.text.RuleBasedCollator
1047:             3             48  java.util.Base64$Decoder
1048:             2             48  java.util.BitSet
1049:             3             48  java.util.concurrent.SynchronousQueue$TransferStack
1050:             1             48  java.util.concurrent.ThreadPoolExecutor$Worker
1051:             1             48  java.util.concurrent.locks.ReentrantReadWriteLock$FairSync
1052:             2             48  java.util.concurrent.locks.ReentrantReadWriteLock$Sync$HoldCounter
1053:             3             48  java.util.jar.JarVerifier$3
1054:             2             48  java.util.logging.Logger$LoggerBundle
1055:             2             48  java.util.regex.Pattern$Dollar
1056:             2             48  java.util.regex.Pattern$Prolog
1057:             3             48  org.apache.http.impl.client.BasicCredentialsProvider
1058:             2             48  org.apache.http.impl.client.DefaultHttpRequestRetryHandler
1059:             2             48  org.apache.http.impl.conn.DefaultClientConnectionOperator
1060:             3             48  org.apache.http.impl.conn.SystemDefaultDnsResolver
1061:             1             48  org.apache.log4j.Hierarchy
1062:             2             48  org.apache.log4j.helpers.OnlyOnceErrorHandler
1063:             1             48  org.apache.log4j.helpers.PatternParser
1064:             2             48  org.apache.lucene.analysis.ar.ArabicNormalizationFilterFactory
1065:             2             48  org.apache.lucene.analysis.cjk.CJKWidthFilterFactory
1066:             1             48  org.apache.lucene.analysis.core.StopFilter
1067:             1             48  org.apache.lucene.analysis.ja.JapaneseTokenizerFactory
1068:             1             48  org.apache.lucene.analysis.util.CharArrayMap$EmptyCharArrayMap
1069:             3             48  org.apache.lucene.codecs.lucene46.Lucene46FieldInfosFormat
1070:             3             48  org.apache.lucene.codecs.lucene46.Lucene46SegmentInfoFormat
1071:             2             48  org.apache.lucene.codecs.lucene50.Lucene50Codec$1
1072:             2             48  org.apache.lucene.codecs.lucene50.Lucene50Codec$2
1073:             2             48  org.apache.lucene.codecs.lucene50.Lucene50StoredFieldsFormat$Mode
1074:             1             48  org.apache.lucene.index.IndexFileDeleter$CommitPoint
1075:             2             48  org.apache.lucene.search.spell.WordBreakSpellChecker$BreakSuggestionSortMethod
1076:             1             48  org.apache.lucene.util.packed.BulkOperationPacked1
1077:             1             48  org.apache.lucene.util.packed.BulkOperationPacked10
1078:             1             48  org.apache.lucene.util.packed.BulkOperationPacked11
1079:             1             48  org.apache.lucene.util.packed.BulkOperationPacked12
1080:             1             48  org.apache.lucene.util.packed.BulkOperationPacked13
1081:             1             48  org.apache.lucene.util.packed.BulkOperationPacked14
1082:             1             48  org.apache.lucene.util.packed.BulkOperationPacked15
1083:             1             48  org.apache.lucene.util.packed.BulkOperationPacked16
1084:             1             48  org.apache.lucene.util.packed.BulkOperationPacked17
1085:             1             48  org.apache.lucene.util.packed.BulkOperationPacked18
1086:             1             48  org.apache.lucene.util.packed.BulkOperationPacked19
1087:             1             48  org.apache.lucene.util.packed.BulkOperationPacked2
1088:             1             48  org.apache.lucene.util.packed.BulkOperationPacked20
1089:             1             48  org.apache.lucene.util.packed.BulkOperationPacked21
1090:             1             48  org.apache.lucene.util.packed.BulkOperationPacked22
1091:             1             48  org.apache.lucene.util.packed.BulkOperationPacked23
1092:             1             48  org.apache.lucene.util.packed.BulkOperationPacked24
1093:             1             48  org.apache.lucene.util.packed.BulkOperationPacked3
1094:             1             48  org.apache.lucene.util.packed.BulkOperationPacked4
1095:             1             48  org.apache.lucene.util.packed.BulkOperationPacked5
1096:             1             48  org.apache.lucene.util.packed.BulkOperationPacked6
1097:             1             48  org.apache.lucene.util.packed.BulkOperationPacked7
1098:             1             48  org.apache.lucene.util.packed.BulkOperationPacked8
1099:             1             48  org.apache.lucene.util.packed.BulkOperationPacked9
1100:             1             48  org.apache.solr.analysis.ReversedWildcardFilterFactory
1101:             2             48  org.apache.solr.client.solrj.SolrQuery$ORDER
1102:             2             48  org.apache.solr.client.solrj.impl.HttpClientUtil$1
1103:             3             48  org.apache.solr.common.util.XMLErrorLogger
1104:             2             48  org.apache.solr.core.DirectoryFactory$DirContext
1105:             2             48  org.apache.solr.core.QuerySenderListener
1106:             2             48  org.apache.solr.handler.component.SpellCheckComponent$SpellCheckerListener
1107:             2             48  org.apache.solr.highlight.ScoreOrderFragmentsBuilder
1108:             1             48  org.apache.solr.logging.log4j.EventAppender
1109:             2             48  org.apache.solr.parser.QueryParser$Operator
1110:             2             48  org.apache.solr.rest.RestManager$ManagedResourceRegistration
1111:             3             48  org.apache.solr.rest.schema.analysis.ManagedSynonymFilterFactory$CasePreservedSynonymMappings
1112:             2             48  org.apache.solr.servlet.SolrRequestParsers$StandardRequestParser
1113:             2             48  org.eclipse.jetty.servlet.ServletHolder$Registration
1114:             2             48  org.eclipse.jetty.util.statistic.CounterStatistic
1115:             2             48  org.eclipse.jetty.webapp.ClasspathPattern
1116:             2             48  org.eclipse.jetty.xml.XmlParser$NoopHandler
1117:             1             48  org.tartarus.snowball.ext.ArmenianStemmer
1118:             1             48  org.tartarus.snowball.ext.BasqueStemmer
1119:             1             48  org.tartarus.snowball.ext.CatalanStemmer
1120:             1             48  org.tartarus.snowball.ext.DanishStemmer
1121:             1             48  org.tartarus.snowball.ext.DutchStemmer
1122:             1             48  org.tartarus.snowball.ext.IrishStemmer
1123:             1             48  org.tartarus.snowball.ext.NorwegianStemmer
1124:             1             48  org.tartarus.snowball.ext.RussianStemmer
1125:             1             48  org.tartarus.snowball.ext.SwedishStemmer
1126:             1             48  org.tartarus.snowball.ext.TurkishStemmer
1127:             2             48  sun.misc.NativeSignalHandler
1128:             2             48  sun.net.www.MessageHeader
1129:             3             48  sun.nio.ch.FileDispatcherImpl
1130:             2             48  sun.nio.ch.NativeThreadSet
1131:             2             48  sun.reflect.generics.tree.ClassSignature
1132:             2             48  sun.security.jca.ProviderList
1133:             2             48  sun.security.jca.ProviderList$3
1134:             2             48  sun.security.ssl.SSLAlgorithmConstraints
1135:             2             48  sun.security.x509.CertificatePolicyMap
1136:             3             48  sun.security.x509.RFC822Name
1137:             1             48  sun.text.normalizer.IntTrie
1138:             1             48  sun.text.normalizer.NormalizerBase
1139:             3             48  sun.text.normalizer.NormalizerBase$QuickCheckResult
1140:             1             40  [Lcom.sun.org.apache.xerces.internal.util.Status;
1141:             1             40  [Ljavax.servlet.DispatcherType;
1142:             1             40  [Lorg.apache.lucene.index.DocValuesType;
1143:             1             40  [Lorg.apache.lucene.index.IndexOptions;
1144:             1             40  [Lorg.apache.solr.schema.TrieField$TrieTypes;
1145:             1             40  [Lorg.eclipse.jetty.webapp.Configuration;
1146:             2             40  [Lsun.reflect.generics.tree.FieldTypeSignature;
1147:             2             40  [Lsun.reflect.generics.tree.FormalTypeParameter;
1148:             1             40  [Lsun.security.jca.ServiceId;
1149:             1             40  [Lsun.security.util.DisabledAlgorithmConstraints$KeySizeConstraint$Operator;
1150:             1             40  [Lsun.util.locale.provider.LocaleProviderAdapter$Type;
1151:             1             40  [[Ljava.lang.invoke.LambdaForm$Name;
1152:             1             40  com.sun.beans.finder.MethodFinder$1
1153:             1             40  java.beans.WeakIdentityMap$Entry
1154:             1             40  java.io.BufferedInputStream
1155:             1             40  java.lang.invoke.DirectMethodHandle$Accessor
1156:             1             40  java.text.CollationElementIterator
1157:             1             40  java.text.RBCollationTables
1158:             1             40  java.util.ResourceBundle$1
1159:             1             40  java.util.ServiceLoader$LazyIterator
1160:             1             40  org.apache.log4j.helpers.CountingQuietWriter
1161:             1             40  org.apache.log4j.helpers.PatternParser$ClassNamePatternConverter
1162:             1             40  org.apache.log4j.helpers.PatternParser$DatePatternConverter
1163:             1             40  org.apache.log4j.spi.RootLogger
1164:             1             40  org.apache.lucene.analysis.core.LowerCaseFilter
1165:             1             40  org.apache.lucene.analysis.ja.JapanesePartOfSpeechStopFilterFactory
1166:             1             40  org.apache.lucene.analysis.miscellaneous.StemmerOverrideFilterFactory
1167:             1             40  org.apache.lucene.analysis.pattern.PatternReplaceFilterFactory
1168:             1             40  org.apache.lucene.analysis.payloads.DelimitedPayloadTokenFilterFactory
1169:             1             40  org.apache.lucene.index.BufferedUpdatesStream
1170:             1             40  org.apache.lucene.index.DocumentsWriterDeleteQueue
1171:             1             40  org.apache.solr.core.Config
1172:             1             40  org.apache.solr.core.CoreDescriptor
1173:             1             40  org.apache.solr.core.SolrConfig$UpdateHandlerInfo
1174:             1             40  org.apache.solr.handler.component.QueryElevationComponent
1175:             1             40  org.apache.solr.highlight.DefaultSolrHighlighter
1176:             1             40  org.apache.solr.rest.RestManager
1177:             1             40  org.apache.solr.rest.RestManager$RestManagerManagedResource
1178:             1             40  org.apache.solr.rest.schema.analysis.ManagedSynonymFilterFactory$SynonymManager
1179:             1             40  org.apache.solr.rest.schema.analysis.ManagedWordSetResource
1180:             1             40  org.apache.solr.schema.IndexSchema$SolrQueryAnalyzer
1181:             1             40  org.apache.solr.search.QueryResultKey
1182:             1             40  org.apache.solr.spelling.WordBreakSolrSpellChecker
1183:             1             40  org.apache.solr.update.UpdateLog$RecoveryInfo
1184:             1             40  org.apache.solr.util.ConcurrentLRUCache$CacheEntry
1185:             1             40  org.eclipse.jetty.server.session.HashSessionManager$2
1186:             1             40  org.eclipse.jetty.webapp.WebAppContext$Context
1187:             1             40  org.tartarus.snowball.ext.HungarianStemmer
1188:             1             40  sun.nio.ch.FileLockImpl
1189:             1             40  sun.nio.cs.StandardCharsets$Aliases
1190:             1             40  sun.nio.cs.StandardCharsets$Cache
1191:             1             40  sun.nio.cs.StandardCharsets$Classes
1192:             1             40  sun.security.provider.DSAPublicKeyImpl
1193:             1             40  sun.text.IntHashtable
1194:             1             40  sun.text.UCompactIntArray
1195:             1             32  [Lcom.google.common.cache.LocalCache$Strength;
1196:             1             32  [Lcom.sun.beans.util.Cache$Kind;
1197:             1             32  [Lcom.sun.org.apache.xalan.internal.utils.XMLSecurityManager$NameMap;
1198:             1             32  [Lcom.sun.org.apache.xerces.internal.utils.XMLSecurityManager$NameMap;
1199:             1             32  [Ljava.lang.OutOfMemoryError;
1200:             1             32  [Ljava.lang.ThreadGroup;
1201:             1             32  [Ljava.text.Normalizer$Form;
1202:             1             32  [Ljava.util.EventListener;
1203:             1             32  [Lorg.apache.lucene.analysis.synonym.SynonymFilter$PendingInput;
1204:             1             32  [Lorg.apache.lucene.analysis.synonym.SynonymFilter$PendingOutputs;
1205:             1             32  [Lorg.apache.lucene.index.IndexWriterConfig$OpenMode;
1206:             1             32  [Lorg.apache.lucene.index.StoredFieldVisitor$Status;
1207:             1             32  [Lorg.apache.lucene.index.TermsEnum$SeekStatus;
1208:             1             32  [Lorg.apache.lucene.search.BooleanClause$Occur;
1209:             1             32  [Lorg.apache.lucene.store.IOContext$Context;
1210:             1             32  [Lorg.apache.lucene.util.fst.FST$INPUT_TYPE;
1211:             1             32  [Lorg.apache.solr.common.params.CommonParams$EchoParamStyle;
1212:             1             32  [Lorg.apache.solr.search.SolrCache$State;
1213:             1             32  [Lorg.apache.solr.update.UpdateLog$State;
1214:             1             32  [Lorg.apache.solr.update.UpdateLog$SyncLevel;
1215:             1             32  [Lorg.apache.solr.update.processor.UpdateRequestProcessorFactory;
1216:             1             32  [Lorg.eclipse.jetty.io.Buffers$Type;
1217:             1             32  [Lorg.eclipse.jetty.security.UserDataConstraint;
1218:             1             32  [Lorg.eclipse.jetty.servlet.Holder$Source;
1219:             1             32  [Lorg.eclipse.jetty.util.Scanner$Notification;
1220:             1             32  [Lorg.eclipse.jetty.webapp.MetaDataComplete;
1221:             1             32  [Lsun.security.provider.NativePRNG$Variant;
1222:             1             32  [Lsun.text.normalizer.NormalizerBase$Mode;
1223:             1             32  [[Lcom.sun.org.apache.xerces.internal.impl.dtd.models.ContentModelValidator;
1224:             1             32  [[Lcom.sun.org.apache.xerces.internal.impl.dv.DatatypeValidator;
1225:             1             32  [[[Ljava.lang.String;
1226:             2             32  com.google.common.cache.LocalCache$LocalManualCache
1227:             1             32  com.google.common.util.concurrent.MoreExecutors$SameThreadExecutorService
1228:             2             32  com.sun.beans.WeakCache
1229:             1             32  com.sun.beans.finder.BeanInfoFinder
1230:             1             32  com.sun.org.apache.xalan.internal.utils.FeatureManager$Feature
1231:             1             32  com.sun.org.apache.xalan.internal.utils.XMLSecurityManager
1232:             2             32  com.sun.org.apache.xerces.internal.impl.XMLDocumentScannerImpl$PrologDriver
1233:             2             32  com.sun.org.apache.xerces.internal.impl.XMLDocumentScannerImpl$TrailingMiscDriver
1234:             2             32  com.sun.org.apache.xerces.internal.impl.XMLDocumentScannerImpl$XMLDeclDriver
1235:             1             32  com.sun.org.apache.xerces.internal.impl.XMLEntityScanner$1
1236:             2             32  com.sun.org.apache.xerces.internal.impl.dv.dtd.DTDDVFactoryImpl
1237:             2             32  com.sun.org.apache.xerces.internal.impl.dv.dtd.ENTITYDatatypeValidator
1238:             2             32  com.sun.org.apache.xerces.internal.parsers.AbstractSAXParser$AttributesProxy
1239:             2             32  com.sun.org.apache.xerces.internal.util.EntityResolverWrapper
1240:             2             32  com.sun.org.apache.xerces.internal.util.ErrorHandlerWrapper
1241:             1             32  com.sun.org.apache.xml.internal.utils.XMLReaderManager
1242:             1             32  com.sun.org.apache.xpath.internal.jaxp.XPathFactoryImpl
1243:             1             32  java.beans.ThreadGroupContext
1244:             1             32  java.beans.ThreadGroupContext$1
1245:             1             32  java.io.RandomAccessFile
1246:             1             32  java.io.UnixFileSystem
1247:             1             32  java.lang.ArithmeticException
1248:             1             32  java.lang.ArrayIndexOutOfBoundsException
1249:             2             32  java.lang.Boolean
1250:             1             32  java.lang.NullPointerException
1251:             2             32  java.lang.Shutdown$Lock
1252:             1             32  java.lang.reflect.WeakCache
1253:             2             32  java.nio.ByteOrder
1254:             1             32  java.nio.channels.Channels$1
1255:             1             32  java.security.BasicPermissionCollection
1256:             1             32  java.security.MessageDigest$Delegate
1257:             1             32  java.text.DontCareFieldPosition
1258:             2             32  java.util.Collections$SingletonSet
1259:             2             32  java.util.Hashtable$EntrySet
1260:             1             32  java.util.ServiceLoader
1261:             2             32  java.util.concurrent.ConcurrentHashMap$ValuesView
1262:             1             32  java.util.concurrent.ThreadLocalRandom
1263:             1             32  java.util.logging.LogManager$SystemLoggerContext
1264:             2             32  javax.xml.xpath.SecuritySupport
1265:             2             32  org.apache.http.conn.scheme.PlainSocketFactory
1266:             2             32  org.apache.http.conn.scheme.SchemeRegistry
1267:             2             32  org.apache.http.impl.conn.HttpConnPool$InternalConnFactory
1268:             2             32  org.apache.http.params.SyncBasicHttpParams
1269:             1             32  org.apache.log4j.PatternLayout
1270:             1             32  org.apache.lucene.analysis.cjk.CJKBigramFilterFactory
1271:             1             32  org.apache.lucene.analysis.id.IndonesianStemFilterFactory
1272:             1             32  org.apache.lucene.analysis.ja.JapaneseKatakanaStemFilterFactory
1273:             1             32  org.apache.lucene.analysis.miscellaneous.TrimFilterFactory
1274:             1             32  org.apache.lucene.analysis.phonetic.DoubleMetaphoneFilterFactory
1275:             2             32  org.apache.lucene.codecs.lucene40.Lucene40DocValuesFormat
1276:             2             32  org.apache.lucene.codecs.lucene40.Lucene40FieldInfosFormat
1277:             2             32  org.apache.lucene.codecs.lucene40.Lucene40NormsFormat
1278:             2             32  org.apache.lucene.codecs.lucene40.Lucene40TermVectorsFormat
1279:             2             32  org.apache.lucene.codecs.lucene42.Lucene42FieldInfosFormat
1280:             2             32  org.apache.lucene.codecs.lucene50.Lucene50CompoundFormat
1281:             2             32  org.apache.lucene.codecs.lucene50.Lucene50FieldInfosFormat
1282:             2             32  org.apache.lucene.codecs.lucene50.Lucene50LiveDocsFormat
1283:             2             32  org.apache.lucene.codecs.lucene50.Lucene50NormsFormat
1284:             2             32  org.apache.lucene.codecs.lucene50.Lucene50SegmentInfoFormat
1285:             2             32  org.apache.lucene.codecs.lucene50.Lucene50StoredFieldsFormat
1286:             2             32  org.apache.lucene.codecs.simpletext.SimpleTextDocValuesFormat
1287:             2             32  org.apache.lucene.codecs.simpletext.SimpleTextPostingsFormat
1288:             1             32  org.apache.lucene.index.DocumentsWriterPerThreadPool
1289:             1             32  org.apache.lucene.index.FieldInfos$FieldNumbers
1290:             2             32  org.apache.lucene.search.MatchAllDocsQuery
1291:             2             32  org.apache.lucene.search.similarities.DefaultSimilarity
1292:             1             32  org.apache.lucene.search.spell.WordBreakSpellChecker
1293:             1             32  org.apache.lucene.store.NativeFSLockFactory$NativeFSLock
1294:             2             32  org.apache.lucene.store.SingleInstanceLockFactory
1295:             1             32  org.apache.lucene.util.AttributeFactory$DefaultAttributeFactory$1
1296:             1             32  org.apache.solr.core.ConfigOverlay
1297:             1             32  org.apache.solr.core.ConfigSolrXml
1298:             1             32  org.apache.solr.core.IndexDeletionPolicyWrapper
1299:             1             32  org.apache.solr.core.SolrConfig$HttpCachingConfig
1300:             1             32  org.apache.solr.core.SolrConfig$JmxConfiguration
1301:             1             32  org.apache.solr.core.SolrCore$8
1302:             1             32  org.apache.solr.core.SolrCore$LazyQueryResponseWriterWrapper
1303:             1             32  org.apache.solr.core.SolrCores
1304:             1             32  org.apache.solr.core.ZkContainer
1305:             1             32  org.apache.solr.handler.component.SpellCheckComponent
1306:             1             32  org.apache.solr.highlight.RegexFragmenter
1307:             1             32  org.apache.solr.logging.CircularList
1308:             1             32  org.apache.solr.logging.log4j.Log4jWatcher
1309:             2             32  org.apache.solr.response.JSONResponseWriter
1310:             1             32  org.apache.solr.rest.RestManager$Registry
1311:             1             32  org.apache.solr.rest.schema.analysis.ManagedStopFilterFactory
1312:             1             32  org.apache.solr.rest.schema.analysis.ManagedSynonymFilterFactory
1313:             2             32  org.apache.solr.schema.AbstractSpatialFieldType$1
1314:             1             32  org.apache.solr.schema.BoolField$1
1315:             1             32  org.apache.solr.schema.IndexSchema$SolrIndexAnalyzer
1316:             1             32  org.apache.solr.servlet.SolrDispatchFilter
1317:             2             32  org.apache.solr.servlet.SolrRequestParsers$FormDataRequestParser
1318:             2             32  org.apache.solr.servlet.SolrRequestParsers$MultipartRequestParser
1319:             2             32  org.apache.solr.servlet.SolrRequestParsers$RawRequestParser
1320:             2             32  org.apache.solr.servlet.SolrRequestParsers$SimpleRequestParser
1321:             1             32  org.apache.solr.spelling.DirectSolrSpellChecker
1322:             1             32  org.apache.solr.update.SolrIndexConfig$DelayedSchemaAnalyzer
1323:             1             32  org.eclipse.jetty.continuation.ContinuationThrowable
1324:             1             32  org.eclipse.jetty.deploy.App
1325:             1             32  org.eclipse.jetty.deploy.DeploymentManager$AppEntry
1326:             1             32  org.eclipse.jetty.security.ConstraintMapping
1327:             1             32  org.eclipse.jetty.servlet.FilterMapping
1328:             1             32  org.eclipse.jetty.util.Scanner$TimeNSize
1329:             1             32  org.eclipse.jetty.util.security.Constraint
1330:             1             32  org.opensextant.solrtexttagger.ConcatenateFilterFactory
1331:             1             32  sun.nio.ch.FileKey
1332:             1             32  sun.nio.ch.SharedFileLockTable$FileLockReference
1333:             1             32  sun.nio.cs.StandardCharsets
1334:             1             32  sun.nio.fs.LinuxFileSystem
1335:             2             32  sun.reflect.BootstrapConstructorAccessorImpl
1336:             1             32  sun.reflect.generics.reflectiveObjects.TypeVariableImpl
1337:             2             32  sun.security.provider.NativePRNG
1338:             1             32  sun.security.provider.SecureRandom
1339:             2             32  sun.security.ssl.SSLSocketFactoryImpl
1340:             1             32  sun.security.ssl.X509TrustManagerImpl
1341:             2             32  sun.security.util.DisabledAlgorithmConstraints$KeySizeConstraints
1342:             1             32  sun.security.x509.IssuerAlternativeNameExtension
1343:             2             32  sun.text.normalizer.CharTrie$FriendAgent
1344:             1             24  [Lcom.google.common.base.Functions$ToStringFunction;
1345:             1             24  [Lcom.google.common.cache.CacheBuilder$NullListener;
1346:             1             24  [Lcom.google.common.cache.CacheBuilder$OneWeigher;
1347:             1             24  [Lcom.sun.org.apache.xalan.internal.utils.FeatureManager$Feature;
1348:             1             24  [Lcom.sun.org.apache.xalan.internal.utils.XMLSecurityPropertyManager$Property;
1349:             1             24  [Lcom.sun.org.apache.xerces.internal.utils.XMLSecurityPropertyManager$Property;
1350:             1             24  [Ljava.io.File$PathStatus;
1351:             1             24  [Ljava.lang.reflect.TypeVariable;
1352:             1             24  [Ljava.net.InetAddress$Cache$Type;
1353:             1             24  [Ljava.nio.file.LinkOption;
1354:             1             24  [Ljava.util.Locale$Category;
1355:             1             24  [Ljavax.net.ssl.KeyManager;
1356:             1             24  [Ljavax.net.ssl.TrustManager;
1357:             1             24  [Lorg.apache.lucene.search.TermQuery;
1358:             1             24  [Lorg.apache.lucene.search.spell.WordBreakSpellChecker$BreakSuggestionSortMethod;
1359:             1             24  [Lorg.apache.lucene.util.packed.PackedInts$Format;
1360:             1             24  [Lorg.apache.solr.client.solrj.SolrQuery$ORDER;
1361:             1             24  [Lorg.apache.solr.core.DirectoryFactory$DirContext;
1362:             1             24  [Lorg.apache.solr.parser.QueryParser$Operator;
1363:             1             24  [Lorg.apache.solr.schema.IndexSchema$DynamicCopy;
1364:             1             24  [Lorg.apache.solr.search.CacheConfig;
1365:             1             24  [Lorg.apache.solr.util.stats.Histogram$SampleType;
1366:             1             24  [Lorg.eclipse.jetty.server.Connector;
1367:             1             24  [Lorg.eclipse.jetty.servlet.FilterHolder;
1368:             1             24  [Lorg.eclipse.jetty.servlet.FilterMapping;
1369:             1             24  [Lsun.launcher.LauncherHelper;
1370:             1             24  [Lsun.security.ssl.EphemeralKeyManager$EphemeralKeyPair;
1371:             1             24  com.google.common.base.Functions$ToStringFunction
1372:             1             24  com.google.common.base.Joiner$1
1373:             1             24  com.google.common.base.Joiner$MapJoiner
1374:             1             24  com.google.common.cache.CacheBuilder$NullListener
1375:             1             24  com.google.common.cache.CacheBuilder$OneWeigher
1376:             1             24  com.google.common.cache.LocalCache$EntryFactory$1
1377:             1             24  com.google.common.cache.LocalCache$EntryFactory$2
1378:             1             24  com.google.common.cache.LocalCache$EntryFactory$3
1379:             1             24  com.google.common.cache.LocalCache$EntryFactory$4
1380:             1             24  com.google.common.cache.LocalCache$EntryFactory$5
1381:             1             24  com.google.common.cache.LocalCache$EntryFactory$6
1382:             1             24  com.google.common.cache.LocalCache$EntryFactory$7
1383:             1             24  com.google.common.cache.LocalCache$EntryFactory$8
1384:             1             24  com.google.common.cache.LocalCache$Strength$1
1385:             1             24  com.google.common.cache.LocalCache$Strength$2
1386:             1             24  com.google.common.cache.LocalCache$Strength$3
1387:             1             24  com.google.common.collect.ImmutableMapKeySet
1388:             1             24  com.google.common.collect.ImmutableMapKeySet$1
1389:             1             24  com.google.common.collect.SingletonImmutableSet
1390:             1             24  com.sun.beans.util.Cache$Kind$1
1391:             1             24  com.sun.beans.util.Cache$Kind$2
1392:             1             24  com.sun.beans.util.Cache$Kind$3
1393:             1             24  com.sun.org.apache.xalan.internal.utils.FeatureManager
1394:             1             24  com.sun.org.apache.xerces.internal.impl.Constants$ArrayEnumeration
1395:             1             24  com.sun.org.apache.xerces.internal.impl.dtd.XMLContentSpec
1396:             1             24  com.sun.org.apache.xpath.internal.objects.XString
1397:             1             24  java.io.StringWriter
1398:             1             24  java.lang.invoke.Invokers
1399:             1             24  java.lang.invoke.MethodHandleImpl$4
1400:             1             24  java.lang.invoke.MethodType$ConcurrentWeakInternSet
1401:             1             24  java.math.MutableBigInteger
1402:             1             24  java.net.Inet4AddressImpl
1403:             1             24  java.nio.file.LinkOption
1404:             1             24  java.util.Collections$EmptyMap
1405:             1             24  java.util.Locale$Cache
1406:             1             24  java.util.ResourceBundle$Control$CandidateListCache
1407:             1             24  java.util.TaskQueue
1408:             1             24  java.util.Timer
1409:             1             24  java.util.concurrent.ConcurrentHashMap$KeySetView
1410:             1             24  java.util.concurrent.TimeUnit$1
1411:             1             24  java.util.concurrent.TimeUnit$2
1412:             1             24  java.util.concurrent.TimeUnit$3
1413:             1             24  java.util.concurrent.TimeUnit$4
1414:             1             24  java.util.concurrent.TimeUnit$5
1415:             1             24  java.util.concurrent.TimeUnit$6
1416:             1             24  java.util.concurrent.TimeUnit$7
1417:             1             24  java.util.jar.Manifest
1418:             1             24  java.util.logging.LogManager$LoggerContext
1419:             1             24  java.util.logging.LoggingPermission
1420:             1             24  java.util.regex.Pattern$7
1421:             1             24  java.util.regex.Pattern$Bound
1422:             1             24  java.util.regex.Pattern$Neg
1423:             1             24  javax.net.ssl.SSLContext
1424:             1             24  org.apache.commons.logging.impl.SLF4JLogFactory
1425:             1             24  org.apache.log4j.helpers.FormattingInfo
1426:             1             24  org.apache.lucene.analysis.Tokenizer$1
1427:             1             24  org.apache.lucene.analysis.ar.ArabicStemFilterFactory
1428:             1             24  org.apache.lucene.analysis.bg.BulgarianStemFilterFactory
1429:             1             24  org.apache.lucene.analysis.ckb.SoraniNormalizationFilterFactory
1430:             1             24  org.apache.lucene.analysis.ckb.SoraniStemFilterFactory
1431:             1             24  org.apache.lucene.analysis.cz.CzechStemFilterFactory
1432:             1             24  org.apache.lucene.analysis.de.GermanLightStemFilterFactory
1433:             1             24  org.apache.lucene.analysis.de.GermanNormalizationFilterFactory
1434:             1             24  org.apache.lucene.analysis.el.GreekLowerCaseFilterFactory
1435:             1             24  org.apache.lucene.analysis.el.GreekStemFilterFactory
1436:             1             24  org.apache.lucene.analysis.en.EnglishMinimalStemFilterFactory
1437:             1             24  org.apache.lucene.analysis.es.SpanishLightStemFilterFactory
1438:             1             24  org.apache.lucene.analysis.fa.PersianCharFilterFactory
1439:             1             24  org.apache.lucene.analysis.fa.PersianNormalizationFilterFactory
1440:             1             24  org.apache.lucene.analysis.fr.FrenchLightStemFilterFactory
1441:             1             24  org.apache.lucene.analysis.ga.IrishLowerCaseFilterFactory
1442:             1             24  org.apache.lucene.analysis.gl.GalicianStemFilterFactory
1443:             1             24  org.apache.lucene.analysis.hi.HindiNormalizationFilterFactory
1444:             1             24  org.apache.lucene.analysis.hi.HindiStemFilterFactory
1445:             1             24  org.apache.lucene.analysis.in.IndicNormalizationFilterFactory
1446:             1             24  org.apache.lucene.analysis.it.ItalianLightStemFilterFactory
1447:             1             24  org.apache.lucene.analysis.ja.JapaneseBaseFormFilterFactory
1448:             1             24  org.apache.lucene.analysis.lv.LatvianStemFilterFactory
1449:             1             24  org.apache.lucene.analysis.miscellaneous.RemoveDuplicatesTokenFilterFactory
1450:             1             24  org.apache.lucene.analysis.miscellaneous.StemmerOverrideFilter$StemmerOverrideMap
1451:             1             24  org.apache.lucene.analysis.pt.PortugueseLightStemFilterFactory
1452:             1             24  org.apache.lucene.analysis.th.ThaiTokenizerFactory
1453:             1             24  org.apache.lucene.analysis.tr.ApostropheFilterFactory
1454:             1             24  org.apache.lucene.analysis.tr.TurkishLowerCaseFilterFactory
1455:             1             24  org.apache.lucene.codecs.blocktreeords.BlockTreeOrdsPostingsFormat
1456:             1             24  org.apache.lucene.codecs.bloom.BloomFilteringPostingsFormat
1457:             1             24  org.apache.lucene.codecs.lucene40.Lucene40Codec$1
1458:             1             24  org.apache.lucene.codecs.lucene41.Lucene41Codec$1
1459:             1             24  org.apache.lucene.codecs.lucene410.Lucene410Codec$1
1460:             1             24  org.apache.lucene.codecs.lucene410.Lucene410Codec$2
1461:             1             24  org.apache.lucene.codecs.lucene42.Lucene42Codec$1
1462:             1             24  org.apache.lucene.codecs.lucene42.Lucene42Codec$2
1463:             1             24  org.apache.lucene.codecs.lucene42.Lucene42Codec$3
1464:             1             24  org.apache.lucene.codecs.lucene42.Lucene42DocValuesFormat
1465:             1             24  org.apache.lucene.codecs.lucene45.Lucene45Codec$1
1466:             1             24  org.apache.lucene.codecs.lucene45.Lucene45Codec$2
1467:             1             24  org.apache.lucene.codecs.lucene45.Lucene45Codec$3
1468:             1             24  org.apache.lucene.codecs.lucene46.Lucene46Codec$1
1469:             1             24  org.apache.lucene.codecs.lucene46.Lucene46Codec$2
1470:             1             24  org.apache.lucene.codecs.lucene46.Lucene46Codec$3
1471:             1             24  org.apache.lucene.codecs.lucene49.Lucene49Codec$1
1472:             1             24  org.apache.lucene.codecs.lucene49.Lucene49Codec$2
1473:             1             24  org.apache.lucene.codecs.lucene50.Lucene50PostingsFormat
1474:             1             24  org.apache.lucene.codecs.memory.DirectPostingsFormat
1475:             1             24  org.apache.lucene.codecs.memory.MemoryDocValuesFormat
1476:             1             24  org.apache.lucene.codecs.memory.MemoryPostingsFormat
1477:             1             24  org.apache.lucene.index.DocumentsWriterDeleteQueue$DeleteSlice
1478:             1             24  org.apache.lucene.index.DocumentsWriterDeleteQueue$Node
1479:             1             24  org.apache.lucene.index.DocumentsWriterFlushQueue
1480:             1             24  org.apache.lucene.index.DocumentsWriterStallControl
1481:             1             24  org.apache.lucene.index.FlushByRamOrCountsPolicy
1482:             1             24  org.apache.lucene.index.IndexWriter$1
1483:             1             24  org.apache.lucene.index.IndexWriter$ReaderPool
1484:             1             24  org.apache.lucene.index.MultiBits
1485:             1             24  org.apache.lucene.index.MultiFields
1486:             1             24  org.apache.lucene.index.MultiTerms
1487:             1             24  org.apache.lucene.search.BooleanClause$Occur$1
1488:             1             24  org.apache.lucene.search.BooleanClause$Occur$2
1489:             1             24  org.apache.lucene.search.BooleanClause$Occur$3
1490:             1             24  org.apache.lucene.search.TopDocs
1491:             1             24  org.apache.lucene.spatial.prefix.tree.GeohashPrefixTree
1492:             1             24  org.apache.lucene.store.FlushInfo
1493:             1             24  org.apache.lucene.uninverting.FieldCacheImpl
1494:             1             24  org.apache.lucene.uninverting.FieldCacheImpl$BinaryDocValuesCache
1495:             1             24  org.apache.lucene.uninverting.FieldCacheImpl$DocTermOrdsCache
1496:             1             24  org.apache.lucene.uninverting.FieldCacheImpl$DocsWithFieldCache
1497:             1             24  org.apache.lucene.uninverting.FieldCacheImpl$LongCache
1498:             1             24  org.apache.lucene.uninverting.FieldCacheImpl$SortedDocValuesCache
1499:             1             24  org.apache.lucene.util.AttributeFactory$1
1500:             1             24  org.apache.lucene.util.AttributeSource$2
1501:             1             24  org.apache.lucene.util.SetOnce
1502:             1             24  org.apache.lucene.util.packed.PackedInts$Format$1
1503:             1             24  org.apache.lucene.util.packed.PackedInts$Format$2
1504:             1             24  org.apache.solr.client.solrj.SolrQuery
1505:             1             24  org.apache.solr.client.solrj.SolrQuery$SortClause
1506:             1             24  org.apache.solr.common.SolrInputDocument
1507:             1             24  org.apache.solr.common.util.SolrjNamedThreadFactory
1508:             1             24  org.apache.solr.core.ConfigSetService$Default
1509:             1             24  org.apache.solr.core.JarRepository
1510:             1             24  org.apache.solr.core.RequestHandlers
1511:             1             24  org.apache.solr.core.RequestParams
1512:             1             24  org.apache.solr.core.SchemaCodecFactory
1513:             1             24  org.apache.solr.core.SolrDeletionPolicy
1514:             1             24  org.apache.solr.handler.ReplicationHandler$3
1515:             1             24  org.apache.solr.handler.component.ExpandComponent
1516:             1             24  org.apache.solr.handler.component.FacetComponent
1517:             1             24  org.apache.solr.handler.component.HighlightComponent
1518:             1             24  org.apache.solr.handler.component.TermVectorComponent
1519:             1             24  org.apache.solr.highlight.BreakIteratorBoundaryScanner
1520:             1             24  org.apache.solr.highlight.DefaultEncoder
1521:             1             24  org.apache.solr.highlight.GapFragmenter
1522:             1             24  org.apache.solr.highlight.HtmlEncoder
1523:             1             24  org.apache.solr.highlight.HtmlFormatter
1524:             1             24  org.apache.solr.highlight.SimpleBoundaryScanner
1525:             1             24  org.apache.solr.highlight.SimpleFragListBuilder
1526:             1             24  org.apache.solr.highlight.SingleFragListBuilder
1527:             1             24  org.apache.solr.highlight.WeightedFragListBuilder
1528:             1             24  org.apache.solr.response.transform.ExplainAugmenterFactory
1529:             1             24  org.apache.solr.response.transform.ValueAugmenterFactory
1530:             1             24  org.apache.solr.schema.FileExchangeRateProvider
1531:             1             24  org.apache.solr.schema.TrieDateField$ThreadLocalDateFormat
1532:             1             24  org.apache.solr.search.BitDocSet
1533:             1             24  org.apache.solr.search.similarities.DefaultSimilarityFactory
1534:             1             24  org.apache.solr.spelling.SpellingQueryConverter
1535:             1             24  org.apache.solr.update.DefaultSolrCoreState$1
1536:             1             24  org.apache.solr.update.UpdateShardHandler
1537:             1             24  org.apache.solr.update.processor.LogUpdateProcessorFactory
1538:             1             24  org.apache.solr.update.processor.UpdateRequestProcessorChain
1539:             1             24  org.apache.solr.util.stats.Histogram$SampleType$1
1540:             1             24  org.apache.solr.util.stats.Histogram$SampleType$2
1541:             1             24  org.eclipse.jetty.deploy.AppLifeCycle
1542:             1             24  org.eclipse.jetty.http.HttpFields$DateGenerator
1543:             1             24  org.eclipse.jetty.http.HttpHeaderValues
1544:             1             24  org.eclipse.jetty.http.HttpHeaders
1545:             1             24  org.eclipse.jetty.server.AbstractConnector$Acceptor
1546:             1             24  org.eclipse.jetty.servlet.FilterHolder$Config
1547:             1             24  org.eclipse.jetty.servlet.NoJspServlet
1548:             1             24  org.eclipse.jetty.util.IO$NullWrite
1549:             1             24  org.eclipse.jetty.util.MultiMap
1550:             1             24  org.noggit.NullCharArr
1551:             1             24  org.slf4j.helpers.FormattingTuple
1552:             1             24  sun.launcher.LauncherHelper
1553:             1             24  sun.management.VMManagementImpl
1554:             1             24  sun.misc.JarIndex
1555:             1             24  sun.misc.URLClassPath$FileLoader
1556:             1             24  sun.net.ProgressMonitor
1557:             1             24  sun.net.sdp.SdpProvider
1558:             1             24  sun.nio.ch.SharedFileLockTable
1559:             1             24  sun.nio.cs.ISO_8859_1
1560:             1             24  sun.nio.cs.US_ASCII
1561:             1             24  sun.nio.cs.UTF_16
1562:             1             24  sun.nio.cs.UTF_16BE
1563:             1             24  sun.nio.cs.UTF_16LE
1564:             1             24  sun.nio.cs.UTF_8
1565:             1             24  sun.reflect.generics.factory.CoreReflectionFactory
1566:             1             24  sun.reflect.generics.scope.ClassScope
1567:             1             24  sun.reflect.generics.tree.FormalTypeParameter
1568:             1             24  sun.security.provider.DSAParameters
1569:             1             24  sun.security.ssl.SSLAlgorithmConstraints$TLSDisabledAlgConstraints
1570:             1             24  sun.security.ssl.SSLAlgorithmConstraints$X509DisabledAlgConstraints
1571:             1             24  sun.security.ssl.SunX509KeyManagerImpl
1572:             1             24  sun.security.util.DisabledAlgorithmConstraints$KeySizeConstraint
1573:             1             24  sun.text.normalizer.ReplaceableUCharacterIterator
1574:             1             24  sun.util.locale.BaseLocale$Cache
1575:             1             24  sun.util.locale.provider.CalendarDataProviderImpl
1576:             1             24  sun.util.locale.provider.CalendarProviderImpl
1577:             1             24  sun.util.locale.provider.CollatorProviderImpl
1578:             1             24  sun.util.locale.provider.CurrencyNameProviderImpl
1579:             1             24  sun.util.locale.provider.DateFormatSymbolsProviderImpl
1580:             1             24  sun.util.locale.provider.DecimalFormatSymbolsProviderImpl
1581:             1             24  sun.util.locale.provider.NumberFormatProviderImpl
1582:             1             16  [Ljava.beans.EventSetDescriptor;
1583:             1             16  [Ljava.lang.Enum;
1584:             1             16  [Ljava.lang.Throwable;
1585:             1             16  [Ljava.nio.file.attribute.FileAttribute;
1586:             1             16  [Ljava.security.Provider;
1587:             1             16  [Ljava.text.FieldPosition;
1588:             1             16  [Ljava.util.logging.Handler;
1589:             1             16  [Lorg.apache.lucene.codecs.PostingsFormat;
1590:             1             16  [Lorg.apache.lucene.search.ScoreDoc;
1591:             1             16  [Lorg.apache.lucene.search.SortField;
1592:             1             16  [Lorg.apache.solr.client.solrj.impl.LBHttpSolrClient$ServerWrapper;
1593:             1             16  com.google.common.base.Equivalence$Equals
1594:             1             16  com.google.common.base.Joiner
1595:             1             16  com.google.common.base.Suppliers$SupplierOfInstance
1596:             1             16  com.google.common.base.Ticker$1
1597:             1             16  com.google.common.cache.CacheBuilder$1
1598:             1             16  com.google.common.cache.CacheBuilder$2
1599:             1             16  com.google.common.cache.CacheBuilder$3
1600:             1             16  com.google.common.cache.LocalCache$1
1601:             1             16  com.google.common.cache.LocalCache$2
1602:             1             16  com.google.common.collect.ImmutableCollection$EmptyImmutableCollection
1603:             1             16  com.google.common.collect.Iterators$1
1604:             1             16  com.google.common.collect.Iterators$2
1605:             1             16  com.sun.naming.internal.VersionHelper12
1606:             1             16  com.sun.org.apache.xalan.internal.utils.SecuritySupport
1607:             1             16  com.sun.org.apache.xerces.internal.dom.CharacterDataImpl$1
1608:             1             16  com.sun.org.apache.xerces.internal.impl.XMLDocumentScannerImpl$DTDDriver
1609:             1             16  com.sun.org.apache.xerces.internal.impl.dv.dtd.IDDatatypeValidator
1610:             1             16  com.sun.org.apache.xerces.internal.impl.dv.dtd.IDREFDatatypeValidator
1611:             1             16  com.sun.org.apache.xerces.internal.impl.dv.dtd.NMTOKENDatatypeValidator
1612:             1             16  com.sun.org.apache.xerces.internal.impl.dv.dtd.NOTATIONDatatypeValidator
1613:             1             16  com.sun.org.apache.xerces.internal.impl.dv.dtd.StringDatatypeValidator
1614:             1             16  com.sun.org.apache.xerces.internal.utils.SecuritySupport
1615:             1             16  com.sun.org.apache.xpath.internal.objects.EqualComparator
1616:             1             16  com.sun.org.apache.xpath.internal.objects.GreaterThanComparator
1617:             1             16  com.sun.org.apache.xpath.internal.objects.GreaterThanOrEqualComparator
1618:             1             16  com.sun.org.apache.xpath.internal.objects.LessThanComparator
1619:             1             16  com.sun.org.apache.xpath.internal.objects.LessThanOrEqualComparator
1620:             1             16  com.sun.org.apache.xpath.internal.objects.NotEqualComparator
1621:             1             16  com.sun.org.apache.xpath.internal.objects.XMLStringFactoryImpl
1622:             1             16  java.io.FileDescriptor$1
1623:             1             16  java.lang.ApplicationShutdownHooks$1
1624:             1             16  java.lang.CharacterData00
1625:             1             16  java.lang.CharacterDataLatin1
1626:             1             16  java.lang.InheritableThreadLocal
1627:             1             16  java.lang.Runtime
1628:             1             16  java.lang.String$CaseInsensitiveComparator
1629:             1             16  java.lang.System$2
1630:             1             16  java.lang.Terminator$1
1631:             1             16  java.lang.invoke.MemberName$Factory
1632:             1             16  java.lang.invoke.MethodHandleImpl$2
1633:             1             16  java.lang.invoke.MethodHandleImpl$3
1634:             1             16  java.lang.management.PlatformComponent$1
1635:             1             16  java.lang.management.PlatformComponent$10
1636:             1             16  java.lang.management.PlatformComponent$11
1637:             1             16  java.lang.management.PlatformComponent$12
1638:             1             16  java.lang.management.PlatformComponent$13
1639:             1             16  java.lang.management.PlatformComponent$14
1640:             1             16  java.lang.management.PlatformComponent$15
1641:             1             16  java.lang.management.PlatformComponent$2
1642:             1             16  java.lang.management.PlatformComponent$3
1643:             1             16  java.lang.management.PlatformComponent$4
1644:             1             16  java.lang.management.PlatformComponent$5
1645:             1             16  java.lang.management.PlatformComponent$6
1646:             1             16  java.lang.management.PlatformComponent$7
1647:             1             16  java.lang.management.PlatformComponent$8
1648:             1             16  java.lang.management.PlatformComponent$9
1649:             1             16  java.lang.ref.Reference$Lock
1650:             1             16  java.lang.reflect.Proxy$KeyFactory
1651:             1             16  java.lang.reflect.Proxy$ProxyClassFactory
1652:             1             16  java.lang.reflect.ReflectAccess
1653:             1             16  java.net.InetAddress$2
1654:             1             16  java.net.URLClassLoader$7
1655:             1             16  java.nio.Bits$1
1656:             1             16  java.nio.channels.spi.AbstractInterruptibleChannel$1
1657:             1             16  java.nio.charset.CoderResult$1
1658:             1             16  java.nio.charset.CoderResult$2
1659:             1             16  java.security.ProtectionDomain$1
1660:             1             16  java.security.ProtectionDomain$3
1661:             1             16  java.text.DontCareFieldPosition$1
1662:             1             16  java.util.Collections$EmptyEnumeration
1663:             1             16  java.util.Collections$EmptyIterator
1664:             1             16  java.util.Collections$EmptyList
1665:             1             16  java.util.Collections$EmptySet
1666:             1             16  java.util.Collections$UnmodifiableMap$UnmodifiableEntrySet
1667:             1             16  java.util.Currency$CurrencyNameGetter
1668:             1             16  java.util.Hashtable$KeySet
1669:             1             16  java.util.ResourceBundle$Control
1670:             1             16  java.util.Timer$1
1671:             1             16  java.util.concurrent.ConcurrentHashMap$EntrySetView
1672:             1             16  java.util.concurrent.ConcurrentSkipListMap$KeySet
1673:             1             16  java.util.concurrent.Executors$FinalizableDelegatedExecutorService
1674:             1             16  java.util.concurrent.ThreadPoolExecutor$AbortPolicy
1675:             1             16  java.util.jar.JavaUtilJarAccessImpl
1676:             1             16  java.util.logging.LoggingProxyImpl
1677:             1             16  java.util.regex.Pattern$4
1678:             1             16  java.util.regex.Pattern$Begin
1679:             1             16  java.util.regex.Pattern$CharPropertyNames$10
1680:             1             16  java.util.regex.Pattern$CharPropertyNames$11
1681:             1             16  java.util.regex.Pattern$CharPropertyNames$12
1682:             1             16  java.util.regex.Pattern$CharPropertyNames$13
1683:             1             16  java.util.regex.Pattern$CharPropertyNames$14
1684:             1             16  java.util.regex.Pattern$CharPropertyNames$15
1685:             1             16  java.util.regex.Pattern$CharPropertyNames$16
1686:             1             16  java.util.regex.Pattern$CharPropertyNames$17
1687:             1             16  java.util.regex.Pattern$CharPropertyNames$18
1688:             1             16  java.util.regex.Pattern$CharPropertyNames$19
1689:             1             16  java.util.regex.Pattern$CharPropertyNames$20
1690:             1             16  java.util.regex.Pattern$CharPropertyNames$21
1691:             1             16  java.util.regex.Pattern$CharPropertyNames$22
1692:             1             16  java.util.regex.Pattern$CharPropertyNames$23
1693:             1             16  java.util.regex.Pattern$CharPropertyNames$5
1694:             1             16  java.util.regex.Pattern$CharPropertyNames$6
1695:             1             16  java.util.regex.Pattern$CharPropertyNames$7
1696:             1             16  java.util.regex.Pattern$CharPropertyNames$8
1697:             1             16  java.util.regex.Pattern$CharPropertyNames$9
1698:             1             16  java.util.regex.Pattern$LastNode
1699:             1             16  java.util.regex.Pattern$Node
1700:             1             16  java.util.zip.ZipFile$1
1701:             1             16  javax.xml.parsers.SecuritySupport
1702:             1             16  javax.xml.stream.SecuritySupport
1703:             1             16  javax.xml.transform.SecuritySupport
1704:             1             16  org.apache.http.conn.ssl.AllowAllHostnameVerifier
1705:             1             16  org.apache.http.conn.ssl.BrowserCompatHostnameVerifier
1706:             1             16  org.apache.http.conn.ssl.StrictHostnameVerifier
1707:             1             16  org.apache.log4j.DefaultCategoryFactory
1708:             1             16  org.apache.log4j.helpers.AppenderAttachableImpl
1709:             1             16  org.apache.log4j.or.DefaultRenderer
1710:             1             16  org.apache.log4j.or.RendererMap
1711:             1             16  org.apache.log4j.spi.DefaultRepositorySelector
1712:             1             16  org.apache.lucene.analysis.Analyzer$1
1713:             1             16  org.apache.lucene.analysis.Analyzer$2
1714:             1             16  org.apache.lucene.analysis.payloads.FloatEncoder
1715:             1             16  org.apache.lucene.analysis.util.CharacterUtils$Java4CharacterUtils
1716:             1             16  org.apache.lucene.analysis.util.CharacterUtils$Java5CharacterUtils
1717:             1             16  org.apache.lucene.codecs.bloom.DefaultBloomFilterFactory
1718:             1             16  org.apache.lucene.codecs.compressing.CompressionMode$1
1719:             1             16  org.apache.lucene.codecs.compressing.CompressionMode$2
1720:             1             16  org.apache.lucene.codecs.compressing.CompressionMode$3
1721:             1             16  org.apache.lucene.codecs.compressing.CompressionMode$4
1722:             1             16  org.apache.lucene.codecs.lucene40.Lucene40PostingsFormat
1723:             1             16  org.apache.lucene.codecs.lucene40.Lucene40StoredFieldsFormat
1724:             1             16  org.apache.lucene.codecs.lucene41.Lucene41PostingsFormat
1725:             1             16  org.apache.lucene.codecs.lucene410.Lucene410Codec$3
1726:             1             16  org.apache.lucene.codecs.lucene410.Lucene410DocValuesFormat
1727:             1             16  org.apache.lucene.codecs.lucene45.Lucene45DocValuesFormat
1728:             1             16  org.apache.lucene.codecs.lucene49.Lucene49Codec$3
1729:             1             16  org.apache.lucene.codecs.lucene49.Lucene49DocValuesFormat
1730:             1             16  org.apache.lucene.codecs.lucene50.Lucene50DocValuesFormat
1731:             1             16  org.apache.lucene.codecs.memory.DirectDocValuesFormat
1732:             1             16  org.apache.lucene.codecs.memory.FSTOrdPostingsFormat
1733:             1             16  org.apache.lucene.codecs.memory.FSTPostingsFormat
1734:             1             16  org.apache.lucene.codecs.simpletext.SimpleTextCompoundFormat
1735:             1             16  org.apache.lucene.codecs.simpletext.SimpleTextFieldInfosFormat
1736:             1             16  org.apache.lucene.codecs.simpletext.SimpleTextLiveDocsFormat
1737:             1             16  org.apache.lucene.codecs.simpletext.SimpleTextNormsFormat
1738:             1             16  org.apache.lucene.codecs.simpletext.SimpleTextSegmentInfoFormat
1739:             1             16  org.apache.lucene.codecs.simpletext.SimpleTextStoredFieldsFormat
1740:             1             16  org.apache.lucene.codecs.simpletext.SimpleTextTermVectorsFormat
1741:             1             16  org.apache.lucene.index.BufferedUpdatesStream$1
1742:             1             16  org.apache.lucene.index.DocumentsWriterPerThread$1
1743:             1             16  org.apache.lucene.index.TermsEnum$2
1744:             1             16  org.apache.lucene.search.MultiTermQuery$1
1745:             1             16  org.apache.lucene.search.ScoringRewrite$1
1746:             1             16  org.apache.lucene.search.ScoringRewrite$2
1747:             1             16  org.apache.lucene.search.spell.LuceneLevenshteinDistance
1748:             1             16  org.apache.lucene.search.spell.SuggestWordScoreComparator
1749:             1             16  org.apache.lucene.store.MMapDirectory$1
1750:             1             16  org.apache.lucene.store.NativeFSLockFactory
1751:             1             16  org.apache.lucene.uninverting.FieldCache$1
1752:             1             16  org.apache.lucene.uninverting.FieldCache$2
1753:             1             16  org.apache.lucene.uninverting.FieldCache$3
1754:             1             16  org.apache.lucene.uninverting.FieldCache$4
1755:             1             16  org.apache.lucene.uninverting.FieldCacheImpl$1
1756:             1             16  org.apache.lucene.util.ArrayUtil$NaturalComparator
1757:             1             16  org.apache.lucene.util.AttributeFactory$DefaultAttributeFactory
1758:             1             16  org.apache.lucene.util.BytesRef$UTF8SortedAsUTF16Comparator
1759:             1             16  org.apache.lucene.util.BytesRef$UTF8SortedAsUnicodeComparator
1760:             1             16  org.apache.lucene.util.CharsRef$UTF16SortedAsUTF8Comparator
1761:             1             16  org.apache.lucene.util.InfoStream$NoOutput
1762:             1             16  org.apache.lucene.util.LongValues$1
1763:             1             16  org.apache.lucene.util.fst.ByteSequenceOutputs
1764:             1             16  org.apache.lucene.util.packed.PackedInts$NullReader
1765:             1             16  org.apache.solr.client.solrj.impl.BinaryResponseParser
1766:             1             16  org.apache.solr.client.solrj.impl.HttpClientConfigurer
1767:             1             16  org.apache.solr.core.ConfigSolrXml$1
1768:             1             16  org.apache.solr.core.ConfigSolrXml$2
1769:             1             16  org.apache.solr.core.ConfigSolrXml$3
1770:             1             16  org.apache.solr.core.CorePropertiesLocator
1771:             1             16  org.apache.solr.core.SolrCore$9
1772:             1             16  org.apache.solr.core.StandardIndexReaderFactory
1773:             1             16  org.apache.solr.handler.ReplicationHandler$2
1774:             1             16  org.apache.solr.handler.component.DebugComponent
1775:             1             16  org.apache.solr.handler.component.MoreLikeThisComponent
1776:             1             16  org.apache.solr.handler.component.QueryComponent
1777:             1             16  org.apache.solr.handler.component.RealTimeGetComponent
1778:             1             16  org.apache.solr.handler.component.StatsComponent
1779:             1             16  org.apache.solr.handler.component.TermsComponent
1780:             1             16  org.apache.solr.response.BinaryResponseWriter
1781:             1             16  org.apache.solr.response.CSVResponseWriter
1782:             1             16  org.apache.solr.response.PHPResponseWriter
1783:             1             16  org.apache.solr.response.PHPSerializedResponseWriter
1784:             1             16  org.apache.solr.response.PythonResponseWriter
1785:             1             16  org.apache.solr.response.RawResponseWriter
1786:             1             16  org.apache.solr.response.RubyResponseWriter
1787:             1             16  org.apache.solr.response.SchemaXmlResponseWriter
1788:             1             16  org.apache.solr.response.SortingResponseWriter
1789:             1             16  org.apache.solr.response.XMLResponseWriter
1790:             1             16  org.apache.solr.response.XSLTResponseWriter
1791:             1             16  org.apache.solr.response.transform.ChildDocTransformerFactory
1792:             1             16  org.apache.solr.response.transform.DocIdAugmenterFactory
1793:             1             16  org.apache.solr.response.transform.ElevatedMarkerFactory
1794:             1             16  org.apache.solr.response.transform.ExcludedMarkerFactory
1795:             1             16  org.apache.solr.response.transform.ShardAugmenterFactory
1796:             1             16  org.apache.solr.rest.ManagedResourceStorage$FileStorageIO
1797:             1             16  org.apache.solr.schema.RandomSortField$1
1798:             1             16  org.apache.solr.search.BoostQParserPlugin
1799:             1             16  org.apache.solr.search.CollapsingQParserPlugin
1800:             1             16  org.apache.solr.search.ComplexPhraseQParserPlugin
1801:             1             16  org.apache.solr.search.DateValueSourceParser
1802:             1             16  org.apache.solr.search.DisMaxQParserPlugin
1803:             1             16  org.apache.solr.search.ExportQParserPlugin
1804:             1             16  org.apache.solr.search.ExtendedDismaxQParserPlugin
1805:             1             16  org.apache.solr.search.FieldQParserPlugin
1806:             1             16  org.apache.solr.search.FunctionQParserPlugin
1807:             1             16  org.apache.solr.search.FunctionRangeQParserPlugin
1808:             1             16  org.apache.solr.search.JoinQParserPlugin
1809:             1             16  org.apache.solr.search.LuceneQParserPlugin
1810:             1             16  org.apache.solr.search.MaxScoreQParserPlugin
1811:             1             16  org.apache.solr.search.NestedQParserPlugin
1812:             1             16  org.apache.solr.search.NoOpRegenerator
1813:             1             16  org.apache.solr.search.OldLuceneQParserPlugin
1814:             1             16  org.apache.solr.search.PrefixQParserPlugin
1815:             1             16  org.apache.solr.search.RawQParserPlugin
1816:             1             16  org.apache.solr.search.ReRankQParserPlugin
1817:             1             16  org.apache.solr.search.SimpleQParserPlugin
1818:             1             16  org.apache.solr.search.SolrFieldCacheMBean
1819:             1             16  org.apache.solr.search.SolrIndexSearcher$1
1820:             1             16  org.apache.solr.search.SolrIndexSearcher$2
1821:             1             16  org.apache.solr.search.SolrIndexSearcher$3
1822:             1             16  org.apache.solr.search.SolrIndexSearcher$4
1823:             1             16  org.apache.solr.search.SolrQueryTimeoutImpl
1824:             1             16  org.apache.solr.search.SolrQueryTimeoutImpl$1
1825:             1             16  org.apache.solr.search.SpatialBoxQParserPlugin
1826:             1             16  org.apache.solr.search.SpatialFilterQParserPlugin
1827:             1             16  org.apache.solr.search.SurroundQParserPlugin
1828:             1             16  org.apache.solr.search.SwitchQParserPlugin
1829:             1             16  org.apache.solr.search.TermQParserPlugin
1830:             1             16  org.apache.solr.search.TermsQParserPlugin
1831:             1             16  org.apache.solr.search.ValueSourceParser$1
1832:             1             16  org.apache.solr.search.ValueSourceParser$10
1833:             1             16  org.apache.solr.search.ValueSourceParser$11
1834:             1             16  org.apache.solr.search.ValueSourceParser$12
1835:             1             16  org.apache.solr.search.ValueSourceParser$13
1836:             1             16  org.apache.solr.search.ValueSourceParser$14
1837:             1             16  org.apache.solr.search.ValueSourceParser$15
1838:             1             16  org.apache.solr.search.ValueSourceParser$16
1839:             1             16  org.apache.solr.search.ValueSourceParser$17
1840:             1             16  org.apache.solr.search.ValueSourceParser$18
1841:             1             16  org.apache.solr.search.ValueSourceParser$19
1842:             1             16  org.apache.solr.search.ValueSourceParser$2
1843:             1             16  org.apache.solr.search.ValueSourceParser$20
1844:             1             16  org.apache.solr.search.ValueSourceParser$21
1845:             1             16  org.apache.solr.search.ValueSourceParser$22
1846:             1             16  org.apache.solr.search.ValueSourceParser$23
1847:             1             16  org.apache.solr.search.ValueSourceParser$24
1848:             1             16  org.apache.solr.search.ValueSourceParser$25
1849:             1             16  org.apache.solr.search.ValueSourceParser$26
1850:             1             16  org.apache.solr.search.ValueSourceParser$27
1851:             1             16  org.apache.solr.search.ValueSourceParser$28
1852:             1             16  org.apache.solr.search.ValueSourceParser$29
1853:             1             16  org.apache.solr.search.ValueSourceParser$3
1854:             1             16  org.apache.solr.search.ValueSourceParser$30
1855:             1             16  org.apache.solr.search.ValueSourceParser$31
1856:             1             16  org.apache.solr.search.ValueSourceParser$32
1857:             1             16  org.apache.solr.search.ValueSourceParser$33
1858:             1             16  org.apache.solr.search.ValueSourceParser$34
1859:             1             16  org.apache.solr.search.ValueSourceParser$35
1860:             1             16  org.apache.solr.search.ValueSourceParser$36
1861:             1             16  org.apache.solr.search.ValueSourceParser$37
1862:             1             16  org.apache.solr.search.ValueSourceParser$38
1863:             1             16  org.apache.solr.search.ValueSourceParser$39
1864:             1             16  org.apache.solr.search.ValueSourceParser$4
1865:             1             16  org.apache.solr.search.ValueSourceParser$40
1866:             1             16  org.apache.solr.search.ValueSourceParser$41
1867:             1             16  org.apache.solr.search.ValueSourceParser$42
1868:             1             16  org.apache.solr.search.ValueSourceParser$43
1869:             1             16  org.apache.solr.search.ValueSourceParser$44
1870:             1             16  org.apache.solr.search.ValueSourceParser$45
1871:             1             16  org.apache.solr.search.ValueSourceParser$46
1872:             1             16  org.apache.solr.search.ValueSourceParser$47
1873:             1             16  org.apache.solr.search.ValueSourceParser$48
1874:             1             16  org.apache.solr.search.ValueSourceParser$49
1875:             1             16  org.apache.solr.search.ValueSourceParser$5
1876:             1             16  org.apache.solr.search.ValueSourceParser$50
1877:             1             16  org.apache.solr.search.ValueSourceParser$51
1878:             1             16  org.apache.solr.search.ValueSourceParser$52
1879:             1             16  org.apache.solr.search.ValueSourceParser$53
1880:             1             16  org.apache.solr.search.ValueSourceParser$54
1881:             1             16  org.apache.solr.search.ValueSourceParser$55
1882:             1             16  org.apache.solr.search.ValueSourceParser$56
1883:             1             16  org.apache.solr.search.ValueSourceParser$57
1884:             1             16  org.apache.solr.search.ValueSourceParser$58
1885:             1             16  org.apache.solr.search.ValueSourceParser$59
1886:             1             16  org.apache.solr.search.ValueSourceParser$6
1887:             1             16  org.apache.solr.search.ValueSourceParser$60
1888:             1             16  org.apache.solr.search.ValueSourceParser$61
1889:             1             16  org.apache.solr.search.ValueSourceParser$62
1890:             1             16  org.apache.solr.search.ValueSourceParser$63
1891:             1             16  org.apache.solr.search.ValueSourceParser$64
1892:             1             16  org.apache.solr.search.ValueSourceParser$65
1893:             1             16  org.apache.solr.search.ValueSourceParser$66
1894:             1             16  org.apache.solr.search.ValueSourceParser$67
1895:             1             16  org.apache.solr.search.ValueSourceParser$68
1896:             1             16  org.apache.solr.search.ValueSourceParser$69
1897:             1             16  org.apache.solr.search.ValueSourceParser$7
1898:             1             16  org.apache.solr.search.ValueSourceParser$70
1899:             1             16  org.apache.solr.search.ValueSourceParser$71
1900:             1             16  org.apache.solr.search.ValueSourceParser$72
1901:             1             16  org.apache.solr.search.ValueSourceParser$73
1902:             1             16  org.apache.solr.search.ValueSourceParser$74
1903:             1             16  org.apache.solr.search.ValueSourceParser$8
1904:             1             16  org.apache.solr.search.ValueSourceParser$9
1905:             1             16  org.apache.solr.search.function.distance.GeoDistValueSourceParser
1906:             1             16  org.apache.solr.search.grouping.endresulttransformer.MainEndResultTransformer
1907:             1             16  org.apache.solr.search.grouping.endresulttransformer.SimpleEndResultTransformer
1908:             1             16  org.apache.solr.search.join.BlockJoinChildQParserPlugin
1909:             1             16  org.apache.solr.search.join.BlockJoinParentQParserPlugin
1910:             1             16  org.apache.solr.search.mlt.MLTQParserPlugin
1911:             1             16  org.apache.solr.search.stats.LocalStatsCache
1912:             1             16  org.apache.solr.update.LoggingInfoStream
1913:             1             16  org.apache.solr.update.TransactionLog$1
1914:             1             16  org.apache.solr.update.processor.DistributedUpdateProcessorFactory
1915:             1             16  org.apache.solr.update.processor.RunUpdateProcessorFactory
1916:             1             16  org.apache.solr.util.EmptyEntityResolver$1
1917:             1             16  org.apache.solr.util.EmptyEntityResolver$2
1918:             1             16  org.apache.solr.util.stats.Clock$UserTimeClock
1919:             1             16  org.eclipse.jetty.deploy.bindings.StandardDeployer
1920:             1             16  org.eclipse.jetty.deploy.bindings.StandardStarter
1921:             1             16  org.eclipse.jetty.deploy.bindings.StandardStopper
1922:             1             16  org.eclipse.jetty.deploy.bindings.StandardUndeployer
1923:             1             16  org.eclipse.jetty.deploy.providers.ContextProvider$1
1924:             1             16  org.eclipse.jetty.deploy.providers.ScanningAppProvider$1
1925:             1             16  org.eclipse.jetty.http.HttpFields$1
1926:             1             16  org.eclipse.jetty.http.HttpFields$2
1927:             1             16  org.eclipse.jetty.http.MimeTypes
1928:             1             16  org.eclipse.jetty.security.DefaultAuthenticatorFactory
1929:             1             16  org.eclipse.jetty.security.SecurityHandler$1
1930:             1             16  org.eclipse.jetty.security.SecurityHandler$2
1931:             1             16  org.eclipse.jetty.security.SecurityHandler$3
1932:             1             16  org.eclipse.jetty.server.Authentication$1
1933:             1             16  org.eclipse.jetty.server.Authentication$2
1934:             1             16  org.eclipse.jetty.server.Authentication$3
1935:             1             16  org.eclipse.jetty.server.Authentication$4
1936:             1             16  org.eclipse.jetty.server.Authentication$5
1937:             1             16  org.eclipse.jetty.server.handler.ContextHandler$ApproveNonExistentDirectoryAliases
1938:             1             16  org.eclipse.jetty.server.session.AbstractSessionManager$1
1939:             1             16  org.eclipse.jetty.server.session.AbstractSessionManager$2
1940:             1             16  org.eclipse.jetty.servlet.listener.ELContextCleaner
1941:             1             16  org.eclipse.jetty.servlet.listener.IntrospectorCleaner
1942:             1             16  org.eclipse.jetty.start.FilenameComparator
1943:             1             16  org.eclipse.jetty.util.IO$ClosedIS
1944:             1             16  org.eclipse.jetty.util.IO$NullOS
1945:             1             16  org.eclipse.jetty.util.StringMap$NullEntry
1946:             1             16  org.eclipse.jetty.util.component.Container
1947:             1             16  org.eclipse.jetty.util.thread.QueuedThreadPool$3
1948:             1             16  org.eclipse.jetty.webapp.FragmentConfiguration
1949:             1             16  org.eclipse.jetty.webapp.JettyWebXmlConfiguration
1950:             1             16  org.eclipse.jetty.webapp.MetaInfConfiguration
1951:             1             16  org.eclipse.jetty.webapp.StandardDescriptorProcessor
1952:             1             16  org.eclipse.jetty.webapp.WebInfConfiguration
1953:             1             16  org.eclipse.jetty.webapp.WebXmlConfiguration
1954:             1             16  org.opensextant.solrtexttagger.TagClusterReducer$1
1955:             1             16  org.opensextant.solrtexttagger.TagClusterReducer$2
1956:             1             16  org.opensextant.solrtexttagger.TagClusterReducer$3
1957:             1             16  org.slf4j.helpers.NOPLoggerFactory
1958:             1             16  org.slf4j.helpers.SubstituteLoggerFactory
1959:             1             16  org.slf4j.impl.Log4jLoggerFactory
1960:             1             16  org.slf4j.impl.StaticLoggerBinder
1961:             1             16  sun.management.HotSpotDiagnostic
1962:             1             16  sun.misc.ASCIICaseInsensitiveComparator
1963:             1             16  sun.misc.FloatingDecimal$1
1964:             1             16  sun.misc.Launcher
1965:             1             16  sun.misc.Launcher$Factory
1966:             1             16  sun.misc.Perf
1967:             1             16  sun.misc.Unsafe
1968:             1             16  sun.net.DefaultProgressMeteringPolicy
1969:             1             16  sun.net.www.protocol.file.Handler
1970:             1             16  sun.net.www.protocol.jar.JarFileFactory
1971:             1             16  sun.nio.ch.Util$1
1972:             1             16  sun.nio.fs.LinuxFileSystemProvider
1973:             1             16  sun.reflect.GeneratedConstructorAccessor13
1974:             1             16  sun.reflect.GeneratedConstructorAccessor8
1975:             1             16  sun.reflect.GeneratedMethodAccessor1
1976:             1             16  sun.reflect.GeneratedMethodAccessor2
1977:             1             16  sun.reflect.GeneratedMethodAccessor3
1978:             1             16  sun.reflect.GeneratedMethodAccessor4
1979:             1             16  sun.reflect.GeneratedMethodAccessor5
1980:             1             16  sun.reflect.GeneratedMethodAccessor6
1981:             1             16  sun.reflect.ReflectionFactory
1982:             1             16  sun.reflect.generics.tree.BottomSignature
1983:             1             16  sun.security.rsa.RSAKeyFactory
1984:             1             16  sun.security.ssl.EphemeralKeyManager
1985:             1             16  sun.security.util.ByteArrayLexOrder
1986:             1             16  sun.security.util.ByteArrayTagOrder
1987:             1             16  sun.text.normalizer.NormalizerBase$Mode
1988:             1             16  sun.text.normalizer.NormalizerBase$NFCMode
1989:             1             16  sun.text.normalizer.NormalizerBase$NFDMode
1990:             1             16  sun.text.normalizer.NormalizerBase$NFKCMode
1991:             1             16  sun.text.normalizer.NormalizerBase$NFKDMode
1992:             1             16  sun.text.normalizer.NormalizerImpl
1993:             1             16  sun.text.normalizer.NormalizerImpl$AuxTrieImpl
1994:             1             16  sun.text.normalizer.NormalizerImpl$FCDTrieImpl
1995:             1             16  sun.text.normalizer.NormalizerImpl$NormTrieImpl
1996:             1             16  sun.text.normalizer.ReplaceableString
1997:             1             16  sun.util.calendar.Gregorian
1998:             1             16  sun.util.locale.provider.AuxLocaleProviderAdapter$NullProvider
1999:             1             16  sun.util.locale.provider.CalendarDataUtility$CalendarWeekParameterGetter
2000:             1             16  sun.util.locale.provider.SPILocaleProviderAdapter
2001:             1             16  sun.util.resources.LocaleData
2002:             1             16  sun.util.resources.LocaleData$LocaleDataResourceBundleControl
Total      48126371     5582889712

 num     #instances         #bytes  class name
----------------------------------------------
   1:        349108     1407470024  [B
   2:      10319756     1036016256  [C
   3:         30248      778518272  [J
   4:      10301221      247229304  java.lang.String
   5:         10476      187663072  [I
   6:        242785       62056360  [Ljava.lang.Object;
   7:        587433       42295176  org.apache.lucene.util.fst.FST$Arc
   8:        112250       11437032  [Lorg.apache.lucene.util.fst.FST$Arc;
   9:         45552        7397600  [Ljava.util.HashMap$Node;
  10:        228544        5485056  org.apache.lucene.util.BytesRef
  11:         99123        3171936  java.util.HashMap$Node
  12:        120436        2890464  java.util.ArrayList
  13:         60244        2409760  java.util.LinkedHashMap$Entry
  14:        100006        2400144  org.apache.lucene.util.fst.ReverseBytesReader
  15:         40829        1633160  org.apache.lucene.document.FieldType
  16:         39748        1589920  sun.nio.cs.UTF_8$Decoder
  17:         31178        1496544  java.util.HashMap
  18:         40827        1306464  org.apache.lucene.document.Field
  19:         40827        1306464  org.apache.lucene.document.LazyDocument$LazyField
  20:         23088        1292928  org.apache.lucene.codecs.memory.MemoryPostingsFormat$FSTTermsEnum
  21:         23088        1292928  org.apache.lucene.util.fst.BytesRefFSTEnum
  22:         38530        1232960  org.apache.lucene.store.ByteArrayDataInput
  23:         40820         979680  org.apache.lucene.index.MultiDocsEnum$EnumWithSlice
  24:         15404         862624  java.util.LinkedHashMap
  25:         20353         814120  org.apache.lucene.util.packed.Packed64
  26:         23088         738816  org.apache.lucene.index.MultiTermsEnum$TermsEnumWithSlice
  27:          5037         567440  java.lang.Class
  28:         23088         554112  org.apache.lucene.index.ExitableDirectoryReader$ExitableTermsEnum
  29:         23088         554112  org.apache.lucene.index.MultiDocsAndPositionsEnum$EnumWithSlice
  30:         23088         554112  org.apache.lucene.index.MultiTermsEnum$TermsEnumIndex
  31:         23088         554112  org.apache.lucene.util.fst.BytesRefFSTEnum$InputOutput
  32:         29733         475728  java.lang.Integer
  33:         13609         435488  org.apache.lucene.document.LazyDocument
  34:          7330         410480  org.apache.lucene.util.packed.PackedReaderIterator
  35:         14942         358608  org.apache.solr.common.SolrDocument
  36:         10234         327488  java.lang.StackTraceElement
  37:          2664         319680  [Lorg.apache.lucene.index.MultiTermsEnum$TermsEnumWithSlice;
  38:         13091         314184  org.apache.lucene.codecs.compressing.CompressingStoredFieldsReader$SerializedDocument
  39:         13091         314184  org.apache.solr.search.SolrIndexSearcher$SetNonLazyFieldSelector
  40:          1937         290544  [S
  41:         14953         239248  java.util.LinkedHashMap$LinkedEntrySet
  42:          7346         235072  java.util.concurrent.ConcurrentHashMap$Node
  43:         14344         229504  java.util.HashSet
  44:         13609         217744  org.apache.lucene.document.Document
  45:          4009         192432  java.nio.HeapCharBuffer
  46:          1570         188400  [Lorg.apache.lucene.index.MultiDocsEnum$EnumWithSlice;
  47:          7330         175920  org.apache.lucene.util.LongsRef
  48:          2350         150400  org.apache.lucene.codecs.memory.MemoryPostingsFormat$FSTDocsEnum
  49:          3272         148704  [Ljava.lang.String;
  50:            24         127808  [[B
  51:          2594         124512  java.nio.HeapByteBuffer
  52:          5013         120312  java.util.LinkedList$Node
  53:          2380         114240  org.apache.solr.parser.Token
  54:           889         106576  [Lorg.apache.lucene.index.MultiTermsEnum$TermsEnumIndex;
  55:           888         106560  [Lorg.apache.lucene.index.MultiDocsAndPositionsEnum$EnumWithSlice;
  56:            66         101256  [Lorg.apache.lucene.util.packed.PackedInts$Reader;
  57:          3149         100768  org.apache.lucene.util.WeakIdentityMap$IdentityWeakReference
  58:            17          99656  [F
  59:           478          91424  [Ljava.lang.StackTraceElement;
  60:          2161          86440  org.tartarus.snowball.Among
  61:           682          81840  [Lorg.apache.lucene.index.DocsEnum;
  62:           104          63008  [Ljava.util.concurrent.ConcurrentHashMap$Node;
  63:          3725          59600  java.lang.Object
  64:          2405          57720  org.apache.lucene.util.packed.Direct8
  65:          1802          57664  java.util.Hashtable$Entry
  66:          2383          57192  org.apache.lucene.index.BitsSlice
  67:           888          56832  org.apache.lucene.index.MultiTermsEnum
  68:          1369          54760  java.util.TreeMap$Entry
  69:          3047          48752  org.apache.lucene.util.BytesRefBuilder
  70:          2005          48120  org.apache.lucene.util.packed.Packed64SingleBlock$Packed64SingleBlock4
  71:           511          43696  [Ljava.util.WeakHashMap$Entry;
  72:           155          43488  [[C
  73:          1327          42464  org.apache.solr.schema.StrFieldSource$1
  74:           863          41424  org.opensextant.solrtexttagger.TagLL
  75:           725          40600  org.eclipse.jetty.io.ByteArrayBuffer$CaseInsensitive
  76:           815          39120  org.opensextant.solrtexttagger.TermPrefixCursor
  77:          1551          37224  java.lang.Long
  78:          1506          36144  java.util.concurrent.ConcurrentSkipListMap$Node
  79:          1469          35256  org.eclipse.jetty.http.HttpFields$Field
  80:           613          34328  org.eclipse.jetty.io.ByteArrayBuffer
  81:           238          34272  org.apache.solr.search.SolrQueryParser
  82:           824          32960  java.util.WeakHashMap$Entry
  83:           682          32736  org.apache.lucene.index.MultiDocsEnum
  84:          1333          31992  org.apache.lucene.util.CharsRef
  85:           498          31872  java.nio.DirectByteBufferR
  86:          1327          31848  org.apache.lucene.uninverting.FieldCacheImpl$SortedDocValuesImpl$1
  87:          1327          31848  org.apache.lucene.util.mutable.MutableValueStr
  88:          1319          31656  org.apache.lucene.uninverting.FieldCacheImpl$CacheKey
  89:           782          31280  com.sun.org.apache.xerces.internal.dom.TextImpl
  90:           778          31120  com.sun.org.apache.xerces.internal.dom.DeferredTextImpl
  91:          1294          31056  java.lang.Double
  92:           949          30368  java.lang.ThreadLocal$ThreadLocalMap$Entry
  93:           937          29984  java.lang.ref.WeakReference
  94:           240          28800  [Lorg.apache.lucene.queries.function.FunctionValues;
  95:           698          27920  java.lang.ref.SoftReference
  96:           862          27584  sun.security.util.DerInputBuffer
  97:           862          27584  sun.security.util.DerValue
  98:           677          27080  java.math.BigInteger
  99:           241          25064  org.apache.lucene.util.fst.FST
 100:           240          24960  org.opensextant.solrtexttagger.TaggerRequestHandler$1
 101:           508          24384  java.util.WeakHashMap
 102:           477          22896  org.apache.lucene.index.FieldInfo
 103:           354          22656  java.net.URL
 104:          1336          21376  java.lang.Float
 105:           888          21312  org.apache.lucene.index.MultiTermsEnum$TermMergeQueue
 106:          1331          21296  org.apache.lucene.util.CharsRefBuilder
 107:           291          20952  com.sun.org.apache.xerces.internal.dom.DeferredElementNSImpl
 108:           649          20768  java.util.Collections$UnmodifiableMap
 109:           862          20688  sun.security.util.DerInputStream
 110:           857          20568  [Lsun.security.x509.AVA;
 111:           857          20568  sun.security.x509.AVA
 112:           857          20568  sun.security.x509.RDN
 113:           609          19488  java.lang.ref.ReferenceQueue
 114:           303          19392  com.sun.org.apache.xerces.internal.dom.ElementNSImpl
 115:           476          19040  java.io.StringReader
 116:           476          19040  org.apache.solr.parser.FastCharStream
 117:           473          18920  java.util.HashMap$KeyIterator
 118:           288          18432  org.apache.lucene.store.ByteBufferIndexInput$SingleBufferImpl
 119:           208          18304  org.apache.lucene.codecs.blocktree.FieldReader
 120:           226          18080  java.lang.reflect.Constructor
 121:            74          17744  [Ljava.util.Hashtable$Entry;
 122:           732          17568  java.lang.StringBuilder
 123:           718          17232  org.apache.lucene.util.IntsRef
 124:           238          17136  org.apache.log4j.spi.LoggingEvent
 125:           352          16896  com.sun.org.apache.xerces.internal.dom.AttrNSImpl
 126:           341          16368  com.sun.org.apache.xerces.internal.dom.DeferredAttrNSImpl
 127:           251          16064  java.util.concurrent.ConcurrentHashMap
 128:          1001          16016  org.apache.solr.common.util.NamedList
 129:           490          15680  org.apache.lucene.search.TermQuery
 130:           244          15616  java.text.DateFormatSymbols
 131:           964          15424  org.apache.solr.common.util.SimpleOrderedMap
 132:           384          15360  java.lang.ref.Finalizer
 133:           476          15232  java.io.IOException
 134:           476          15232  java.util.ArrayList$ListItr
 135:           476          15232  org.apache.solr.parser.QueryParser$JJCalls
 136:           236          15104  org.apache.lucene.codecs.compressing.CompressingStoredFieldsReader
 137:           236          15104  org.eclipse.jetty.io.BufferCache$CachedBuffer
 138:           377          15080  org.eclipse.jetty.util.StringMap$Node
 139:           471          15072  sun.security.util.ObjectIdentifier
 140:           602          14448  java.util.concurrent.ConcurrentSkipListMap$Index
 141:           571          13704  com.sun.org.apache.xerces.internal.dom.AttributeMap
 142:           241          13496  org.apache.solr.servlet.SolrRequestParsers$1
 143:           238          13328  org.apache.solr.parser.QueryParserTokenManager
 144:           238          13328  org.apache.solr.search.LuceneQParser
 145:           237          13272  java.lang.Package
 146:           236          13216  org.apache.lucene.codecs.compressing.CompressingStoredFieldsReader$BlockState
 147:           540          12960  java.util.concurrent.atomic.AtomicLong
 148:           539          12936  java.util.concurrent.ConcurrentLinkedQueue$Node
 149:           404          12928  java.util.LinkedList
 150:           491          11784  org.apache.lucene.index.Term
 151:           489          11736  org.apache.lucene.search.BooleanClause
 152:           486          11664  java.lang.StringBuffer
 153:           241          11568  org.apache.solr.response.SolrQueryResponse
 154:           240          11520  org.apache.solr.common.util.JavaBinCodec
 155:           240          11520  sun.nio.cs.StreamDecoder
 156:           130          11440  [Lorg.eclipse.jetty.util.StringMap$Node;
 157:           119          11424  java.util.jar.JarFile$JarFileEntry
 158:           470          11280  java.io.ByteArrayOutputStream
 159:           232          11136  java.util.TreeMap
 160:           341          10912  sun.misc.FDBigInteger
 161:           331          10592  java.util.concurrent.locks.ReentrantLock$NonfairSync
 162:           261          10440  org.eclipse.jetty.xml.XmlParser$Node
 163:            91          10216  [Lorg.tartarus.snowball.Among;
 164:           211          10128  sun.security.x509.X500Name
 165:           104           9984  org.apache.lucene.index.SegmentCommitInfo
 166:            39           9840  [Ljava.lang.ThreadLocal$ThreadLocalMap$Entry;
 167:           246           9840  java.util.IdentityHashMap
 168:           611           9776  java.lang.ref.ReferenceQueue$Lock
 169:           275           9648  [D
 170:           241           9640  org.apache.lucene.util.fst.BytesStore
 171:           241           9640  org.apache.solr.request.SolrRequestInfo
 172:           241           9640  org.apache.solr.search.DocSlice
 173:           240           9600  org.apache.solr.search.SolrReturnFields
 174:           240           9600  org.opensextant.solrtexttagger.ValueSourceAccessor
 175:           298           9536  sun.security.x509.AlgorithmId
 176:            25           9400  java.lang.Thread
 177:           292           9344  org.apache.lucene.util.Version
 178:           158           8848  sun.nio.cs.UTF_8$Encoder
 179:           209           8360  com.sun.org.apache.xerces.internal.dom.CommentImpl
 180:           209           8360  com.sun.org.apache.xerces.internal.dom.DeferredCommentImpl
 181:           124           7936  java.util.jar.JarFile
 182:            99           7920  sun.security.x509.X509CertImpl
 183:           243           7776  org.apache.lucene.search.BooleanQuery
 184:           241           7712  org.apache.solr.common.util.FastOutputStream
 185:           241           7712  org.apache.solr.servlet.SolrRequestParsers$HttpRequestContentStream
 186:           240           7680  org.apache.solr.response.BinaryResponseWriter$Resolver
 187:           240           7680  org.apache.solr.util.stats.TimerContext
 188:           479           7664  java.util.HashMap$EntrySet
 189:           239           7648  org.apache.log4j.spi.LocationInfo
 190:           238           7616  java.lang.Throwable
 191:           238           7616  org.apache.solr.parser.QueryParser$LookaheadSuccess
 192:           211           7344  [Lsun.security.x509.RDN;
 193:           458           7328  java.util.concurrent.atomic.AtomicInteger
 194:           289           6936  java.util.concurrent.CopyOnWriteArrayList
 195:           288           6912  [Ljava.nio.ByteBuffer;
 196:           117           6880  [Z
 197:            75           6600  java.lang.reflect.Method
 198:           164           6560  org.apache.log4j.Logger
 199:           200           6400  com.sun.org.apache.xerces.internal.xni.QName
 200:           133           6384  java.util.zip.Inflater
 201:           133           6384  org.apache.lucene.index.LeafReaderContext
 202:           133           6384  sun.misc.URLClassPath$JarLoader
 203:           256           6144  org.apache.solr.update.VersionBucket
 204:           383           6128  java.util.HashMap$KeySet
 205:           243           5832  org.apache.lucene.util.FixedBitSet
 206:           241           5784  org.apache.solr.common.params.DefaultSolrParams
 207:           361           5776  java.util.LinkedHashSet
 208:           240           5760  [Lorg.opensextant.solrtexttagger.TagLL;
 209:           240           5760  java.io.InputStreamReader
 210:           240           5760  org.apache.solr.search.DocSlice$1
 211:           240           5760  org.noggit.CharArr
 212:           239           5736  org.apache.solr.response.ResultContext
 213:           238           5712  [Lorg.apache.solr.parser.QueryParser$JJCalls;
 214:           238           5712  org.apache.solr.common.util.NamedList$1
 215:           238           5712  org.apache.solr.search.QueryParsing$StrParser
 216:           236           5664  org.eclipse.jetty.security.RoleInfo
 217:           235           5640  org.apache.solr.servlet.SolrRequestParsers$2
 218:            99           5544  sun.security.util.MemoryCache$SoftCacheEntry
 219:            99           5544  sun.security.x509.X509CertInfo
 220:           230           5520  org.apache.lucene.util.packed.Packed64SingleBlock$Packed64SingleBlock2
 221:           223           5352  java.security.Provider$ServiceKey
 222:            95           5320  java.security.Provider$Service
 223:           221           5304  org.apache.log4j.CategoryKey
 224:           212           5088  java.util.Date
 225:           318           5088  java.util.concurrent.locks.ReentrantLock
 226:           211           5064  org.apache.lucene.index.IndexFileDeleter$RefCount
 227:           202           4848  java.util.Collections$SynchronizedSet
 228:           210           4696  [Ljava.lang.Class;
 229:           140           4480  java.util.zip.ZipCoder
 230:           276           4416  java.lang.ThreadLocal
 231:           273           4368  java.lang.Byte
 232:           181           4344  java.lang.Class$AnnotationData
 233:            90           4320  org.apache.solr.util.stats.EWMA
 234:           259           4184  [Lorg.eclipse.jetty.xml.XmlParser$Attribute;
 235:             1           4112  [Lcom.sun.org.apache.xpath.internal.objects.XObject;
 236:           256           4096  java.lang.Short
 237:           250           4000  [Ljavax.servlet.http.Cookie;
 238:            26           3952  [Lorg.apache.lucene.util.packed.PackedInts$Decoder;
 239:            26           3952  [Lorg.apache.lucene.util.packed.PackedInts$Encoder;
 240:           162           3888  org.slf4j.impl.Log4jLoggerAdapter
 241:            97           3880  org.apache.solr.analysis.TokenizerChain
 242:           242           3872  org.apache.solr.common.params.MultiMapSolrParams
 243:           240           3840  org.apache.solr.schema.StrFieldSource
 244:           238           3808  org.apache.solr.response.transform.DocTransformers
 245:           237           3792  java.util.concurrent.CopyOnWriteArraySet
 246:            94           3760  sun.security.rsa.RSAPublicKeyImpl
 247:           111           3552  java.io.FileDescriptor
 248:            63           3528  java.lang.invoke.MemberName
 249:            62           3472  java.beans.MethodDescriptor
 250:            56           3360  [Ljava.lang.ref.SoftReference;
 251:           140           3360  java.util.ArrayDeque
 252:            45           3240  org.apache.solr.schema.TextField
 253:           133           3192  java.util.zip.ZStreamRef
 254:           132           3168  java.util.jar.Attributes$Name
 255:            78           3120  sun.misc.Cleaner
 256:            78           3120  sun.nio.ch.FileChannelImpl$Unmapper
 257:           127           3048  org.apache.lucene.util.CloseableThreadLocal
 258:            95           3040  java.util.Collections$SynchronizedMap
 259:            16           2944  org.eclipse.jetty.server.Request
 260:            52           2912  org.apache.lucene.index.SegmentInfo
 261:            10           2848  [Lcom.sun.org.apache.xerces.internal.xni.QName;
 262:            71           2840  org.apache.solr.schema.SchemaField
 263:           118           2832  java.beans.MethodRef
 264:            86           2752  sun.security.x509.BasicConstraintsExtension
 265:            83           2656  com.sun.org.apache.xerces.internal.util.SymbolTable$Entry
 266:            97           2648  [Lorg.apache.lucene.analysis.util.TokenFilterFactory;
 267:           108           2592  sun.reflect.NativeConstructorAccessorImpl
 268:           161           2576  java.util.HashMap$Values
 269:            64           2560  org.apache.solr.core.PluginInfo
 270:            53           2544  org.eclipse.jetty.util.resource.FileResource
 271:            79           2528  java.io.File
 272:            79           2528  sun.security.x509.SubjectKeyIdentifierExtension
 273:            78           2496  java.lang.invoke.LambdaForm$Name
 274:            60           2400  java.security.ProtectionDomain
 275:            50           2400  java.util.Hashtable
 276:            50           2400  org.apache.lucene.analysis.util.CharArrayMap
 277:            99           2376  sun.security.util.BitArray
 278:            99           2376  sun.security.util.Cache$EqualByteArray
 279:            99           2376  sun.security.x509.CertificateValidity
 280:            74           2368  sun.security.x509.KeyUsageExtension
 281:            98           2352  org.eclipse.jetty.webapp.MetaData$OriginInfo
 282:            48           2304  java.util.WeakHashMap$KeyIterator
 283:             2           2256  [Lorg.eclipse.jetty.http.HttpStatus$Code;
 284:            20           2240  java.net.SocksSocketImpl
 285:            11           2200  [[Ljava.lang.Object;
 286:            87           2088  sun.security.x509.CertificateExtensions
 287:             1           2048  [Lorg.eclipse.jetty.http.HttpGenerator$Status;
 288:           128           2048  java.lang.Character
 289:           128           2048  java.util.WeakHashMap$KeySet
 290:            85           2040  java.util.Collections$SetFromMap
 291:            28           2016  java.beans.PropertyDescriptor
 292:            84           2016  java.security.Provider$UString
 293:            28           2016  org.apache.lucene.index.SegmentReader
 294:            83           1992  java.util.Collections$SingletonList
 295:            64           1952  [Ljava.security.cert.Certificate;
 296:            60           1920  java.security.CodeSource
 297:            40           1920  org.apache.lucene.util.packed.BulkOperationPacked
 298:            78           1872  org.apache.lucene.util.WeakIdentityMap
 299:            39           1872  sun.util.locale.LocaleObjectCache$CacheEntry
 300:            46           1840  sun.security.ec.NamedCurve
 301:            57           1824  org.apache.log4j.ProvisionNode
 302:            32           1792  org.eclipse.jetty.io.View$CaseInsensitive
 303:           112           1792  sun.security.x509.KeyIdentifier
 304:           110           1760  sun.reflect.DelegatingConstructorAccessorImpl
 305:           110           1760  sun.security.x509.SerialNumber
 306:            31           1736  org.eclipse.jetty.io.View
 307:            54           1728  java.util.Vector
 308:            24           1728  java.util.regex.Pattern
 309:            17           1712  [[I
 310:            53           1696  org.apache.lucene.index.FieldInfos
 311:            21           1680  java.net.URI
 312:           105           1680  java.util.jar.Attributes
 313:            30           1680  org.apache.solr.util.stats.ExponentiallyDecayingSample
 314:            30           1680  org.apache.solr.util.stats.Meter
 315:            16           1664  org.eclipse.jetty.server.BlockingHttpConnection
 316:            41           1640  java.io.ObjectStreamField
 317:            41           1640  java.lang.invoke.MethodType
 318:            40           1600  org.apache.lucene.analysis.core.StopFilterFactory
 319:            99           1584  sun.security.x509.CertificateAlgorithmId
 320:            99           1584  sun.security.x509.CertificateSerialNumber
 321:            99           1584  sun.security.x509.CertificateVersion
 322:            99           1584  sun.security.x509.CertificateX509Key
 323:            28           1568  java.lang.invoke.MethodTypeForm
 324:            14           1544  [[Ljava.lang.String;
 325:            16           1536  org.eclipse.jetty.http.HttpParser
 326:            47           1504  org.eclipse.jetty.http.HttpStatus$Code
 327:             3           1480  [Ljava.lang.Integer;
 328:            46           1472  java.security.spec.EllipticCurve
 329:            26           1456  org.apache.lucene.index.SegmentCoreReaders
 330:            45           1440  java.io.FilePermission
 331:            45           1440  java.security.Permissions
 332:            30           1440  java.util.concurrent.ConcurrentSkipListMap
 333:            30           1440  java.util.concurrent.locks.ReentrantReadWriteLock$NonfairSync
 334:             2           1424  [Lcom.sun.org.apache.xerces.internal.util.SymbolTable$Entry;
 335:            16           1408  org.eclipse.jetty.http.HttpGenerator
 336:            15           1376  [Ljava.lang.Byte;
 337:             1           1376  [Lsun.misc.FDBigInteger;
 338:            43           1376  java.lang.invoke.MethodType$ConcurrentWeakInternSet$WeakEntry
 339:            34           1360  sun.security.x509.AuthorityKeyIdentifierExtension
 340:            24           1344  java.util.ResourceBundle$CacheKey
 341:             9           1296  [Ljava.lang.invoke.MethodHandle;
 342:             9           1296  java.text.DecimalFormat
 343:            40           1280  java.util.regex.Pattern$Curly
 344:            16           1280  sun.net.www.protocol.jar.URLJarFile
 345:            39           1248  org.apache.lucene.analysis.standard.StandardTokenizerFactory
 346:            26           1248  org.apache.lucene.codecs.blocktree.BlockTreeTermsReader
 347:            26           1248  org.apache.lucene.codecs.memory.MemoryPostingsFormat$TermsReader
 348:            26           1248  org.apache.lucene.index.ReadersAndUpdates
 349:            26           1248  org.apache.lucene.uninverting.UninvertingReader
 350:            31           1240  java.security.AccessControlContext
 351:            51           1224  java.security.spec.ECPoint
 352:            38           1216  java.util.concurrent.ConcurrentSkipListMap$HeadIndex
 353:            30           1200  org.apache.solr.util.stats.Histogram
 354:            38           1184  [Ljava.math.BigInteger;
 355:            49           1176  com.sun.org.apache.xerces.internal.util.XMLStringBuffer
 356:            24           1152  java.util.ResourceBundle$BundleReference
 357:            16           1152  org.apache.lucene.analysis.standard.StandardTokenizerImpl
 358:            16           1152  org.eclipse.jetty.http.HttpURI
 359:            46           1104  org.eclipse.jetty.http.HttpGenerator$Status
 360:            45           1080  java.io.FilePermissionCollection
 361:            44           1056  com.sun.org.apache.xerces.internal.xni.XMLString
 362:            66           1056  org.eclipse.jetty.util.log.JettyAwareLogger
 363:            66           1056  org.eclipse.jetty.util.log.Slf4jLog
 364:             1           1040  [Lcom.sun.org.apache.xerces.internal.impl.dtd.models.ContentModelValidator;
 365:             1           1040  [Lcom.sun.org.apache.xerces.internal.impl.dv.DatatypeValidator;
 366:             1           1040  [Ljava.lang.Long;
 367:             1           1040  [Ljava.lang.Short;
 368:             1           1040  [Lorg.apache.solr.update.VersionBucket;
 369:             1           1040  [Lsun.text.normalizer.UnicodeSet;
 370:            26           1040  org.apache.lucene.codecs.compressing.CompressingStoredFieldsIndexReader
 371:            26           1040  org.apache.lucene.index.ExitableDirectoryReader$ExitableFilterAtomicReader
 372:            32           1024  java.util.Random
 373:            16           1024  org.apache.lucene.analysis.standard.StandardTokenizer
 374:            16           1024  org.eclipse.jetty.server.AsyncContinuation
 375:             8           1024  org.eclipse.jetty.servlet.ServletHolder
 376:            21           1008  java.lang.invoke.LambdaForm
 377:            25           1000  org.apache.solr.schema.FieldType$DefaultAnalyzer
 378:            60            960  [Ljava.security.Principal;
 379:            20            960  com.sun.org.apache.xerces.internal.util.XMLAttributesImpl$Attribute
 380:            60            960  java.security.ProtectionDomain$Key
 381:            30            960  java.security.Provider$EngineDescription
 382:            30            960  org.apache.solr.util.stats.Timer
 383:            39            936  java.lang.ThreadLocal$ThreadLocalMap
 384:            39            936  java.util.Currency
 385:            39            936  org.apache.lucene.analysis.core.LowerCaseFilterFactory
 386:            57            912  java.util.Collections$UnmodifiableCollection
 387:            38            912  java.util.regex.Pattern$5
 388:            26            896  [Ljava.lang.invoke.LambdaForm$Name;
 389:            28            896  org.apache.lucene.index.CodecReader$1
 390:            28            896  org.apache.lucene.index.CodecReader$2
 391:            28            896  org.apache.lucene.index.CodecReader$3
 392:            16            896  org.eclipse.jetty.server.Response
 393:            16            896  org.eclipse.jetty.server.bio.SocketConnector$ConnectorEndPoint
 394:            37            888  java.lang.invoke.LambdaForm$NamedFunction
 395:            37            888  java.net.InetAddress$InetAddressHolder
 396:             7            880  [Ljava.beans.MethodDescriptor;
 397:            55            880  java.util.TreeMap$Values
 398:            53            864  [Lorg.apache.lucene.analysis.util.CharFilterFactory;
 399:            18            864  java.util.Properties
 400:            21            840  com.sun.org.apache.xerces.internal.impl.dtd.XMLSimpleType
 401:            35            840  java.net.Inet4Address
 402:            15            840  org.apache.lucene.analysis.miscellaneous.ASCIIFoldingFilter
 403:            26            832  org.apache.lucene.codecs.lucene50.ForUtil
 404:            26            832  org.apache.lucene.codecs.lucene50.Lucene50PostingsReader
 405:            26            832  org.apache.lucene.index.SegmentCoreReaders$1
 406:            26            832  org.apache.lucene.index.SegmentCoreReaders$2
 407:            34            816  java.util.regex.Pattern$GroupHead
 408:            34            816  java.util.regex.Pattern$GroupTail
 409:            17            816  org.apache.lucene.analysis.tokenattributes.PackedTokenAttributeImpl
 410:            51            816  org.apache.lucene.analysis.util.CharArraySet
 411:            32            768  java.net.InetSocketAddress$InetSocketAddressHolder
 412:            16            768  java.net.SocketInputStream
 413:            16            768  java.net.SocketOutputStream
 414:            24            768  java.util.ResourceBundle$LoaderReference
 415:            32            768  org.apache.lucene.util.AttributeSource$State
 416:            32            768  org.apache.solr.schema.IndexSchema$DynamicField
 417:            32            768  org.eclipse.jetty.http.HttpFields
 418:            16            768  org.eclipse.jetty.util.StringMap
 419:            24            768  sun.security.x509.OIDMap$OIDInfo
 420:            19            760  sun.util.locale.BaseLocale$Key
 421:            31            744  java.util.concurrent.locks.ReentrantReadWriteLock
 422:            31            744  org.apache.solr.core.ConfigSolr$CfgProp
 423:            15            720  java.lang.management.PlatformComponent
 424:            15            720  org.eclipse.jetty.server.AbstractHttpConnection$Output
 425:             2            704  com.sun.org.apache.xerces.internal.impl.XMLNSDocumentScannerImpl
 426:            22            704  com.sun.org.apache.xerces.internal.util.AugmentationsImpl$SmallContainer
 427:            12            672  com.sun.org.apache.xerces.internal.dom.DeferredElementImpl
 428:             6            672  java.util.GregorianCalendar
 429:            28            672  java.util.regex.Pattern$Ctype
 430:            14            672  org.apache.lucene.util.packed.MonotonicLongValues
 431:            21            672  sun.security.x509.URIName
 432:            27            648  java.util.Collections$UnmodifiableRandomAccessList
 433:            27            648  org.apache.solr.schema.IndexSchema$DynamicReplacement$DynamicPattern$NameEndsWith
 434:             8            640  com.google.common.cache.LocalCache$Segment
 435:            20            640  java.util.RegularEnumSet
 436:            18            632  [Ljava.security.ProtectionDomain;
 437:             3            624  [Ljava.lang.invoke.LambdaForm;
 438:            26            624  java.security.spec.ECFieldF2m
 439:            39            624  java.util.regex.Pattern$CharPropertyNames$1
 440:            26            624  org.apache.lucene.codecs.memory.MemoryPostingsFormat$1
 441:            26            624  org.apache.lucene.codecs.perfield.PerFieldPostingsFormat$FieldsReader
 442:            26            624  org.apache.lucene.index.ExitableDirectoryReader$ExitableFields
 443:            26            624  org.apache.lucene.index.ExitableDirectoryReader$ExitableTerms
 444:            26            624  org.apache.lucene.index.ReaderSlice
 445:            19            608  java.util.Locale
 446:            19            608  sun.util.locale.BaseLocale
 447:            15            600  org.apache.lucene.analysis.en.EnglishPossessiveFilter
 448:            37            592  sun.security.x509.GeneralName
 449:            18            576  java.net.Socket
 450:             9            576  java.text.DecimalFormatSymbols
 451:            24            576  java.util.regex.Pattern$Start
 452:            18            576  org.eclipse.jetty.http.PathMap$Entry
 453:             8            576  sun.reflect.DelegatingClassLoader
 454:            18            576  sun.security.x509.DistributionPoint
 455:             6            576  sun.util.calendar.Gregorian$Date
 456:            14            560  org.apache.lucene.util.PagedBytes$Reader
 457:            10            560  sun.invoke.util.Wrapper
 458:            10            560  sun.util.calendar.ZoneInfo
 459:            17            544  com.sun.org.apache.xerces.internal.impl.dtd.XMLElementDecl
 460:            17            544  java.util.regex.Pattern$Branch
 461:            17            544  sun.security.x509.CRLDistributionPointsExtension
 462:             1            528  [Ljava.lang.Character;
 463:             1            528  [Ljava.util.TimerTask;
 464:            22            528  java.util.regex.Pattern$1
 465:            22            528  java.util.regex.Pattern$Slice
 466:            33            528  sun.security.x509.GeneralNames
 467:            13            520  org.apache.lucene.analysis.snowball.SnowballPorterFilterFactory
 468:            32            512  java.net.InetSocketAddress
 469:            32            512  org.apache.solr.common.params.MapSolrParams
 470:            16            512  org.eclipse.jetty.util.Utf8StringBuilder
 471:            21            504  org.eclipse.jetty.webapp.ClasspathPattern$Entry
 472:            21            504  sun.security.x509.AVAKeyword
 473:            31            496  java.util.concurrent.locks.ReentrantReadWriteLock$ReadLock
 474:            31            496  java.util.concurrent.locks.ReentrantReadWriteLock$Sync$ThreadLocalHoldCounter
 475:            31            496  java.util.concurrent.locks.ReentrantReadWriteLock$WriteLock
 476:             4            480  com.ctc.wstx.api.ReaderConfig
 477:            15            480  java.lang.StringCoding$StringEncoder
 478:            15            480  java.lang.invoke.DirectMethodHandle
 479:            30            480  java.util.concurrent.atomic.AtomicReference
 480:            20            480  java.util.regex.Pattern$Single
 481:            15            480  org.eclipse.jetty.server.CookieCutter
 482:            10            480  sun.util.locale.provider.LocaleResources$ResourceReference
 483:            17            464  [Ljava.util.regex.Pattern$Node;
 484:            16            456  [Ljava.io.ObjectStreamField;
 485:             4            456  [Ljava.lang.ClassValue$Entry;
 486:            19            456  java.util.Locale$LocaleKey
 487:            14            448  com.sun.org.apache.xml.internal.dtm.ref.ExtendedType
 488:            14            448  org.apache.lucene.uninverting.FieldCacheImpl$SortedDocValuesImpl
 489:            14            448  org.apache.lucene.util.packed.BulkOperationPackedSingleBlock
 490:            11            440  com.sun.org.apache.xerces.internal.dom.DeferredAttrImpl
 491:             1            432  [[[C
 492:            18            432  com.google.common.collect.RegularImmutableMap$TerminalEntry
 493:            18            432  java.text.DateFormat$Field
 494:             6            432  java.util.concurrent.ThreadPoolExecutor
 495:            18            432  java.util.concurrent.locks.AbstractQueuedSynchronizer$ConditionObject
 496:            18            432  org.apache.solr.core.SolrConfig$SolrPluginInfo
 497:             2            416  [Lorg.apache.lucene.util.packed.BulkOperation;
 498:            26            416  org.apache.lucene.index.SegmentDocValues
 499:            17            408  [Lorg.apache.lucene.util.AttributeSource$State;
 500:            17            408  org.apache.lucene.analysis.Analyzer$TokenStreamComponents
 501:             2            400  com.sun.org.apache.xerces.internal.dom.DeferredDocumentImpl
 502:             2            400  com.sun.org.apache.xerces.internal.impl.XMLDTDScannerImpl
 503:            25            400  java.util.Collections$UnmodifiableSet
 504:             1            392  org.apache.solr.core.CloserThread
 505:             1            392  org.eclipse.jetty.server.ShutdownMonitor
 506:             2            384  com.sun.org.apache.xerces.internal.parsers.XIncludeAwareParserConfiguration
 507:             1            384  java.lang.ref.Finalizer$FinalizerThread
 508:             6            384  java.nio.DirectByteBuffer
 509:            12            384  java.security.cert.PolicyQualifierInfo
 510:            12            384  java.util.Stack
 511:             1            384  java.util.TimerThread
 512:             1            384  java.util.logging.LogManager$Cleaner
 513:             8            384  java.util.logging.LogManager$LoggerWeakRef
 514:             1            384  org.eclipse.jetty.util.thread.ShutdownThread
 515:             1            376  java.lang.ref.Reference$ReferenceHandler
 516:             7            360  [Ljava.beans.PropertyDescriptor;
 517:             9            360  java.text.DigitList
 518:            15            360  org.eclipse.jetty.server.HttpInput
 519:            15            360  sun.misc.MetaIndex
 520:             2            352  com.sun.org.apache.xerces.internal.impl.dtd.XMLNSDTDValidator
 521:            22            352  com.sun.org.apache.xerces.internal.util.AugmentationsImpl
 522:             7            336  java.beans.BeanDescriptor
 523:             6            336  java.nio.DirectLongBufferU
 524:            14            336  java.util.concurrent.ConcurrentLinkedQueue
 525:            14            336  java.util.regex.Pattern$BitClass
 526:             6            336  org.apache.lucene.util.BytesRefHash
 527:            14            336  org.apache.solr.schema.CopyField
 528:             7            336  sun.misc.URLClassPath
 529:            21            336  sun.security.x509.DNSName
 530:            16            328  [Ljava.lang.management.PlatformComponent;
 531:            10            320  java.lang.OutOfMemoryError
 532:            20            320  java.security.spec.ECFieldFp
 533:            20            320  java.util.LinkedHashMap$LinkedValues
 534:            10            320  java.util.logging.LogManager$LogNode
 535:             4            320  org.apache.solr.schema.TrieDateField
 536:            10            320  sun.security.x509.CertificatePoliciesExtension
 537:            13            312  org.apache.log4j.Level
 538:            19            304  org.eclipse.jetty.util.AttributesMap
 539:             6            296  [Lcom.google.common.collect.RegularImmutableMap$LinkedEntry;
 540:             4            296  [Lsun.invoke.util.Wrapper;
 541:             1            296  org.eclipse.jetty.webapp.WebAppContext
 542:             7            288  [[S
 543:            12            288  java.lang.invoke.SimpleMethodHandle
 544:             9            288  java.util.logging.Level
 545:            18            288  java.util.regex.Pattern$CharPropertyNames$4
 546:             9            288  jdk.internal.org.objectweb.asm.Type
 547:             4            288  org.apache.solr.handler.UpdateRequestHandler
 548:             4            288  org.apache.solr.handler.component.SearchHandler
 549:             9            288  sun.security.jca.ProviderConfig
 550:             9            288  sun.security.x509.NetscapeCertTypeExtension
 551:             7            280  com.sun.org.apache.xalan.internal.utils.XMLSecurityManager$Limit
 552:             7            280  com.sun.org.apache.xerces.internal.utils.XMLSecurityManager$Limit
 553:             7            280  java.beans.GenericBeanInfo
 554:             5            280  org.apache.lucene.analysis.synonym.SynonymFilterFactory
 555:             1            272  [Lcom.ctc.wstx.util.SymbolTable$Bucket;
 556:             2            272  com.sun.org.apache.xerces.internal.dom.DocumentImpl
 557:             1            272  com.sun.org.apache.xerces.internal.impl.dtd.DTDGrammar
 558:            17            272  java.util.regex.Pattern$BranchConn
 559:             3            264  java.util.jar.JarVerifier
 560:            11            264  org.apache.lucene.uninverting.UninvertingReader$Type
 561:            11            264  org.apache.lucene.util.packed.Direct16
 562:            11            264  sun.security.x509.Extension
 563:             3            256  [Lorg.apache.lucene.index.ReaderSlice;
 564:             2            256  com.google.common.cache.LocalCache
 565:             2            256  com.sun.org.apache.xerces.internal.impl.XMLEntityManager
 566:             4            256  java.text.SimpleDateFormat
 567:             8            256  org.apache.lucene.index.DocumentsWriterPerThreadPool$ThreadState
 568:            16            256  org.eclipse.jetty.server.AbstractHttpConnection$RequestHandler
 569:            16            256  sun.reflect.DelegatingMethodAccessorImpl
 570:             8            256  sun.security.x509.ExtendedKeyUsageExtension
 571:             8            248  [Ljava.lang.Boolean;
 572:             2            240  [Lorg.apache.lucene.index.IndexReaderContext;
 573:             2            240  [Lorg.apache.lucene.index.LeafReader;
 574:             2            240  com.sun.org.apache.xerces.internal.jaxp.SAXParserImpl$JAXPSAXParser
 575:            10            240  com.sun.xml.internal.stream.Entity$InternalEntity
 576:            10            240  java.nio.file.StandardOpenOption
 577:            10            240  java.security.CryptoPrimitive
 578:            10            240  java.util.Arrays$ArrayList
 579:             5            240  org.apache.lucene.analysis.miscellaneous.KeywordMarkerFilterFactory
 580:             6            240  org.apache.lucene.util.ByteBlockPool
 581:             3            240  org.apache.solr.schema.TrieDoubleField
 582:             3            240  org.apache.solr.schema.TrieLongField
 583:             3            240  org.apache.solr.search.LRUCache
 584:             3            240  org.eclipse.jetty.http.PathMap
 585:            15            240  org.opensextant.solrtexttagger.TaggingAttributeImpl
 586:            10            240  sun.reflect.NativeMethodAccessorImpl
 587:            10            240  sun.security.x509.PolicyInformation
 588:             7            224  java.io.FileInputStream
 589:             7            224  java.lang.ClassValue$Entry
 590:             7            224  org.apache.solr.core.RequestHandlers$LazyRequestHandlerWrapper
 591:            14            224  sun.security.x509.CertificatePolicyId
 592:             9            216  java.util.logging.Level$KnownLevel
 593:             3            216  java.util.logging.Logger
 594:             9            216  org.apache.lucene.util.packed.Packed8ThreeBlocks
 595:             9            216  org.eclipse.jetty.servlet.ServletMapping
 596:             9            216  sun.util.logging.PlatformLogger$Level
 597:             1            208  org.apache.solr.update.SolrIndexWriter
 598:             2            208  sun.net.www.protocol.file.FileURLConnection
 599:             3            200  [Ljava.lang.Thread;
 600:             2            200  [Ljava.text.DateFormat$Field;
 601:             5            200  com.sun.org.apache.xerces.internal.impl.dtd.XMLEntityDecl
 602:             5            200  java.lang.ClassLoader$NativeLibrary
 603:             1            200  org.apache.solr.core.SolrCore
 604:             5            200  org.apache.solr.search.CacheConfig
 605:            12            192  com.sun.org.apache.xerces.internal.dom.DeferredDocumentImpl$RefCount
 606:             2            192  com.sun.org.apache.xerces.internal.impl.dtd.XMLDTDProcessor
 607:             6            192  com.sun.org.apache.xerces.internal.util.XMLResourceIdentifierImpl
 608:             3            192  java.lang.ClassValue$ClassValueMap
 609:             6            192  java.lang.invoke.LambdaForm$BasicType
 610:             8            192  java.lang.invoke.MethodHandleImpl$Intrinsic
 611:             8            192  java.math.RoundingMode
 612:             2            192  org.apache.http.impl.client.SystemDefaultHttpClient
 613:             3            192  org.apache.solr.schema.StrField
 614:             3            192  org.apache.solr.search.LRUCache$1
 615:             8            192  org.eclipse.jetty.deploy.graph.Edge
 616:             8            192  org.eclipse.jetty.servlet.ServletHolder$Config
 617:             4            192  sun.nio.cs.StreamEncoder
 618:             3            192  sun.security.provider.NativePRNG$RandomIO
 619:             2            192  sun.security.provider.Sun
 620:             6            192  sun.security.util.MemoryCache
 621:             1            184  org.eclipse.jetty.server.bio.SocketConnector
 622:             1            184  org.eclipse.jetty.server.session.HashSessionManager
 623:             2            176  java.net.FactoryURLClassLoader
 624:            11            176  java.text.NumberFormat$Field
 625:             8            168  [Ljava.security.CodeSigner;
 626:             1            168  [[Ljava.math.BigInteger;
 627:             7            168  com.sun.management.VMOption$Origin
 628:             7            168  com.sun.org.apache.xerces.internal.util.FeatureState
 629:             7            168  org.apache.commons.logging.impl.SLF4JLocationAwareLog
 630:             3            168  org.apache.lucene.index.SegmentInfos
 631:             7            168  org.apache.solr.util.DefaultSolrThreadFactory
 632:             7            168  org.eclipse.jetty.webapp.Origin
 633:             7            168  org.eclipse.jetty.xml.XmlParser$Attribute
 634:             7            168  sun.reflect.generics.tree.SimpleClassTypeSignature
 635:             7            168  sun.security.x509.NetscapeCertTypeExtension$MapEntry
 636:             5            160  [Ljava.lang.invoke.LambdaForm$BasicType;
 637:             2            160  [Ljava.util.concurrent.RunnableScheduledFuture;
 638:             5            160  com.google.common.collect.RegularImmutableList
 639:             4            160  com.sun.org.apache.xerces.internal.dom.DeferredCDATASectionImpl
 640:             5            160  com.sun.org.apache.xpath.internal.objects.XNumber
 641:             5            160  java.security.AlgorithmParameters
 642:            10            160  java.util.Formatter$Flags
 643:             2            160  java.util.concurrent.ScheduledThreadPoolExecutor
 644:             4            160  org.apache.lucene.analysis.util.ElisionFilterFactory
 645:             2            160  org.apache.solr.schema.TrieFloatField
 646:             2            160  org.apache.solr.schema.TrieIntField
 647:             5            160  org.apache.solr.search.SolrCacheBase$AutoWarmCountRef
 648:             4            160  org.apache.solr.util.ConcurrentLRUCache$Stats
 649:             4            160  org.apache.solr.util.DistanceUnits
 650:             4            160  sun.security.ec.ECPublicKeyImpl
 651:             5            160  sun.util.locale.provider.LocaleProviderAdapter$Type
 652:             1            152  org.apache.solr.core.SolrConfig
 653:             1            152  org.apache.solr.search.SolrIndexSearcher
 654:             4            144  [Lcom.sun.org.apache.xerces.internal.util.XMLAttributesImpl$Attribute;
 655:             3            144  [Ljava.util.Map;
 656:             1            144  [Ljava.util.Queue;
 657:             1            144  [Ljava.util.concurrent.ConcurrentMap;
 658:             1            144  [Lorg.apache.solr.core.ConfigSolr$CfgProp;
 659:             3            144  com.spatial4j.core.shape.impl.RectangleImpl
 660:             6            144  com.sun.org.apache.xerces.internal.util.Status
 661:             6            144  com.sun.org.apache.xml.internal.utils.NSInfo
 662:             2            144  java.lang.reflect.Field
 663:             6            144  java.util.Collections$SynchronizedRandomAccessList
 664:             3            144  java.util.concurrent.LinkedBlockingQueue
 665:             6            144  java.util.regex.Pattern$CharPropertyNames$2
 666:             2            144  org.apache.http.impl.conn.HttpConnPool
 667:             3            144  org.apache.lucene.analysis.miscellaneous.WordDelimiterFilterFactory
 668:             3            144  org.apache.lucene.analysis.synonym.SynonymFilter$PendingOutputs
 669:             6            144  org.apache.lucene.analysis.synonym.SynonymMap
 670:             6            144  org.apache.lucene.index.DocValuesType
 671:             6            144  org.apache.lucene.util.BytesRefHash$DirectBytesStartArray
 672:             6            144  org.apache.lucene.util.Counter$SerialCounter
 673:             2            144  org.apache.solr.handler.admin.SystemInfoHandler
 674:             1            144  org.apache.solr.update.UpdateLog
 675:             1            144  org.eclipse.jetty.servlet.ServletHandler
 676:             6            144  org.eclipse.jetty.util.component.AggregateLifeCycle$Bean
 677:             6            144  sun.misc.PerfCounter
 678:             6            144  sun.security.ssl.ProtocolVersion
 679:             6            144  sun.security.util.DisabledAlgorithmConstraints$KeySizeConstraint$Operator
 680:             3            136  [Lcom.sun.org.apache.xerces.internal.utils.XMLSecurityManager$State;
 681:             2            136  [Lorg.apache.lucene.index.Fields;
 682:             2            136  [Lorg.apache.lucene.index.Terms;
 683:             1            136  [Lorg.apache.solr.schema.IndexSchema$DynamicField;
 684:             1            136  org.apache.lucene.index.DocumentsWriterFlushControl
 685:             4            128  [Lcom.sun.org.apache.xerces.internal.impl.XMLEntityManager$CharacterBuffer;
 686:             4            128  com.ctc.wstx.stax.WstxInputFactory
 687:             4            128  com.sun.org.apache.xerces.internal.jaxp.SAXParserFactoryImpl
 688:             2            128  java.io.ExpiringCache$1
 689:             4            128  java.io.FileOutputStream
 690:             2            128  java.security.SecureRandom
 691:             8            128  java.util.concurrent.atomic.AtomicReferenceArray
 692:             8            128  java.util.regex.Pattern$CharPropertyNames$3
 693:             4            128  org.apache.http.conn.scheme.Scheme
 694:             4            128  org.apache.log4j.helpers.PatternParser$LiteralPatternConverter
 695:             4            128  org.apache.lucene.store.IOContext
 696:             2            128  org.apache.solr.handler.admin.LoggingHandler
 697:             2            128  org.apache.solr.handler.admin.PropertiesRequestHandler
 698:             2            128  org.apache.solr.handler.admin.ThreadDumpHandler
 699:             1            128  org.eclipse.jetty.util.BlockingArrayQueue
 700:             2            128  sun.nio.ch.FileChannelImpl
 701:             4            128  sun.nio.fs.UnixPath
 702:             3            120  [Ljava.lang.invoke.BoundMethodHandle$SpeciesData;
 703:             4            120  [Ljava.lang.invoke.LambdaForm$NamedFunction;
 704:             1            120  [Lorg.apache.lucene.index.SegmentReader;
 705:             1            120  [Lorg.apache.lucene.util.Bits;
 706:             3            120  com.google.common.collect.RegularImmutableMap
 707:             5            120  com.sun.org.apache.xalan.internal.utils.FeaturePropertyBase$State
 708:             5            120  com.sun.org.apache.xalan.internal.utils.XMLSecurityManager$State
 709:             3            120  com.sun.org.apache.xerces.internal.impl.dtd.XMLDTDDescription
 710:             5            120  com.sun.org.apache.xerces.internal.util.PropertyState
 711:             3            120  com.sun.org.apache.xerces.internal.utils.XMLLimitAnalyzer
 712:             5            120  com.sun.org.apache.xerces.internal.utils.XMLSecurityManager$State
 713:             5            120  com.sun.org.apache.xerces.internal.utils.XMLSecurityPropertyManager$State
 714:             5            120  java.util.regex.Pattern$Category
 715:             3            120  javax.net.ssl.SSLParameters
 716:             5            120  javax.servlet.DispatcherType
 717:             5            120  javax.xml.namespace.QName
 718:             5            120  org.apache.lucene.analysis.core.KeywordTokenizerFactory
 719:             5            120  org.apache.lucene.analysis.core.WhitespaceTokenizerFactory
 720:             1            120  org.apache.lucene.analysis.synonym.SynonymFilter
 721:             5            120  org.apache.lucene.index.IndexOptions
 722:             1            120  org.apache.solr.handler.ReplicationHandler
 723:             5            120  org.apache.solr.schema.TrieField$TrieTypes
 724:             5            120  sun.misc.FloatingDecimal$PreparedASCIIToBinaryBuffer
 725:             5            120  sun.security.jca.ServiceId
 726:             5            120  sun.security.provider.certpath.X509CertPath
 727:             2            112  [Ljava.nio.file.StandardOpenOption;
 728:             2            112  [Ljava.security.CryptoPrimitive;
 729:             7            112  [Lsun.reflect.generics.tree.TypeArgument;
 730:             2            112  com.sun.org.apache.xerces.internal.impl.XMLEntityScanner
 731:             2            112  com.sun.org.apache.xerces.internal.jaxp.SAXParserImpl
 732:             7            112  java.util.TreeMap$KeySet
 733:             7            112  org.apache.lucene.codecs.lucene40.Lucene40CompoundFormat
 734:             7            112  org.apache.lucene.codecs.lucene40.Lucene40LiveDocsFormat
 735:             1            112  org.apache.solr.schema.IndexSchema
 736:             2            112  org.apache.solr.search.FastLRUCache
 737:             2            112  org.apache.solr.update.CommitTracker
 738:             1            112  org.apache.solr.update.DirectUpdateHandler2
 739:             2            112  org.apache.solr.util.ConcurrentLRUCache
 740:             7            112  org.eclipse.jetty.deploy.graph.Node
 741:             2            112  org.eclipse.jetty.io.PooledBuffers
 742:             1            112  org.eclipse.jetty.security.ConstraintSecurityHandler
 743:             7            112  sun.reflect.generics.tree.ClassTypeSignature
 744:             1            104  org.apache.lucene.index.IndexWriterConfig
 745:             1            104  org.apache.solr.schema.BBoxField
 746:             1            104  org.apache.solr.schema.SpatialRecursivePrefixTreeFieldType
 747:             1            104  org.eclipse.jetty.util.thread.QueuedThreadPool
 748:             1            104  org.eclipse.jetty.webapp.WebAppClassLoader
 749:             2             96  [Lcom.google.common.cache.LocalCache$EntryFactory;
 750:             1             96  [Ljava.lang.invoke.MethodType;
 751:             2             96  [Lorg.apache.lucene.index.DocumentsWriterPerThreadPool$ThreadState;
 752:             3             96  com.spatial4j.core.context.SpatialContext
 753:             1             96  com.sun.net.ssl.internal.ssl.Provider
 754:             3             96  com.sun.org.apache.xalan.internal.utils.XMLSecurityManager$NameMap
 755:             3             96  com.sun.org.apache.xerces.internal.dom.NodeListCache
 756:             2             96  com.sun.org.apache.xerces.internal.impl.XMLDocumentFragmentScannerImpl$ElementStack
 757:             2             96  com.sun.org.apache.xerces.internal.util.XMLAttributesIteratorImpl
 758:             3             96  com.sun.org.apache.xerces.internal.utils.XMLSecurityManager$NameMap
 759:             4             96  java.io.OutputStreamWriter
 760:             4             96  java.lang.RuntimePermission
 761:             2             96  java.lang.ThreadGroup
 762:             4             96  java.text.EntryPair
 763:             4             96  java.text.Normalizer$Form
 764:             6             96  java.util.TreeSet
 765:             3             96  java.util.concurrent.SynchronousQueue
 766:             3             96  java.util.concurrent.atomic.AtomicReferenceFieldUpdater$AtomicReferenceFieldUpdaterImpl
 767:             3             96  java.util.concurrent.locks.AbstractQueuedSynchronizer$Node
 768:             3             96  java.util.concurrent.locks.ReentrantLock$FairSync
 769:             6             96  java.util.regex.Pattern$Dot
 770:             1             96  org.apache.http.impl.client.DefaultHttpClient
 771:             4             96  org.apache.lucene.analysis.en.EnglishPossessiveFilterFactory
 772:             4             96  org.apache.lucene.analysis.en.PorterStemFilterFactory
 773:             3             96  org.apache.lucene.analysis.synonym.SynonymFilter$PendingInput
 774:             6             96  org.apache.lucene.codecs.lucene41.Lucene41StoredFieldsFormat
 775:             4             96  org.apache.lucene.store.IOContext$Context
 776:             6             96  org.apache.lucene.util.ByteBlockPool$DirectAllocator
 777:             4             96  org.apache.lucene.util.RamUsageEstimator$JvmFeature
 778:             4             96  org.apache.lucene.util.packed.Direct32
 779:             4             96  org.apache.lucene.util.packed.Packed64SingleBlock$Packed64SingleBlock1
 780:             1             96  org.apache.solr.core.CoreContainer
 781:             4             96  org.apache.solr.core.SolrConfig$PluginOpts
 782:             2             96  org.apache.solr.core.SolrResourceLoader
 783:             2             96  org.apache.solr.handler.component.QueryElevationComponent$ElevationObj
 784:             4             96  org.apache.solr.handler.loader.XMLLoader
 785:             4             96  org.apache.solr.schema.IndexSchema$DynamicReplacement$DynamicPattern$NameEquals
 786:             1             96  org.apache.solr.schema.PointType
 787:             3             96  org.apache.solr.search.LRUCache$CumulativeStats
 788:             4             96  org.apache.solr.search.SolrCache$State
 789:             4             96  org.apache.solr.servlet.cache.Method
 790:             4             96  org.apache.solr.update.UpdateLog$State
 791:             1             96  org.eclipse.jetty.server.Server
 792:             4             96  org.eclipse.jetty.servlet.Holder$Source
 793:             1             96  org.eclipse.jetty.util.Scanner
 794:             3             96  org.eclipse.jetty.util.statistic.SampleStatistic
 795:             1             96  sun.misc.Launcher$AppClassLoader
 796:             1             96  sun.net.www.protocol.jar.URLJarFile$URLJarFileEntry
 797:             1             96  sun.security.ec.SunEC
 798:             1             96  sun.security.jca.ProviderList$1
 799:             1             96  sun.security.rsa.SunRsaSign
 800:             3             96  sun.security.x509.SubjectAlternativeNameExtension
 801:             2             96  sun.text.normalizer.CharTrie
 802:             2             88  [Lcom.sun.org.apache.xalan.internal.utils.XMLSecurityManager$State;
 803:             3             88  [Lcom.sun.org.apache.xerces.internal.utils.XMLSecurityPropertyManager$State;
 804:             1             88  [Lsun.security.util.ObjectIdentifier;
 805:             1             88  [[Ljava.lang.Byte;
 806:             1             88  org.apache.log4j.RollingFileAppender
 807:             1             88  org.apache.solr.schema.CurrencyField
 808:             1             88  org.apache.solr.schema.LatLonType
 809:             1             88  org.eclipse.jetty.http.HttpBuffersImpl
 810:             1             88  org.eclipse.jetty.io.BufferDateCache
 811:             1             88  org.eclipse.jetty.servlet.FilterHolder
 812:             1             88  org.eclipse.jetty.start.Classpath$Loader
 813:             1             88  sun.misc.Launcher$ExtClassLoader
 814:             1             80  [[Z
 815:             2             80  com.ctc.wstx.util.SymbolTable
 816:             2             80  com.google.common.collect.SingletonImmutableBiMap
 817:             2             80  com.sun.org.apache.xerces.internal.impl.XMLDocumentFragmentScannerImpl$ElementStack2
 818:             2             80  com.sun.org.apache.xerces.internal.impl.XMLEntityManager$CharacterBufferPool
 819:             2             80  com.sun.org.apache.xerces.internal.impl.XMLErrorReporter
 820:             2             80  com.sun.org.apache.xerces.internal.impl.XMLVersionDetector
 821:             2             80  com.sun.org.apache.xerces.internal.impl.validation.ValidationState
 822:             2             80  com.sun.org.apache.xerces.internal.util.XMLAttributesImpl
 823:             2             80  com.sun.org.apache.xerces.internal.utils.XMLSecurityManager
 824:             2             80  com.sun.xml.internal.stream.XMLEntityStorage
 825:             2             80  java.io.BufferedWriter
 826:             2             80  java.io.ExpiringCache
 827:             2             80  java.io.PrintWriter
 828:             2             80  java.lang.invoke.BoundMethodHandle$SpeciesData
 829:             2             80  java.lang.invoke.DirectMethodHandle$Constructor
 830:             2             80  java.util.Locale$Category
 831:             2             80  java.util.PropertyResourceBundle
 832:             2             80  java.util.regex.Pattern$Loop
 833:             2             80  org.apache.log4j.helpers.CountingQuietWriter
 834:             2             80  org.apache.lucene.analysis.path.PathHierarchyTokenizerFactory
 835:             5             80  org.apache.lucene.codecs.lucene42.Lucene42TermVectorsFormat
 836:             2             80  org.apache.lucene.index.CompositeReaderContext
 837:             1             80  org.apache.lucene.index.TieredMergePolicy
 838:             2             80  org.apache.lucene.store.NRTCachingDirectory
 839:             2             80  org.apache.solr.core.CachingDirectoryFactory$CacheValue
 840:             1             80  org.apache.solr.core.JmxMonitoredMap
 841:             1             80  org.apache.solr.handler.admin.InfoHandler
 842:             1             80  org.apache.solr.update.TransactionLog
 843:             1             80  org.eclipse.jetty.deploy.DeploymentManager
 844:             1             80  org.eclipse.jetty.deploy.providers.ContextProvider
 845:             1             80  org.eclipse.jetty.servlet.ErrorPageErrorHandler
 846:             2             80  org.eclipse.jetty.xml.XmlParser
 847:             2             80  sun.misc.FloatingDecimal$BinaryToASCIIBuffer
 848:             1             72  [Lcom.sun.org.apache.xml.internal.dtm.ref.ExtendedType;
 849:             3             72  [Lorg.apache.lucene.util.CharsRefBuilder;
 850:             2             72  [Lsun.security.jca.ProviderConfig;
 851:             3             72  com.sun.org.apache.xerces.internal.impl.dtd.XMLAttributeDecl
 852:             3             72  java.lang.ClassValue$Version
 853:             3             72  java.security.CodeSigner
 854:             3             72  java.util.Base64$Encoder
 855:             1             72  java.util.ResourceBundle$RBClassLoader
 856:             3             72  java.util.concurrent.LinkedBlockingQueue$Node
 857:             1             72  java.util.logging.LogManager$RootLogger
 858:             3             72  java.util.regex.Pattern$CharProperty$1
 859:             3             72  javax.servlet.SessionTrackingMode
 860:             3             72  org.apache.http.HttpVersion
 861:             3             72  org.apache.lucene.analysis.DelegatingAnalyzerWrapper$DelegatingReuseStrategy
 862:             3             72  org.apache.lucene.analysis.ja.JapaneseTokenizer$Mode
 863:             3             72  org.apache.lucene.analysis.util.AnalysisSPILoader
 864:             3             72  org.apache.lucene.index.IndexWriterConfig$OpenMode
 865:             1             72  org.apache.lucene.index.StandardDirectoryReader
 866:             3             72  org.apache.lucene.index.StoredFieldVisitor$Status
 867:             3             72  org.apache.lucene.index.TermsEnum$SeekStatus
 868:             3             72  org.apache.lucene.util.NamedSPILoader
 869:             3             72  org.apache.lucene.util.fst.FST$INPUT_TYPE
 870:             3             72  org.apache.solr.common.params.CommonParams$EchoParamStyle
 871:             3             72  org.apache.solr.core.SolrConfig$HttpCachingConfig$LastModFrom
 872:             1             72  org.apache.solr.handler.PingRequestHandler
 873:             1             72  org.apache.solr.handler.RealTimeGetHandler
 874:             1             72  org.apache.solr.handler.admin.CoreAdminHandler
 875:             1             72  org.apache.solr.handler.component.HttpShardHandlerFactory
 876:             3             72  org.apache.solr.rest.ManagedResourceStorage$JsonStorage
 877:             3             72  org.apache.solr.schema.IndexSchema$DynamicReplacement$DynamicPattern$NameStartsWith
 878:             1             72  org.apache.solr.schema.TrieDateField$ISO8601CanonicalDateFormat
 879:             1             72  org.apache.solr.update.SolrIndexConfig
 880:             3             72  org.apache.solr.update.UpdateLog$SyncLevel
 881:             3             72  org.eclipse.jetty.io.BufferCache
 882:             3             72  org.eclipse.jetty.io.Buffers$Type
 883:             3             72  org.eclipse.jetty.security.UserDataConstraint
 884:             1             72  org.eclipse.jetty.server.handler.ContextHandlerCollection
 885:             1             72  org.eclipse.jetty.server.handler.DefaultHandler
 886:             1             72  org.eclipse.jetty.server.session.HashSessionIdManager
 887:             1             72  org.eclipse.jetty.server.session.SessionHandler
 888:             1             72  org.eclipse.jetty.servlet.DefaultServlet
 889:             3             72  org.eclipse.jetty.util.Scanner$Notification
 890:             1             72  org.eclipse.jetty.util.resource.JarFileResource
 891:             1             72  org.eclipse.jetty.webapp.MetaData
 892:             3             72  org.eclipse.jetty.webapp.MetaDataComplete
 893:             3             72  sun.misc.FloatingDecimal$ExceptionalBinaryToASCIIBuffer
 894:             3             72  sun.misc.Signal
 895:             3             72  sun.security.provider.NativePRNG$Variant
 896:             3             72  sun.security.x509.AccessDescription
 897:             1             72  sun.util.locale.provider.JRELocaleProviderAdapter
 898:             2             64  [Lcom.google.common.cache.LocalCache$Segment;
 899:             2             64  [Lcom.sun.org.apache.xalan.internal.utils.FeaturePropertyBase$State;
 900:             2             64  [Ljavax.servlet.SessionTrackingMode;
 901:             2             64  [Lorg.apache.lucene.analysis.ja.JapaneseTokenizer$Mode;
 902:             1             64  [Lorg.apache.lucene.uninverting.UninvertingReader$Type;
 903:             2             64  [Lorg.apache.lucene.util.RamUsageEstimator$JvmFeature;
 904:             2             64  [Lorg.apache.solr.core.SolrConfig$HttpCachingConfig$LastModFrom;
 905:             2             64  [Lorg.apache.solr.core.SolrConfig$PluginOpts;
 906:             2             64  [Lorg.apache.solr.servlet.cache.Method;
 907:             2             64  [[Lcom.sun.org.apache.xerces.internal.xni.QName;
 908:             1             64  com.google.common.cache.CacheStats
 909:             2             64  com.sun.org.apache.xalan.internal.utils.XMLSecurityPropertyManager$Property
 910:             2             64  com.sun.org.apache.xerces.internal.impl.XMLNSDocumentScannerImpl$NSContentDriver
 911:             2             64  com.sun.org.apache.xerces.internal.util.NamespaceSupport
 912:             2             64  com.sun.org.apache.xerces.internal.utils.XMLSecurityPropertyManager$Property
 913:             2             64  com.sun.org.apache.xpath.internal.objects.XBooleanStatic
 914:             2             64  java.io.PrintStream
 915:             2             64  java.lang.VirtualMachineError
 916:             2             64  java.lang.invoke.BoundMethodHandle$Species_L
 917:             2             64  java.lang.ref.ReferenceQueue$Null
 918:             4             64  java.util.LinkedHashMap$LinkedKeySet
 919:             2             64  java.util.concurrent.ScheduledThreadPoolExecutor$DelayedWorkQueue
 920:             4             64  java.util.concurrent.atomic.AtomicBoolean
 921:             2             64  org.apache.http.conn.ssl.SSLSocketFactory
 922:             2             64  org.apache.http.impl.conn.PoolingClientConnectionManager
 923:             2             64  org.apache.log4j.helpers.PatternParser$BasicPatternConverter
 924:             2             64  org.apache.lucene.analysis.ReusableStringReader
 925:             2             64  org.apache.lucene.analysis.miscellaneous.ASCIIFoldingFilterFactory
 926:             4             64  org.apache.lucene.codecs.lucene40.Lucene40SegmentInfoFormat
 927:             1             64  org.apache.lucene.codecs.lucene410.Lucene410Codec
 928:             1             64  org.apache.lucene.codecs.lucene42.Lucene42Codec
 929:             1             64  org.apache.lucene.codecs.lucene45.Lucene45Codec
 930:             1             64  org.apache.lucene.codecs.lucene46.Lucene46Codec
 931:             1             64  org.apache.lucene.codecs.lucene49.Lucene49Codec
 932:             1             64  org.apache.lucene.codecs.lucene50.Lucene50Codec
 933:             2             64  org.apache.lucene.codecs.lucene50.Lucene50TermVectorsFormat
 934:             1             64  org.apache.lucene.index.DocumentsWriter
 935:             1             64  org.apache.lucene.index.ExitableDirectoryReader
 936:             2             64  org.apache.lucene.store.MMapDirectory
 937:             2             64  org.apache.lucene.store.RAMDirectory
 938:             1             64  org.apache.lucene.uninverting.UninvertingReader$UninvertingDirectoryReader
 939:             1             64  org.apache.solr.client.solrj.impl.LBHttpSolrClient
 940:             2             64  org.apache.solr.cloud.ActionThrottle
 941:             2             64  org.apache.solr.core.InitParams
 942:             1             64  org.apache.solr.core.NRTCachingDirectoryFactory
 943:             1             64  org.apache.solr.core.SchemaCodecFactory$1
 944:             1             64  org.apache.solr.handler.DumpRequestHandler
 945:             1             64  org.apache.solr.handler.SchemaHandler
 946:             1             64  org.apache.solr.handler.SolrConfigHandler
 947:             4             64  org.apache.solr.handler.UpdateRequestHandler$1
 948:             1             64  org.apache.solr.handler.admin.CollectionsHandler
 949:             1             64  org.apache.solr.handler.admin.LukeRequestHandler
 950:             1             64  org.apache.solr.handler.admin.PluginInfoHandler
 951:             1             64  org.apache.solr.handler.admin.ShowFileRequestHandler
 952:             1             64  org.apache.solr.handler.admin.SolrInfoMBeanHandler
 953:             4             64  org.apache.solr.handler.loader.CSVLoader
 954:             4             64  org.apache.solr.handler.loader.JavabinLoader
 955:             4             64  org.apache.solr.handler.loader.JsonLoader
 956:             1             64  org.apache.solr.rest.schema.analysis.ManagedSynonymFilterFactory$1
 957:             1             64  org.apache.solr.schema.BinaryField
 958:             1             64  org.apache.solr.schema.BoolField
 959:             2             64  org.apache.solr.schema.IndexSchema$DynamicCopy
 960:             1             64  org.apache.solr.schema.RandomSortField
 961:             2             64  org.apache.solr.servlet.SolrRequestParsers
 962:             1             64  org.apache.solr.update.DefaultSolrCoreState
 963:             1             64  org.apache.solr.update.UpdateLog$1
 964:             1             64  org.eclipse.jetty.server.handler.HandlerCollection
 965:             1             64  org.eclipse.jetty.server.handler.RequestLogHandler
 966:             2             64  org.eclipse.jetty.servlet.ServletHandler$CachedChain
 967:             2             64  org.eclipse.jetty.xml.XmlParser$Handler
 968:             1             64  org.opensextant.solrtexttagger.TaggerRequestHandler
 969:             4             64  sun.net.www.protocol.jar.Handler
 970:             2             64  sun.reflect.generics.repository.ClassRepository
 971:             4             64  sun.security.ec.ECParameters
 972:             2             64  sun.security.ssl.EphemeralKeyManager$EphemeralKeyPair
 973:             1             64  sun.security.ssl.SSLContextImpl$DefaultSSLContext
 974:             2             64  sun.security.ssl.SSLSessionContextImpl
 975:             2             64  sun.security.x509.AuthorityInfoAccessExtension
 976:             2             64  sun.security.x509.PolicyMappingsExtension
 977:             2             64  sun.security.x509.PrivateKeyUsageExtension
 978:             2             64  sun.util.locale.provider.LocaleResources
 979:             2             64  sun.util.locale.provider.LocaleServiceProviderPool
 980:             1             56  [Ljava.lang.Runnable;
 981:             2             56  [Lorg.apache.solr.search.SolrCache;
 982:             2             56  [Lorg.eclipse.jetty.server.Handler;
 983:             1             56  [Lorg.eclipse.jetty.servlet.ServletMapping;
 984:             1             56  [Lsun.util.logging.PlatformLogger$Level;
 985:             1             56  java.util.concurrent.ConcurrentHashMap$ValueIterator
 986:             1             56  java.util.logging.LogManager
 987:             1             56  org.apache.lucene.codecs.lucene40.Lucene40Codec
 988:             1             56  org.apache.lucene.codecs.lucene41.Lucene41Codec
 989:             1             56  org.apache.lucene.codecs.simpletext.SimpleTextCodec
 990:             1             56  org.apache.lucene.index.BufferedUpdates
 991:             1             56  org.apache.lucene.index.ConcurrentMergeScheduler
 992:             1             56  org.apache.lucene.index.IndexFileDeleter
 993:             1             56  org.apache.lucene.index.SlowCompositeReaderWrapper
 994:             1             56  org.apache.lucene.search.spell.DirectSpellChecker
 995:             1             56  org.apache.solr.schema.FieldType$DefaultAnalyzer$1
 996:             1             56  org.apache.solr.update.VersionInfo
 997:             1             56  org.eclipse.jetty.server.ResourceCache
 998:             1             56  org.eclipse.jetty.webapp.DefaultsDescriptor
 999:             1             56  org.eclipse.jetty.webapp.WebDescriptor
1000:             1             56  org.tartarus.snowball.ext.FinnishStemmer
1001:             1             56  org.tartarus.snowball.ext.RomanianStemmer
1002:             1             56  sun.security.provider.SHA
1003:             1             48  [Lcom.sun.beans.util.Cache$CacheEntry;
1004:             1             48  [Lcom.sun.management.VMOption$Origin;
1005:             1             48  [Lcom.sun.org.apache.xalan.internal.utils.XMLSecurityManager$Limit;
1006:             1             48  [Lcom.sun.org.apache.xerces.internal.utils.XMLSecurityManager$Limit;
1007:             1             48  [Ljava.beans.WeakIdentityMap$Entry;
1008:             3             48  [Ljava.lang.annotation.Annotation;
1009:             1             48  [Ljava.lang.invoke.MethodHandleImpl$Intrinsic;
1010:             1             48  [Ljava.math.RoundingMode;
1011:             2             48  [Ljava.net.InetAddress;
1012:             1             48  [Ljava.util.concurrent.TimeUnit;
1013:             2             48  [Lorg.apache.lucene.codecs.lucene50.Lucene50StoredFieldsFormat$Mode;
1014:             1             48  [Lorg.eclipse.jetty.servlet.ServletHolder;
1015:             1             48  [Lorg.eclipse.jetty.webapp.Origin;
1016:             2             48  [Lsun.reflect.generics.tree.ClassTypeSignature;
1017:             1             48  [Lsun.security.x509.NetscapeCertTypeExtension$MapEntry;
1018:             3             48  com.ctc.wstx.api.WstxInputProperties$ParsingMode
1019:             2             48  com.ctc.wstx.util.SymbolTable$Bucket
1020:             2             48  com.google.common.collect.RegularImmutableAsList
1021:             2             48  com.google.common.collect.RegularImmutableMap$EntrySet
1022:             2             48  com.google.common.collect.RegularImmutableMap$NonTerminalEntry
1023:             3             48  com.spatial4j.core.distance.GeodesicSphereDistCalc$Haversine
1024:             3             48  com.spatial4j.core.io.BinaryCodec
1025:             3             48  com.spatial4j.core.io.WktShapeParser
1026:             3             48  com.sun.org.apache.xerces.internal.impl.dtd.DTDGrammar$QNameHashtable
1027:             2             48  com.sun.org.apache.xerces.internal.impl.dtd.DTDGrammarBucket
1028:             3             48  com.sun.org.apache.xerces.internal.impl.dv.dtd.ListDatatypeValidator
1029:             2             48  com.sun.org.apache.xerces.internal.impl.msg.XMLMessageFormatter
1030:             2             48  com.sun.org.apache.xerces.internal.impl.validation.ValidationManager
1031:             2             48  com.sun.org.apache.xerces.internal.util.SymbolTable
1032:             2             48  com.sun.org.apache.xerces.internal.utils.XMLSecurityPropertyManager
1033:             2             48  java.io.BufferedOutputStream
1034:             2             48  java.io.File$PathStatus
1035:             3             48  java.lang.ClassValue$Identity
1036:             2             48  java.lang.invoke.MethodHandles$Lookup
1037:             2             48  java.lang.reflect.ReflectPermission
1038:             2             48  java.net.InetAddress
1039:             2             48  java.net.InetAddress$Cache
1040:             2             48  java.net.InetAddress$Cache$Type
1041:             2             48  java.net.InetAddress$CacheEntry
1042:             2             48  java.net.ServerSocket
1043:             3             48  java.nio.channels.FileChannel$MapMode
1044:             2             48  java.nio.charset.CoderResult
1045:             3             48  java.nio.charset.CodingErrorAction
1046:             2             48  java.security.Timestamp
1047:             3             48  java.text.AttributedCharacterIterator$Attribute
1048:             1             48  java.text.RuleBasedCollator
1049:             3             48  java.util.Base64$Decoder
1050:             2             48  java.util.BitSet
1051:             3             48  java.util.concurrent.SynchronousQueue$TransferStack
1052:             1             48  java.util.concurrent.ThreadPoolExecutor$Worker
1053:             1             48  java.util.concurrent.locks.ReentrantReadWriteLock$FairSync
1054:             3             48  java.util.jar.JarVerifier$3
1055:             2             48  java.util.logging.Logger$LoggerBundle
1056:             2             48  java.util.regex.Pattern$Dollar
1057:             2             48  java.util.regex.Pattern$Prolog
1058:             3             48  org.apache.http.impl.client.BasicCredentialsProvider
1059:             2             48  org.apache.http.impl.client.DefaultHttpRequestRetryHandler
1060:             2             48  org.apache.http.impl.conn.DefaultClientConnectionOperator
1061:             3             48  org.apache.http.impl.conn.SystemDefaultDnsResolver
1062:             1             48  org.apache.log4j.Hierarchy
1063:             2             48  org.apache.log4j.helpers.OnlyOnceErrorHandler
1064:             1             48  org.apache.log4j.helpers.PatternParser
1065:             2             48  org.apache.lucene.analysis.ar.ArabicNormalizationFilterFactory
1066:             2             48  org.apache.lucene.analysis.cjk.CJKWidthFilterFactory
1067:             1             48  org.apache.lucene.analysis.core.StopFilter
1068:             1             48  org.apache.lucene.analysis.ja.JapaneseTokenizerFactory
1069:             1             48  org.apache.lucene.analysis.util.CharArrayMap$EmptyCharArrayMap
1070:             3             48  org.apache.lucene.codecs.lucene46.Lucene46FieldInfosFormat
1071:             3             48  org.apache.lucene.codecs.lucene46.Lucene46SegmentInfoFormat
1072:             2             48  org.apache.lucene.codecs.lucene50.Lucene50Codec$1
1073:             2             48  org.apache.lucene.codecs.lucene50.Lucene50Codec$2
1074:             2             48  org.apache.lucene.codecs.lucene50.Lucene50StoredFieldsFormat$Mode
1075:             1             48  org.apache.lucene.index.IndexFileDeleter$CommitPoint
1076:             2             48  org.apache.lucene.search.spell.WordBreakSpellChecker$BreakSuggestionSortMethod
1077:             1             48  org.apache.lucene.util.packed.BulkOperationPacked1
1078:             1             48  org.apache.lucene.util.packed.BulkOperationPacked10
1079:             1             48  org.apache.lucene.util.packed.BulkOperationPacked11
1080:             1             48  org.apache.lucene.util.packed.BulkOperationPacked12
1081:             1             48  org.apache.lucene.util.packed.BulkOperationPacked13
1082:             1             48  org.apache.lucene.util.packed.BulkOperationPacked14
1083:             1             48  org.apache.lucene.util.packed.BulkOperationPacked15
1084:             1             48  org.apache.lucene.util.packed.BulkOperationPacked16
1085:             1             48  org.apache.lucene.util.packed.BulkOperationPacked17
1086:             1             48  org.apache.lucene.util.packed.BulkOperationPacked18
1087:             1             48  org.apache.lucene.util.packed.BulkOperationPacked19
1088:             1             48  org.apache.lucene.util.packed.BulkOperationPacked2
1089:             1             48  org.apache.lucene.util.packed.BulkOperationPacked20
1090:             1             48  org.apache.lucene.util.packed.BulkOperationPacked21
1091:             1             48  org.apache.lucene.util.packed.BulkOperationPacked22
1092:             1             48  org.apache.lucene.util.packed.BulkOperationPacked23
1093:             1             48  org.apache.lucene.util.packed.BulkOperationPacked24
1094:             1             48  org.apache.lucene.util.packed.BulkOperationPacked3
1095:             1             48  org.apache.lucene.util.packed.BulkOperationPacked4
1096:             1             48  org.apache.lucene.util.packed.BulkOperationPacked5
1097:             1             48  org.apache.lucene.util.packed.BulkOperationPacked6
1098:             1             48  org.apache.lucene.util.packed.BulkOperationPacked7
1099:             1             48  org.apache.lucene.util.packed.BulkOperationPacked8
1100:             1             48  org.apache.lucene.util.packed.BulkOperationPacked9
1101:             1             48  org.apache.solr.analysis.ReversedWildcardFilterFactory
1102:             2             48  org.apache.solr.client.solrj.SolrQuery$ORDER
1103:             2             48  org.apache.solr.client.solrj.impl.HttpClientUtil$1
1104:             3             48  org.apache.solr.common.util.XMLErrorLogger
1105:             2             48  org.apache.solr.core.DirectoryFactory$DirContext
1106:             2             48  org.apache.solr.core.QuerySenderListener
1107:             2             48  org.apache.solr.handler.component.SpellCheckComponent$SpellCheckerListener
1108:             2             48  org.apache.solr.highlight.ScoreOrderFragmentsBuilder
1109:             1             48  org.apache.solr.logging.log4j.EventAppender
1110:             2             48  org.apache.solr.parser.QueryParser$Operator
1111:             2             48  org.apache.solr.rest.RestManager$ManagedResourceRegistration
1112:             3             48  org.apache.solr.rest.schema.analysis.ManagedSynonymFilterFactory$CasePreservedSynonymMappings
1113:             2             48  org.apache.solr.servlet.SolrRequestParsers$StandardRequestParser
1114:             2             48  org.eclipse.jetty.servlet.ServletHolder$Registration
1115:             2             48  org.eclipse.jetty.util.statistic.CounterStatistic
1116:             2             48  org.eclipse.jetty.webapp.ClasspathPattern
1117:             2             48  org.eclipse.jetty.xml.XmlParser$NoopHandler
1118:             1             48  org.tartarus.snowball.ext.ArmenianStemmer
1119:             1             48  org.tartarus.snowball.ext.BasqueStemmer
1120:             1             48  org.tartarus.snowball.ext.CatalanStemmer
1121:             1             48  org.tartarus.snowball.ext.DanishStemmer
1122:             1             48  org.tartarus.snowball.ext.DutchStemmer
1123:             1             48  org.tartarus.snowball.ext.IrishStemmer
1124:             1             48  org.tartarus.snowball.ext.NorwegianStemmer
1125:             1             48  org.tartarus.snowball.ext.RussianStemmer
1126:             1             48  org.tartarus.snowball.ext.SwedishStemmer
1127:             1             48  org.tartarus.snowball.ext.TurkishStemmer
1128:             2             48  sun.misc.NativeSignalHandler
1129:             2             48  sun.net.www.MessageHeader
1130:             3             48  sun.nio.ch.FileDispatcherImpl
1131:             2             48  sun.nio.ch.NativeThreadSet
1132:             2             48  sun.reflect.generics.tree.ClassSignature
1133:             2             48  sun.security.jca.ProviderList
1134:             2             48  sun.security.jca.ProviderList$3
1135:             2             48  sun.security.ssl.SSLAlgorithmConstraints
1136:             2             48  sun.security.x509.CertificatePolicyMap
1137:             3             48  sun.security.x509.RFC822Name
1138:             1             48  sun.text.normalizer.IntTrie
1139:             1             48  sun.text.normalizer.NormalizerBase
1140:             3             48  sun.text.normalizer.NormalizerBase$QuickCheckResult
1141:             1             40  [Lcom.sun.org.apache.xerces.internal.util.Status;
1142:             1             40  [Ljavax.servlet.DispatcherType;
1143:             1             40  [Lorg.apache.lucene.index.DocValuesType;
1144:             1             40  [Lorg.apache.lucene.index.IndexOptions;
1145:             1             40  [Lorg.apache.solr.schema.TrieField$TrieTypes;
1146:             1             40  [Lorg.eclipse.jetty.webapp.Configuration;
1147:             2             40  [Lsun.reflect.generics.tree.FieldTypeSignature;
1148:             2             40  [Lsun.reflect.generics.tree.FormalTypeParameter;
1149:             1             40  [Lsun.security.jca.ServiceId;
1150:             1             40  [Lsun.security.util.DisabledAlgorithmConstraints$KeySizeConstraint$Operator;
1151:             1             40  [Lsun.util.locale.provider.LocaleProviderAdapter$Type;
1152:             1             40  [[Ljava.lang.invoke.LambdaForm$Name;
1153:             1             40  com.sun.beans.finder.MethodFinder$1
1154:             1             40  java.beans.WeakIdentityMap$Entry
1155:             1             40  java.io.BufferedInputStream
1156:             1             40  java.lang.invoke.DirectMethodHandle$Accessor
1157:             1             40  java.text.CollationElementIterator
1158:             1             40  java.text.RBCollationTables
1159:             1             40  java.util.ResourceBundle$1
1160:             1             40  java.util.ServiceLoader$LazyIterator
1161:             1             40  org.apache.log4j.helpers.PatternParser$ClassNamePatternConverter
1162:             1             40  org.apache.log4j.helpers.PatternParser$DatePatternConverter
1163:             1             40  org.apache.log4j.spi.RootLogger
1164:             1             40  org.apache.lucene.analysis.core.LowerCaseFilter
1165:             1             40  org.apache.lucene.analysis.ja.JapanesePartOfSpeechStopFilterFactory
1166:             1             40  org.apache.lucene.analysis.miscellaneous.StemmerOverrideFilterFactory
1167:             1             40  org.apache.lucene.analysis.pattern.PatternReplaceFilterFactory
1168:             1             40  org.apache.lucene.analysis.payloads.DelimitedPayloadTokenFilterFactory
1169:             1             40  org.apache.lucene.index.BufferedUpdatesStream
1170:             1             40  org.apache.lucene.index.DocumentsWriterDeleteQueue
1171:             1             40  org.apache.solr.core.Config
1172:             1             40  org.apache.solr.core.CoreDescriptor
1173:             1             40  org.apache.solr.core.SolrConfig$UpdateHandlerInfo
1174:             1             40  org.apache.solr.handler.component.QueryElevationComponent
1175:             1             40  org.apache.solr.highlight.DefaultSolrHighlighter
1176:             1             40  org.apache.solr.rest.RestManager
1177:             1             40  org.apache.solr.rest.RestManager$RestManagerManagedResource
1178:             1             40  org.apache.solr.rest.schema.analysis.ManagedSynonymFilterFactory$SynonymManager
1179:             1             40  org.apache.solr.rest.schema.analysis.ManagedWordSetResource
1180:             1             40  org.apache.solr.schema.IndexSchema$SolrQueryAnalyzer
1181:             1             40  org.apache.solr.search.QueryResultKey
1182:             1             40  org.apache.solr.spelling.WordBreakSolrSpellChecker
1183:             1             40  org.apache.solr.update.UpdateLog$RecoveryInfo
1184:             1             40  org.apache.solr.util.ConcurrentLRUCache$CacheEntry
1185:             1             40  org.eclipse.jetty.server.session.HashSessionManager$2
1186:             1             40  org.eclipse.jetty.webapp.WebAppContext$Context
1187:             1             40  org.tartarus.snowball.ext.HungarianStemmer
1188:             1             40  sun.nio.ch.FileLockImpl
1189:             1             40  sun.nio.cs.StandardCharsets$Aliases
1190:             1             40  sun.nio.cs.StandardCharsets$Cache
1191:             1             40  sun.nio.cs.StandardCharsets$Classes
1192:             1             40  sun.security.provider.DSAPublicKeyImpl
1193:             1             40  sun.text.IntHashtable
1194:             1             40  sun.text.UCompactIntArray
1195:             1             32  [Lcom.google.common.cache.LocalCache$Strength;
1196:             1             32  [Lcom.sun.beans.util.Cache$Kind;
1197:             1             32  [Lcom.sun.org.apache.xalan.internal.utils.XMLSecurityManager$NameMap;
1198:             1             32  [Lcom.sun.org.apache.xerces.internal.utils.XMLSecurityManager$NameMap;
1199:             1             32  [Ljava.lang.OutOfMemoryError;
1200:             1             32  [Ljava.lang.ThreadGroup;
1201:             1             32  [Ljava.text.Normalizer$Form;
1202:             1             32  [Ljava.util.EventListener;
1203:             1             32  [Lorg.apache.lucene.analysis.synonym.SynonymFilter$PendingInput;
1204:             1             32  [Lorg.apache.lucene.analysis.synonym.SynonymFilter$PendingOutputs;
1205:             1             32  [Lorg.apache.lucene.index.IndexWriterConfig$OpenMode;
1206:             1             32  [Lorg.apache.lucene.index.StoredFieldVisitor$Status;
1207:             1             32  [Lorg.apache.lucene.index.TermsEnum$SeekStatus;
1208:             1             32  [Lorg.apache.lucene.search.BooleanClause$Occur;
1209:             1             32  [Lorg.apache.lucene.store.IOContext$Context;
1210:             1             32  [Lorg.apache.lucene.util.fst.FST$INPUT_TYPE;
1211:             1             32  [Lorg.apache.solr.common.params.CommonParams$EchoParamStyle;
1212:             1             32  [Lorg.apache.solr.search.SolrCache$State;
1213:             1             32  [Lorg.apache.solr.update.UpdateLog$State;
1214:             1             32  [Lorg.apache.solr.update.UpdateLog$SyncLevel;
1215:             1             32  [Lorg.apache.solr.update.processor.UpdateRequestProcessorFactory;
1216:             1             32  [Lorg.eclipse.jetty.io.Buffers$Type;
1217:             1             32  [Lorg.eclipse.jetty.security.UserDataConstraint;
1218:             1             32  [Lorg.eclipse.jetty.servlet.Holder$Source;
1219:             1             32  [Lorg.eclipse.jetty.util.Scanner$Notification;
1220:             1             32  [Lorg.eclipse.jetty.webapp.MetaDataComplete;
1221:             1             32  [Lsun.security.provider.NativePRNG$Variant;
1222:             1             32  [Lsun.text.normalizer.NormalizerBase$Mode;
1223:             1             32  [[Lcom.sun.org.apache.xerces.internal.impl.dtd.models.ContentModelValidator;
1224:             1             32  [[Lcom.sun.org.apache.xerces.internal.impl.dv.DatatypeValidator;
1225:             1             32  [[[Ljava.lang.String;
1226:             2             32  com.google.common.cache.LocalCache$LocalManualCache
1227:             1             32  com.google.common.util.concurrent.MoreExecutors$SameThreadExecutorService
1228:             2             32  com.sun.beans.WeakCache
1229:             1             32  com.sun.beans.finder.BeanInfoFinder
1230:             1             32  com.sun.org.apache.xalan.internal.utils.FeatureManager$Feature
1231:             1             32  com.sun.org.apache.xalan.internal.utils.XMLSecurityManager
1232:             2             32  com.sun.org.apache.xerces.internal.impl.XMLDocumentScannerImpl$PrologDriver
1233:             2             32  com.sun.org.apache.xerces.internal.impl.XMLDocumentScannerImpl$TrailingMiscDriver
1234:             2             32  com.sun.org.apache.xerces.internal.impl.XMLDocumentScannerImpl$XMLDeclDriver
1235:             1             32  com.sun.org.apache.xerces.internal.impl.XMLEntityScanner$1
1236:             2             32  com.sun.org.apache.xerces.internal.impl.dv.dtd.DTDDVFactoryImpl
1237:             2             32  com.sun.org.apache.xerces.internal.impl.dv.dtd.ENTITYDatatypeValidator
1238:             2             32  com.sun.org.apache.xerces.internal.parsers.AbstractSAXParser$AttributesProxy
1239:             2             32  com.sun.org.apache.xerces.internal.util.EntityResolverWrapper
1240:             2             32  com.sun.org.apache.xerces.internal.util.ErrorHandlerWrapper
1241:             1             32  com.sun.org.apache.xml.internal.utils.XMLReaderManager
1242:             1             32  com.sun.org.apache.xpath.internal.jaxp.XPathFactoryImpl
1243:             1             32  java.beans.ThreadGroupContext
1244:             1             32  java.beans.ThreadGroupContext$1
1245:             1             32  java.io.RandomAccessFile
1246:             1             32  java.io.UnixFileSystem
1247:             1             32  java.lang.ArithmeticException
1248:             1             32  java.lang.ArrayIndexOutOfBoundsException
1249:             2             32  java.lang.Boolean
1250:             1             32  java.lang.NullPointerException
1251:             2             32  java.lang.Shutdown$Lock
1252:             1             32  java.lang.reflect.WeakCache
1253:             2             32  java.nio.ByteOrder
1254:             1             32  java.nio.channels.Channels$1
1255:             1             32  java.security.BasicPermissionCollection
1256:             1             32  java.security.MessageDigest$Delegate
1257:             1             32  java.text.DontCareFieldPosition
1258:             2             32  java.util.Collections$SingletonSet
1259:             2             32  java.util.Hashtable$EntrySet
1260:             1             32  java.util.ServiceLoader
1261:             2             32  java.util.concurrent.ConcurrentHashMap$ValuesView
1262:             1             32  java.util.concurrent.ThreadLocalRandom
1263:             1             32  java.util.logging.LogManager$SystemLoggerContext
1264:             2             32  javax.xml.xpath.SecuritySupport
1265:             2             32  org.apache.http.conn.scheme.PlainSocketFactory
1266:             2             32  org.apache.http.conn.scheme.SchemeRegistry
1267:             2             32  org.apache.http.impl.conn.HttpConnPool$InternalConnFactory
1268:             2             32  org.apache.http.params.SyncBasicHttpParams
1269:             1             32  org.apache.log4j.PatternLayout
1270:             1             32  org.apache.lucene.analysis.cjk.CJKBigramFilterFactory
1271:             1             32  org.apache.lucene.analysis.id.IndonesianStemFilterFactory
1272:             1             32  org.apache.lucene.analysis.ja.JapaneseKatakanaStemFilterFactory
1273:             1             32  org.apache.lucene.analysis.miscellaneous.TrimFilterFactory
1274:             1             32  org.apache.lucene.analysis.phonetic.DoubleMetaphoneFilterFactory
1275:             2             32  org.apache.lucene.codecs.lucene40.Lucene40DocValuesFormat
1276:             2             32  org.apache.lucene.codecs.lucene40.Lucene40FieldInfosFormat
1277:             2             32  org.apache.lucene.codecs.lucene40.Lucene40NormsFormat
1278:             2             32  org.apache.lucene.codecs.lucene40.Lucene40TermVectorsFormat
1279:             2             32  org.apache.lucene.codecs.lucene42.Lucene42FieldInfosFormat
1280:             2             32  org.apache.lucene.codecs.lucene50.Lucene50CompoundFormat
1281:             2             32  org.apache.lucene.codecs.lucene50.Lucene50FieldInfosFormat
1282:             2             32  org.apache.lucene.codecs.lucene50.Lucene50LiveDocsFormat
1283:             2             32  org.apache.lucene.codecs.lucene50.Lucene50NormsFormat
1284:             2             32  org.apache.lucene.codecs.lucene50.Lucene50SegmentInfoFormat
1285:             2             32  org.apache.lucene.codecs.lucene50.Lucene50StoredFieldsFormat
1286:             2             32  org.apache.lucene.codecs.simpletext.SimpleTextDocValuesFormat
1287:             2             32  org.apache.lucene.codecs.simpletext.SimpleTextPostingsFormat
1288:             1             32  org.apache.lucene.index.DocumentsWriterPerThreadPool
1289:             1             32  org.apache.lucene.index.FieldInfos$FieldNumbers
1290:             2             32  org.apache.lucene.search.MatchAllDocsQuery
1291:             2             32  org.apache.lucene.search.similarities.DefaultSimilarity
1292:             1             32  org.apache.lucene.search.spell.WordBreakSpellChecker
1293:             1             32  org.apache.lucene.store.NativeFSLockFactory$NativeFSLock
1294:             2             32  org.apache.lucene.store.SingleInstanceLockFactory
1295:             1             32  org.apache.lucene.util.AttributeFactory$DefaultAttributeFactory$1
1296:             1             32  org.apache.solr.core.ConfigOverlay
1297:             1             32  org.apache.solr.core.ConfigSolrXml
1298:             1             32  org.apache.solr.core.IndexDeletionPolicyWrapper
1299:             1             32  org.apache.solr.core.SolrConfig$HttpCachingConfig
1300:             1             32  org.apache.solr.core.SolrConfig$JmxConfiguration
1301:             1             32  org.apache.solr.core.SolrCore$8
1302:             1             32  org.apache.solr.core.SolrCore$LazyQueryResponseWriterWrapper
1303:             1             32  org.apache.solr.core.SolrCores
1304:             1             32  org.apache.solr.core.ZkContainer
1305:             1             32  org.apache.solr.handler.component.SpellCheckComponent
1306:             1             32  org.apache.solr.highlight.RegexFragmenter
1307:             1             32  org.apache.solr.logging.CircularList
1308:             1             32  org.apache.solr.logging.log4j.Log4jWatcher
1309:             2             32  org.apache.solr.response.JSONResponseWriter
1310:             1             32  org.apache.solr.rest.RestManager$Registry
1311:             1             32  org.apache.solr.rest.schema.analysis.ManagedStopFilterFactory
1312:             1             32  org.apache.solr.rest.schema.analysis.ManagedSynonymFilterFactory
1313:             2             32  org.apache.solr.schema.AbstractSpatialFieldType$1
1314:             1             32  org.apache.solr.schema.BoolField$1
1315:             1             32  org.apache.solr.schema.IndexSchema$SolrIndexAnalyzer
1316:             1             32  org.apache.solr.servlet.SolrDispatchFilter
1317:             2             32  org.apache.solr.servlet.SolrRequestParsers$FormDataRequestParser
1318:             2             32  org.apache.solr.servlet.SolrRequestParsers$MultipartRequestParser
1319:             2             32  org.apache.solr.servlet.SolrRequestParsers$RawRequestParser
1320:             2             32  org.apache.solr.servlet.SolrRequestParsers$SimpleRequestParser
1321:             1             32  org.apache.solr.spelling.DirectSolrSpellChecker
1322:             1             32  org.apache.solr.update.SolrIndexConfig$DelayedSchemaAnalyzer
1323:             1             32  org.eclipse.jetty.continuation.ContinuationThrowable
1324:             1             32  org.eclipse.jetty.deploy.App
1325:             1             32  org.eclipse.jetty.deploy.DeploymentManager$AppEntry
1326:             1             32  org.eclipse.jetty.security.ConstraintMapping
1327:             1             32  org.eclipse.jetty.servlet.FilterMapping
1328:             1             32  org.eclipse.jetty.util.Scanner$TimeNSize
1329:             1             32  org.eclipse.jetty.util.security.Constraint
1330:             1             32  org.opensextant.solrtexttagger.ConcatenateFilterFactory
1331:             1             32  sun.nio.ch.FileKey
1332:             1             32  sun.nio.ch.SharedFileLockTable$FileLockReference
1333:             1             32  sun.nio.cs.StandardCharsets
1334:             1             32  sun.nio.fs.LinuxFileSystem
1335:             2             32  sun.reflect.BootstrapConstructorAccessorImpl
1336:             1             32  sun.reflect.generics.reflectiveObjects.TypeVariableImpl
1337:             2             32  sun.security.provider.NativePRNG
1338:             1             32  sun.security.provider.SecureRandom
1339:             2             32  sun.security.ssl.SSLSocketFactoryImpl
1340:             1             32  sun.security.ssl.X509TrustManagerImpl
1341:             2             32  sun.security.util.DisabledAlgorithmConstraints$KeySizeConstraints
1342:             1             32  sun.security.x509.IssuerAlternativeNameExtension
1343:             2             32  sun.text.normalizer.CharTrie$FriendAgent
1344:             1             24  [Lcom.google.common.base.Functions$ToStringFunction;
1345:             1             24  [Lcom.google.common.cache.CacheBuilder$NullListener;
1346:             1             24  [Lcom.google.common.cache.CacheBuilder$OneWeigher;
1347:             1             24  [Lcom.sun.org.apache.xalan.internal.utils.FeatureManager$Feature;
1348:             1             24  [Lcom.sun.org.apache.xalan.internal.utils.XMLSecurityPropertyManager$Property;
1349:             1             24  [Lcom.sun.org.apache.xerces.internal.utils.XMLSecurityPropertyManager$Property;
1350:             1             24  [Ljava.io.File$PathStatus;
1351:             1             24  [Ljava.lang.reflect.TypeVariable;
1352:             1             24  [Ljava.net.InetAddress$Cache$Type;
1353:             1             24  [Ljava.nio.file.LinkOption;
1354:             1             24  [Ljava.util.Locale$Category;
1355:             1             24  [Ljavax.net.ssl.KeyManager;
1356:             1             24  [Ljavax.net.ssl.TrustManager;
1357:             1             24  [Lorg.apache.lucene.search.TermQuery;
1358:             1             24  [Lorg.apache.lucene.search.spell.WordBreakSpellChecker$BreakSuggestionSortMethod;
1359:             1             24  [Lorg.apache.lucene.util.packed.PackedInts$Format;
1360:             1             24  [Lorg.apache.solr.client.solrj.SolrQuery$ORDER;
1361:             1             24  [Lorg.apache.solr.core.DirectoryFactory$DirContext;
1362:             1             24  [Lorg.apache.solr.parser.QueryParser$Operator;
1363:             1             24  [Lorg.apache.solr.schema.IndexSchema$DynamicCopy;
1364:             1             24  [Lorg.apache.solr.search.CacheConfig;
1365:             1             24  [Lorg.apache.solr.util.stats.Histogram$SampleType;
1366:             1             24  [Lorg.eclipse.jetty.server.Connector;
1367:             1             24  [Lorg.eclipse.jetty.servlet.FilterHolder;
1368:             1             24  [Lorg.eclipse.jetty.servlet.FilterMapping;
1369:             1             24  [Lsun.launcher.LauncherHelper;
1370:             1             24  [Lsun.security.ssl.EphemeralKeyManager$EphemeralKeyPair;
1371:             1             24  com.google.common.base.Functions$ToStringFunction
1372:             1             24  com.google.common.base.Joiner$1
1373:             1             24  com.google.common.base.Joiner$MapJoiner
1374:             1             24  com.google.common.cache.CacheBuilder$NullListener
1375:             1             24  com.google.common.cache.CacheBuilder$OneWeigher
1376:             1             24  com.google.common.cache.LocalCache$EntryFactory$1
1377:             1             24  com.google.common.cache.LocalCache$EntryFactory$2
1378:             1             24  com.google.common.cache.LocalCache$EntryFactory$3
1379:             1             24  com.google.common.cache.LocalCache$EntryFactory$4
1380:             1             24  com.google.common.cache.LocalCache$EntryFactory$5
1381:             1             24  com.google.common.cache.LocalCache$EntryFactory$6
1382:             1             24  com.google.common.cache.LocalCache$EntryFactory$7
1383:             1             24  com.google.common.cache.LocalCache$EntryFactory$8
1384:             1             24  com.google.common.cache.LocalCache$Strength$1
1385:             1             24  com.google.common.cache.LocalCache$Strength$2
1386:             1             24  com.google.common.cache.LocalCache$Strength$3
1387:             1             24  com.google.common.collect.ImmutableMapKeySet
1388:             1             24  com.google.common.collect.ImmutableMapKeySet$1
1389:             1             24  com.google.common.collect.SingletonImmutableSet
1390:             1             24  com.sun.beans.util.Cache$Kind$1
1391:             1             24  com.sun.beans.util.Cache$Kind$2
1392:             1             24  com.sun.beans.util.Cache$Kind$3
1393:             1             24  com.sun.org.apache.xalan.internal.utils.FeatureManager
1394:             1             24  com.sun.org.apache.xerces.internal.impl.Constants$ArrayEnumeration
1395:             1             24  com.sun.org.apache.xerces.internal.impl.dtd.XMLContentSpec
1396:             1             24  com.sun.org.apache.xpath.internal.objects.XString
1397:             1             24  java.io.StringWriter
1398:             1             24  java.lang.invoke.Invokers
1399:             1             24  java.lang.invoke.MethodHandleImpl$4
1400:             1             24  java.lang.invoke.MethodType$ConcurrentWeakInternSet
1401:             1             24  java.math.MutableBigInteger
1402:             1             24  java.net.Inet4AddressImpl
1403:             1             24  java.nio.file.LinkOption
1404:             1             24  java.util.Collections$EmptyMap
1405:             1             24  java.util.Locale$Cache
1406:             1             24  java.util.ResourceBundle$Control$CandidateListCache
1407:             1             24  java.util.TaskQueue
1408:             1             24  java.util.Timer
1409:             1             24  java.util.concurrent.ConcurrentHashMap$KeySetView
1410:             1             24  java.util.concurrent.TimeUnit$1
1411:             1             24  java.util.concurrent.TimeUnit$2
1412:             1             24  java.util.concurrent.TimeUnit$3
1413:             1             24  java.util.concurrent.TimeUnit$4
1414:             1             24  java.util.concurrent.TimeUnit$5
1415:             1             24  java.util.concurrent.TimeUnit$6
1416:             1             24  java.util.concurrent.TimeUnit$7
1417:             1             24  java.util.concurrent.locks.ReentrantReadWriteLock$Sync$HoldCounter
1418:             1             24  java.util.jar.Manifest
1419:             1             24  java.util.logging.LogManager$LoggerContext
1420:             1             24  java.util.logging.LoggingPermission
1421:             1             24  java.util.regex.Pattern$7
1422:             1             24  java.util.regex.Pattern$Bound
1423:             1             24  java.util.regex.Pattern$Neg
1424:             1             24  javax.net.ssl.SSLContext
1425:             1             24  org.apache.commons.logging.impl.SLF4JLogFactory
1426:             1             24  org.apache.log4j.helpers.FormattingInfo
1427:             1             24  org.apache.lucene.analysis.Tokenizer$1
1428:             1             24  org.apache.lucene.analysis.ar.ArabicStemFilterFactory
1429:             1             24  org.apache.lucene.analysis.bg.BulgarianStemFilterFactory
1430:             1             24  org.apache.lucene.analysis.ckb.SoraniNormalizationFilterFactory
1431:             1             24  org.apache.lucene.analysis.ckb.SoraniStemFilterFactory
1432:             1             24  org.apache.lucene.analysis.cz.CzechStemFilterFactory
1433:             1             24  org.apache.lucene.analysis.de.GermanLightStemFilterFactory
1434:             1             24  org.apache.lucene.analysis.de.GermanNormalizationFilterFactory
1435:             1             24  org.apache.lucene.analysis.el.GreekLowerCaseFilterFactory
1436:             1             24  org.apache.lucene.analysis.el.GreekStemFilterFactory
1437:             1             24  org.apache.lucene.analysis.en.EnglishMinimalStemFilterFactory
1438:             1             24  org.apache.lucene.analysis.es.SpanishLightStemFilterFactory
1439:             1             24  org.apache.lucene.analysis.fa.PersianCharFilterFactory
1440:             1             24  org.apache.lucene.analysis.fa.PersianNormalizationFilterFactory
1441:             1             24  org.apache.lucene.analysis.fr.FrenchLightStemFilterFactory
1442:             1             24  org.apache.lucene.analysis.ga.IrishLowerCaseFilterFactory
1443:             1             24  org.apache.lucene.analysis.gl.GalicianStemFilterFactory
1444:             1             24  org.apache.lucene.analysis.hi.HindiNormalizationFilterFactory
1445:             1             24  org.apache.lucene.analysis.hi.HindiStemFilterFactory
1446:             1             24  org.apache.lucene.analysis.in.IndicNormalizationFilterFactory
1447:             1             24  org.apache.lucene.analysis.it.ItalianLightStemFilterFactory
1448:             1             24  org.apache.lucene.analysis.ja.JapaneseBaseFormFilterFactory
1449:             1             24  org.apache.lucene.analysis.lv.LatvianStemFilterFactory
1450:             1             24  org.apache.lucene.analysis.miscellaneous.RemoveDuplicatesTokenFilterFactory
1451:             1             24  org.apache.lucene.analysis.miscellaneous.StemmerOverrideFilter$StemmerOverrideMap
1452:             1             24  org.apache.lucene.analysis.pt.PortugueseLightStemFilterFactory
1453:             1             24  org.apache.lucene.analysis.th.ThaiTokenizerFactory
1454:             1             24  org.apache.lucene.analysis.tr.ApostropheFilterFactory
1455:             1             24  org.apache.lucene.analysis.tr.TurkishLowerCaseFilterFactory
1456:             1             24  org.apache.lucene.codecs.blocktreeords.BlockTreeOrdsPostingsFormat
1457:             1             24  org.apache.lucene.codecs.bloom.BloomFilteringPostingsFormat
1458:             1             24  org.apache.lucene.codecs.lucene40.Lucene40Codec$1
1459:             1             24  org.apache.lucene.codecs.lucene41.Lucene41Codec$1
1460:             1             24  org.apache.lucene.codecs.lucene410.Lucene410Codec$1
1461:             1             24  org.apache.lucene.codecs.lucene410.Lucene410Codec$2
1462:             1             24  org.apache.lucene.codecs.lucene42.Lucene42Codec$1
1463:             1             24  org.apache.lucene.codecs.lucene42.Lucene42Codec$2
1464:             1             24  org.apache.lucene.codecs.lucene42.Lucene42Codec$3
1465:             1             24  org.apache.lucene.codecs.lucene42.Lucene42DocValuesFormat
1466:             1             24  org.apache.lucene.codecs.lucene45.Lucene45Codec$1
1467:             1             24  org.apache.lucene.codecs.lucene45.Lucene45Codec$2
1468:             1             24  org.apache.lucene.codecs.lucene45.Lucene45Codec$3
1469:             1             24  org.apache.lucene.codecs.lucene46.Lucene46Codec$1
1470:             1             24  org.apache.lucene.codecs.lucene46.Lucene46Codec$2
1471:             1             24  org.apache.lucene.codecs.lucene46.Lucene46Codec$3
1472:             1             24  org.apache.lucene.codecs.lucene49.Lucene49Codec$1
1473:             1             24  org.apache.lucene.codecs.lucene49.Lucene49Codec$2
1474:             1             24  org.apache.lucene.codecs.lucene50.Lucene50PostingsFormat
1475:             1             24  org.apache.lucene.codecs.memory.DirectPostingsFormat
1476:             1             24  org.apache.lucene.codecs.memory.MemoryDocValuesFormat
1477:             1             24  org.apache.lucene.codecs.memory.MemoryPostingsFormat
1478:             1             24  org.apache.lucene.index.DocumentsWriterDeleteQueue$DeleteSlice
1479:             1             24  org.apache.lucene.index.DocumentsWriterDeleteQueue$Node
1480:             1             24  org.apache.lucene.index.DocumentsWriterFlushQueue
1481:             1             24  org.apache.lucene.index.DocumentsWriterStallControl
1482:             1             24  org.apache.lucene.index.FlushByRamOrCountsPolicy
1483:             1             24  org.apache.lucene.index.IndexWriter$1
1484:             1             24  org.apache.lucene.index.IndexWriter$ReaderPool
1485:             1             24  org.apache.lucene.index.MultiBits
1486:             1             24  org.apache.lucene.index.MultiFields
1487:             1             24  org.apache.lucene.index.MultiTerms
1488:             1             24  org.apache.lucene.search.BooleanClause$Occur$1
1489:             1             24  org.apache.lucene.search.BooleanClause$Occur$2
1490:             1             24  org.apache.lucene.search.BooleanClause$Occur$3
1491:             1             24  org.apache.lucene.search.TopDocs
1492:             1             24  org.apache.lucene.spatial.prefix.tree.GeohashPrefixTree
1493:             1             24  org.apache.lucene.store.FlushInfo
1494:             1             24  org.apache.lucene.uninverting.FieldCacheImpl
1495:             1             24  org.apache.lucene.uninverting.FieldCacheImpl$BinaryDocValuesCache
1496:             1             24  org.apache.lucene.uninverting.FieldCacheImpl$DocTermOrdsCache
1497:             1             24  org.apache.lucene.uninverting.FieldCacheImpl$DocsWithFieldCache
1498:             1             24  org.apache.lucene.uninverting.FieldCacheImpl$LongCache
1499:             1             24  org.apache.lucene.uninverting.FieldCacheImpl$SortedDocValuesCache
1500:             1             24  org.apache.lucene.util.AttributeFactory$1
1501:             1             24  org.apache.lucene.util.AttributeSource$2
1502:             1             24  org.apache.lucene.util.SetOnce
1503:             1             24  org.apache.lucene.util.packed.PackedInts$Format$1
1504:             1             24  org.apache.lucene.util.packed.PackedInts$Format$2
1505:             1             24  org.apache.solr.client.solrj.SolrQuery
1506:             1             24  org.apache.solr.client.solrj.SolrQuery$SortClause
1507:             1             24  org.apache.solr.common.SolrInputDocument
1508:             1             24  org.apache.solr.common.util.SolrjNamedThreadFactory
1509:             1             24  org.apache.solr.core.ConfigSetService$Default
1510:             1             24  org.apache.solr.core.JarRepository
1511:             1             24  org.apache.solr.core.RequestHandlers
1512:             1             24  org.apache.solr.core.RequestParams
1513:             1             24  org.apache.solr.core.SchemaCodecFactory
1514:             1             24  org.apache.solr.core.SolrDeletionPolicy
1515:             1             24  org.apache.solr.handler.ReplicationHandler$3
1516:             1             24  org.apache.solr.handler.component.ExpandComponent
1517:             1             24  org.apache.solr.handler.component.FacetComponent
1518:             1             24  org.apache.solr.handler.component.HighlightComponent
1519:             1             24  org.apache.solr.handler.component.TermVectorComponent
1520:             1             24  org.apache.solr.highlight.BreakIteratorBoundaryScanner
1521:             1             24  org.apache.solr.highlight.DefaultEncoder
1522:             1             24  org.apache.solr.highlight.GapFragmenter
1523:             1             24  org.apache.solr.highlight.HtmlEncoder
1524:             1             24  org.apache.solr.highlight.HtmlFormatter
1525:             1             24  org.apache.solr.highlight.SimpleBoundaryScanner
1526:             1             24  org.apache.solr.highlight.SimpleFragListBuilder
1527:             1             24  org.apache.solr.highlight.SingleFragListBuilder
1528:             1             24  org.apache.solr.highlight.WeightedFragListBuilder
1529:             1             24  org.apache.solr.response.transform.ExplainAugmenterFactory
1530:             1             24  org.apache.solr.response.transform.ValueAugmenterFactory
1531:             1             24  org.apache.solr.schema.FileExchangeRateProvider
1532:             1             24  org.apache.solr.schema.TrieDateField$ThreadLocalDateFormat
1533:             1             24  org.apache.solr.search.BitDocSet
1534:             1             24  org.apache.solr.search.similarities.DefaultSimilarityFactory
1535:             1             24  org.apache.solr.spelling.SpellingQueryConverter
1536:             1             24  org.apache.solr.update.DefaultSolrCoreState$1
1537:             1             24  org.apache.solr.update.UpdateShardHandler
1538:             1             24  org.apache.solr.update.processor.LogUpdateProcessorFactory
1539:             1             24  org.apache.solr.update.processor.UpdateRequestProcessorChain
1540:             1             24  org.apache.solr.util.stats.Histogram$SampleType$1
1541:             1             24  org.apache.solr.util.stats.Histogram$SampleType$2
1542:             1             24  org.eclipse.jetty.deploy.AppLifeCycle
1543:             1             24  org.eclipse.jetty.http.HttpFields$DateGenerator
1544:             1             24  org.eclipse.jetty.http.HttpHeaderValues
1545:             1             24  org.eclipse.jetty.http.HttpHeaders
1546:             1             24  org.eclipse.jetty.server.AbstractConnector$Acceptor
1547:             1             24  org.eclipse.jetty.servlet.FilterHolder$Config
1548:             1             24  org.eclipse.jetty.servlet.NoJspServlet
1549:             1             24  org.eclipse.jetty.util.IO$NullWrite
1550:             1             24  org.eclipse.jetty.util.MultiMap
1551:             1             24  org.noggit.NullCharArr
1552:             1             24  org.slf4j.helpers.FormattingTuple
1553:             1             24  sun.launcher.LauncherHelper
1554:             1             24  sun.management.VMManagementImpl
1555:             1             24  sun.misc.JarIndex
1556:             1             24  sun.misc.URLClassPath$FileLoader
1557:             1             24  sun.net.ProgressMonitor
1558:             1             24  sun.net.sdp.SdpProvider
1559:             1             24  sun.nio.ch.SharedFileLockTable
1560:             1             24  sun.nio.cs.ISO_8859_1
1561:             1             24  sun.nio.cs.US_ASCII
1562:             1             24  sun.nio.cs.UTF_16
1563:             1             24  sun.nio.cs.UTF_16BE
1564:             1             24  sun.nio.cs.UTF_16LE
1565:             1             24  sun.nio.cs.UTF_8
1566:             1             24  sun.reflect.generics.factory.CoreReflectionFactory
1567:             1             24  sun.reflect.generics.scope.ClassScope
1568:             1             24  sun.reflect.generics.tree.FormalTypeParameter
1569:             1             24  sun.security.provider.DSAParameters
1570:             1             24  sun.security.ssl.SSLAlgorithmConstraints$TLSDisabledAlgConstraints
1571:             1             24  sun.security.ssl.SSLAlgorithmConstraints$X509DisabledAlgConstraints
1572:             1             24  sun.security.ssl.SunX509KeyManagerImpl
1573:             1             24  sun.security.util.DisabledAlgorithmConstraints$KeySizeConstraint
1574:             1             24  sun.text.normalizer.ReplaceableUCharacterIterator
1575:             1             24  sun.util.locale.BaseLocale$Cache
1576:             1             24  sun.util.locale.provider.CalendarDataProviderImpl
1577:             1             24  sun.util.locale.provider.CalendarProviderImpl
1578:             1             24  sun.util.locale.provider.CollatorProviderImpl
1579:             1             24  sun.util.locale.provider.CurrencyNameProviderImpl
1580:             1             24  sun.util.locale.provider.DateFormatSymbolsProviderImpl
1581:             1             24  sun.util.locale.provider.DecimalFormatSymbolsProviderImpl
1582:             1             24  sun.util.locale.provider.NumberFormatProviderImpl
1583:             1             16  [Ljava.beans.EventSetDescriptor;
1584:             1             16  [Ljava.lang.Enum;
1585:             1             16  [Ljava.lang.Throwable;
1586:             1             16  [Ljava.nio.file.attribute.FileAttribute;
1587:             1             16  [Ljava.security.Provider;
1588:             1             16  [Ljava.text.FieldPosition;
1589:             1             16  [Ljava.util.logging.Handler;
1590:             1             16  [Lorg.apache.lucene.codecs.PostingsFormat;
1591:             1             16  [Lorg.apache.lucene.search.ScoreDoc;
1592:             1             16  [Lorg.apache.lucene.search.SortField;
1593:             1             16  [Lorg.apache.solr.client.solrj.impl.LBHttpSolrClient$ServerWrapper;
1594:             1             16  com.google.common.base.Equivalence$Equals
1595:             1             16  com.google.common.base.Joiner
1596:             1             16  com.google.common.base.Suppliers$SupplierOfInstance
1597:             1             16  com.google.common.base.Ticker$1
1598:             1             16  com.google.common.cache.CacheBuilder$1
1599:             1             16  com.google.common.cache.CacheBuilder$2
1600:             1             16  com.google.common.cache.CacheBuilder$3
1601:             1             16  com.google.common.cache.LocalCache$1
1602:             1             16  com.google.common.cache.LocalCache$2
1603:             1             16  com.google.common.collect.ImmutableCollection$EmptyImmutableCollection
1604:             1             16  com.google.common.collect.Iterators$1
1605:             1             16  com.google.common.collect.Iterators$2
1606:             1             16  com.sun.naming.internal.VersionHelper12
1607:             1             16  com.sun.org.apache.xalan.internal.utils.SecuritySupport
1608:             1             16  com.sun.org.apache.xerces.internal.dom.CharacterDataImpl$1
1609:             1             16  com.sun.org.apache.xerces.internal.impl.XMLDocumentScannerImpl$DTDDriver
1610:             1             16  com.sun.org.apache.xerces.internal.impl.dv.dtd.IDDatatypeValidator
1611:             1             16  com.sun.org.apache.xerces.internal.impl.dv.dtd.IDREFDatatypeValidator
1612:             1             16  com.sun.org.apache.xerces.internal.impl.dv.dtd.NMTOKENDatatypeValidator
1613:             1             16  com.sun.org.apache.xerces.internal.impl.dv.dtd.NOTATIONDatatypeValidator
1614:             1             16  com.sun.org.apache.xerces.internal.impl.dv.dtd.StringDatatypeValidator
1615:             1             16  com.sun.org.apache.xerces.internal.utils.SecuritySupport
1616:             1             16  com.sun.org.apache.xpath.internal.objects.EqualComparator
1617:             1             16  com.sun.org.apache.xpath.internal.objects.GreaterThanComparator
1618:             1             16  com.sun.org.apache.xpath.internal.objects.GreaterThanOrEqualComparator
1619:             1             16  com.sun.org.apache.xpath.internal.objects.LessThanComparator
1620:             1             16  com.sun.org.apache.xpath.internal.objects.LessThanOrEqualComparator
1621:             1             16  com.sun.org.apache.xpath.internal.objects.NotEqualComparator
1622:             1             16  com.sun.org.apache.xpath.internal.objects.XMLStringFactoryImpl
1623:             1             16  java.io.FileDescriptor$1
1624:             1             16  java.lang.ApplicationShutdownHooks$1
1625:             1             16  java.lang.CharacterData00
1626:             1             16  java.lang.CharacterDataLatin1
1627:             1             16  java.lang.InheritableThreadLocal
1628:             1             16  java.lang.Runtime
1629:             1             16  java.lang.String$CaseInsensitiveComparator
1630:             1             16  java.lang.System$2
1631:             1             16  java.lang.Terminator$1
1632:             1             16  java.lang.invoke.MemberName$Factory
1633:             1             16  java.lang.invoke.MethodHandleImpl$2
1634:             1             16  java.lang.invoke.MethodHandleImpl$3
1635:             1             16  java.lang.management.PlatformComponent$1
1636:             1             16  java.lang.management.PlatformComponent$10
1637:             1             16  java.lang.management.PlatformComponent$11
1638:             1             16  java.lang.management.PlatformComponent$12
1639:             1             16  java.lang.management.PlatformComponent$13
1640:             1             16  java.lang.management.PlatformComponent$14
1641:             1             16  java.lang.management.PlatformComponent$15
1642:             1             16  java.lang.management.PlatformComponent$2
1643:             1             16  java.lang.management.PlatformComponent$3
1644:             1             16  java.lang.management.PlatformComponent$4
1645:             1             16  java.lang.management.PlatformComponent$5
1646:             1             16  java.lang.management.PlatformComponent$6
1647:             1             16  java.lang.management.PlatformComponent$7
1648:             1             16  java.lang.management.PlatformComponent$8
1649:             1             16  java.lang.management.PlatformComponent$9
1650:             1             16  java.lang.ref.Reference$Lock
1651:             1             16  java.lang.reflect.Proxy$KeyFactory
1652:             1             16  java.lang.reflect.Proxy$ProxyClassFactory
1653:             1             16  java.lang.reflect.ReflectAccess
1654:             1             16  java.net.InetAddress$2
1655:             1             16  java.net.URLClassLoader$7
1656:             1             16  java.nio.Bits$1
1657:             1             16  java.nio.channels.spi.AbstractInterruptibleChannel$1
1658:             1             16  java.nio.charset.CoderResult$1
1659:             1             16  java.nio.charset.CoderResult$2
1660:             1             16  java.security.ProtectionDomain$1
1661:             1             16  java.security.ProtectionDomain$3
1662:             1             16  java.text.DontCareFieldPosition$1
1663:             1             16  java.util.Collections$EmptyEnumeration
1664:             1             16  java.util.Collections$EmptyIterator
1665:             1             16  java.util.Collections$EmptyList
1666:             1             16  java.util.Collections$EmptySet
1667:             1             16  java.util.Collections$UnmodifiableMap$UnmodifiableEntrySet
1668:             1             16  java.util.Currency$CurrencyNameGetter
1669:             1             16  java.util.Hashtable$KeySet
1670:             1             16  java.util.ResourceBundle$Control
1671:             1             16  java.util.Timer$1
1672:             1             16  java.util.concurrent.ConcurrentHashMap$EntrySetView
1673:             1             16  java.util.concurrent.ConcurrentSkipListMap$KeySet
1674:             1             16  java.util.concurrent.Executors$FinalizableDelegatedExecutorService
1675:             1             16  java.util.concurrent.ThreadPoolExecutor$AbortPolicy
1676:             1             16  java.util.jar.JavaUtilJarAccessImpl
1677:             1             16  java.util.logging.LoggingProxyImpl
1678:             1             16  java.util.regex.Pattern$4
1679:             1             16  java.util.regex.Pattern$Begin
1680:             1             16  java.util.regex.Pattern$CharPropertyNames$10
1681:             1             16  java.util.regex.Pattern$CharPropertyNames$11
1682:             1             16  java.util.regex.Pattern$CharPropertyNames$12
1683:             1             16  java.util.regex.Pattern$CharPropertyNames$13
1684:             1             16  java.util.regex.Pattern$CharPropertyNames$14
1685:             1             16  java.util.regex.Pattern$CharPropertyNames$15
1686:             1             16  java.util.regex.Pattern$CharPropertyNames$16
1687:             1             16  java.util.regex.Pattern$CharPropertyNames$17
1688:             1             16  java.util.regex.Pattern$CharPropertyNames$18
1689:             1             16  java.util.regex.Pattern$CharPropertyNames$19
1690:             1             16  java.util.regex.Pattern$CharPropertyNames$20
1691:             1             16  java.util.regex.Pattern$CharPropertyNames$21
1692:             1             16  java.util.regex.Pattern$CharPropertyNames$22
1693:             1             16  java.util.regex.Pattern$CharPropertyNames$23
1694:             1             16  java.util.regex.Pattern$CharPropertyNames$5
1695:             1             16  java.util.regex.Pattern$CharPropertyNames$6
1696:             1             16  java.util.regex.Pattern$CharPropertyNames$7
1697:             1             16  java.util.regex.Pattern$CharPropertyNames$8
1698:             1             16  java.util.regex.Pattern$CharPropertyNames$9
1699:             1             16  java.util.regex.Pattern$LastNode
1700:             1             16  java.util.regex.Pattern$Node
1701:             1             16  java.util.zip.ZipFile$1
1702:             1             16  javax.xml.parsers.SecuritySupport
1703:             1             16  javax.xml.stream.SecuritySupport
1704:             1             16  javax.xml.transform.SecuritySupport
1705:             1             16  org.apache.http.conn.ssl.AllowAllHostnameVerifier
1706:             1             16  org.apache.http.conn.ssl.BrowserCompatHostnameVerifier
1707:             1             16  org.apache.http.conn.ssl.StrictHostnameVerifier
1708:             1             16  org.apache.log4j.DefaultCategoryFactory
1709:             1             16  org.apache.log4j.helpers.AppenderAttachableImpl
1710:             1             16  org.apache.log4j.or.DefaultRenderer
1711:             1             16  org.apache.log4j.or.RendererMap
1712:             1             16  org.apache.log4j.spi.DefaultRepositorySelector
1713:             1             16  org.apache.lucene.analysis.Analyzer$1
1714:             1             16  org.apache.lucene.analysis.Analyzer$2
1715:             1             16  org.apache.lucene.analysis.payloads.FloatEncoder
1716:             1             16  org.apache.lucene.analysis.util.CharacterUtils$Java4CharacterUtils
1717:             1             16  org.apache.lucene.analysis.util.CharacterUtils$Java5CharacterUtils
1718:             1             16  org.apache.lucene.codecs.bloom.DefaultBloomFilterFactory
1719:             1             16  org.apache.lucene.codecs.compressing.CompressionMode$1
1720:             1             16  org.apache.lucene.codecs.compressing.CompressionMode$2
1721:             1             16  org.apache.lucene.codecs.compressing.CompressionMode$3
1722:             1             16  org.apache.lucene.codecs.compressing.CompressionMode$4
1723:             1             16  org.apache.lucene.codecs.lucene40.Lucene40PostingsFormat
1724:             1             16  org.apache.lucene.codecs.lucene40.Lucene40StoredFieldsFormat
1725:             1             16  org.apache.lucene.codecs.lucene41.Lucene41PostingsFormat
1726:             1             16  org.apache.lucene.codecs.lucene410.Lucene410Codec$3
1727:             1             16  org.apache.lucene.codecs.lucene410.Lucene410DocValuesFormat
1728:             1             16  org.apache.lucene.codecs.lucene45.Lucene45DocValuesFormat
1729:             1             16  org.apache.lucene.codecs.lucene49.Lucene49Codec$3
1730:             1             16  org.apache.lucene.codecs.lucene49.Lucene49DocValuesFormat
1731:             1             16  org.apache.lucene.codecs.lucene50.Lucene50DocValuesFormat
1732:             1             16  org.apache.lucene.codecs.memory.DirectDocValuesFormat
1733:             1             16  org.apache.lucene.codecs.memory.FSTOrdPostingsFormat
1734:             1             16  org.apache.lucene.codecs.memory.FSTPostingsFormat
1735:             1             16  org.apache.lucene.codecs.simpletext.SimpleTextCompoundFormat
1736:             1             16  org.apache.lucene.codecs.simpletext.SimpleTextFieldInfosFormat
1737:             1             16  org.apache.lucene.codecs.simpletext.SimpleTextLiveDocsFormat
1738:             1             16  org.apache.lucene.codecs.simpletext.SimpleTextNormsFormat
1739:             1             16  org.apache.lucene.codecs.simpletext.SimpleTextSegmentInfoFormat
1740:             1             16  org.apache.lucene.codecs.simpletext.SimpleTextStoredFieldsFormat
1741:             1             16  org.apache.lucene.codecs.simpletext.SimpleTextTermVectorsFormat
1742:             1             16  org.apache.lucene.index.BufferedUpdatesStream$1
1743:             1             16  org.apache.lucene.index.DocumentsWriterPerThread$1
1744:             1             16  org.apache.lucene.index.TermsEnum$2
1745:             1             16  org.apache.lucene.search.MultiTermQuery$1
1746:             1             16  org.apache.lucene.search.ScoringRewrite$1
1747:             1             16  org.apache.lucene.search.ScoringRewrite$2
1748:             1             16  org.apache.lucene.search.spell.LuceneLevenshteinDistance
1749:             1             16  org.apache.lucene.search.spell.SuggestWordScoreComparator
1750:             1             16  org.apache.lucene.store.MMapDirectory$1
1751:             1             16  org.apache.lucene.store.NativeFSLockFactory
1752:             1             16  org.apache.lucene.uninverting.FieldCache$1
1753:             1             16  org.apache.lucene.uninverting.FieldCache$2
1754:             1             16  org.apache.lucene.uninverting.FieldCache$3
1755:             1             16  org.apache.lucene.uninverting.FieldCache$4
1756:             1             16  org.apache.lucene.uninverting.FieldCacheImpl$1
1757:             1             16  org.apache.lucene.util.ArrayUtil$NaturalComparator
1758:             1             16  org.apache.lucene.util.AttributeFactory$DefaultAttributeFactory
1759:             1             16  org.apache.lucene.util.BytesRef$UTF8SortedAsUTF16Comparator
1760:             1             16  org.apache.lucene.util.BytesRef$UTF8SortedAsUnicodeComparator
1761:             1             16  org.apache.lucene.util.CharsRef$UTF16SortedAsUTF8Comparator
1762:             1             16  org.apache.lucene.util.InfoStream$NoOutput
1763:             1             16  org.apache.lucene.util.LongValues$1
1764:             1             16  org.apache.lucene.util.fst.ByteSequenceOutputs
1765:             1             16  org.apache.lucene.util.packed.PackedInts$NullReader
1766:             1             16  org.apache.solr.client.solrj.impl.BinaryResponseParser
1767:             1             16  org.apache.solr.client.solrj.impl.HttpClientConfigurer
1768:             1             16  org.apache.solr.core.ConfigSolrXml$1
1769:             1             16  org.apache.solr.core.ConfigSolrXml$2
1770:             1             16  org.apache.solr.core.ConfigSolrXml$3
1771:             1             16  org.apache.solr.core.CorePropertiesLocator
1772:             1             16  org.apache.solr.core.SolrCore$9
1773:             1             16  org.apache.solr.core.StandardIndexReaderFactory
1774:             1             16  org.apache.solr.handler.ReplicationHandler$2
1775:             1             16  org.apache.solr.handler.component.DebugComponent
1776:             1             16  org.apache.solr.handler.component.MoreLikeThisComponent
1777:             1             16  org.apache.solr.handler.component.QueryComponent
1778:             1             16  org.apache.solr.handler.component.RealTimeGetComponent
1779:             1             16  org.apache.solr.handler.component.StatsComponent
1780:             1             16  org.apache.solr.handler.component.TermsComponent
1781:             1             16  org.apache.solr.response.BinaryResponseWriter
1782:             1             16  org.apache.solr.response.CSVResponseWriter
1783:             1             16  org.apache.solr.response.PHPResponseWriter
1784:             1             16  org.apache.solr.response.PHPSerializedResponseWriter
1785:             1             16  org.apache.solr.response.PythonResponseWriter
1786:             1             16  org.apache.solr.response.RawResponseWriter
1787:             1             16  org.apache.solr.response.RubyResponseWriter
1788:             1             16  org.apache.solr.response.SchemaXmlResponseWriter
1789:             1             16  org.apache.solr.response.SortingResponseWriter
1790:             1             16  org.apache.solr.response.XMLResponseWriter
1791:             1             16  org.apache.solr.response.XSLTResponseWriter
1792:             1             16  org.apache.solr.response.transform.ChildDocTransformerFactory
1793:             1             16  org.apache.solr.response.transform.DocIdAugmenterFactory
1794:             1             16  org.apache.solr.response.transform.ElevatedMarkerFactory
1795:             1             16  org.apache.solr.response.transform.ExcludedMarkerFactory
1796:             1             16  org.apache.solr.response.transform.ShardAugmenterFactory
1797:             1             16  org.apache.solr.rest.ManagedResourceStorage$FileStorageIO
1798:             1             16  org.apache.solr.schema.RandomSortField$1
1799:             1             16  org.apache.solr.search.BoostQParserPlugin
1800:             1             16  org.apache.solr.search.CollapsingQParserPlugin
1801:             1             16  org.apache.solr.search.ComplexPhraseQParserPlugin
1802:             1             16  org.apache.solr.search.DateValueSourceParser
1803:             1             16  org.apache.solr.search.DisMaxQParserPlugin
1804:             1             16  org.apache.solr.search.ExportQParserPlugin
1805:             1             16  org.apache.solr.search.ExtendedDismaxQParserPlugin
1806:             1             16  org.apache.solr.search.FieldQParserPlugin
1807:             1             16  org.apache.solr.search.FunctionQParserPlugin
1808:             1             16  org.apache.solr.search.FunctionRangeQParserPlugin
1809:             1             16  org.apache.solr.search.JoinQParserPlugin
1810:             1             16  org.apache.solr.search.LuceneQParserPlugin
1811:             1             16  org.apache.solr.search.MaxScoreQParserPlugin
1812:             1             16  org.apache.solr.search.NestedQParserPlugin
1813:             1             16  org.apache.solr.search.NoOpRegenerator
1814:             1             16  org.apache.solr.search.OldLuceneQParserPlugin
1815:             1             16  org.apache.solr.search.PrefixQParserPlugin
1816:             1             16  org.apache.solr.search.RawQParserPlugin
1817:             1             16  org.apache.solr.search.ReRankQParserPlugin
1818:             1             16  org.apache.solr.search.SimpleQParserPlugin
1819:             1             16  org.apache.solr.search.SolrFieldCacheMBean
1820:             1             16  org.apache.solr.search.SolrIndexSearcher$1
1821:             1             16  org.apache.solr.search.SolrIndexSearcher$2
1822:             1             16  org.apache.solr.search.SolrIndexSearcher$3
1823:             1             16  org.apache.solr.search.SolrIndexSearcher$4
1824:             1             16  org.apache.solr.search.SolrQueryTimeoutImpl
1825:             1             16  org.apache.solr.search.SolrQueryTimeoutImpl$1
1826:             1             16  org.apache.solr.search.SpatialBoxQParserPlugin
1827:             1             16  org.apache.solr.search.SpatialFilterQParserPlugin
1828:             1             16  org.apache.solr.search.SurroundQParserPlugin
1829:             1             16  org.apache.solr.search.SwitchQParserPlugin
1830:             1             16  org.apache.solr.search.TermQParserPlugin
1831:             1             16  org.apache.solr.search.TermsQParserPlugin
1832:             1             16  org.apache.solr.search.ValueSourceParser$1
1833:             1             16  org.apache.solr.search.ValueSourceParser$10
1834:             1             16  org.apache.solr.search.ValueSourceParser$11
1835:             1             16  org.apache.solr.search.ValueSourceParser$12
1836:             1             16  org.apache.solr.search.ValueSourceParser$13
1837:             1             16  org.apache.solr.search.ValueSourceParser$14
1838:             1             16  org.apache.solr.search.ValueSourceParser$15
1839:             1             16  org.apache.solr.search.ValueSourceParser$16
1840:             1             16  org.apache.solr.search.ValueSourceParser$17
1841:             1             16  org.apache.solr.search.ValueSourceParser$18
1842:             1             16  org.apache.solr.search.ValueSourceParser$19
1843:             1             16  org.apache.solr.search.ValueSourceParser$2
1844:             1             16  org.apache.solr.search.ValueSourceParser$20
1845:             1             16  org.apache.solr.search.ValueSourceParser$21
1846:             1             16  org.apache.solr.search.ValueSourceParser$22
1847:             1             16  org.apache.solr.search.ValueSourceParser$23
1848:             1             16  org.apache.solr.search.ValueSourceParser$24
1849:             1             16  org.apache.solr.search.ValueSourceParser$25
1850:             1             16  org.apache.solr.search.ValueSourceParser$26
1851:             1             16  org.apache.solr.search.ValueSourceParser$27
1852:             1             16  org.apache.solr.search.ValueSourceParser$28
1853:             1             16  org.apache.solr.search.ValueSourceParser$29
1854:             1             16  org.apache.solr.search.ValueSourceParser$3
1855:             1             16  org.apache.solr.search.ValueSourceParser$30
1856:             1             16  org.apache.solr.search.ValueSourceParser$31
1857:             1             16  org.apache.solr.search.ValueSourceParser$32
1858:             1             16  org.apache.solr.search.ValueSourceParser$33
1859:             1             16  org.apache.solr.search.ValueSourceParser$34
1860:             1             16  org.apache.solr.search.ValueSourceParser$35
1861:             1             16  org.apache.solr.search.ValueSourceParser$36
1862:             1             16  org.apache.solr.search.ValueSourceParser$37
1863:             1             16  org.apache.solr.search.ValueSourceParser$38
1864:             1             16  org.apache.solr.search.ValueSourceParser$39
1865:             1             16  org.apache.solr.search.ValueSourceParser$4
1866:             1             16  org.apache.solr.search.ValueSourceParser$40
1867:             1             16  org.apache.solr.search.ValueSourceParser$41
1868:             1             16  org.apache.solr.search.ValueSourceParser$42
1869:             1             16  org.apache.solr.search.ValueSourceParser$43
1870:             1             16  org.apache.solr.search.ValueSourceParser$44
1871:             1             16  org.apache.solr.search.ValueSourceParser$45
1872:             1             16  org.apache.solr.search.ValueSourceParser$46
1873:             1             16  org.apache.solr.search.ValueSourceParser$47
1874:             1             16  org.apache.solr.search.ValueSourceParser$48
1875:             1             16  org.apache.solr.search.ValueSourceParser$49
1876:             1             16  org.apache.solr.search.ValueSourceParser$5
1877:             1             16  org.apache.solr.search.ValueSourceParser$50
1878:             1             16  org.apache.solr.search.ValueSourceParser$51
1879:             1             16  org.apache.solr.search.ValueSourceParser$52
1880:             1             16  org.apache.solr.search.ValueSourceParser$53
1881:             1             16  org.apache.solr.search.ValueSourceParser$54
1882:             1             16  org.apache.solr.search.ValueSourceParser$55
1883:             1             16  org.apache.solr.search.ValueSourceParser$56
1884:             1             16  org.apache.solr.search.ValueSourceParser$57
1885:             1             16  org.apache.solr.search.ValueSourceParser$58
1886:             1             16  org.apache.solr.search.ValueSourceParser$59
1887:             1             16  org.apache.solr.search.ValueSourceParser$6
1888:             1             16  org.apache.solr.search.ValueSourceParser$60
1889:             1             16  org.apache.solr.search.ValueSourceParser$61
1890:             1             16  org.apache.solr.search.ValueSourceParser$62
1891:             1             16  org.apache.solr.search.ValueSourceParser$63
1892:             1             16  org.apache.solr.search.ValueSourceParser$64
1893:             1             16  org.apache.solr.search.ValueSourceParser$65
1894:             1             16  org.apache.solr.search.ValueSourceParser$66
1895:             1             16  org.apache.solr.search.ValueSourceParser$67
1896:             1             16  org.apache.solr.search.ValueSourceParser$68
1897:             1             16  org.apache.solr.search.ValueSourceParser$69
1898:             1             16  org.apache.solr.search.ValueSourceParser$7
1899:             1             16  org.apache.solr.search.ValueSourceParser$70
1900:             1             16  org.apache.solr.search.ValueSourceParser$71
1901:             1             16  org.apache.solr.search.ValueSourceParser$72
1902:             1             16  org.apache.solr.search.ValueSourceParser$73
1903:             1             16  org.apache.solr.search.ValueSourceParser$74
1904:             1             16  org.apache.solr.search.ValueSourceParser$8
1905:             1             16  org.apache.solr.search.ValueSourceParser$9
1906:             1             16  org.apache.solr.search.function.distance.GeoDistValueSourceParser
1907:             1             16  org.apache.solr.search.grouping.endresulttransformer.MainEndResultTransformer
1908:             1             16  org.apache.solr.search.grouping.endresulttransformer.SimpleEndResultTransformer
1909:             1             16  org.apache.solr.search.join.BlockJoinChildQParserPlugin
1910:             1             16  org.apache.solr.search.join.BlockJoinParentQParserPlugin
1911:             1             16  org.apache.solr.search.mlt.MLTQParserPlugin
1912:             1             16  org.apache.solr.search.stats.LocalStatsCache
1913:             1             16  org.apache.solr.update.LoggingInfoStream
1914:             1             16  org.apache.solr.update.TransactionLog$1
1915:             1             16  org.apache.solr.update.processor.DistributedUpdateProcessorFactory
1916:             1             16  org.apache.solr.update.processor.RunUpdateProcessorFactory
1917:             1             16  org.apache.solr.util.EmptyEntityResolver$1
1918:             1             16  org.apache.solr.util.EmptyEntityResolver$2
1919:             1             16  org.apache.solr.util.stats.Clock$UserTimeClock
1920:             1             16  org.eclipse.jetty.deploy.bindings.StandardDeployer
1921:             1             16  org.eclipse.jetty.deploy.bindings.StandardStarter
1922:             1             16  org.eclipse.jetty.deploy.bindings.StandardStopper
1923:             1             16  org.eclipse.jetty.deploy.bindings.StandardUndeployer
1924:             1             16  org.eclipse.jetty.deploy.providers.ContextProvider$1
1925:             1             16  org.eclipse.jetty.deploy.providers.ScanningAppProvider$1
1926:             1             16  org.eclipse.jetty.http.HttpFields$1
1927:             1             16  org.eclipse.jetty.http.HttpFields$2
1928:             1             16  org.eclipse.jetty.http.MimeTypes
1929:             1             16  org.eclipse.jetty.security.DefaultAuthenticatorFactory
1930:             1             16  org.eclipse.jetty.security.SecurityHandler$1
1931:             1             16  org.eclipse.jetty.security.SecurityHandler$2
1932:             1             16  org.eclipse.jetty.security.SecurityHandler$3
1933:             1             16  org.eclipse.jetty.server.Authentication$1
1934:             1             16  org.eclipse.jetty.server.Authentication$2
1935:             1             16  org.eclipse.jetty.server.Authentication$3
1936:             1             16  org.eclipse.jetty.server.Authentication$4
1937:             1             16  org.eclipse.jetty.server.Authentication$5
1938:             1             16  org.eclipse.jetty.server.handler.ContextHandler$ApproveNonExistentDirectoryAliases
1939:             1             16  org.eclipse.jetty.server.session.AbstractSessionManager$1
1940:             1             16  org.eclipse.jetty.server.session.AbstractSessionManager$2
1941:             1             16  org.eclipse.jetty.servlet.listener.ELContextCleaner
1942:             1             16  org.eclipse.jetty.servlet.listener.IntrospectorCleaner
1943:             1             16  org.eclipse.jetty.start.FilenameComparator
1944:             1             16  org.eclipse.jetty.util.IO$ClosedIS
1945:             1             16  org.eclipse.jetty.util.IO$NullOS
1946:             1             16  org.eclipse.jetty.util.StringMap$NullEntry
1947:             1             16  org.eclipse.jetty.util.component.Container
1948:             1             16  org.eclipse.jetty.util.thread.QueuedThreadPool$3
1949:             1             16  org.eclipse.jetty.webapp.FragmentConfiguration
1950:             1             16  org.eclipse.jetty.webapp.JettyWebXmlConfiguration
1951:             1             16  org.eclipse.jetty.webapp.MetaInfConfiguration
1952:             1             16  org.eclipse.jetty.webapp.StandardDescriptorProcessor
1953:             1             16  org.eclipse.jetty.webapp.WebInfConfiguration
1954:             1             16  org.eclipse.jetty.webapp.WebXmlConfiguration
1955:             1             16  org.opensextant.solrtexttagger.TagClusterReducer$1
1956:             1             16  org.opensextant.solrtexttagger.TagClusterReducer$2
1957:             1             16  org.opensextant.solrtexttagger.TagClusterReducer$3
1958:             1             16  org.slf4j.helpers.NOPLoggerFactory
1959:             1             16  org.slf4j.helpers.SubstituteLoggerFactory
1960:             1             16  org.slf4j.impl.Log4jLoggerFactory
1961:             1             16  org.slf4j.impl.StaticLoggerBinder
1962:             1             16  sun.management.HotSpotDiagnostic
1963:             1             16  sun.misc.ASCIICaseInsensitiveComparator
1964:             1             16  sun.misc.FloatingDecimal$1
1965:             1             16  sun.misc.Launcher
1966:             1             16  sun.misc.Launcher$Factory
1967:             1             16  sun.misc.Perf
1968:             1             16  sun.misc.Unsafe
1969:             1             16  sun.net.DefaultProgressMeteringPolicy
1970:             1             16  sun.net.www.protocol.file.Handler
1971:             1             16  sun.net.www.protocol.jar.JarFileFactory
1972:             1             16  sun.nio.ch.Util$1
1973:             1             16  sun.nio.fs.LinuxFileSystemProvider
1974:             1             16  sun.reflect.GeneratedConstructorAccessor13
1975:             1             16  sun.reflect.GeneratedConstructorAccessor8
1976:             1             16  sun.reflect.GeneratedMethodAccessor1
1977:             1             16  sun.reflect.GeneratedMethodAccessor2
1978:             1             16  sun.reflect.GeneratedMethodAccessor3
1979:             1             16  sun.reflect.GeneratedMethodAccessor4
1980:             1             16  sun.reflect.GeneratedMethodAccessor5
1981:             1             16  sun.reflect.GeneratedMethodAccessor6
1982:             1             16  sun.reflect.ReflectionFactory
1983:             1             16  sun.reflect.generics.tree.BottomSignature
1984:             1             16  sun.security.rsa.RSAKeyFactory
1985:             1             16  sun.security.ssl.EphemeralKeyManager
1986:             1             16  sun.security.util.ByteArrayLexOrder
1987:             1             16  sun.security.util.ByteArrayTagOrder
1988:             1             16  sun.text.normalizer.NormalizerBase$Mode
1989:             1             16  sun.text.normalizer.NormalizerBase$NFCMode
1990:             1             16  sun.text.normalizer.NormalizerBase$NFDMode
1991:             1             16  sun.text.normalizer.NormalizerBase$NFKCMode
1992:             1             16  sun.text.normalizer.NormalizerBase$NFKDMode
1993:             1             16  sun.text.normalizer.NormalizerImpl
1994:             1             16  sun.text.normalizer.NormalizerImpl$AuxTrieImpl
1995:             1             16  sun.text.normalizer.NormalizerImpl$FCDTrieImpl
1996:             1             16  sun.text.normalizer.NormalizerImpl$NormTrieImpl
1997:             1             16  sun.text.normalizer.ReplaceableString
1998:             1             16  sun.util.calendar.Gregorian
1999:             1             16  sun.util.locale.provider.AuxLocaleProviderAdapter$NullProvider
2000:             1             16  sun.util.locale.provider.CalendarDataUtility$CalendarWeekParameterGetter
2001:             1             16  sun.util.locale.provider.SPILocaleProviderAdapter
2002:             1             16  sun.util.resources.LocaleData
2003:             1             16  sun.util.resources.LocaleData$LocaleDataResourceBundleControl
Total      23378631     3823514448

 num     #instances         #bytes  class name
----------------------------------------------
   1:      15676849     1574876800  [C
   2:         41412     1416354928  [B
   3:      15667816      376027584  java.lang.String
   4:          4396      261363704  [I
   5:          6677       63170120  [Ljava.lang.Object;
   6:         22686       46417536  [J
   7:         20353         814120  org.apache.lucene.util.packed.Packed64
   8:          5037         567440  java.lang.Class
   9:         11575         370400  java.util.HashMap$Node
  10:          4780         344160  org.apache.lucene.util.fst.FST$Arc
  11:          2632         314528  [Ljava.util.HashMap$Node;
  12:          7346         235072  java.util.concurrent.ConcurrentHashMap$Node
  13:          3412         163776  java.util.HashMap
  14:            39         138704  [S
  15:            24         127808  [[B
  16:          4447         106728  org.apache.lucene.util.BytesRef
  17:            66         101256  [Lorg.apache.lucene.util.packed.PackedInts$Reader;
  18:          3149         100768  org.apache.lucene.util.WeakIdentityMap$IdentityWeakReference
  19:            17          99656  [F
  20:          3947          94728  java.util.ArrayList
  21:          2161          86440  org.tartarus.snowball.Among
  22:          1670          66800  java.util.LinkedHashMap$Entry
  23:           104          63008  [Ljava.util.concurrent.ConcurrentHashMap$Node;
  24:          1574          62960  org.apache.lucene.document.FieldType
  25:          3726          59616  java.lang.Object
  26:          2405          57720  org.apache.lucene.util.packed.Direct8
  27:          1802          57664  java.util.Hashtable$Entry
  28:          1369          54760  java.util.TreeMap$Entry
  29:          2178          52272  java.util.concurrent.ConcurrentSkipListMap$Node
  30:          1572          50304  org.apache.lucene.document.Field
  31:          1572          50304  org.apache.lucene.document.LazyDocument$LazyField
  32:          2005          48120  org.apache.lucene.util.packed.Packed64SingleBlock$Packed64SingleBlock4
  33:           166          45208  [Lorg.apache.lucene.util.fst.FST$Arc;
  34:          1845          44280  java.lang.Long
  35:           511          43696  [Ljava.util.WeakHashMap$Entry;
  36:           155          43488  [[C
  37:          1630          39120  java.lang.Double
  38:           501          36504  [Ljava.lang.String;
  39:           824          32960  java.util.WeakHashMap$Entry
  40:           498          31872  java.nio.DirectByteBufferR
  41:           782          31280  com.sun.org.apache.xerces.internal.dom.TextImpl
  42:           778          31120  com.sun.org.apache.xerces.internal.dom.DeferredTextImpl
  43:           937          29984  java.lang.ref.WeakReference
  44:           698          27920  java.lang.ref.SoftReference
  45:           862          27584  sun.security.util.DerInputBuffer
  46:           862          27584  sun.security.util.DerValue
  47:           677          27080  java.math.BigInteger
  48:           241          25064  org.apache.lucene.util.fst.FST
  49:           508          24384  java.util.WeakHashMap
  50:           724          23168  java.lang.ThreadLocal$ThreadLocalMap$Entry
  51:           477          22896  org.apache.lucene.index.FieldInfo
  52:           354          22656  java.net.URL
  53:           291          20952  com.sun.org.apache.xerces.internal.dom.DeferredElementNSImpl
  54:           649          20768  java.util.Collections$UnmodifiableMap
  55:           862          20688  sun.security.util.DerInputStream
  56:           857          20568  [Lsun.security.x509.AVA;
  57:           857          20568  sun.security.x509.AVA
  58:           857          20568  sun.security.x509.RDN
  59:           609          19488  java.lang.ref.ReferenceQueue
  60:           303          19392  com.sun.org.apache.xerces.internal.dom.ElementNSImpl
  61:           288          18432  org.apache.lucene.store.ByteBufferIndexInput$SingleBufferImpl
  62:           208          18304  org.apache.lucene.codecs.blocktree.FieldReader
  63:           226          18080  java.lang.reflect.Constructor
  64:            74          17744  [Ljava.util.Hashtable$Entry;
  65:           713          17112  java.util.concurrent.ConcurrentSkipListMap$Index
  66:           352          16896  com.sun.org.apache.xerces.internal.dom.AttrNSImpl
  67:           525          16800  org.apache.lucene.document.LazyDocument
  68:           341          16368  com.sun.org.apache.xerces.internal.dom.DeferredAttrNSImpl
  69:          1022          16352  java.lang.Integer
  70:           251          16064  java.util.concurrent.ConcurrentHashMap
  71:           385          15400  java.lang.ref.Finalizer
  72:           236          15104  org.apache.lucene.codecs.compressing.CompressingStoredFieldsReader
  73:           236          15104  org.eclipse.jetty.io.BufferCache$CachedBuffer
  74:           377          15080  org.eclipse.jetty.util.StringMap$Node
  75:           471          15072  sun.security.util.ObjectIdentifier
  76:           571          13704  com.sun.org.apache.xerces.internal.dom.AttributeMap
  77:           237          13272  java.lang.Package
  78:           236          13216  org.apache.lucene.codecs.compressing.CompressingStoredFieldsReader$BlockState
  79:           235          13160  java.util.LinkedHashMap
  80:           540          12960  java.util.concurrent.atomic.AtomicLong
  81:           806          12896  java.util.HashSet
  82:           130          11440  [Lorg.eclipse.jetty.util.StringMap$Node;
  83:           119          11424  java.util.jar.JarFile$JarFileEntry
  84:           232          11136  java.util.TreeMap
  85:           341          10912  sun.misc.FDBigInteger
  86:           261          10440  org.eclipse.jetty.xml.XmlParser$Node
  87:           184          10304  org.eclipse.jetty.io.ByteArrayBuffer
  88:            91          10216  [Lorg.tartarus.snowball.Among;
  89:           211          10128  sun.security.x509.X500Name
  90:           104           9984  org.apache.lucene.index.SegmentCommitInfo
  91:            39           9840  [Ljava.lang.ThreadLocal$ThreadLocalMap$Entry;
  92:           611           9776  java.lang.ref.ReferenceQueue$Lock
  93:           241           9640  org.apache.lucene.util.fst.BytesStore
  94:           298           9536  sun.security.x509.AlgorithmId
  95:            25           9400  java.lang.Thread
  96:           292           9344  org.apache.lucene.util.Version
  97:           158           8848  sun.nio.cs.UTF_8$Encoder
  98:           525           8400  org.apache.lucene.document.Document
  99:           209           8360  com.sun.org.apache.xerces.internal.dom.CommentImpl
 100:           209           8360  com.sun.org.apache.xerces.internal.dom.DeferredCommentImpl
 101:           124           7936  java.util.jar.JarFile
 102:            99           7920  sun.security.x509.X509CertImpl
 103:           313           7512  java.util.LinkedList$Node
 104:           211           7344  [Lsun.security.x509.RDN;
 105:           458           7328  java.util.concurrent.atomic.AtomicInteger
 106:           288           6912  [Ljava.nio.ByteBuffer;
 107:           117           6880  [Z
 108:            75           6600  java.lang.reflect.Method
 109:           164           6560  org.apache.log4j.Logger
 110:           200           6400  com.sun.org.apache.xerces.internal.xni.QName
 111:           133           6384  java.util.zip.Inflater
 112:           133           6384  org.apache.lucene.index.LeafReaderContext
 113:           133           6384  sun.misc.URLClassPath$JarLoader
 114:           256           6144  org.apache.solr.update.VersionBucket
 115:            99           5544  sun.security.util.MemoryCache$SoftCacheEntry
 116:            99           5544  sun.security.x509.X509CertInfo
 117:           230           5520  org.apache.lucene.util.packed.Packed64SingleBlock$Packed64SingleBlock2
 118:           169           5408  java.util.LinkedList
 119:            96           5376  org.apache.lucene.codecs.memory.MemoryPostingsFormat$FSTTermsEnum
 120:            96           5376  org.apache.lucene.util.fst.BytesRefFSTEnum
 121:           223           5352  java.security.Provider$ServiceKey
 122:            95           5320  java.security.Provider$Service
 123:           221           5304  org.apache.log4j.CategoryKey
 124:           212           5088  java.util.Date
 125:           211           5064  org.apache.lucene.index.IndexFileDeleter$RefCount
 126:           202           4848  java.util.Collections$SynchronizedSet
 127:           210           4696  [Ljava.lang.Class;
 128:           140           4480  java.util.zip.ZipCoder
 129:           276           4416  java.lang.ThreadLocal
 130:           273           4368  java.lang.Byte
 131:           181           4344  java.lang.Class$AnnotationData
 132:            90           4320  org.apache.solr.util.stats.EWMA
 133:           259           4184  [Lorg.eclipse.jetty.xml.XmlParser$Attribute;
 134:           258           4128  java.util.HashMap$EntrySet
 135:             1           4112  [Lcom.sun.org.apache.xpath.internal.objects.XObject;
 136:           256           4096  java.lang.Short
 137:            26           3952  [Lorg.apache.lucene.util.packed.PackedInts$Decoder;
 138:            26           3952  [Lorg.apache.lucene.util.packed.PackedInts$Encoder;
 139:           162           3888  org.slf4j.impl.Log4jLoggerAdapter
 140:            97           3880  org.apache.solr.analysis.TokenizerChain
 141:            94           3760  sun.security.rsa.RSAPublicKeyImpl
 142:           112           3584  java.io.FileDescriptor
 143:           111           3552  org.apache.lucene.store.ByteArrayDataInput
 144:            63           3528  java.lang.invoke.MemberName
 145:            62           3472  java.beans.MethodDescriptor
 146:            56           3360  [Ljava.lang.ref.SoftReference;
 147:           140           3360  java.util.ArrayDeque
 148:            45           3240  org.apache.solr.schema.TextField
 149:           133           3192  java.util.zip.ZStreamRef
 150:           132           3168  java.util.jar.Attributes$Name
 151:            78           3120  sun.misc.Cleaner
 152:            78           3120  sun.nio.ch.FileChannelImpl$Unmapper
 153:            96           3072  java.util.concurrent.locks.ReentrantLock$NonfairSync
 154:           127           3048  org.apache.lucene.util.CloseableThreadLocal
 155:            95           3040  java.util.Collections$SynchronizedMap
 156:            16           2944  org.eclipse.jetty.server.Request
 157:            52           2912  org.apache.lucene.index.SegmentInfo
 158:           180           2880  org.apache.solr.common.util.NamedList
 159:            10           2848  [Lcom.sun.org.apache.xerces.internal.xni.QName;
 160:            71           2840  org.apache.solr.schema.SchemaField
 161:           118           2832  java.beans.MethodRef
 162:            86           2752  sun.security.x509.BasicConstraintsExtension
 163:            83           2656  com.sun.org.apache.xerces.internal.util.SymbolTable$Entry
 164:            97           2648  [Lorg.apache.lucene.analysis.util.TokenFilterFactory;
 165:           108           2592  sun.reflect.NativeConstructorAccessorImpl
 166:           161           2576  java.util.HashMap$Values
 167:            64           2560  org.apache.solr.core.PluginInfo
 168:            53           2544  org.eclipse.jetty.util.resource.FileResource
 169:            79           2528  java.io.File
 170:            79           2528  sun.security.x509.SubjectKeyIdentifierExtension
 171:            78           2496  java.lang.invoke.LambdaForm$Name
 172:           156           2496  java.util.HashMap$KeySet
 173:           104           2496  org.apache.lucene.index.MultiDocsEnum$EnumWithSlice
 174:            78           2496  org.apache.lucene.index.MultiTermsEnum$TermsEnumWithSlice
 175:            60           2400  java.security.ProtectionDomain
 176:            50           2400  java.util.Hashtable
 177:            50           2400  org.apache.lucene.analysis.util.CharArrayMap
 178:            99           2376  sun.security.util.BitArray
 179:            99           2376  sun.security.util.Cache$EqualByteArray
 180:            99           2376  sun.security.x509.CertificateValidity
 181:            74           2368  sun.security.x509.KeyUsageExtension
 182:            98           2352  org.eclipse.jetty.webapp.MetaData$OriginInfo
 183:            97           2328  org.apache.lucene.util.fst.ReverseBytesReader
 184:            96           2304  org.apache.lucene.index.ExitableDirectoryReader$ExitableTermsEnum
 185:            96           2304  org.apache.lucene.util.fst.BytesRefFSTEnum$InputOutput
 186:             2           2256  [Lorg.eclipse.jetty.http.HttpStatus$Code;
 187:            20           2240  java.net.SocksSocketImpl
 188:            11           2200  [[Ljava.lang.Object;
 189:           134           2144  java.util.LinkedHashSet
 190:            87           2088  sun.security.x509.CertificateExtensions
 191:             1           2048  [Lorg.eclipse.jetty.http.HttpGenerator$Status;
 192:           128           2048  java.lang.Character
 193:           128           2048  java.util.WeakHashMap$KeySet
 194:            85           2040  java.util.Collections$SetFromMap
 195:            37           2032  [D
 196:            28           2016  java.beans.PropertyDescriptor
 197:            84           2016  java.security.Provider$UString
 198:            28           2016  org.apache.lucene.index.SegmentReader
 199:            84           2016  org.eclipse.jetty.http.HttpFields$Field
 200:            83           1992  java.util.Collections$SingletonList
 201:            64           1952  [Ljava.security.cert.Certificate;
 202:            60           1920  java.security.CodeSource
 203:            40           1920  org.apache.lucene.util.packed.BulkOperationPacked
 204:            78           1872  org.apache.lucene.index.MultiDocsAndPositionsEnum$EnumWithSlice
 205:            78           1872  org.apache.lucene.util.WeakIdentityMap
 206:            39           1872  sun.util.locale.LocaleObjectCache$CacheEntry
 207:            46           1840  sun.security.ec.NamedCurve
 208:            57           1824  org.apache.log4j.ProvisionNode
 209:            32           1792  org.eclipse.jetty.io.ByteArrayBuffer$CaseInsensitive
 210:            32           1792  org.eclipse.jetty.io.View$CaseInsensitive
 211:           112           1792  sun.security.x509.KeyIdentifier
 212:            55           1760  org.apache.solr.schema.StrFieldSource$1
 213:           110           1760  sun.reflect.DelegatingConstructorAccessorImpl
 214:           110           1760  sun.security.x509.SerialNumber
 215:            31           1736  org.eclipse.jetty.io.View
 216:            54           1728  java.util.Vector
 217:            24           1728  java.util.regex.Pattern
 218:            17           1712  [[I
 219:            53           1696  org.apache.lucene.index.FieldInfos
 220:            21           1680  java.net.URI
 221:           105           1680  java.util.jar.Attributes
 222:            30           1680  org.apache.solr.util.stats.ExponentiallyDecayingSample
 223:            30           1680  org.apache.solr.util.stats.Meter
 224:            16           1664  org.eclipse.jetty.server.BlockingHttpConnection
 225:            41           1640  java.io.ObjectStreamField
 226:            41           1640  java.lang.invoke.MethodType
 227:            40           1600  org.apache.lucene.analysis.core.StopFilterFactory
 228:            99           1584  sun.security.x509.CertificateAlgorithmId
 229:            99           1584  sun.security.x509.CertificateSerialNumber
 230:            99           1584  sun.security.x509.CertificateVersion
 231:            99           1584  sun.security.x509.CertificateX509Key
 232:            28           1568  java.lang.invoke.MethodTypeForm
 233:            14           1544  [[Ljava.lang.String;
 234:            16           1536  org.eclipse.jetty.http.HttpParser
 235:            47           1504  org.eclipse.jetty.http.HttpStatus$Code
 236:             3           1480  [Ljava.lang.Integer;
 237:            46           1472  java.security.spec.EllipticCurve
 238:            61           1464  org.apache.lucene.util.CharsRef
 239:            26           1456  org.apache.lucene.index.SegmentCoreReaders
 240:            45           1440  java.io.FilePermission
 241:            45           1440  java.security.Permissions
 242:            60           1440  java.util.concurrent.ConcurrentLinkedQueue$Node
 243:            30           1440  java.util.concurrent.ConcurrentSkipListMap
 244:            30           1440  java.util.concurrent.locks.ReentrantReadWriteLock$NonfairSync
 245:             2           1424  [Lcom.sun.org.apache.xerces.internal.util.SymbolTable$Entry;
 246:            16           1408  org.eclipse.jetty.http.HttpGenerator
 247:            15           1376  [Ljava.lang.Byte;
 248:             1           1376  [Lsun.misc.FDBigInteger;
 249:            43           1376  java.lang.invoke.MethodType$ConcurrentWeakInternSet$WeakEntry
 250:            34           1360  sun.security.x509.AuthorityKeyIdentifierExtension
 251:            24           1344  java.util.ResourceBundle$CacheKey
 252:            83           1328  java.util.concurrent.locks.ReentrantLock
 253:            55           1320  org.apache.lucene.uninverting.FieldCacheImpl$SortedDocValuesImpl$1
 254:            55           1320  org.apache.lucene.util.mutable.MutableValueStr
 255:            41           1312  java.lang.StackTraceElement
 256:             9           1296  [Ljava.lang.invoke.MethodHandle;
 257:             9           1296  java.text.DecimalFormat
 258:            54           1296  java.util.concurrent.CopyOnWriteArrayList
 259:            40           1280  java.util.regex.Pattern$Curly
 260:            16           1280  sun.net.www.protocol.jar.URLJarFile
 261:            39           1248  java.util.concurrent.ConcurrentSkipListMap$HeadIndex
 262:            39           1248  org.apache.lucene.analysis.standard.StandardTokenizerFactory
 263:            26           1248  org.apache.lucene.codecs.blocktree.BlockTreeTermsReader
 264:            26           1248  org.apache.lucene.codecs.memory.MemoryPostingsFormat$TermsReader
 265:            26           1248  org.apache.lucene.index.ReadersAndUpdates
 266:            26           1248  org.apache.lucene.uninverting.UninvertingReader
 267:            31           1240  java.security.AccessControlContext
 268:            51           1224  java.security.spec.ECPoint
 269:            76           1216  org.apache.lucene.util.BytesRefBuilder
 270:            76           1216  org.apache.solr.common.util.SimpleOrderedMap
 271:            30           1200  org.apache.solr.util.stats.Histogram
 272:            38           1184  [Ljava.math.BigInteger;
 273:            49           1176  com.sun.org.apache.xerces.internal.util.XMLStringBuffer
 274:            24           1152  java.util.ResourceBundle$BundleReference
 275:            16           1152  org.apache.lucene.analysis.standard.StandardTokenizerImpl
 276:            16           1152  org.eclipse.jetty.http.HttpURI
 277:            46           1104  org.eclipse.jetty.http.HttpGenerator$Status
 278:             9           1080  [Lorg.apache.lucene.index.MultiTermsEnum$TermsEnumWithSlice;
 279:            45           1080  java.io.FilePermissionCollection
 280:            44           1056  com.sun.org.apache.xerces.internal.xni.XMLString
 281:            66           1056  org.eclipse.jetty.util.log.JettyAwareLogger
 282:            66           1056  org.eclipse.jetty.util.log.Slf4jLog
 283:             1           1040  [Lcom.sun.org.apache.xerces.internal.impl.dtd.models.ContentModelValidator;
 284:             1           1040  [Lcom.sun.org.apache.xerces.internal.impl.dv.DatatypeValidator;
 285:             1           1040  [Ljava.lang.Long;
 286:             1           1040  [Ljava.lang.Short;
 287:             1           1040  [Lorg.apache.solr.update.VersionBucket;
 288:             1           1040  [Lsun.text.normalizer.UnicodeSet;
 289:            26           1040  org.apache.lucene.codecs.compressing.CompressingStoredFieldsIndexReader
 290:            26           1040  org.apache.lucene.index.ExitableDirectoryReader$ExitableFilterAtomicReader
 291:            43           1032  org.apache.lucene.index.MultiTermsEnum$TermsEnumIndex
 292:            32           1024  java.util.Random
 293:            16           1024  org.apache.lucene.analysis.standard.StandardTokenizer
 294:            16           1024  org.eclipse.jetty.server.AsyncContinuation
 295:             8           1024  org.eclipse.jetty.servlet.ServletHolder
 296:            21           1008  java.lang.invoke.LambdaForm
 297:            25           1000  org.apache.solr.schema.FieldType$DefaultAnalyzer
 298:            60            960  [Ljava.security.Principal;
 299:            20            960  com.sun.org.apache.xerces.internal.util.XMLAttributesImpl$Attribute
 300:            60            960  java.security.ProtectionDomain$Key
 301:            30            960  java.security.Provider$EngineDescription
 302:            30            960  org.apache.solr.util.stats.Timer
 303:            17            952  org.apache.solr.servlet.SolrRequestParsers$1
 304:            59            944  org.apache.lucene.util.CharsRefBuilder
 305:            39            936  java.lang.ThreadLocal$ThreadLocalMap
 306:            39            936  java.util.Currency
 307:            39            936  org.apache.lucene.analysis.core.LowerCaseFilterFactory
 308:            57            912  java.util.Collections$UnmodifiableCollection
 309:            38            912  java.util.regex.Pattern$5
 310:            26            896  [Ljava.lang.invoke.LambdaForm$Name;
 311:            14            896  org.apache.lucene.codecs.memory.MemoryPostingsFormat$FSTDocsEnum
 312:            28            896  org.apache.lucene.index.CodecReader$1
 313:            28            896  org.apache.lucene.index.CodecReader$2
 314:            28            896  org.apache.lucene.index.CodecReader$3
 315:            16            896  org.eclipse.jetty.server.Response
 316:            16            896  org.eclipse.jetty.server.bio.SocketConnector$ConnectorEndPoint
 317:            37            888  java.lang.invoke.LambdaForm$NamedFunction
 318:            37            888  java.net.InetAddress$InetAddressHolder
 319:             7            880  [Ljava.beans.MethodDescriptor;
 320:            55            880  java.util.TreeMap$Values
 321:            53            864  [Lorg.apache.lucene.analysis.util.CharFilterFactory;
 322:            18            864  java.util.Properties
 323:             7            840  [Lorg.apache.lucene.queries.function.FunctionValues;
 324:            21            840  com.sun.org.apache.xerces.internal.impl.dtd.XMLSimpleType
 325:            35            840  java.net.Inet4Address
 326:            15            840  org.apache.lucene.analysis.miscellaneous.ASCIIFoldingFilter
 327:            26            832  org.apache.lucene.codecs.lucene50.ForUtil
 328:            26            832  org.apache.lucene.codecs.lucene50.Lucene50PostingsReader
 329:            26            832  org.apache.lucene.index.SegmentCoreReaders$1
 330:            26            832  org.apache.lucene.index.SegmentCoreReaders$2
 331:            34            816  java.util.regex.Pattern$GroupHead
 332:            34            816  java.util.regex.Pattern$GroupTail
 333:            17            816  org.apache.lucene.analysis.tokenattributes.PackedTokenAttributeImpl
 334:            51            816  org.apache.lucene.analysis.util.CharArraySet
 335:            32            768  java.net.InetSocketAddress$InetSocketAddressHolder
 336:            16            768  java.net.SocketInputStream
 337:            16            768  java.net.SocketOutputStream
 338:            24            768  java.util.ResourceBundle$LoaderReference
 339:            32            768  org.apache.lucene.util.AttributeSource$State
 340:            16            768  org.apache.solr.response.SolrQueryResponse
 341:            32            768  org.apache.solr.schema.IndexSchema$DynamicField
 342:            32            768  org.eclipse.jetty.http.HttpFields
 343:            16            768  org.eclipse.jetty.util.StringMap
 344:            24            768  sun.security.x509.OIDMap$OIDInfo
 345:            19            760  sun.util.locale.BaseLocale$Key
 346:            31            744  java.util.concurrent.locks.ReentrantReadWriteLock
 347:            31            744  org.apache.solr.core.ConfigSolr$CfgProp
 348:            15            720  java.lang.management.PlatformComponent
 349:            15            720  org.eclipse.jetty.server.AbstractHttpConnection$Output
 350:             2            704  com.sun.org.apache.xerces.internal.impl.XMLNSDocumentScannerImpl
 351:            22            704  com.sun.org.apache.xerces.internal.util.AugmentationsImpl$SmallContainer
 352:            17            680  org.apache.solr.search.DocSlice
 353:            12            672  com.sun.org.apache.xerces.internal.dom.DeferredElementImpl
 354:             6            672  java.util.GregorianCalendar
 355:            28            672  java.util.regex.Pattern$Ctype
 356:            14            672  org.apache.lucene.util.packed.MonotonicLongValues
 357:            21            672  sun.security.x509.URIName
 358:            27            648  java.util.Collections$UnmodifiableRandomAccessList
 359:            27            648  org.apache.solr.schema.IndexSchema$DynamicReplacement$DynamicPattern$NameEndsWith
 360:             8            640  com.google.common.cache.LocalCache$Segment
 361:            20            640  java.util.RegularEnumSet
 362:            16            640  org.apache.solr.request.SolrRequestInfo
 363:            20            640  org.apache.solr.servlet.SolrRequestParsers$HttpRequestContentStream
 364:            18            632  [Ljava.security.ProtectionDomain;
 365:             3            624  [Ljava.lang.invoke.LambdaForm;
 366:            26            624  java.security.spec.ECFieldF2m
 367:            39            624  java.util.regex.Pattern$CharPropertyNames$1
 368:            26            624  org.apache.lucene.codecs.memory.MemoryPostingsFormat$1
 369:            26            624  org.apache.lucene.codecs.perfield.PerFieldPostingsFormat$FieldsReader
 370:            26            624  org.apache.lucene.index.ExitableDirectoryReader$ExitableFields
 371:            26            624  org.apache.lucene.index.ExitableDirectoryReader$ExitableTerms
 372:            26            624  org.apache.lucene.index.ReaderSlice
 373:             6            624  org.opensextant.solrtexttagger.TaggerRequestHandler$1
 374:            19            608  java.util.Locale
 375:            19            608  sun.util.locale.BaseLocale
 376:            15            600  org.apache.lucene.analysis.en.EnglishPossessiveFilter
 377:            37            592  sun.security.x509.GeneralName
 378:            18            576  java.net.Socket
 379:            12            576  java.nio.HeapByteBuffer
 380:             9            576  java.text.DecimalFormatSymbols
 381:            24            576  java.util.regex.Pattern$Start
 382:            24            576  org.apache.lucene.util.IntsRef
 383:            18            576  org.eclipse.jetty.http.PathMap$Entry
 384:             8            576  sun.reflect.DelegatingClassLoader
 385:            18            576  sun.security.x509.DistributionPoint
 386:             6            576  sun.util.calendar.Gregorian$Date
 387:            14            560  org.apache.lucene.util.PagedBytes$Reader
 388:            10            560  sun.invoke.util.Wrapper
 389:            10            560  sun.util.calendar.ZoneInfo
 390:            17            544  com.sun.org.apache.xerces.internal.impl.dtd.XMLElementDecl
 391:            17            544  java.util.regex.Pattern$Branch
 392:            17            544  sun.security.x509.CRLDistributionPointsExtension
 393:             1            528  [Ljava.lang.Character;
 394:             1            528  [Ljava.util.TimerTask;
 395:            22            528  java.lang.StringBuilder
 396:            22            528  java.util.regex.Pattern$1
 397:            22            528  java.util.regex.Pattern$Slice
 398:            33            528  sun.security.x509.GeneralNames
 399:            13            520  java.util.IdentityHashMap
 400:            13            520  org.apache.lucene.analysis.snowball.SnowballPorterFilterFactory
 401:            13            520  org.apache.solr.search.SolrReturnFields
 402:            32            512  java.net.InetSocketAddress
 403:            16            512  org.apache.lucene.search.TermQuery
 404:            32            512  org.apache.solr.common.params.MapSolrParams
 405:            16            512  org.eclipse.jetty.util.Utf8StringBuilder
 406:            21            504  org.eclipse.jetty.webapp.ClasspathPattern$Entry
 407:            21            504  sun.security.x509.AVAKeyword
 408:            31            496  java.lang.Float
 409:            31            496  java.util.concurrent.locks.ReentrantReadWriteLock$ReadLock
 410:            31            496  java.util.concurrent.locks.ReentrantReadWriteLock$Sync$ThreadLocalHoldCounter
 411:            31            496  java.util.concurrent.locks.ReentrantReadWriteLock$WriteLock
 412:             4            480  [Lorg.apache.lucene.index.MultiDocsEnum$EnumWithSlice;
 413:             4            480  com.ctc.wstx.api.ReaderConfig
 414:            15            480  java.lang.StringCoding$StringEncoder
 415:            15            480  java.lang.invoke.DirectMethodHandle
 416:            30            480  java.util.concurrent.atomic.AtomicReference
 417:            20            480  java.util.regex.Pattern$Single
 418:            20            480  org.apache.solr.common.params.DefaultSolrParams
 419:            15            480  org.eclipse.jetty.server.CookieCutter
 420:            10            480  sun.util.locale.provider.LocaleResources$ResourceReference
 421:            17            464  [Ljava.util.regex.Pattern$Node;
 422:            16            456  [Ljava.io.ObjectStreamField;
 423:             4            456  [Ljava.lang.ClassValue$Entry;
 424:            19            456  java.util.Locale$LocaleKey
 425:            14            448  com.sun.org.apache.xml.internal.dtm.ref.ExtendedType
 426:            14            448  org.apache.lucene.uninverting.FieldCacheImpl$SortedDocValuesImpl
 427:            14            448  org.apache.lucene.util.packed.BulkOperationPackedSingleBlock
 428:            11            440  com.sun.org.apache.xerces.internal.dom.DeferredAttrImpl
 429:             1            432  [[[C
 430:            18            432  com.google.common.collect.RegularImmutableMap$TerminalEntry
 431:            18            432  java.text.DateFormat$Field
 432:             6            432  java.util.concurrent.ThreadPoolExecutor
 433:            18            432  java.util.concurrent.locks.AbstractQueuedSynchronizer$ConditionObject
 434:             6            432  org.apache.log4j.spi.LoggingEvent
 435:            18            432  org.apache.solr.core.SolrConfig$SolrPluginInfo
 436:             2            416  [Lorg.apache.lucene.util.packed.BulkOperation;
 437:            26            416  org.apache.lucene.index.SegmentDocValues
 438:            17            408  [Lorg.apache.lucene.util.AttributeSource$State;
 439:            17            408  org.apache.lucene.analysis.Analyzer$TokenStreamComponents
 440:            17            408  org.apache.lucene.index.Term
 441:             2            400  com.sun.org.apache.xerces.internal.dom.DeferredDocumentImpl
 442:             2            400  com.sun.org.apache.xerces.internal.impl.XMLDTDScannerImpl
 443:            25            400  java.util.Collections$UnmodifiableSet
 444:             1            392  org.apache.solr.core.CloserThread
 445:             1            392  org.eclipse.jetty.server.ShutdownMonitor
 446:             2            384  com.sun.org.apache.xerces.internal.parsers.XIncludeAwareParserConfiguration
 447:             1            384  java.lang.ref.Finalizer$FinalizerThread
 448:             6            384  java.nio.DirectByteBuffer
 449:            12            384  java.security.cert.PolicyQualifierInfo
 450:             6            384  java.text.DateFormatSymbols
 451:            12            384  java.util.Stack
 452:             1            384  java.util.TimerThread
 453:             1            384  java.util.logging.LogManager$Cleaner
 454:             8            384  java.util.logging.LogManager$LoggerWeakRef
 455:             1            384  org.eclipse.jetty.util.thread.ShutdownThread
 456:             8            384  sun.nio.cs.StreamDecoder
 457:             1            376  java.lang.ref.Reference$ReferenceHandler
 458:             7            360  [Ljava.beans.PropertyDescriptor;
 459:             3            360  [Lorg.apache.lucene.index.MultiDocsAndPositionsEnum$EnumWithSlice;
 460:             9            360  java.text.DigitList
 461:            15            360  org.apache.lucene.search.BooleanClause
 462:            15            360  org.eclipse.jetty.server.HttpInput
 463:            15            360  sun.misc.MetaIndex
 464:             2            352  com.sun.org.apache.xerces.internal.impl.dtd.XMLNSDTDValidator
 465:            22            352  com.sun.org.apache.xerces.internal.util.AugmentationsImpl
 466:             7            336  java.beans.BeanDescriptor
 467:             6            336  java.nio.DirectLongBufferU
 468:            14            336  java.util.concurrent.ConcurrentLinkedQueue
 469:            14            336  java.util.regex.Pattern$BitClass
 470:            14            336  org.apache.lucene.index.BitsSlice
 471:            14            336  org.apache.lucene.uninverting.FieldCacheImpl$CacheKey
 472:             6            336  org.apache.lucene.util.BytesRefHash
 473:            21            336  org.apache.solr.common.params.MultiMapSolrParams
 474:            14            336  org.apache.solr.schema.CopyField
 475:             7            336  sun.misc.URLClassPath
 476:            21            336  sun.security.x509.DNSName
 477:            16            328  [Ljava.lang.management.PlatformComponent;
 478:            10            320  java.lang.OutOfMemoryError
 479:            20            320  java.security.spec.ECFieldFp
 480:            20            320  java.util.LinkedHashMap$LinkedValues
 481:            10            320  java.util.logging.LogManager$LogNode
 482:             4            320  org.apache.solr.schema.TrieDateField
 483:             8            320  sun.nio.cs.UTF_8$Decoder
 484:            10            320  sun.security.x509.CertificatePoliciesExtension
 485:            13            312  org.apache.log4j.Level
 486:            19            304  org.eclipse.jetty.util.AttributesMap
 487:             6            296  [Lcom.google.common.collect.RegularImmutableMap$LinkedEntry;
 488:             4            296  [Lsun.invoke.util.Wrapper;
 489:             1            296  org.eclipse.jetty.webapp.WebAppContext
 490:             7            288  [[S
 491:            12            288  java.lang.invoke.SimpleMethodHandle
 492:             9            288  java.util.logging.Level
 493:            18            288  java.util.regex.Pattern$CharPropertyNames$4
 494:             9            288  jdk.internal.org.objectweb.asm.Type
 495:             4            288  org.apache.solr.handler.UpdateRequestHandler
 496:             4            288  org.apache.solr.handler.component.SearchHandler
 497:             9            288  org.apache.solr.util.stats.TimerContext
 498:             9            288  sun.security.jca.ProviderConfig
 499:             9            288  sun.security.x509.NetscapeCertTypeExtension
 500:             7            280  com.sun.org.apache.xalan.internal.utils.XMLSecurityManager$Limit
 501:             7            280  com.sun.org.apache.xerces.internal.utils.XMLSecurityManager$Limit
 502:             7            280  java.beans.GenericBeanInfo
 503:             5            280  org.apache.lucene.analysis.synonym.SynonymFilterFactory
 504:             7            280  org.opensextant.solrtexttagger.ValueSourceAccessor
 505:             1            272  [Lcom.ctc.wstx.util.SymbolTable$Bucket;
 506:            17            272  [Ljavax.servlet.http.Cookie;
 507:             2            272  com.sun.org.apache.xerces.internal.dom.DocumentImpl
 508:             1            272  com.sun.org.apache.xerces.internal.impl.dtd.DTDGrammar
 509:            17            272  java.util.regex.Pattern$BranchConn
 510:             3            264  java.util.jar.JarVerifier
 511:            11            264  org.apache.lucene.uninverting.UninvertingReader$Type
 512:            11            264  org.apache.lucene.util.packed.Direct16
 513:            11            264  sun.security.x509.Extension
 514:             3            256  [Lorg.apache.lucene.index.ReaderSlice;
 515:             2            256  com.google.common.cache.LocalCache
 516:             2            256  com.sun.org.apache.xerces.internal.impl.XMLEntityManager
 517:             4            256  java.text.SimpleDateFormat
 518:             8            256  org.apache.lucene.index.DocumentsWriterPerThreadPool$ThreadState
 519:            16            256  org.eclipse.jetty.server.AbstractHttpConnection$RequestHandler
 520:            16            256  sun.reflect.DelegatingMethodAccessorImpl
 521:             8            256  sun.security.x509.ExtendedKeyUsageExtension
 522:             8            248  [Ljava.lang.Boolean;
 523:             2            240  [Lorg.apache.lucene.index.IndexReaderContext;
 524:             2            240  [Lorg.apache.lucene.index.LeafReader;
 525:             2            240  com.sun.org.apache.xerces.internal.jaxp.SAXParserImpl$JAXPSAXParser
 526:            10            240  com.sun.xml.internal.stream.Entity$InternalEntity
 527:            10            240  java.lang.StringBuffer
 528:            10            240  java.nio.file.StandardOpenOption
 529:            10            240  java.security.CryptoPrimitive
 530:            10            240  java.util.Arrays$ArrayList
 531:             5            240  org.apache.lucene.analysis.miscellaneous.KeywordMarkerFilterFactory
 532:             6            240  org.apache.lucene.util.ByteBlockPool
 533:             5            240  org.apache.solr.parser.Token
 534:             3            240  org.apache.solr.schema.TrieDoubleField
 535:             3            240  org.apache.solr.schema.TrieLongField
 536:             3            240  org.apache.solr.search.LRUCache
 537:             3            240  org.eclipse.jetty.http.PathMap
 538:            15            240  org.opensextant.solrtexttagger.TaggingAttributeImpl
 539:            10            240  sun.reflect.NativeMethodAccessorImpl
 540:            10            240  sun.security.x509.PolicyInformation
 541:             3            224  [Ljava.lang.StackTraceElement;
 542:             7            224  java.io.FileInputStream
 543:             7            224  java.lang.ClassValue$Entry
 544:             7            224  org.apache.solr.core.RequestHandlers$LazyRequestHandlerWrapper
 545:            14            224  sun.security.x509.CertificatePolicyId
 546:             9            216  java.util.logging.Level$KnownLevel
 547:             3            216  java.util.logging.Logger
 548:             9            216  org.apache.lucene.util.FixedBitSet
 549:             9            216  org.apache.lucene.util.packed.Packed8ThreeBlocks
 550:             9            216  org.eclipse.jetty.servlet.ServletMapping
 551:             9            216  sun.util.logging.PlatformLogger$Level
 552:             1            208  org.apache.solr.update.SolrIndexWriter
 553:             2            208  sun.net.www.protocol.file.FileURLConnection
 554:             3            200  [Ljava.lang.Thread;
 555:             2            200  [Ljava.text.DateFormat$Field;
 556:             5            200  com.sun.org.apache.xerces.internal.impl.dtd.XMLEntityDecl
 557:             5            200  java.lang.ClassLoader$NativeLibrary
 558:             1            200  org.apache.solr.core.SolrCore
 559:             5            200  org.apache.solr.search.CacheConfig
 560:            12            192  com.sun.org.apache.xerces.internal.dom.DeferredDocumentImpl$RefCount
 561:             2            192  com.sun.org.apache.xerces.internal.impl.dtd.XMLDTDProcessor
 562:             6            192  com.sun.org.apache.xerces.internal.util.XMLResourceIdentifierImpl
 563:             8            192  java.io.InputStreamReader
 564:             3            192  java.lang.ClassValue$ClassValueMap
 565:             6            192  java.lang.invoke.LambdaForm$BasicType
 566:             8            192  java.lang.invoke.MethodHandleImpl$Intrinsic
 567:             8            192  java.math.RoundingMode
 568:             2            192  org.apache.http.impl.client.SystemDefaultHttpClient
 569:             3            192  org.apache.lucene.index.MultiTermsEnum
 570:             4            192  org.apache.solr.common.util.JavaBinCodec
 571:             3            192  org.apache.solr.schema.StrField
 572:             3            192  org.apache.solr.search.LRUCache$1
 573:             8            192  org.eclipse.jetty.deploy.graph.Edge
 574:             8            192  org.eclipse.jetty.servlet.ServletHolder$Config
 575:             4            192  sun.nio.cs.StreamEncoder
 576:             3            192  sun.security.provider.NativePRNG$RandomIO
 577:             2            192  sun.security.provider.Sun
 578:             6            192  sun.security.util.MemoryCache
 579:             1            184  org.eclipse.jetty.server.bio.SocketConnector
 580:             1            184  org.eclipse.jetty.server.session.HashSessionManager
 581:             2            176  java.net.FactoryURLClassLoader
 582:            11            176  java.text.NumberFormat$Field
 583:            11            176  java.util.LinkedHashMap$LinkedEntrySet
 584:             8            168  [Ljava.security.CodeSigner;
 585:             1            168  [[Ljava.math.BigInteger;
 586:             7            168  com.sun.management.VMOption$Origin
 587:             7            168  com.sun.org.apache.xerces.internal.util.FeatureState
 588:             7            168  org.apache.commons.logging.impl.SLF4JLocationAwareLog
 589:             3            168  org.apache.lucene.index.SegmentInfos
 590:             7            168  org.apache.solr.util.DefaultSolrThreadFactory
 591:             7            168  org.eclipse.jetty.webapp.Origin
 592:             7            168  org.eclipse.jetty.xml.XmlParser$Attribute
 593:             7            168  sun.reflect.generics.tree.SimpleClassTypeSignature
 594:             7            168  sun.security.x509.NetscapeCertTypeExtension$MapEntry
 595:             5            160  [Ljava.lang.invoke.LambdaForm$BasicType;
 596:             2            160  [Ljava.util.concurrent.RunnableScheduledFuture;
 597:             5            160  com.google.common.collect.RegularImmutableList
 598:             4            160  com.sun.org.apache.xerces.internal.dom.DeferredCDATASectionImpl
 599:             5            160  com.sun.org.apache.xpath.internal.objects.XNumber
 600:             5            160  java.io.FileOutputStream
 601:             5            160  java.security.AlgorithmParameters
 602:            10            160  java.util.Formatter$Flags
 603:             2            160  java.util.concurrent.ScheduledThreadPoolExecutor
 604:             4            160  org.apache.lucene.analysis.util.ElisionFilterFactory
 605:             5            160  org.apache.lucene.search.BooleanQuery
 606:             5            160  org.apache.solr.common.util.FastOutputStream
 607:             2            160  org.apache.solr.schema.TrieFloatField
 608:             2            160  org.apache.solr.schema.TrieIntField
 609:             5            160  org.apache.solr.search.SolrCacheBase$AutoWarmCountRef
 610:             4            160  org.apache.solr.util.ConcurrentLRUCache$Stats
 611:             4            160  org.apache.solr.util.DistanceUnits
 612:             4            160  sun.security.ec.ECPublicKeyImpl
 613:             5            160  sun.util.locale.provider.LocaleProviderAdapter$Type
 614:             1            152  org.apache.solr.core.SolrConfig
 615:             1            152  org.apache.solr.search.SolrIndexSearcher
 616:             4            144  [Lcom.sun.org.apache.xerces.internal.util.XMLAttributesImpl$Attribute;
 617:             3            144  [Ljava.util.Map;
 618:             1            144  [Ljava.util.Queue;
 619:             1            144  [Ljava.util.concurrent.ConcurrentMap;
 620:             1            144  [Lorg.apache.solr.core.ConfigSolr$CfgProp;
 621:             6            144  [Lorg.opensextant.solrtexttagger.TagLL;
 622:             3            144  com.spatial4j.core.shape.impl.RectangleImpl
 623:             6            144  com.sun.org.apache.xerces.internal.util.Status
 624:             6            144  com.sun.org.apache.xml.internal.utils.NSInfo
 625:             2            144  java.lang.reflect.Field
 626:             6            144  java.util.Collections$SynchronizedRandomAccessList
 627:             3            144  java.util.concurrent.LinkedBlockingQueue
 628:             6            144  java.util.regex.Pattern$CharPropertyNames$2
 629:             2            144  org.apache.http.impl.conn.HttpConnPool
 630:             3            144  org.apache.lucene.analysis.miscellaneous.WordDelimiterFilterFactory
 631:             3            144  org.apache.lucene.analysis.synonym.SynonymFilter$PendingOutputs
 632:             6            144  org.apache.lucene.analysis.synonym.SynonymMap
 633:             6            144  org.apache.lucene.index.DocValuesType
 634:             6            144  org.apache.lucene.util.BytesRefHash$DirectBytesStartArray
 635:             6            144  org.apache.lucene.util.Counter$SerialCounter
 636:             2            144  org.apache.solr.handler.admin.SystemInfoHandler
 637:             1            144  org.apache.solr.search.SolrQueryParser
 638:             1            144  org.apache.solr.update.UpdateLog
 639:             1            144  org.eclipse.jetty.servlet.ServletHandler
 640:             6            144  org.eclipse.jetty.util.component.AggregateLifeCycle$Bean
 641:             3            144  org.opensextant.solrtexttagger.TagLL
 642:             6            144  sun.misc.PerfCounter
 643:             6            144  sun.security.ssl.ProtocolVersion
 644:             6            144  sun.security.util.DisabledAlgorithmConstraints$KeySizeConstraint$Operator
 645:             3            136  [Lcom.sun.org.apache.xerces.internal.utils.XMLSecurityManager$State;
 646:             2            136  [Lorg.apache.lucene.index.Fields;
 647:             2            136  [Lorg.apache.lucene.index.MultiTermsEnum$TermsEnumIndex;
 648:             2            136  [Lorg.apache.lucene.index.Terms;
 649:             1            136  [Lorg.apache.solr.schema.IndexSchema$DynamicField;
 650:             1            136  org.apache.lucene.index.DocumentsWriterFlushControl
 651:             4            128  [Lcom.sun.org.apache.xerces.internal.impl.XMLEntityManager$CharacterBuffer;
 652:             4            128  com.ctc.wstx.stax.WstxInputFactory
 653:             4            128  com.sun.org.apache.xerces.internal.jaxp.SAXParserFactoryImpl
 654:             2            128  java.io.ExpiringCache$1
 655:             2            128  java.security.SecureRandom
 656:             8            128  java.util.concurrent.atomic.AtomicReferenceArray
 657:             8            128  java.util.regex.Pattern$CharPropertyNames$3
 658:             4            128  org.apache.http.conn.scheme.Scheme
 659:             4            128  org.apache.log4j.helpers.PatternParser$LiteralPatternConverter
 660:             4            128  org.apache.lucene.store.IOContext
 661:             2            128  org.apache.solr.handler.admin.LoggingHandler
 662:             2            128  org.apache.solr.handler.admin.PropertiesRequestHandler
 663:             2            128  org.apache.solr.handler.admin.ThreadDumpHandler
 664:             4            128  org.apache.solr.response.BinaryResponseWriter$Resolver
 665:             1            128  org.eclipse.jetty.util.BlockingArrayQueue
 666:             2            128  sun.nio.ch.FileChannelImpl
 667:             4            128  sun.nio.fs.UnixPath
 668:             3            120  [Ljava.lang.invoke.BoundMethodHandle$SpeciesData;
 669:             4            120  [Ljava.lang.invoke.LambdaForm$NamedFunction;
 670:             1            120  [Lorg.apache.lucene.index.DocsEnum;
 671:             1            120  [Lorg.apache.lucene.index.SegmentReader;
 672:             1            120  [Lorg.apache.lucene.util.Bits;
 673:             3            120  com.google.common.collect.RegularImmutableMap
 674:             5            120  com.sun.org.apache.xalan.internal.utils.FeaturePropertyBase$State
 675:             5            120  com.sun.org.apache.xalan.internal.utils.XMLSecurityManager$State
 676:             3            120  com.sun.org.apache.xerces.internal.impl.dtd.XMLDTDDescription
 677:             5            120  com.sun.org.apache.xerces.internal.util.PropertyState
 678:             3            120  com.sun.org.apache.xerces.internal.utils.XMLLimitAnalyzer
 679:             5            120  com.sun.org.apache.xerces.internal.utils.XMLSecurityManager$State
 680:             5            120  com.sun.org.apache.xerces.internal.utils.XMLSecurityPropertyManager$State
 681:             5            120  java.util.regex.Pattern$Category
 682:             3            120  javax.net.ssl.SSLParameters
 683:             5            120  javax.servlet.DispatcherType
 684:             5            120  javax.xml.namespace.QName
 685:             5            120  org.apache.lucene.analysis.core.KeywordTokenizerFactory
 686:             5            120  org.apache.lucene.analysis.core.WhitespaceTokenizerFactory
 687:             1            120  org.apache.lucene.analysis.synonym.SynonymFilter
 688:             5            120  org.apache.lucene.index.IndexOptions
 689:             1            120  org.apache.solr.handler.ReplicationHandler
 690:             5            120  org.apache.solr.schema.TrieField$TrieTypes
 691:             5            120  sun.misc.FloatingDecimal$PreparedASCIIToBinaryBuffer
 692:             5            120  sun.security.jca.ServiceId
 693:             5            120  sun.security.provider.certpath.X509CertPath
 694:             2            112  [Ljava.nio.file.StandardOpenOption;
 695:             2            112  [Ljava.security.CryptoPrimitive;
 696:             7            112  [Lsun.reflect.generics.tree.TypeArgument;
 697:             2            112  com.sun.org.apache.xerces.internal.impl.XMLEntityScanner
 698:             2            112  com.sun.org.apache.xerces.internal.jaxp.SAXParserImpl
 699:             7            112  java.util.TreeMap$KeySet
 700:             7            112  org.apache.lucene.codecs.lucene40.Lucene40CompoundFormat
 701:             7            112  org.apache.lucene.codecs.lucene40.Lucene40LiveDocsFormat
 702:             1            112  org.apache.solr.schema.IndexSchema
 703:             7            112  org.apache.solr.schema.StrFieldSource
 704:             2            112  org.apache.solr.search.FastLRUCache
 705:             2            112  org.apache.solr.update.CommitTracker
 706:             1            112  org.apache.solr.update.DirectUpdateHandler2
 707:             2            112  org.apache.solr.util.ConcurrentLRUCache
 708:             7            112  org.eclipse.jetty.deploy.graph.Node
 709:             2            112  org.eclipse.jetty.io.PooledBuffers
 710:             1            112  org.eclipse.jetty.security.ConstraintSecurityHandler
 711:             7            112  sun.reflect.generics.tree.ClassTypeSignature
 712:             1            104  org.apache.lucene.index.IndexWriterConfig
 713:             1            104  org.apache.solr.schema.BBoxField
 714:             1            104  org.apache.solr.schema.SpatialRecursivePrefixTreeFieldType
 715:             1            104  org.eclipse.jetty.util.thread.QueuedThreadPool
 716:             1            104  org.eclipse.jetty.webapp.WebAppClassLoader
 717:             2             96  [Lcom.google.common.cache.LocalCache$EntryFactory;
 718:             1             96  [Ljava.lang.invoke.MethodType;
 719:             2             96  [Lorg.apache.lucene.index.DocumentsWriterPerThreadPool$ThreadState;
 720:             3             96  com.spatial4j.core.context.SpatialContext
 721:             1             96  com.sun.net.ssl.internal.ssl.Provider
 722:             3             96  com.sun.org.apache.xalan.internal.utils.XMLSecurityManager$NameMap
 723:             3             96  com.sun.org.apache.xerces.internal.dom.NodeListCache
 724:             2             96  com.sun.org.apache.xerces.internal.impl.XMLDocumentFragmentScannerImpl$ElementStack
 725:             2             96  com.sun.org.apache.xerces.internal.util.XMLAttributesIteratorImpl
 726:             3             96  com.sun.org.apache.xerces.internal.utils.XMLSecurityManager$NameMap
 727:             4             96  java.io.OutputStreamWriter
 728:             4             96  java.lang.RuntimePermission
 729:             2             96  java.lang.ThreadGroup
 730:             4             96  java.text.EntryPair
 731:             4             96  java.text.Normalizer$Form
 732:             6             96  java.util.TreeSet
 733:             3             96  java.util.concurrent.SynchronousQueue
 734:             3             96  java.util.concurrent.atomic.AtomicReferenceFieldUpdater$AtomicReferenceFieldUpdaterImpl
 735:             3             96  java.util.concurrent.locks.AbstractQueuedSynchronizer$Node
 736:             3             96  java.util.concurrent.locks.ReentrantLock$FairSync
 737:             6             96  java.util.regex.Pattern$Dot
 738:             1             96  org.apache.http.impl.client.DefaultHttpClient
 739:             4             96  org.apache.lucene.analysis.en.EnglishPossessiveFilterFactory
 740:             4             96  org.apache.lucene.analysis.en.PorterStemFilterFactory
 741:             3             96  org.apache.lucene.analysis.synonym.SynonymFilter$PendingInput
 742:             6             96  org.apache.lucene.codecs.lucene41.Lucene41StoredFieldsFormat
 743:             4             96  org.apache.lucene.store.IOContext$Context
 744:             6             96  org.apache.lucene.util.ByteBlockPool$DirectAllocator
 745:             4             96  org.apache.lucene.util.RamUsageEstimator$JvmFeature
 746:             4             96  org.apache.lucene.util.packed.Direct32
 747:             4             96  org.apache.lucene.util.packed.Packed64SingleBlock$Packed64SingleBlock1
 748:             1             96  org.apache.solr.core.CoreContainer
 749:             4             96  org.apache.solr.core.SolrConfig$PluginOpts
 750:             2             96  org.apache.solr.core.SolrResourceLoader
 751:             2             96  org.apache.solr.handler.component.QueryElevationComponent$ElevationObj
 752:             4             96  org.apache.solr.handler.loader.XMLLoader
 753:             4             96  org.apache.solr.schema.IndexSchema$DynamicReplacement$DynamicPattern$NameEquals
 754:             1             96  org.apache.solr.schema.PointType
 755:             3             96  org.apache.solr.search.LRUCache$CumulativeStats
 756:             4             96  org.apache.solr.search.SolrCache$State
 757:             4             96  org.apache.solr.servlet.cache.Method
 758:             4             96  org.apache.solr.update.UpdateLog$State
 759:             1             96  org.eclipse.jetty.server.Server
 760:             4             96  org.eclipse.jetty.servlet.Holder$Source
 761:             1             96  org.eclipse.jetty.util.Scanner
 762:             3             96  org.eclipse.jetty.util.statistic.SampleStatistic
 763:             4             96  org.noggit.CharArr
 764:             1             96  sun.misc.Launcher$AppClassLoader
 765:             1             96  sun.net.www.protocol.jar.URLJarFile$URLJarFileEntry
 766:             1             96  sun.security.ec.SunEC
 767:             1             96  sun.security.jca.ProviderList$1
 768:             1             96  sun.security.rsa.SunRsaSign
 769:             3             96  sun.security.x509.SubjectAlternativeNameExtension
 770:             2             96  sun.text.normalizer.CharTrie
 771:             2             88  [Lcom.sun.org.apache.xalan.internal.utils.XMLSecurityManager$State;
 772:             3             88  [Lcom.sun.org.apache.xerces.internal.utils.XMLSecurityPropertyManager$State;
 773:             1             88  [Lsun.security.util.ObjectIdentifier;
 774:             1             88  [[Ljava.lang.Byte;
 775:             1             88  org.apache.log4j.RollingFileAppender
 776:             1             88  org.apache.solr.schema.CurrencyField
 777:             1             88  org.apache.solr.schema.LatLonType
 778:             1             88  org.eclipse.jetty.http.HttpBuffersImpl
 779:             1             88  org.eclipse.jetty.io.BufferDateCache
 780:             1             88  org.eclipse.jetty.servlet.FilterHolder
 781:             1             88  org.eclipse.jetty.start.Classpath$Loader
 782:             1             88  sun.misc.Launcher$ExtClassLoader
 783:             1             80  [[Z
 784:             2             80  com.ctc.wstx.util.SymbolTable
 785:             2             80  com.google.common.collect.SingletonImmutableBiMap
 786:             2             80  com.sun.org.apache.xerces.internal.impl.XMLDocumentFragmentScannerImpl$ElementStack2
 787:             2             80  com.sun.org.apache.xerces.internal.impl.XMLEntityManager$CharacterBufferPool
 788:             2             80  com.sun.org.apache.xerces.internal.impl.XMLErrorReporter
 789:             2             80  com.sun.org.apache.xerces.internal.impl.XMLVersionDetector
 790:             2             80  com.sun.org.apache.xerces.internal.impl.validation.ValidationState
 791:             2             80  com.sun.org.apache.xerces.internal.util.XMLAttributesImpl
 792:             2             80  com.sun.org.apache.xerces.internal.utils.XMLSecurityManager
 793:             2             80  com.sun.xml.internal.stream.XMLEntityStorage
 794:             2             80  java.io.BufferedWriter
 795:             2             80  java.io.ExpiringCache
 796:             2             80  java.io.PrintWriter
 797:             2             80  java.lang.invoke.BoundMethodHandle$SpeciesData
 798:             2             80  java.lang.invoke.DirectMethodHandle$Constructor
 799:             2             80  java.util.Locale$Category
 800:             2             80  java.util.PropertyResourceBundle
 801:             2             80  java.util.regex.Pattern$Loop
 802:             2             80  org.apache.log4j.helpers.CountingQuietWriter
 803:             2             80  org.apache.lucene.analysis.path.PathHierarchyTokenizerFactory
 804:             5             80  org.apache.lucene.codecs.lucene42.Lucene42TermVectorsFormat
 805:             2             80  org.apache.lucene.index.CompositeReaderContext
 806:             1             80  org.apache.lucene.index.TieredMergePolicy
 807:             2             80  org.apache.lucene.store.NRTCachingDirectory
 808:             2             80  org.apache.solr.core.CachingDirectoryFactory$CacheValue
 809:             1             80  org.apache.solr.core.JmxMonitoredMap
 810:             1             80  org.apache.solr.handler.admin.InfoHandler
 811:             1             80  org.apache.solr.update.TransactionLog
 812:             1             80  org.eclipse.jetty.deploy.DeploymentManager
 813:             1             80  org.eclipse.jetty.deploy.providers.ContextProvider
 814:             1             80  org.eclipse.jetty.servlet.ErrorPageErrorHandler
 815:             2             80  org.eclipse.jetty.xml.XmlParser
 816:             2             80  sun.misc.FloatingDecimal$BinaryToASCIIBuffer
 817:             1             72  [Lcom.sun.org.apache.xml.internal.dtm.ref.ExtendedType;
 818:             3             72  [Lorg.apache.lucene.util.CharsRefBuilder;
 819:             2             72  [Lsun.security.jca.ProviderConfig;
 820:             3             72  com.sun.org.apache.xerces.internal.impl.dtd.XMLAttributeDecl
 821:             3             72  java.lang.ClassValue$Version
 822:             3             72  java.security.CodeSigner
 823:             3             72  java.util.Base64$Encoder
 824:             1             72  java.util.ResourceBundle$RBClassLoader
 825:             3             72  java.util.concurrent.LinkedBlockingQueue$Node
 826:             3             72  java.util.concurrent.locks.ReentrantReadWriteLock$Sync$HoldCounter
 827:             1             72  java.util.logging.LogManager$RootLogger
 828:             3             72  java.util.regex.Pattern$CharProperty$1
 829:             3             72  javax.servlet.SessionTrackingMode
 830:             3             72  org.apache.http.HttpVersion
 831:             3             72  org.apache.lucene.analysis.DelegatingAnalyzerWrapper$DelegatingReuseStrategy
 832:             3             72  org.apache.lucene.analysis.ja.JapaneseTokenizer$Mode
 833:             3             72  org.apache.lucene.analysis.util.AnalysisSPILoader
 834:             3             72  org.apache.lucene.index.IndexWriterConfig$OpenMode
 835:             3             72  org.apache.lucene.index.MultiTermsEnum$TermMergeQueue
 836:             1             72  org.apache.lucene.index.StandardDirectoryReader
 837:             3             72  org.apache.lucene.index.StoredFieldVisitor$Status
 838:             3             72  org.apache.lucene.index.TermsEnum$SeekStatus
 839:             3             72  org.apache.lucene.util.NamedSPILoader
 840:             3             72  org.apache.lucene.util.fst.FST$INPUT_TYPE
 841:             3             72  org.apache.solr.common.params.CommonParams$EchoParamStyle
 842:             3             72  org.apache.solr.core.SolrConfig$HttpCachingConfig$LastModFrom
 843:             1             72  org.apache.solr.handler.PingRequestHandler
 844:             1             72  org.apache.solr.handler.RealTimeGetHandler
 845:             1             72  org.apache.solr.handler.admin.CoreAdminHandler
 846:             1             72  org.apache.solr.handler.component.HttpShardHandlerFactory
 847:             3             72  org.apache.solr.rest.ManagedResourceStorage$JsonStorage
 848:             3             72  org.apache.solr.schema.IndexSchema$DynamicReplacement$DynamicPattern$NameStartsWith
 849:             1             72  org.apache.solr.schema.TrieDateField$ISO8601CanonicalDateFormat
 850:             1             72  org.apache.solr.update.SolrIndexConfig
 851:             3             72  org.apache.solr.update.UpdateLog$SyncLevel
 852:             3             72  org.eclipse.jetty.io.BufferCache
 853:             3             72  org.eclipse.jetty.io.Buffers$Type
 854:             3             72  org.eclipse.jetty.security.UserDataConstraint
 855:             1             72  org.eclipse.jetty.server.handler.ContextHandlerCollection
 856:             1             72  org.eclipse.jetty.server.handler.DefaultHandler
 857:             1             72  org.eclipse.jetty.server.session.HashSessionIdManager
 858:             1             72  org.eclipse.jetty.server.session.SessionHandler
 859:             1             72  org.eclipse.jetty.servlet.DefaultServlet
 860:             3             72  org.eclipse.jetty.util.Scanner$Notification
 861:             1             72  org.eclipse.jetty.util.resource.JarFileResource
 862:             1             72  org.eclipse.jetty.webapp.MetaData
 863:             3             72  org.eclipse.jetty.webapp.MetaDataComplete
 864:             3             72  sun.misc.FloatingDecimal$ExceptionalBinaryToASCIIBuffer
 865:             3             72  sun.misc.Signal
 866:             3             72  sun.security.provider.NativePRNG$Variant
 867:             3             72  sun.security.x509.AccessDescription
 868:             1             72  sun.util.locale.provider.JRELocaleProviderAdapter
 869:             2             64  [Lcom.google.common.cache.LocalCache$Segment;
 870:             2             64  [Lcom.sun.org.apache.xalan.internal.utils.FeaturePropertyBase$State;
 871:             2             64  [Ljavax.servlet.SessionTrackingMode;
 872:             2             64  [Lorg.apache.lucene.analysis.ja.JapaneseTokenizer$Mode;
 873:             1             64  [Lorg.apache.lucene.uninverting.UninvertingReader$Type;
 874:             2             64  [Lorg.apache.lucene.util.RamUsageEstimator$JvmFeature;
 875:             2             64  [Lorg.apache.solr.core.SolrConfig$HttpCachingConfig$LastModFrom;
 876:             2             64  [Lorg.apache.solr.core.SolrConfig$PluginOpts;
 877:             2             64  [Lorg.apache.solr.servlet.cache.Method;
 878:             2             64  [[Lcom.sun.org.apache.xerces.internal.xni.QName;
 879:             1             64  com.google.common.cache.CacheStats
 880:             2             64  com.sun.org.apache.xalan.internal.utils.XMLSecurityPropertyManager$Property
 881:             2             64  com.sun.org.apache.xerces.internal.impl.XMLNSDocumentScannerImpl$NSContentDriver
 882:             2             64  com.sun.org.apache.xerces.internal.util.NamespaceSupport
 883:             2             64  com.sun.org.apache.xerces.internal.utils.XMLSecurityPropertyManager$Property
 884:             2             64  com.sun.org.apache.xpath.internal.objects.XBooleanStatic
 885:             2             64  java.io.PrintStream
 886:             2             64  java.lang.VirtualMachineError
 887:             2             64  java.lang.invoke.BoundMethodHandle$Species_L
 888:             2             64  java.lang.ref.ReferenceQueue$Null
 889:             4             64  java.util.LinkedHashMap$LinkedKeySet
 890:             2             64  java.util.concurrent.ScheduledThreadPoolExecutor$DelayedWorkQueue
 891:             4             64  java.util.concurrent.atomic.AtomicBoolean
 892:             2             64  org.apache.http.conn.ssl.SSLSocketFactory
 893:             2             64  org.apache.http.impl.conn.PoolingClientConnectionManager
 894:             2             64  org.apache.log4j.helpers.PatternParser$BasicPatternConverter
 895:             2             64  org.apache.log4j.spi.LocationInfo
 896:             2             64  org.apache.lucene.analysis.ReusableStringReader
 897:             2             64  org.apache.lucene.analysis.miscellaneous.ASCIIFoldingFilterFactory
 898:             4             64  org.apache.lucene.codecs.lucene40.Lucene40SegmentInfoFormat
 899:             1             64  org.apache.lucene.codecs.lucene410.Lucene410Codec
 900:             1             64  org.apache.lucene.codecs.lucene42.Lucene42Codec
 901:             1             64  org.apache.lucene.codecs.lucene45.Lucene45Codec
 902:             1             64  org.apache.lucene.codecs.lucene46.Lucene46Codec
 903:             1             64  org.apache.lucene.codecs.lucene49.Lucene49Codec
 904:             1             64  org.apache.lucene.codecs.lucene50.Lucene50Codec
 905:             2             64  org.apache.lucene.codecs.lucene50.Lucene50TermVectorsFormat
 906:             1             64  org.apache.lucene.index.DocumentsWriter
 907:             1             64  org.apache.lucene.index.ExitableDirectoryReader
 908:             2             64  org.apache.lucene.store.MMapDirectory
 909:             2             64  org.apache.lucene.store.RAMDirectory
 910:             1             64  org.apache.lucene.uninverting.UninvertingReader$UninvertingDirectoryReader
 911:             1             64  org.apache.solr.client.solrj.impl.LBHttpSolrClient
 912:             2             64  org.apache.solr.cloud.ActionThrottle
 913:             2             64  org.apache.solr.core.InitParams
 914:             1             64  org.apache.solr.core.NRTCachingDirectoryFactory
 915:             1             64  org.apache.solr.core.SchemaCodecFactory$1
 916:             1             64  org.apache.solr.handler.DumpRequestHandler
 917:             1             64  org.apache.solr.handler.SchemaHandler
 918:             1             64  org.apache.solr.handler.SolrConfigHandler
 919:             4             64  org.apache.solr.handler.UpdateRequestHandler$1
 920:             1             64  org.apache.solr.handler.admin.CollectionsHandler
 921:             1             64  org.apache.solr.handler.admin.LukeRequestHandler
 922:             1             64  org.apache.solr.handler.admin.PluginInfoHandler
 923:             1             64  org.apache.solr.handler.admin.ShowFileRequestHandler
 924:             1             64  org.apache.solr.handler.admin.SolrInfoMBeanHandler
 925:             4             64  org.apache.solr.handler.loader.CSVLoader
 926:             4             64  org.apache.solr.handler.loader.JavabinLoader
 927:             4             64  org.apache.solr.handler.loader.JsonLoader
 928:             1             64  org.apache.solr.rest.schema.analysis.ManagedSynonymFilterFactory$1
 929:             1             64  org.apache.solr.schema.BinaryField
 930:             1             64  org.apache.solr.schema.BoolField
 931:             2             64  org.apache.solr.schema.IndexSchema$DynamicCopy
 932:             1             64  org.apache.solr.schema.RandomSortField
 933:             2             64  org.apache.solr.servlet.SolrRequestParsers
 934:             1             64  org.apache.solr.update.DefaultSolrCoreState
 935:             1             64  org.apache.solr.update.UpdateLog$1
 936:             1             64  org.eclipse.jetty.server.handler.HandlerCollection
 937:             1             64  org.eclipse.jetty.server.handler.RequestLogHandler
 938:             2             64  org.eclipse.jetty.servlet.ServletHandler$CachedChain
 939:             2             64  org.eclipse.jetty.xml.XmlParser$Handler
 940:             1             64  org.opensextant.solrtexttagger.TaggerRequestHandler
 941:             4             64  sun.net.www.protocol.jar.Handler
 942:             2             64  sun.reflect.generics.repository.ClassRepository
 943:             4             64  sun.security.ec.ECParameters
 944:             2             64  sun.security.ssl.EphemeralKeyManager$EphemeralKeyPair
 945:             1             64  sun.security.ssl.SSLContextImpl$DefaultSSLContext
 946:             2             64  sun.security.ssl.SSLSessionContextImpl
 947:             2             64  sun.security.x509.AuthorityInfoAccessExtension
 948:             2             64  sun.security.x509.PolicyMappingsExtension
 949:             2             64  sun.security.x509.PrivateKeyUsageExtension
 950:             2             64  sun.util.locale.provider.LocaleResources
 951:             2             64  sun.util.locale.provider.LocaleServiceProviderPool
 952:             1             56  [Ljava.lang.Runnable;
 953:             2             56  [Lorg.apache.solr.search.SolrCache;
 954:             2             56  [Lorg.eclipse.jetty.server.Handler;
 955:             1             56  [Lorg.eclipse.jetty.servlet.ServletMapping;
 956:             1             56  [Lsun.util.logging.PlatformLogger$Level;
 957:             1             56  java.util.logging.LogManager
 958:             1             56  org.apache.lucene.codecs.lucene40.Lucene40Codec
 959:             1             56  org.apache.lucene.codecs.lucene41.Lucene41Codec
 960:             1             56  org.apache.lucene.codecs.simpletext.SimpleTextCodec
 961:             1             56  org.apache.lucene.index.BufferedUpdates
 962:             1             56  org.apache.lucene.index.ConcurrentMergeScheduler
 963:             1             56  org.apache.lucene.index.IndexFileDeleter
 964:             1             56  org.apache.lucene.index.SlowCompositeReaderWrapper
 965:             1             56  org.apache.lucene.search.spell.DirectSpellChecker
 966:             1             56  org.apache.lucene.util.packed.PackedReaderIterator
 967:             1             56  org.apache.solr.parser.QueryParserTokenManager
 968:             1             56  org.apache.solr.schema.FieldType$DefaultAnalyzer$1
 969:             1             56  org.apache.solr.search.LuceneQParser
 970:             1             56  org.apache.solr.update.VersionInfo
 971:             1             56  org.eclipse.jetty.server.ResourceCache
 972:             1             56  org.eclipse.jetty.webapp.DefaultsDescriptor
 973:             1             56  org.eclipse.jetty.webapp.WebDescriptor
 974:             1             56  org.tartarus.snowball.ext.FinnishStemmer
 975:             1             56  org.tartarus.snowball.ext.RomanianStemmer
 976:             1             56  sun.security.provider.SHA
 977:             1             48  [Lcom.sun.beans.util.Cache$CacheEntry;
 978:             1             48  [Lcom.sun.management.VMOption$Origin;
 979:             1             48  [Lcom.sun.org.apache.xalan.internal.utils.XMLSecurityManager$Limit;
 980:             1             48  [Lcom.sun.org.apache.xerces.internal.utils.XMLSecurityManager$Limit;
 981:             1             48  [Ljava.beans.WeakIdentityMap$Entry;
 982:             3             48  [Ljava.lang.annotation.Annotation;
 983:             1             48  [Ljava.lang.invoke.MethodHandleImpl$Intrinsic;
 984:             1             48  [Ljava.math.RoundingMode;
 985:             2             48  [Ljava.net.InetAddress;
 986:             1             48  [Ljava.util.concurrent.TimeUnit;
 987:             2             48  [Lorg.apache.lucene.codecs.lucene50.Lucene50StoredFieldsFormat$Mode;
 988:             1             48  [Lorg.eclipse.jetty.servlet.ServletHolder;
 989:             1             48  [Lorg.eclipse.jetty.webapp.Origin;
 990:             2             48  [Lsun.reflect.generics.tree.ClassTypeSignature;
 991:             1             48  [Lsun.security.x509.NetscapeCertTypeExtension$MapEntry;
 992:             3             48  com.ctc.wstx.api.WstxInputProperties$ParsingMode
 993:             2             48  com.ctc.wstx.util.SymbolTable$Bucket
 994:             2             48  com.google.common.collect.RegularImmutableAsList
 995:             2             48  com.google.common.collect.RegularImmutableMap$EntrySet
 996:             2             48  com.google.common.collect.RegularImmutableMap$NonTerminalEntry
 997:             3             48  com.spatial4j.core.distance.GeodesicSphereDistCalc$Haversine
 998:             3             48  com.spatial4j.core.io.BinaryCodec
 999:             3             48  com.spatial4j.core.io.WktShapeParser
1000:             3             48  com.sun.org.apache.xerces.internal.impl.dtd.DTDGrammar$QNameHashtable
1001:             2             48  com.sun.org.apache.xerces.internal.impl.dtd.DTDGrammarBucket
1002:             3             48  com.sun.org.apache.xerces.internal.impl.dv.dtd.ListDatatypeValidator
1003:             2             48  com.sun.org.apache.xerces.internal.impl.msg.XMLMessageFormatter
1004:             2             48  com.sun.org.apache.xerces.internal.impl.validation.ValidationManager
1005:             2             48  com.sun.org.apache.xerces.internal.util.SymbolTable
1006:             2             48  com.sun.org.apache.xerces.internal.utils.XMLSecurityPropertyManager
1007:             2             48  java.io.BufferedOutputStream
1008:             2             48  java.io.File$PathStatus
1009:             3             48  java.lang.ClassValue$Identity
1010:             2             48  java.lang.invoke.MethodHandles$Lookup
1011:             2             48  java.lang.reflect.ReflectPermission
1012:             2             48  java.net.InetAddress
1013:             2             48  java.net.InetAddress$Cache
1014:             2             48  java.net.InetAddress$Cache$Type
1015:             2             48  java.net.InetAddress$CacheEntry
1016:             2             48  java.net.ServerSocket
1017:             1             48  java.nio.HeapCharBuffer
1018:             3             48  java.nio.channels.FileChannel$MapMode
1019:             2             48  java.nio.charset.CoderResult
1020:             3             48  java.nio.charset.CodingErrorAction
1021:             2             48  java.security.Timestamp
1022:             3             48  java.text.AttributedCharacterIterator$Attribute
1023:             1             48  java.text.RuleBasedCollator
1024:             3             48  java.util.Base64$Decoder
1025:             2             48  java.util.BitSet
1026:             3             48  java.util.concurrent.SynchronousQueue$TransferStack
1027:             1             48  java.util.concurrent.ThreadPoolExecutor$Worker
1028:             1             48  java.util.concurrent.locks.ReentrantReadWriteLock$FairSync
1029:             3             48  java.util.jar.JarVerifier$3
1030:             2             48  java.util.logging.Logger$LoggerBundle
1031:             2             48  java.util.regex.Pattern$Dollar
1032:             2             48  java.util.regex.Pattern$Prolog
1033:             3             48  org.apache.http.impl.client.BasicCredentialsProvider
1034:             2             48  org.apache.http.impl.client.DefaultHttpRequestRetryHandler
1035:             2             48  org.apache.http.impl.conn.DefaultClientConnectionOperator
1036:             3             48  org.apache.http.impl.conn.SystemDefaultDnsResolver
1037:             1             48  org.apache.log4j.Hierarchy
1038:             2             48  org.apache.log4j.helpers.OnlyOnceErrorHandler
1039:             1             48  org.apache.log4j.helpers.PatternParser
1040:             2             48  org.apache.lucene.analysis.ar.ArabicNormalizationFilterFactory
1041:             2             48  org.apache.lucene.analysis.cjk.CJKWidthFilterFactory
1042:             1             48  org.apache.lucene.analysis.core.StopFilter
1043:             1             48  org.apache.lucene.analysis.ja.JapaneseTokenizerFactory
1044:             1             48  org.apache.lucene.analysis.util.CharArrayMap$EmptyCharArrayMap
1045:             3             48  org.apache.lucene.codecs.lucene46.Lucene46FieldInfosFormat
1046:             3             48  org.apache.lucene.codecs.lucene46.Lucene46SegmentInfoFormat
1047:             2             48  org.apache.lucene.codecs.lucene50.Lucene50Codec$1
1048:             2             48  org.apache.lucene.codecs.lucene50.Lucene50Codec$2
1049:             2             48  org.apache.lucene.codecs.lucene50.Lucene50StoredFieldsFormat$Mode
1050:             1             48  org.apache.lucene.index.IndexFileDeleter$CommitPoint
1051:             1             48  org.apache.lucene.index.MultiDocsEnum
1052:             2             48  org.apache.lucene.search.spell.WordBreakSpellChecker$BreakSuggestionSortMethod
1053:             1             48  org.apache.lucene.util.packed.BulkOperationPacked1
1054:             1             48  org.apache.lucene.util.packed.BulkOperationPacked10
1055:             1             48  org.apache.lucene.util.packed.BulkOperationPacked11
1056:             1             48  org.apache.lucene.util.packed.BulkOperationPacked12
1057:             1             48  org.apache.lucene.util.packed.BulkOperationPacked13
1058:             1             48  org.apache.lucene.util.packed.BulkOperationPacked14
1059:             1             48  org.apache.lucene.util.packed.BulkOperationPacked15
1060:             1             48  org.apache.lucene.util.packed.BulkOperationPacked16
1061:             1             48  org.apache.lucene.util.packed.BulkOperationPacked17
1062:             1             48  org.apache.lucene.util.packed.BulkOperationPacked18
1063:             1             48  org.apache.lucene.util.packed.BulkOperationPacked19
1064:             1             48  org.apache.lucene.util.packed.BulkOperationPacked2
1065:             1             48  org.apache.lucene.util.packed.BulkOperationPacked20
1066:             1             48  org.apache.lucene.util.packed.BulkOperationPacked21
1067:             1             48  org.apache.lucene.util.packed.BulkOperationPacked22
1068:             1             48  org.apache.lucene.util.packed.BulkOperationPacked23
1069:             1             48  org.apache.lucene.util.packed.BulkOperationPacked24
1070:             1             48  org.apache.lucene.util.packed.BulkOperationPacked3
1071:             1             48  org.apache.lucene.util.packed.BulkOperationPacked4
1072:             1             48  org.apache.lucene.util.packed.BulkOperationPacked5
1073:             1             48  org.apache.lucene.util.packed.BulkOperationPacked6
1074:             1             48  org.apache.lucene.util.packed.BulkOperationPacked7
1075:             1             48  org.apache.lucene.util.packed.BulkOperationPacked8
1076:             1             48  org.apache.lucene.util.packed.BulkOperationPacked9
1077:             1             48  org.apache.solr.analysis.ReversedWildcardFilterFactory
1078:             2             48  org.apache.solr.client.solrj.SolrQuery$ORDER
1079:             2             48  org.apache.solr.client.solrj.impl.HttpClientUtil$1
1080:             3             48  org.apache.solr.common.util.XMLErrorLogger
1081:             2             48  org.apache.solr.core.DirectoryFactory$DirContext
1082:             2             48  org.apache.solr.core.QuerySenderListener
1083:             2             48  org.apache.solr.handler.component.SpellCheckComponent$SpellCheckerListener
1084:             2             48  org.apache.solr.highlight.ScoreOrderFragmentsBuilder
1085:             1             48  org.apache.solr.logging.log4j.EventAppender
1086:             2             48  org.apache.solr.parser.QueryParser$Operator
1087:             2             48  org.apache.solr.rest.RestManager$ManagedResourceRegistration
1088:             3             48  org.apache.solr.rest.schema.analysis.ManagedSynonymFilterFactory$CasePreservedSynonymMappings
1089:             2             48  org.apache.solr.servlet.SolrRequestParsers$StandardRequestParser
1090:             2             48  org.eclipse.jetty.servlet.ServletHolder$Registration
1091:             2             48  org.eclipse.jetty.util.statistic.CounterStatistic
1092:             2             48  org.eclipse.jetty.webapp.ClasspathPattern
1093:             2             48  org.eclipse.jetty.xml.XmlParser$NoopHandler
1094:             1             48  org.opensextant.solrtexttagger.TermPrefixCursor
1095:             1             48  org.tartarus.snowball.ext.ArmenianStemmer
1096:             1             48  org.tartarus.snowball.ext.BasqueStemmer
1097:             1             48  org.tartarus.snowball.ext.CatalanStemmer
1098:             1             48  org.tartarus.snowball.ext.DanishStemmer
1099:             1             48  org.tartarus.snowball.ext.DutchStemmer
1100:             1             48  org.tartarus.snowball.ext.IrishStemmer
1101:             1             48  org.tartarus.snowball.ext.NorwegianStemmer
1102:             1             48  org.tartarus.snowball.ext.RussianStemmer
1103:             1             48  org.tartarus.snowball.ext.SwedishStemmer
1104:             1             48  org.tartarus.snowball.ext.TurkishStemmer
1105:             2             48  sun.misc.NativeSignalHandler
1106:             2             48  sun.net.www.MessageHeader
1107:             3             48  sun.nio.ch.FileDispatcherImpl
1108:             2             48  sun.nio.ch.NativeThreadSet
1109:             2             48  sun.reflect.generics.tree.ClassSignature
1110:             2             48  sun.security.jca.ProviderList
1111:             2             48  sun.security.jca.ProviderList$3
1112:             2             48  sun.security.ssl.SSLAlgorithmConstraints
1113:             2             48  sun.security.x509.CertificatePolicyMap
1114:             3             48  sun.security.x509.RFC822Name
1115:             1             48  sun.text.normalizer.IntTrie
1116:             1             48  sun.text.normalizer.NormalizerBase
1117:             3             48  sun.text.normalizer.NormalizerBase$QuickCheckResult
1118:             1             40  [Lcom.sun.org.apache.xerces.internal.util.Status;
1119:             1             40  [Ljavax.servlet.DispatcherType;
1120:             1             40  [Lorg.apache.lucene.index.DocValuesType;
1121:             1             40  [Lorg.apache.lucene.index.IndexOptions;
1122:             1             40  [Lorg.apache.solr.schema.TrieField$TrieTypes;
1123:             1             40  [Lorg.eclipse.jetty.webapp.Configuration;
1124:             2             40  [Lsun.reflect.generics.tree.FieldTypeSignature;
1125:             2             40  [Lsun.reflect.generics.tree.FormalTypeParameter;
1126:             1             40  [Lsun.security.jca.ServiceId;
1127:             1             40  [Lsun.security.util.DisabledAlgorithmConstraints$KeySizeConstraint$Operator;
1128:             1             40  [Lsun.util.locale.provider.LocaleProviderAdapter$Type;
1129:             1             40  [[Ljava.lang.invoke.LambdaForm$Name;
1130:             1             40  com.sun.beans.finder.MethodFinder$1
1131:             1             40  java.beans.WeakIdentityMap$Entry
1132:             1             40  java.io.BufferedInputStream
1133:             1             40  java.io.StringReader
1134:             1             40  java.lang.invoke.DirectMethodHandle$Accessor
1135:             1             40  java.text.CollationElementIterator
1136:             1             40  java.text.RBCollationTables
1137:             1             40  java.util.ResourceBundle$1
1138:             1             40  java.util.ServiceLoader$LazyIterator
1139:             1             40  org.apache.log4j.helpers.PatternParser$ClassNamePatternConverter
1140:             1             40  org.apache.log4j.helpers.PatternParser$DatePatternConverter
1141:             1             40  org.apache.log4j.spi.RootLogger
1142:             1             40  org.apache.lucene.analysis.core.LowerCaseFilter
1143:             1             40  org.apache.lucene.analysis.ja.JapanesePartOfSpeechStopFilterFactory
1144:             1             40  org.apache.lucene.analysis.miscellaneous.StemmerOverrideFilterFactory
1145:             1             40  org.apache.lucene.analysis.pattern.PatternReplaceFilterFactory
1146:             1             40  org.apache.lucene.analysis.payloads.DelimitedPayloadTokenFilterFactory
1147:             1             40  org.apache.lucene.index.BufferedUpdatesStream
1148:             1             40  org.apache.lucene.index.DocumentsWriterDeleteQueue
1149:             1             40  org.apache.solr.core.Config
1150:             1             40  org.apache.solr.core.CoreDescriptor
1151:             1             40  org.apache.solr.core.SolrConfig$UpdateHandlerInfo
1152:             1             40  org.apache.solr.handler.component.QueryElevationComponent
1153:             1             40  org.apache.solr.highlight.DefaultSolrHighlighter
1154:             1             40  org.apache.solr.parser.FastCharStream
1155:             1             40  org.apache.solr.rest.RestManager
1156:             1             40  org.apache.solr.rest.RestManager$RestManagerManagedResource
1157:             1             40  org.apache.solr.rest.schema.analysis.ManagedSynonymFilterFactory$SynonymManager
1158:             1             40  org.apache.solr.rest.schema.analysis.ManagedWordSetResource
1159:             1             40  org.apache.solr.schema.IndexSchema$SolrQueryAnalyzer
1160:             1             40  org.apache.solr.search.QueryResultKey
1161:             1             40  org.apache.solr.spelling.WordBreakSolrSpellChecker
1162:             1             40  org.apache.solr.update.UpdateLog$RecoveryInfo
1163:             1             40  org.apache.solr.util.ConcurrentLRUCache$CacheEntry
1164:             1             40  org.eclipse.jetty.server.session.HashSessionManager$2
1165:             1             40  org.eclipse.jetty.webapp.WebAppContext$Context
1166:             1             40  org.tartarus.snowball.ext.HungarianStemmer
1167:             1             40  sun.nio.ch.FileLockImpl
1168:             1             40  sun.nio.cs.StandardCharsets$Aliases
1169:             1             40  sun.nio.cs.StandardCharsets$Cache
1170:             1             40  sun.nio.cs.StandardCharsets$Classes
1171:             1             40  sun.security.provider.DSAPublicKeyImpl
1172:             1             40  sun.text.IntHashtable
1173:             1             40  sun.text.UCompactIntArray
1174:             1             32  [Lcom.google.common.cache.LocalCache$Strength;
1175:             1             32  [Lcom.sun.beans.util.Cache$Kind;
1176:             1             32  [Lcom.sun.org.apache.xalan.internal.utils.XMLSecurityManager$NameMap;
1177:             1             32  [Lcom.sun.org.apache.xerces.internal.utils.XMLSecurityManager$NameMap;
1178:             1             32  [Ljava.lang.OutOfMemoryError;
1179:             1             32  [Ljava.lang.ThreadGroup;
1180:             1             32  [Ljava.text.Normalizer$Form;
1181:             1             32  [Ljava.util.EventListener;
1182:             1             32  [Lorg.apache.lucene.analysis.synonym.SynonymFilter$PendingInput;
1183:             1             32  [Lorg.apache.lucene.analysis.synonym.SynonymFilter$PendingOutputs;
1184:             1             32  [Lorg.apache.lucene.index.IndexWriterConfig$OpenMode;
1185:             1             32  [Lorg.apache.lucene.index.StoredFieldVisitor$Status;
1186:             1             32  [Lorg.apache.lucene.index.TermsEnum$SeekStatus;
1187:             1             32  [Lorg.apache.lucene.search.BooleanClause$Occur;
1188:             1             32  [Lorg.apache.lucene.store.IOContext$Context;
1189:             1             32  [Lorg.apache.lucene.util.fst.FST$INPUT_TYPE;
1190:             1             32  [Lorg.apache.solr.common.params.CommonParams$EchoParamStyle;
1191:             1             32  [Lorg.apache.solr.search.SolrCache$State;
1192:             1             32  [Lorg.apache.solr.update.UpdateLog$State;
1193:             1             32  [Lorg.apache.solr.update.UpdateLog$SyncLevel;
1194:             1             32  [Lorg.apache.solr.update.processor.UpdateRequestProcessorFactory;
1195:             1             32  [Lorg.eclipse.jetty.io.Buffers$Type;
1196:             1             32  [Lorg.eclipse.jetty.security.UserDataConstraint;
1197:             1             32  [Lorg.eclipse.jetty.servlet.Holder$Source;
1198:             1             32  [Lorg.eclipse.jetty.util.Scanner$Notification;
1199:             1             32  [Lorg.eclipse.jetty.webapp.MetaDataComplete;
1200:             1             32  [Lsun.security.provider.NativePRNG$Variant;
1201:             1             32  [Lsun.text.normalizer.NormalizerBase$Mode;
1202:             1             32  [[Lcom.sun.org.apache.xerces.internal.impl.dtd.models.ContentModelValidator;
1203:             1             32  [[Lcom.sun.org.apache.xerces.internal.impl.dv.DatatypeValidator;
1204:             1             32  [[[Ljava.lang.String;
1205:             2             32  com.google.common.cache.LocalCache$LocalManualCache
1206:             1             32  com.google.common.util.concurrent.MoreExecutors$SameThreadExecutorService
1207:             2             32  com.sun.beans.WeakCache
1208:             1             32  com.sun.beans.finder.BeanInfoFinder
1209:             1             32  com.sun.org.apache.xalan.internal.utils.FeatureManager$Feature
1210:             1             32  com.sun.org.apache.xalan.internal.utils.XMLSecurityManager
1211:             2             32  com.sun.org.apache.xerces.internal.impl.XMLDocumentScannerImpl$PrologDriver
1212:             2             32  com.sun.org.apache.xerces.internal.impl.XMLDocumentScannerImpl$TrailingMiscDriver
1213:             2             32  com.sun.org.apache.xerces.internal.impl.XMLDocumentScannerImpl$XMLDeclDriver
1214:             1             32  com.sun.org.apache.xerces.internal.impl.XMLEntityScanner$1
1215:             2             32  com.sun.org.apache.xerces.internal.impl.dv.dtd.DTDDVFactoryImpl
1216:             2             32  com.sun.org.apache.xerces.internal.impl.dv.dtd.ENTITYDatatypeValidator
1217:             2             32  com.sun.org.apache.xerces.internal.parsers.AbstractSAXParser$AttributesProxy
1218:             2             32  com.sun.org.apache.xerces.internal.util.EntityResolverWrapper
1219:             2             32  com.sun.org.apache.xerces.internal.util.ErrorHandlerWrapper
1220:             1             32  com.sun.org.apache.xml.internal.utils.XMLReaderManager
1221:             1             32  com.sun.org.apache.xpath.internal.jaxp.XPathFactoryImpl
1222:             1             32  java.beans.ThreadGroupContext
1223:             1             32  java.beans.ThreadGroupContext$1
1224:             1             32  java.io.RandomAccessFile
1225:             1             32  java.io.UnixFileSystem
1226:             1             32  java.lang.ArithmeticException
1227:             1             32  java.lang.ArrayIndexOutOfBoundsException
1228:             2             32  java.lang.Boolean
1229:             1             32  java.lang.NullPointerException
1230:             2             32  java.lang.Shutdown$Lock
1231:             1             32  java.lang.Throwable
1232:             1             32  java.lang.reflect.WeakCache
1233:             2             32  java.nio.ByteOrder
1234:             1             32  java.nio.channels.Channels$1
1235:             1             32  java.security.BasicPermissionCollection
1236:             1             32  java.security.MessageDigest$Delegate
1237:             1             32  java.text.DontCareFieldPosition
1238:             2             32  java.util.Collections$SingletonSet
1239:             2             32  java.util.Hashtable$EntrySet
1240:             1             32  java.util.ServiceLoader
1241:             2             32  java.util.concurrent.ConcurrentHashMap$ValuesView
1242:             2             32  java.util.concurrent.CopyOnWriteArraySet
1243:             1             32  java.util.concurrent.ThreadLocalRandom
1244:             1             32  java.util.logging.LogManager$SystemLoggerContext
1245:             2             32  javax.xml.xpath.SecuritySupport
1246:             2             32  org.apache.http.conn.scheme.PlainSocketFactory
1247:             2             32  org.apache.http.conn.scheme.SchemeRegistry
1248:             2             32  org.apache.http.impl.conn.HttpConnPool$InternalConnFactory
1249:             2             32  org.apache.http.params.SyncBasicHttpParams
1250:             1             32  org.apache.log4j.PatternLayout
1251:             1             32  org.apache.lucene.analysis.cjk.CJKBigramFilterFactory
1252:             1             32  org.apache.lucene.analysis.id.IndonesianStemFilterFactory
1253:             1             32  org.apache.lucene.analysis.ja.JapaneseKatakanaStemFilterFactory
1254:             1             32  org.apache.lucene.analysis.miscellaneous.TrimFilterFactory
1255:             1             32  org.apache.lucene.analysis.phonetic.DoubleMetaphoneFilterFactory
1256:             2             32  org.apache.lucene.codecs.lucene40.Lucene40DocValuesFormat
1257:             2             32  org.apache.lucene.codecs.lucene40.Lucene40FieldInfosFormat
1258:             2             32  org.apache.lucene.codecs.lucene40.Lucene40NormsFormat
1259:             2             32  org.apache.lucene.codecs.lucene40.Lucene40TermVectorsFormat
1260:             2             32  org.apache.lucene.codecs.lucene42.Lucene42FieldInfosFormat
1261:             2             32  org.apache.lucene.codecs.lucene50.Lucene50CompoundFormat
1262:             2             32  org.apache.lucene.codecs.lucene50.Lucene50FieldInfosFormat
1263:             2             32  org.apache.lucene.codecs.lucene50.Lucene50LiveDocsFormat
1264:             2             32  org.apache.lucene.codecs.lucene50.Lucene50NormsFormat
1265:             2             32  org.apache.lucene.codecs.lucene50.Lucene50SegmentInfoFormat
1266:             2             32  org.apache.lucene.codecs.lucene50.Lucene50StoredFieldsFormat
1267:             2             32  org.apache.lucene.codecs.simpletext.SimpleTextDocValuesFormat
1268:             2             32  org.apache.lucene.codecs.simpletext.SimpleTextPostingsFormat
1269:             1             32  org.apache.lucene.index.DocumentsWriterPerThreadPool
1270:             1             32  org.apache.lucene.index.FieldInfos$FieldNumbers
1271:             2             32  org.apache.lucene.search.MatchAllDocsQuery
1272:             2             32  org.apache.lucene.search.similarities.DefaultSimilarity
1273:             1             32  org.apache.lucene.search.spell.WordBreakSpellChecker
1274:             1             32  org.apache.lucene.store.NativeFSLockFactory$NativeFSLock
1275:             2             32  org.apache.lucene.store.SingleInstanceLockFactory
1276:             1             32  org.apache.lucene.util.AttributeFactory$DefaultAttributeFactory$1
1277:             1             32  org.apache.solr.core.ConfigOverlay
1278:             1             32  org.apache.solr.core.ConfigSolrXml
1279:             1             32  org.apache.solr.core.IndexDeletionPolicyWrapper
1280:             1             32  org.apache.solr.core.SolrConfig$HttpCachingConfig
1281:             1             32  org.apache.solr.core.SolrConfig$JmxConfiguration
1282:             1             32  org.apache.solr.core.SolrCore$8
1283:             1             32  org.apache.solr.core.SolrCore$LazyQueryResponseWriterWrapper
1284:             1             32  org.apache.solr.core.SolrCores
1285:             1             32  org.apache.solr.core.ZkContainer
1286:             1             32  org.apache.solr.handler.component.SpellCheckComponent
1287:             1             32  org.apache.solr.highlight.RegexFragmenter
1288:             1             32  org.apache.solr.logging.CircularList
1289:             1             32  org.apache.solr.logging.log4j.Log4jWatcher
1290:             1             32  org.apache.solr.parser.QueryParser$JJCalls
1291:             1             32  org.apache.solr.parser.QueryParser$LookaheadSuccess
1292:             2             32  org.apache.solr.response.JSONResponseWriter
1293:             1             32  org.apache.solr.rest.RestManager$Registry
1294:             1             32  org.apache.solr.rest.schema.analysis.ManagedStopFilterFactory
1295:             1             32  org.apache.solr.rest.schema.analysis.ManagedSynonymFilterFactory
1296:             2             32  org.apache.solr.schema.AbstractSpatialFieldType$1
1297:             1             32  org.apache.solr.schema.BoolField$1
1298:             1             32  org.apache.solr.schema.IndexSchema$SolrIndexAnalyzer
1299:             1             32  org.apache.solr.servlet.SolrDispatchFilter
1300:             2             32  org.apache.solr.servlet.SolrRequestParsers$FormDataRequestParser
1301:             2             32  org.apache.solr.servlet.SolrRequestParsers$MultipartRequestParser
1302:             2             32  org.apache.solr.servlet.SolrRequestParsers$RawRequestParser
1303:             2             32  org.apache.solr.servlet.SolrRequestParsers$SimpleRequestParser
1304:             1             32  org.apache.solr.spelling.DirectSolrSpellChecker
1305:             1             32  org.apache.solr.update.SolrIndexConfig$DelayedSchemaAnalyzer
1306:             1             32  org.eclipse.jetty.continuation.ContinuationThrowable
1307:             1             32  org.eclipse.jetty.deploy.App
1308:             1             32  org.eclipse.jetty.deploy.DeploymentManager$AppEntry
1309:             1             32  org.eclipse.jetty.security.ConstraintMapping
1310:             1             32  org.eclipse.jetty.servlet.FilterMapping
1311:             1             32  org.eclipse.jetty.util.Scanner$TimeNSize
1312:             1             32  org.eclipse.jetty.util.security.Constraint
1313:             1             32  org.opensextant.solrtexttagger.ConcatenateFilterFactory
1314:             1             32  sun.nio.ch.FileKey
1315:             1             32  sun.nio.ch.SharedFileLockTable$FileLockReference
1316:             1             32  sun.nio.cs.StandardCharsets
1317:             1             32  sun.nio.fs.LinuxFileSystem
1318:             2             32  sun.reflect.BootstrapConstructorAccessorImpl
1319:             1             32  sun.reflect.generics.reflectiveObjects.TypeVariableImpl
1320:             2             32  sun.security.provider.NativePRNG
1321:             1             32  sun.security.provider.SecureRandom
1322:             2             32  sun.security.ssl.SSLSocketFactoryImpl
1323:             1             32  sun.security.ssl.X509TrustManagerImpl
1324:             2             32  sun.security.util.DisabledAlgorithmConstraints$KeySizeConstraints
1325:             1             32  sun.security.x509.IssuerAlternativeNameExtension
1326:             2             32  sun.text.normalizer.CharTrie$FriendAgent
1327:             1             24  [Lcom.google.common.base.Functions$ToStringFunction;
1328:             1             24  [Lcom.google.common.cache.CacheBuilder$NullListener;
1329:             1             24  [Lcom.google.common.cache.CacheBuilder$OneWeigher;
1330:             1             24  [Lcom.sun.org.apache.xalan.internal.utils.FeatureManager$Feature;
1331:             1             24  [Lcom.sun.org.apache.xalan.internal.utils.XMLSecurityPropertyManager$Property;
1332:             1             24  [Lcom.sun.org.apache.xerces.internal.utils.XMLSecurityPropertyManager$Property;
1333:             1             24  [Ljava.io.File$PathStatus;
1334:             1             24  [Ljava.lang.reflect.TypeVariable;
1335:             1             24  [Ljava.net.InetAddress$Cache$Type;
1336:             1             24  [Ljava.nio.file.LinkOption;
1337:             1             24  [Ljava.util.Locale$Category;
1338:             1             24  [Ljavax.net.ssl.KeyManager;
1339:             1             24  [Ljavax.net.ssl.TrustManager;
1340:             1             24  [Lorg.apache.lucene.search.TermQuery;
1341:             1             24  [Lorg.apache.lucene.search.spell.WordBreakSpellChecker$BreakSuggestionSortMethod;
1342:             1             24  [Lorg.apache.lucene.util.packed.PackedInts$Format;
1343:             1             24  [Lorg.apache.solr.client.solrj.SolrQuery$ORDER;
1344:             1             24  [Lorg.apache.solr.core.DirectoryFactory$DirContext;
1345:             1             24  [Lorg.apache.solr.parser.QueryParser$JJCalls;
1346:             1             24  [Lorg.apache.solr.parser.QueryParser$Operator;
1347:             1             24  [Lorg.apache.solr.schema.IndexSchema$DynamicCopy;
1348:             1             24  [Lorg.apache.solr.search.CacheConfig;
1349:             1             24  [Lorg.apache.solr.util.stats.Histogram$SampleType;
1350:             1             24  [Lorg.eclipse.jetty.server.Connector;
1351:             1             24  [Lorg.eclipse.jetty.servlet.FilterHolder;
1352:             1             24  [Lorg.eclipse.jetty.servlet.FilterMapping;
1353:             1             24  [Lsun.launcher.LauncherHelper;
1354:             1             24  [Lsun.security.ssl.EphemeralKeyManager$EphemeralKeyPair;
1355:             1             24  com.google.common.base.Functions$ToStringFunction
1356:             1             24  com.google.common.base.Joiner$1
1357:             1             24  com.google.common.base.Joiner$MapJoiner
1358:             1             24  com.google.common.cache.CacheBuilder$NullListener
1359:             1             24  com.google.common.cache.CacheBuilder$OneWeigher
1360:             1             24  com.google.common.cache.LocalCache$EntryFactory$1
1361:             1             24  com.google.common.cache.LocalCache$EntryFactory$2
1362:             1             24  com.google.common.cache.LocalCache$EntryFactory$3
1363:             1             24  com.google.common.cache.LocalCache$EntryFactory$4
1364:             1             24  com.google.common.cache.LocalCache$EntryFactory$5
1365:             1             24  com.google.common.cache.LocalCache$EntryFactory$6
1366:             1             24  com.google.common.cache.LocalCache$EntryFactory$7
1367:             1             24  com.google.common.cache.LocalCache$EntryFactory$8
1368:             1             24  com.google.common.cache.LocalCache$Strength$1
1369:             1             24  com.google.common.cache.LocalCache$Strength$2
1370:             1             24  com.google.common.cache.LocalCache$Strength$3
1371:             1             24  com.google.common.collect.ImmutableMapKeySet
1372:             1             24  com.google.common.collect.ImmutableMapKeySet$1
1373:             1             24  com.google.common.collect.SingletonImmutableSet
1374:             1             24  com.sun.beans.util.Cache$Kind$1
1375:             1             24  com.sun.beans.util.Cache$Kind$2
1376:             1             24  com.sun.beans.util.Cache$Kind$3
1377:             1             24  com.sun.org.apache.xalan.internal.utils.FeatureManager
1378:             1             24  com.sun.org.apache.xerces.internal.impl.Constants$ArrayEnumeration
1379:             1             24  com.sun.org.apache.xerces.internal.impl.dtd.XMLContentSpec
1380:             1             24  com.sun.org.apache.xpath.internal.objects.XString
1381:             1             24  java.io.StringWriter
1382:             1             24  java.lang.invoke.Invokers
1383:             1             24  java.lang.invoke.MethodHandleImpl$4
1384:             1             24  java.lang.invoke.MethodType$ConcurrentWeakInternSet
1385:             1             24  java.math.MutableBigInteger
1386:             1             24  java.net.Inet4AddressImpl
1387:             1             24  java.nio.file.LinkOption
1388:             1             24  java.util.Collections$EmptyMap
1389:             1             24  java.util.Locale$Cache
1390:             1             24  java.util.ResourceBundle$Control$CandidateListCache
1391:             1             24  java.util.TaskQueue
1392:             1             24  java.util.Timer
1393:             1             24  java.util.concurrent.ConcurrentHashMap$KeySetView
1394:             1             24  java.util.concurrent.TimeUnit$1
1395:             1             24  java.util.concurrent.TimeUnit$2
1396:             1             24  java.util.concurrent.TimeUnit$3
1397:             1             24  java.util.concurrent.TimeUnit$4
1398:             1             24  java.util.concurrent.TimeUnit$5
1399:             1             24  java.util.concurrent.TimeUnit$6
1400:             1             24  java.util.concurrent.TimeUnit$7
1401:             1             24  java.util.jar.Manifest
1402:             1             24  java.util.logging.LogManager$LoggerContext
1403:             1             24  java.util.logging.LoggingPermission
1404:             1             24  java.util.regex.Pattern$7
1405:             1             24  java.util.regex.Pattern$Bound
1406:             1             24  java.util.regex.Pattern$Neg
1407:             1             24  javax.net.ssl.SSLContext
1408:             1             24  org.apache.commons.logging.impl.SLF4JLogFactory
1409:             1             24  org.apache.log4j.helpers.FormattingInfo
1410:             1             24  org.apache.lucene.analysis.Tokenizer$1
1411:             1             24  org.apache.lucene.analysis.ar.ArabicStemFilterFactory
1412:             1             24  org.apache.lucene.analysis.bg.BulgarianStemFilterFactory
1413:             1             24  org.apache.lucene.analysis.ckb.SoraniNormalizationFilterFactory
1414:             1             24  org.apache.lucene.analysis.ckb.SoraniStemFilterFactory
1415:             1             24  org.apache.lucene.analysis.cz.CzechStemFilterFactory
1416:             1             24  org.apache.lucene.analysis.de.GermanLightStemFilterFactory
1417:             1             24  org.apache.lucene.analysis.de.GermanNormalizationFilterFactory
1418:             1             24  org.apache.lucene.analysis.el.GreekLowerCaseFilterFactory
1419:             1             24  org.apache.lucene.analysis.el.GreekStemFilterFactory
1420:             1             24  org.apache.lucene.analysis.en.EnglishMinimalStemFilterFactory
1421:             1             24  org.apache.lucene.analysis.es.SpanishLightStemFilterFactory
1422:             1             24  org.apache.lucene.analysis.fa.PersianCharFilterFactory
1423:             1             24  org.apache.lucene.analysis.fa.PersianNormalizationFilterFactory
1424:             1             24  org.apache.lucene.analysis.fr.FrenchLightStemFilterFactory
1425:             1             24  org.apache.lucene.analysis.ga.IrishLowerCaseFilterFactory
1426:             1             24  org.apache.lucene.analysis.gl.GalicianStemFilterFactory
1427:             1             24  org.apache.lucene.analysis.hi.HindiNormalizationFilterFactory
1428:             1             24  org.apache.lucene.analysis.hi.HindiStemFilterFactory
1429:             1             24  org.apache.lucene.analysis.in.IndicNormalizationFilterFactory
1430:             1             24  org.apache.lucene.analysis.it.ItalianLightStemFilterFactory
1431:             1             24  org.apache.lucene.analysis.ja.JapaneseBaseFormFilterFactory
1432:             1             24  org.apache.lucene.analysis.lv.LatvianStemFilterFactory
1433:             1             24  org.apache.lucene.analysis.miscellaneous.RemoveDuplicatesTokenFilterFactory
1434:             1             24  org.apache.lucene.analysis.miscellaneous.StemmerOverrideFilter$StemmerOverrideMap
1435:             1             24  org.apache.lucene.analysis.pt.PortugueseLightStemFilterFactory
1436:             1             24  org.apache.lucene.analysis.th.ThaiTokenizerFactory
1437:             1             24  org.apache.lucene.analysis.tr.ApostropheFilterFactory
1438:             1             24  org.apache.lucene.analysis.tr.TurkishLowerCaseFilterFactory
1439:             1             24  org.apache.lucene.codecs.blocktreeords.BlockTreeOrdsPostingsFormat
1440:             1             24  org.apache.lucene.codecs.bloom.BloomFilteringPostingsFormat
1441:             1             24  org.apache.lucene.codecs.lucene40.Lucene40Codec$1
1442:             1             24  org.apache.lucene.codecs.lucene41.Lucene41Codec$1
1443:             1             24  org.apache.lucene.codecs.lucene410.Lucene410Codec$1
1444:             1             24  org.apache.lucene.codecs.lucene410.Lucene410Codec$2
1445:             1             24  org.apache.lucene.codecs.lucene42.Lucene42Codec$1
1446:             1             24  org.apache.lucene.codecs.lucene42.Lucene42Codec$2
1447:             1             24  org.apache.lucene.codecs.lucene42.Lucene42Codec$3
1448:             1             24  org.apache.lucene.codecs.lucene42.Lucene42DocValuesFormat
1449:             1             24  org.apache.lucene.codecs.lucene45.Lucene45Codec$1
1450:             1             24  org.apache.lucene.codecs.lucene45.Lucene45Codec$2
1451:             1             24  org.apache.lucene.codecs.lucene45.Lucene45Codec$3
1452:             1             24  org.apache.lucene.codecs.lucene46.Lucene46Codec$1
1453:             1             24  org.apache.lucene.codecs.lucene46.Lucene46Codec$2
1454:             1             24  org.apache.lucene.codecs.lucene46.Lucene46Codec$3
1455:             1             24  org.apache.lucene.codecs.lucene49.Lucene49Codec$1
1456:             1             24  org.apache.lucene.codecs.lucene49.Lucene49Codec$2
1457:             1             24  org.apache.lucene.codecs.lucene50.Lucene50PostingsFormat
1458:             1             24  org.apache.lucene.codecs.memory.DirectPostingsFormat
1459:             1             24  org.apache.lucene.codecs.memory.MemoryDocValuesFormat
1460:             1             24  org.apache.lucene.codecs.memory.MemoryPostingsFormat
1461:             1             24  org.apache.lucene.index.DocumentsWriterDeleteQueue$DeleteSlice
1462:             1             24  org.apache.lucene.index.DocumentsWriterDeleteQueue$Node
1463:             1             24  org.apache.lucene.index.DocumentsWriterFlushQueue
1464:             1             24  org.apache.lucene.index.DocumentsWriterStallControl
1465:             1             24  org.apache.lucene.index.FlushByRamOrCountsPolicy
1466:             1             24  org.apache.lucene.index.IndexWriter$1
1467:             1             24  org.apache.lucene.index.IndexWriter$ReaderPool
1468:             1             24  org.apache.lucene.index.MultiBits
1469:             1             24  org.apache.lucene.index.MultiFields
1470:             1             24  org.apache.lucene.index.MultiTerms
1471:             1             24  org.apache.lucene.search.BooleanClause$Occur$1
1472:             1             24  org.apache.lucene.search.BooleanClause$Occur$2
1473:             1             24  org.apache.lucene.search.BooleanClause$Occur$3
1474:             1             24  org.apache.lucene.search.TopDocs
1475:             1             24  org.apache.lucene.spatial.prefix.tree.GeohashPrefixTree
1476:             1             24  org.apache.lucene.store.FlushInfo
1477:             1             24  org.apache.lucene.uninverting.FieldCacheImpl
1478:             1             24  org.apache.lucene.uninverting.FieldCacheImpl$BinaryDocValuesCache
1479:             1             24  org.apache.lucene.uninverting.FieldCacheImpl$DocTermOrdsCache
1480:             1             24  org.apache.lucene.uninverting.FieldCacheImpl$DocsWithFieldCache
1481:             1             24  org.apache.lucene.uninverting.FieldCacheImpl$LongCache
1482:             1             24  org.apache.lucene.uninverting.FieldCacheImpl$SortedDocValuesCache
1483:             1             24  org.apache.lucene.util.AttributeFactory$1
1484:             1             24  org.apache.lucene.util.AttributeSource$2
1485:             1             24  org.apache.lucene.util.SetOnce
1486:             1             24  org.apache.lucene.util.packed.PackedInts$Format$1
1487:             1             24  org.apache.lucene.util.packed.PackedInts$Format$2
1488:             1             24  org.apache.solr.client.solrj.SolrQuery
1489:             1             24  org.apache.solr.client.solrj.SolrQuery$SortClause
1490:             1             24  org.apache.solr.common.SolrInputDocument
1491:             1             24  org.apache.solr.common.util.SolrjNamedThreadFactory
1492:             1             24  org.apache.solr.core.ConfigSetService$Default
1493:             1             24  org.apache.solr.core.JarRepository
1494:             1             24  org.apache.solr.core.RequestHandlers
1495:             1             24  org.apache.solr.core.RequestParams
1496:             1             24  org.apache.solr.core.SchemaCodecFactory
1497:             1             24  org.apache.solr.core.SolrDeletionPolicy
1498:             1             24  org.apache.solr.handler.ReplicationHandler$3
1499:             1             24  org.apache.solr.handler.component.ExpandComponent
1500:             1             24  org.apache.solr.handler.component.FacetComponent
1501:             1             24  org.apache.solr.handler.component.HighlightComponent
1502:             1             24  org.apache.solr.handler.component.TermVectorComponent
1503:             1             24  org.apache.solr.highlight.BreakIteratorBoundaryScanner
1504:             1             24  org.apache.solr.highlight.DefaultEncoder
1505:             1             24  org.apache.solr.highlight.GapFragmenter
1506:             1             24  org.apache.solr.highlight.HtmlEncoder
1507:             1             24  org.apache.solr.highlight.HtmlFormatter
1508:             1             24  org.apache.solr.highlight.SimpleBoundaryScanner
1509:             1             24  org.apache.solr.highlight.SimpleFragListBuilder
1510:             1             24  org.apache.solr.highlight.SingleFragListBuilder
1511:             1             24  org.apache.solr.highlight.WeightedFragListBuilder
1512:             1             24  org.apache.solr.response.transform.ExplainAugmenterFactory
1513:             1             24  org.apache.solr.response.transform.ValueAugmenterFactory
1514:             1             24  org.apache.solr.schema.FileExchangeRateProvider
1515:             1             24  org.apache.solr.schema.TrieDateField$ThreadLocalDateFormat
1516:             1             24  org.apache.solr.search.BitDocSet
1517:             1             24  org.apache.solr.search.DocSlice$1
1518:             1             24  org.apache.solr.search.SolrIndexSearcher$SetNonLazyFieldSelector
1519:             1             24  org.apache.solr.search.similarities.DefaultSimilarityFactory
1520:             1             24  org.apache.solr.spelling.SpellingQueryConverter
1521:             1             24  org.apache.solr.update.DefaultSolrCoreState$1
1522:             1             24  org.apache.solr.update.UpdateShardHandler
1523:             1             24  org.apache.solr.update.processor.LogUpdateProcessorFactory
1524:             1             24  org.apache.solr.update.processor.UpdateRequestProcessorChain
1525:             1             24  org.apache.solr.util.stats.Histogram$SampleType$1
1526:             1             24  org.apache.solr.util.stats.Histogram$SampleType$2
1527:             1             24  org.eclipse.jetty.deploy.AppLifeCycle
1528:             1             24  org.eclipse.jetty.http.HttpFields$DateGenerator
1529:             1             24  org.eclipse.jetty.http.HttpHeaderValues
1530:             1             24  org.eclipse.jetty.http.HttpHeaders
1531:             1             24  org.eclipse.jetty.security.RoleInfo
1532:             1             24  org.eclipse.jetty.server.AbstractConnector$Acceptor
1533:             1             24  org.eclipse.jetty.servlet.FilterHolder$Config
1534:             1             24  org.eclipse.jetty.servlet.NoJspServlet
1535:             1             24  org.eclipse.jetty.util.IO$NullWrite
1536:             1             24  org.eclipse.jetty.util.MultiMap
1537:             1             24  org.noggit.NullCharArr
1538:             1             24  org.slf4j.helpers.FormattingTuple
1539:             1             24  sun.launcher.LauncherHelper
1540:             1             24  sun.management.VMManagementImpl
1541:             1             24  sun.misc.JarIndex
1542:             1             24  sun.misc.URLClassPath$FileLoader
1543:             1             24  sun.net.ProgressMonitor
1544:             1             24  sun.net.sdp.SdpProvider
1545:             1             24  sun.nio.ch.SharedFileLockTable
1546:             1             24  sun.nio.cs.ISO_8859_1
1547:             1             24  sun.nio.cs.US_ASCII
1548:             1             24  sun.nio.cs.UTF_16
1549:             1             24  sun.nio.cs.UTF_16BE
1550:             1             24  sun.nio.cs.UTF_16LE
1551:             1             24  sun.nio.cs.UTF_8
1552:             1             24  sun.reflect.generics.factory.CoreReflectionFactory
1553:             1             24  sun.reflect.generics.scope.ClassScope
1554:             1             24  sun.reflect.generics.tree.FormalTypeParameter
1555:             1             24  sun.security.provider.DSAParameters
1556:             1             24  sun.security.ssl.SSLAlgorithmConstraints$TLSDisabledAlgConstraints
1557:             1             24  sun.security.ssl.SSLAlgorithmConstraints$X509DisabledAlgConstraints
1558:             1             24  sun.security.ssl.SunX509KeyManagerImpl
1559:             1             24  sun.security.util.DisabledAlgorithmConstraints$KeySizeConstraint
1560:             1             24  sun.text.normalizer.ReplaceableUCharacterIterator
1561:             1             24  sun.util.locale.BaseLocale$Cache
1562:             1             24  sun.util.locale.provider.CalendarDataProviderImpl
1563:             1             24  sun.util.locale.provider.CalendarProviderImpl
1564:             1             24  sun.util.locale.provider.CollatorProviderImpl
1565:             1             24  sun.util.locale.provider.CurrencyNameProviderImpl
1566:             1             24  sun.util.locale.provider.DateFormatSymbolsProviderImpl
1567:             1             24  sun.util.locale.provider.DecimalFormatSymbolsProviderImpl
1568:             1             24  sun.util.locale.provider.NumberFormatProviderImpl
1569:             1             16  [Ljava.beans.EventSetDescriptor;
1570:             1             16  [Ljava.lang.Enum;
1571:             1             16  [Ljava.lang.Throwable;
1572:             1             16  [Ljava.nio.file.attribute.FileAttribute;
1573:             1             16  [Ljava.security.Provider;
1574:             1             16  [Ljava.text.FieldPosition;
1575:             1             16  [Ljava.util.logging.Handler;
1576:             1             16  [Lorg.apache.lucene.codecs.PostingsFormat;
1577:             1             16  [Lorg.apache.lucene.search.ScoreDoc;
1578:             1             16  [Lorg.apache.lucene.search.SortField;
1579:             1             16  [Lorg.apache.solr.client.solrj.impl.LBHttpSolrClient$ServerWrapper;
1580:             1             16  com.google.common.base.Equivalence$Equals
1581:             1             16  com.google.common.base.Joiner
1582:             1             16  com.google.common.base.Suppliers$SupplierOfInstance
1583:             1             16  com.google.common.base.Ticker$1
1584:             1             16  com.google.common.cache.CacheBuilder$1
1585:             1             16  com.google.common.cache.CacheBuilder$2
1586:             1             16  com.google.common.cache.CacheBuilder$3
1587:             1             16  com.google.common.cache.LocalCache$1
1588:             1             16  com.google.common.cache.LocalCache$2
1589:             1             16  com.google.common.collect.ImmutableCollection$EmptyImmutableCollection
1590:             1             16  com.google.common.collect.Iterators$1
1591:             1             16  com.google.common.collect.Iterators$2
1592:             1             16  com.sun.naming.internal.VersionHelper12
1593:             1             16  com.sun.org.apache.xalan.internal.utils.SecuritySupport
1594:             1             16  com.sun.org.apache.xerces.internal.dom.CharacterDataImpl$1
1595:             1             16  com.sun.org.apache.xerces.internal.impl.XMLDocumentScannerImpl$DTDDriver
1596:             1             16  com.sun.org.apache.xerces.internal.impl.dv.dtd.IDDatatypeValidator
1597:             1             16  com.sun.org.apache.xerces.internal.impl.dv.dtd.IDREFDatatypeValidator
1598:             1             16  com.sun.org.apache.xerces.internal.impl.dv.dtd.NMTOKENDatatypeValidator
1599:             1             16  com.sun.org.apache.xerces.internal.impl.dv.dtd.NOTATIONDatatypeValidator
1600:             1             16  com.sun.org.apache.xerces.internal.impl.dv.dtd.StringDatatypeValidator
1601:             1             16  com.sun.org.apache.xerces.internal.utils.SecuritySupport
1602:             1             16  com.sun.org.apache.xpath.internal.objects.EqualComparator
1603:             1             16  com.sun.org.apache.xpath.internal.objects.GreaterThanComparator
1604:             1             16  com.sun.org.apache.xpath.internal.objects.GreaterThanOrEqualComparator
1605:             1             16  com.sun.org.apache.xpath.internal.objects.LessThanComparator
1606:             1             16  com.sun.org.apache.xpath.internal.objects.LessThanOrEqualComparator
1607:             1             16  com.sun.org.apache.xpath.internal.objects.NotEqualComparator
1608:             1             16  com.sun.org.apache.xpath.internal.objects.XMLStringFactoryImpl
1609:             1             16  java.io.FileDescriptor$1
1610:             1             16  java.lang.ApplicationShutdownHooks$1
1611:             1             16  java.lang.CharacterData00
1612:             1             16  java.lang.CharacterDataLatin1
1613:             1             16  java.lang.InheritableThreadLocal
1614:             1             16  java.lang.Runtime
1615:             1             16  java.lang.String$CaseInsensitiveComparator
1616:             1             16  java.lang.System$2
1617:             1             16  java.lang.Terminator$1
1618:             1             16  java.lang.invoke.MemberName$Factory
1619:             1             16  java.lang.invoke.MethodHandleImpl$2
1620:             1             16  java.lang.invoke.MethodHandleImpl$3
1621:             1             16  java.lang.management.PlatformComponent$1
1622:             1             16  java.lang.management.PlatformComponent$10
1623:             1             16  java.lang.management.PlatformComponent$11
1624:             1             16  java.lang.management.PlatformComponent$12
1625:             1             16  java.lang.management.PlatformComponent$13
1626:             1             16  java.lang.management.PlatformComponent$14
1627:             1             16  java.lang.management.PlatformComponent$15
1628:             1             16  java.lang.management.PlatformComponent$2
1629:             1             16  java.lang.management.PlatformComponent$3
1630:             1             16  java.lang.management.PlatformComponent$4
1631:             1             16  java.lang.management.PlatformComponent$5
1632:             1             16  java.lang.management.PlatformComponent$6
1633:             1             16  java.lang.management.PlatformComponent$7
1634:             1             16  java.lang.management.PlatformComponent$8
1635:             1             16  java.lang.management.PlatformComponent$9
1636:             1             16  java.lang.ref.Reference$Lock
1637:             1             16  java.lang.reflect.Proxy$KeyFactory
1638:             1             16  java.lang.reflect.Proxy$ProxyClassFactory
1639:             1             16  java.lang.reflect.ReflectAccess
1640:             1             16  java.net.InetAddress$2
1641:             1             16  java.net.URLClassLoader$7
1642:             1             16  java.nio.Bits$1
1643:             1             16  java.nio.channels.spi.AbstractInterruptibleChannel$1
1644:             1             16  java.nio.charset.CoderResult$1
1645:             1             16  java.nio.charset.CoderResult$2
1646:             1             16  java.security.ProtectionDomain$1
1647:             1             16  java.security.ProtectionDomain$3
1648:             1             16  java.text.DontCareFieldPosition$1
1649:             1             16  java.util.Collections$EmptyEnumeration
1650:             1             16  java.util.Collections$EmptyIterator
1651:             1             16  java.util.Collections$EmptyList
1652:             1             16  java.util.Collections$EmptySet
1653:             1             16  java.util.Collections$UnmodifiableMap$UnmodifiableEntrySet
1654:             1             16  java.util.Currency$CurrencyNameGetter
1655:             1             16  java.util.Hashtable$KeySet
1656:             1             16  java.util.ResourceBundle$Control
1657:             1             16  java.util.Timer$1
1658:             1             16  java.util.concurrent.ConcurrentHashMap$EntrySetView
1659:             1             16  java.util.concurrent.ConcurrentSkipListMap$KeySet
1660:             1             16  java.util.concurrent.Executors$FinalizableDelegatedExecutorService
1661:             1             16  java.util.concurrent.ThreadPoolExecutor$AbortPolicy
1662:             1             16  java.util.jar.JavaUtilJarAccessImpl
1663:             1             16  java.util.logging.LoggingProxyImpl
1664:             1             16  java.util.regex.Pattern$4
1665:             1             16  java.util.regex.Pattern$Begin
1666:             1             16  java.util.regex.Pattern$CharPropertyNames$10
1667:             1             16  java.util.regex.Pattern$CharPropertyNames$11
1668:             1             16  java.util.regex.Pattern$CharPropertyNames$12
1669:             1             16  java.util.regex.Pattern$CharPropertyNames$13
1670:             1             16  java.util.regex.Pattern$CharPropertyNames$14
1671:             1             16  java.util.regex.Pattern$CharPropertyNames$15
1672:             1             16  java.util.regex.Pattern$CharPropertyNames$16
1673:             1             16  java.util.regex.Pattern$CharPropertyNames$17
1674:             1             16  java.util.regex.Pattern$CharPropertyNames$18
1675:             1             16  java.util.regex.Pattern$CharPropertyNames$19
1676:             1             16  java.util.regex.Pattern$CharPropertyNames$20
1677:             1             16  java.util.regex.Pattern$CharPropertyNames$21
1678:             1             16  java.util.regex.Pattern$CharPropertyNames$22
1679:             1             16  java.util.regex.Pattern$CharPropertyNames$23
1680:             1             16  java.util.regex.Pattern$CharPropertyNames$5
1681:             1             16  java.util.regex.Pattern$CharPropertyNames$6
1682:             1             16  java.util.regex.Pattern$CharPropertyNames$7
1683:             1             16  java.util.regex.Pattern$CharPropertyNames$8
1684:             1             16  java.util.regex.Pattern$CharPropertyNames$9
1685:             1             16  java.util.regex.Pattern$LastNode
1686:             1             16  java.util.regex.Pattern$Node
1687:             1             16  java.util.zip.ZipFile$1
1688:             1             16  javax.xml.parsers.SecuritySupport
1689:             1             16  javax.xml.stream.SecuritySupport
1690:             1             16  javax.xml.transform.SecuritySupport
1691:             1             16  org.apache.http.conn.ssl.AllowAllHostnameVerifier
1692:             1             16  org.apache.http.conn.ssl.BrowserCompatHostnameVerifier
1693:             1             16  org.apache.http.conn.ssl.StrictHostnameVerifier
1694:             1             16  org.apache.log4j.DefaultCategoryFactory
1695:             1             16  org.apache.log4j.helpers.AppenderAttachableImpl
1696:             1             16  org.apache.log4j.or.DefaultRenderer
1697:             1             16  org.apache.log4j.or.RendererMap
1698:             1             16  org.apache.log4j.spi.DefaultRepositorySelector
1699:             1             16  org.apache.lucene.analysis.Analyzer$1
1700:             1             16  org.apache.lucene.analysis.Analyzer$2
1701:             1             16  org.apache.lucene.analysis.payloads.FloatEncoder
1702:             1             16  org.apache.lucene.analysis.util.CharacterUtils$Java4CharacterUtils
1703:             1             16  org.apache.lucene.analysis.util.CharacterUtils$Java5CharacterUtils
1704:             1             16  org.apache.lucene.codecs.bloom.DefaultBloomFilterFactory
1705:             1             16  org.apache.lucene.codecs.compressing.CompressionMode$1
1706:             1             16  org.apache.lucene.codecs.compressing.CompressionMode$2
1707:             1             16  org.apache.lucene.codecs.compressing.CompressionMode$3
1708:             1             16  org.apache.lucene.codecs.compressing.CompressionMode$4
1709:             1             16  org.apache.lucene.codecs.lucene40.Lucene40PostingsFormat
1710:             1             16  org.apache.lucene.codecs.lucene40.Lucene40StoredFieldsFormat
1711:             1             16  org.apache.lucene.codecs.lucene41.Lucene41PostingsFormat
1712:             1             16  org.apache.lucene.codecs.lucene410.Lucene410Codec$3
1713:             1             16  org.apache.lucene.codecs.lucene410.Lucene410DocValuesFormat
1714:             1             16  org.apache.lucene.codecs.lucene45.Lucene45DocValuesFormat
1715:             1             16  org.apache.lucene.codecs.lucene49.Lucene49Codec$3
1716:             1             16  org.apache.lucene.codecs.lucene49.Lucene49DocValuesFormat
1717:             1             16  org.apache.lucene.codecs.lucene50.Lucene50DocValuesFormat
1718:             1             16  org.apache.lucene.codecs.memory.DirectDocValuesFormat
1719:             1             16  org.apache.lucene.codecs.memory.FSTOrdPostingsFormat
1720:             1             16  org.apache.lucene.codecs.memory.FSTPostingsFormat
1721:             1             16  org.apache.lucene.codecs.simpletext.SimpleTextCompoundFormat
1722:             1             16  org.apache.lucene.codecs.simpletext.SimpleTextFieldInfosFormat
1723:             1             16  org.apache.lucene.codecs.simpletext.SimpleTextLiveDocsFormat
1724:             1             16  org.apache.lucene.codecs.simpletext.SimpleTextNormsFormat
1725:             1             16  org.apache.lucene.codecs.simpletext.SimpleTextSegmentInfoFormat
1726:             1             16  org.apache.lucene.codecs.simpletext.SimpleTextStoredFieldsFormat
1727:             1             16  org.apache.lucene.codecs.simpletext.SimpleTextTermVectorsFormat
1728:             1             16  org.apache.lucene.index.BufferedUpdatesStream$1
1729:             1             16  org.apache.lucene.index.DocumentsWriterPerThread$1
1730:             1             16  org.apache.lucene.index.TermsEnum$2
1731:             1             16  org.apache.lucene.search.MultiTermQuery$1
1732:             1             16  org.apache.lucene.search.ScoringRewrite$1
1733:             1             16  org.apache.lucene.search.ScoringRewrite$2
1734:             1             16  org.apache.lucene.search.spell.LuceneLevenshteinDistance
1735:             1             16  org.apache.lucene.search.spell.SuggestWordScoreComparator
1736:             1             16  org.apache.lucene.store.MMapDirectory$1
1737:             1             16  org.apache.lucene.store.NativeFSLockFactory
1738:             1             16  org.apache.lucene.uninverting.FieldCache$1
1739:             1             16  org.apache.lucene.uninverting.FieldCache$2
1740:             1             16  org.apache.lucene.uninverting.FieldCache$3
1741:             1             16  org.apache.lucene.uninverting.FieldCache$4
1742:             1             16  org.apache.lucene.uninverting.FieldCacheImpl$1
1743:             1             16  org.apache.lucene.util.ArrayUtil$NaturalComparator
1744:             1             16  org.apache.lucene.util.AttributeFactory$DefaultAttributeFactory
1745:             1             16  org.apache.lucene.util.BytesRef$UTF8SortedAsUTF16Comparator
1746:             1             16  org.apache.lucene.util.BytesRef$UTF8SortedAsUnicodeComparator
1747:             1             16  org.apache.lucene.util.CharsRef$UTF16SortedAsUTF8Comparator
1748:             1             16  org.apache.lucene.util.InfoStream$NoOutput
1749:             1             16  org.apache.lucene.util.LongValues$1
1750:             1             16  org.apache.lucene.util.fst.ByteSequenceOutputs
1751:             1             16  org.apache.lucene.util.packed.PackedInts$NullReader
1752:             1             16  org.apache.solr.client.solrj.impl.BinaryResponseParser
1753:             1             16  org.apache.solr.client.solrj.impl.HttpClientConfigurer
1754:             1             16  org.apache.solr.core.ConfigSolrXml$1
1755:             1             16  org.apache.solr.core.ConfigSolrXml$2
1756:             1             16  org.apache.solr.core.ConfigSolrXml$3
1757:             1             16  org.apache.solr.core.CorePropertiesLocator
1758:             1             16  org.apache.solr.core.SolrCore$9
1759:             1             16  org.apache.solr.core.StandardIndexReaderFactory
1760:             1             16  org.apache.solr.handler.ReplicationHandler$2
1761:             1             16  org.apache.solr.handler.component.DebugComponent
1762:             1             16  org.apache.solr.handler.component.MoreLikeThisComponent
1763:             1             16  org.apache.solr.handler.component.QueryComponent
1764:             1             16  org.apache.solr.handler.component.RealTimeGetComponent
1765:             1             16  org.apache.solr.handler.component.StatsComponent
1766:             1             16  org.apache.solr.handler.component.TermsComponent
1767:             1             16  org.apache.solr.response.BinaryResponseWriter
1768:             1             16  org.apache.solr.response.CSVResponseWriter
1769:             1             16  org.apache.solr.response.PHPResponseWriter
1770:             1             16  org.apache.solr.response.PHPSerializedResponseWriter
1771:             1             16  org.apache.solr.response.PythonResponseWriter
1772:             1             16  org.apache.solr.response.RawResponseWriter
1773:             1             16  org.apache.solr.response.RubyResponseWriter
1774:             1             16  org.apache.solr.response.SchemaXmlResponseWriter
1775:             1             16  org.apache.solr.response.SortingResponseWriter
1776:             1             16  org.apache.solr.response.XMLResponseWriter
1777:             1             16  org.apache.solr.response.XSLTResponseWriter
1778:             1             16  org.apache.solr.response.transform.ChildDocTransformerFactory
1779:             1             16  org.apache.solr.response.transform.DocIdAugmenterFactory
1780:             1             16  org.apache.solr.response.transform.ElevatedMarkerFactory
1781:             1             16  org.apache.solr.response.transform.ExcludedMarkerFactory
1782:             1             16  org.apache.solr.response.transform.ShardAugmenterFactory
1783:             1             16  org.apache.solr.rest.ManagedResourceStorage$FileStorageIO
1784:             1             16  org.apache.solr.schema.RandomSortField$1
1785:             1             16  org.apache.solr.search.BoostQParserPlugin
1786:             1             16  org.apache.solr.search.CollapsingQParserPlugin
1787:             1             16  org.apache.solr.search.ComplexPhraseQParserPlugin
1788:             1             16  org.apache.solr.search.DateValueSourceParser
1789:             1             16  org.apache.solr.search.DisMaxQParserPlugin
1790:             1             16  org.apache.solr.search.ExportQParserPlugin
1791:             1             16  org.apache.solr.search.ExtendedDismaxQParserPlugin
1792:             1             16  org.apache.solr.search.FieldQParserPlugin
1793:             1             16  org.apache.solr.search.FunctionQParserPlugin
1794:             1             16  org.apache.solr.search.FunctionRangeQParserPlugin
1795:             1             16  org.apache.solr.search.JoinQParserPlugin
1796:             1             16  org.apache.solr.search.LuceneQParserPlugin
1797:             1             16  org.apache.solr.search.MaxScoreQParserPlugin
1798:             1             16  org.apache.solr.search.NestedQParserPlugin
1799:             1             16  org.apache.solr.search.NoOpRegenerator
1800:             1             16  org.apache.solr.search.OldLuceneQParserPlugin
1801:             1             16  org.apache.solr.search.PrefixQParserPlugin
1802:             1             16  org.apache.solr.search.RawQParserPlugin
1803:             1             16  org.apache.solr.search.ReRankQParserPlugin
1804:             1             16  org.apache.solr.search.SimpleQParserPlugin
1805:             1             16  org.apache.solr.search.SolrFieldCacheMBean
1806:             1             16  org.apache.solr.search.SolrIndexSearcher$1
1807:             1             16  org.apache.solr.search.SolrIndexSearcher$2
1808:             1             16  org.apache.solr.search.SolrIndexSearcher$3
1809:             1             16  org.apache.solr.search.SolrIndexSearcher$4
1810:             1             16  org.apache.solr.search.SolrQueryTimeoutImpl
1811:             1             16  org.apache.solr.search.SolrQueryTimeoutImpl$1
1812:             1             16  org.apache.solr.search.SpatialBoxQParserPlugin
1813:             1             16  org.apache.solr.search.SpatialFilterQParserPlugin
1814:             1             16  org.apache.solr.search.SurroundQParserPlugin
1815:             1             16  org.apache.solr.search.SwitchQParserPlugin
1816:             1             16  org.apache.solr.search.TermQParserPlugin
1817:             1             16  org.apache.solr.search.TermsQParserPlugin
1818:             1             16  org.apache.solr.search.ValueSourceParser$1
1819:             1             16  org.apache.solr.search.ValueSourceParser$10
1820:             1             16  org.apache.solr.search.ValueSourceParser$11
1821:             1             16  org.apache.solr.search.ValueSourceParser$12
1822:             1             16  org.apache.solr.search.ValueSourceParser$13
1823:             1             16  org.apache.solr.search.ValueSourceParser$14
1824:             1             16  org.apache.solr.search.ValueSourceParser$15
1825:             1             16  org.apache.solr.search.ValueSourceParser$16
1826:             1             16  org.apache.solr.search.ValueSourceParser$17
1827:             1             16  org.apache.solr.search.ValueSourceParser$18
1828:             1             16  org.apache.solr.search.ValueSourceParser$19
1829:             1             16  org.apache.solr.search.ValueSourceParser$2
1830:             1             16  org.apache.solr.search.ValueSourceParser$20
1831:             1             16  org.apache.solr.search.ValueSourceParser$21
1832:             1             16  org.apache.solr.search.ValueSourceParser$22
1833:             1             16  org.apache.solr.search.ValueSourceParser$23
1834:             1             16  org.apache.solr.search.ValueSourceParser$24
1835:             1             16  org.apache.solr.search.ValueSourceParser$25
1836:             1             16  org.apache.solr.search.ValueSourceParser$26
1837:             1             16  org.apache.solr.search.ValueSourceParser$27
1838:             1             16  org.apache.solr.search.ValueSourceParser$28
1839:             1             16  org.apache.solr.search.ValueSourceParser$29
1840:             1             16  org.apache.solr.search.ValueSourceParser$3
1841:             1             16  org.apache.solr.search.ValueSourceParser$30
1842:             1             16  org.apache.solr.search.ValueSourceParser$31
1843:             1             16  org.apache.solr.search.ValueSourceParser$32
1844:             1             16  org.apache.solr.search.ValueSourceParser$33
1845:             1             16  org.apache.solr.search.ValueSourceParser$34
1846:             1             16  org.apache.solr.search.ValueSourceParser$35
1847:             1             16  org.apache.solr.search.ValueSourceParser$36
1848:             1             16  org.apache.solr.search.ValueSourceParser$37
1849:             1             16  org.apache.solr.search.ValueSourceParser$38
1850:             1             16  org.apache.solr.search.ValueSourceParser$39
1851:             1             16  org.apache.solr.search.ValueSourceParser$4
1852:             1             16  org.apache.solr.search.ValueSourceParser$40
1853:             1             16  org.apache.solr.search.ValueSourceParser$41
1854:             1             16  org.apache.solr.search.ValueSourceParser$42
1855:             1             16  org.apache.solr.search.ValueSourceParser$43
1856:             1             16  org.apache.solr.search.ValueSourceParser$44
1857:             1             16  org.apache.solr.search.ValueSourceParser$45
1858:             1             16  org.apache.solr.search.ValueSourceParser$46
1859:             1             16  org.apache.solr.search.ValueSourceParser$47
1860:             1             16  org.apache.solr.search.ValueSourceParser$48
1861:             1             16  org.apache.solr.search.ValueSourceParser$49
1862:             1             16  org.apache.solr.search.ValueSourceParser$5
1863:             1             16  org.apache.solr.search.ValueSourceParser$50
1864:             1             16  org.apache.solr.search.ValueSourceParser$51
1865:             1             16  org.apache.solr.search.ValueSourceParser$52
1866:             1             16  org.apache.solr.search.ValueSourceParser$53
1867:             1             16  org.apache.solr.search.ValueSourceParser$54
1868:             1             16  org.apache.solr.search.ValueSourceParser$55
1869:             1             16  org.apache.solr.search.ValueSourceParser$56
1870:             1             16  org.apache.solr.search.ValueSourceParser$57
1871:             1             16  org.apache.solr.search.ValueSourceParser$58
1872:             1             16  org.apache.solr.search.ValueSourceParser$59
1873:             1             16  org.apache.solr.search.ValueSourceParser$6
1874:             1             16  org.apache.solr.search.ValueSourceParser$60
1875:             1             16  org.apache.solr.search.ValueSourceParser$61
1876:             1             16  org.apache.solr.search.ValueSourceParser$62
1877:             1             16  org.apache.solr.search.ValueSourceParser$63
1878:             1             16  org.apache.solr.search.ValueSourceParser$64
1879:             1             16  org.apache.solr.search.ValueSourceParser$65
1880:             1             16  org.apache.solr.search.ValueSourceParser$66
1881:             1             16  org.apache.solr.search.ValueSourceParser$67
1882:             1             16  org.apache.solr.search.ValueSourceParser$68
1883:             1             16  org.apache.solr.search.ValueSourceParser$69
1884:             1             16  org.apache.solr.search.ValueSourceParser$7
1885:             1             16  org.apache.solr.search.ValueSourceParser$70
1886:             1             16  org.apache.solr.search.ValueSourceParser$71
1887:             1             16  org.apache.solr.search.ValueSourceParser$72
1888:             1             16  org.apache.solr.search.ValueSourceParser$73
1889:             1             16  org.apache.solr.search.ValueSourceParser$74
1890:             1             16  org.apache.solr.search.ValueSourceParser$8
1891:             1             16  org.apache.solr.search.ValueSourceParser$9
1892:             1             16  org.apache.solr.search.function.distance.GeoDistValueSourceParser
1893:             1             16  org.apache.solr.search.grouping.endresulttransformer.MainEndResultTransformer
1894:             1             16  org.apache.solr.search.grouping.endresulttransformer.SimpleEndResultTransformer
1895:             1             16  org.apache.solr.search.join.BlockJoinChildQParserPlugin
1896:             1             16  org.apache.solr.search.join.BlockJoinParentQParserPlugin
1897:             1             16  org.apache.solr.search.mlt.MLTQParserPlugin
1898:             1             16  org.apache.solr.search.stats.LocalStatsCache
1899:             1             16  org.apache.solr.update.LoggingInfoStream
1900:             1             16  org.apache.solr.update.TransactionLog$1
1901:             1             16  org.apache.solr.update.processor.DistributedUpdateProcessorFactory
1902:             1             16  org.apache.solr.update.processor.RunUpdateProcessorFactory
1903:             1             16  org.apache.solr.util.EmptyEntityResolver$1
1904:             1             16  org.apache.solr.util.EmptyEntityResolver$2
1905:             1             16  org.apache.solr.util.stats.Clock$UserTimeClock
1906:             1             16  org.eclipse.jetty.deploy.bindings.StandardDeployer
1907:             1             16  org.eclipse.jetty.deploy.bindings.StandardStarter
1908:             1             16  org.eclipse.jetty.deploy.bindings.StandardStopper
1909:             1             16  org.eclipse.jetty.deploy.bindings.StandardUndeployer
1910:             1             16  org.eclipse.jetty.deploy.providers.ContextProvider$1
1911:             1             16  org.eclipse.jetty.deploy.providers.ScanningAppProvider$1
1912:             1             16  org.eclipse.jetty.http.HttpFields$1
1913:             1             16  org.eclipse.jetty.http.HttpFields$2
1914:             1             16  org.eclipse.jetty.http.MimeTypes
1915:             1             16  org.eclipse.jetty.security.DefaultAuthenticatorFactory
1916:             1             16  org.eclipse.jetty.security.SecurityHandler$1
1917:             1             16  org.eclipse.jetty.security.SecurityHandler$2
1918:             1             16  org.eclipse.jetty.security.SecurityHandler$3
1919:             1             16  org.eclipse.jetty.server.Authentication$1
1920:             1             16  org.eclipse.jetty.server.Authentication$2
1921:             1             16  org.eclipse.jetty.server.Authentication$3
1922:             1             16  org.eclipse.jetty.server.Authentication$4
1923:             1             16  org.eclipse.jetty.server.Authentication$5
1924:             1             16  org.eclipse.jetty.server.handler.ContextHandler$ApproveNonExistentDirectoryAliases
1925:             1             16  org.eclipse.jetty.server.session.AbstractSessionManager$1
1926:             1             16  org.eclipse.jetty.server.session.AbstractSessionManager$2
1927:             1             16  org.eclipse.jetty.servlet.listener.ELContextCleaner
1928:             1             16  org.eclipse.jetty.servlet.listener.IntrospectorCleaner
1929:             1             16  org.eclipse.jetty.start.FilenameComparator
1930:             1             16  org.eclipse.jetty.util.IO$ClosedIS
1931:             1             16  org.eclipse.jetty.util.IO$NullOS
1932:             1             16  org.eclipse.jetty.util.StringMap$NullEntry
1933:             1             16  org.eclipse.jetty.util.component.Container
1934:             1             16  org.eclipse.jetty.util.thread.QueuedThreadPool$3
1935:             1             16  org.eclipse.jetty.webapp.FragmentConfiguration
1936:             1             16  org.eclipse.jetty.webapp.JettyWebXmlConfiguration
1937:             1             16  org.eclipse.jetty.webapp.MetaInfConfiguration
1938:             1             16  org.eclipse.jetty.webapp.StandardDescriptorProcessor
1939:             1             16  org.eclipse.jetty.webapp.WebInfConfiguration
1940:             1             16  org.eclipse.jetty.webapp.WebXmlConfiguration
1941:             1             16  org.opensextant.solrtexttagger.TagClusterReducer$1
1942:             1             16  org.opensextant.solrtexttagger.TagClusterReducer$2
1943:             1             16  org.opensextant.solrtexttagger.TagClusterReducer$3
1944:             1             16  org.slf4j.helpers.NOPLoggerFactory
1945:             1             16  org.slf4j.helpers.SubstituteLoggerFactory
1946:             1             16  org.slf4j.impl.Log4jLoggerFactory
1947:             1             16  org.slf4j.impl.StaticLoggerBinder
1948:             1             16  sun.management.HotSpotDiagnostic
1949:             1             16  sun.misc.ASCIICaseInsensitiveComparator
1950:             1             16  sun.misc.FloatingDecimal$1
1951:             1             16  sun.misc.Launcher
1952:             1             16  sun.misc.Launcher$Factory
1953:             1             16  sun.misc.Perf
1954:             1             16  sun.misc.Unsafe
1955:             1             16  sun.net.DefaultProgressMeteringPolicy
1956:             1             16  sun.net.www.protocol.file.Handler
1957:             1             16  sun.net.www.protocol.jar.JarFileFactory
1958:             1             16  sun.nio.ch.Util$1
1959:             1             16  sun.nio.fs.LinuxFileSystemProvider
1960:             1             16  sun.reflect.GeneratedConstructorAccessor13
1961:             1             16  sun.reflect.GeneratedConstructorAccessor8
1962:             1             16  sun.reflect.GeneratedMethodAccessor1
1963:             1             16  sun.reflect.GeneratedMethodAccessor2
1964:             1             16  sun.reflect.GeneratedMethodAccessor3
1965:             1             16  sun.reflect.GeneratedMethodAccessor4
1966:             1             16  sun.reflect.GeneratedMethodAccessor5
1967:             1             16  sun.reflect.GeneratedMethodAccessor6
1968:             1             16  sun.reflect.ReflectionFactory
1969:             1             16  sun.reflect.generics.tree.BottomSignature
1970:             1             16  sun.security.rsa.RSAKeyFactory
1971:             1             16  sun.security.ssl.EphemeralKeyManager
1972:             1             16  sun.security.util.ByteArrayLexOrder
1973:             1             16  sun.security.util.ByteArrayTagOrder
1974:             1             16  sun.text.normalizer.NormalizerBase$Mode
1975:             1             16  sun.text.normalizer.NormalizerBase$NFCMode
1976:             1             16  sun.text.normalizer.NormalizerBase$NFDMode
1977:             1             16  sun.text.normalizer.NormalizerBase$NFKCMode
1978:             1             16  sun.text.normalizer.NormalizerBase$NFKDMode
1979:             1             16  sun.text.normalizer.NormalizerImpl
1980:             1             16  sun.text.normalizer.NormalizerImpl$AuxTrieImpl
1981:             1             16  sun.text.normalizer.NormalizerImpl$FCDTrieImpl
1982:             1             16  sun.text.normalizer.NormalizerImpl$NormTrieImpl
1983:             1             16  sun.text.normalizer.ReplaceableString
1984:             1             16  sun.util.calendar.Gregorian
1985:             1             16  sun.util.locale.provider.AuxLocaleProviderAdapter$NullProvider
1986:             1             16  sun.util.locale.provider.CalendarDataUtility$CalendarWeekParameterGetter
1987:             1             16  sun.util.locale.provider.SPILocaleProviderAdapter
1988:             1             16  sun.util.resources.LocaleData
1989:             1             16  sun.util.resources.LocaleData$LocaleDataResourceBundleControl
Total      31562821     3744524144

 num     #instances         #bytes  class name
----------------------------------------------
   1:         41261     1416342288  [B
   2:      13161029     1322779216  [C
   3:      13160471      315851304  java.lang.String
   4:          4375      237934688  [I
   5:          6623       83952280  [Ljava.lang.Object;
   6:         22683       36955392  [J
   7:         20353         814120  org.apache.lucene.util.packed.Packed64
   8:          5037         567440  java.lang.Class
   9:         11408         365056  java.util.HashMap$Node
  10:          2660         292384  [Ljava.util.HashMap$Node;
  11:          3988         287136  org.apache.lucene.util.fst.FST$Arc
  12:          7346         235072  java.util.concurrent.ConcurrentHashMap$Node
  13:          3395         162960  java.util.HashMap
  14:            35         138384  [S
  15:            24         127808  [[B
  16:          4231         101544  org.apache.lucene.util.BytesRef
  17:            66         101256  [Lorg.apache.lucene.util.packed.PackedInts$Reader;
  18:          3149         100768  org.apache.lucene.util.WeakIdentityMap$IdentityWeakReference
  19:            17          99656  [F
  20:          3880          93120  java.util.ArrayList
  21:          2161          86440  org.tartarus.snowball.Among
  22:          1676          67040  java.util.LinkedHashMap$Entry
  23:           104          63008  [Ljava.util.concurrent.ConcurrentHashMap$Node;
  24:          1571          62840  org.apache.lucene.document.FieldType
  25:          3726          59616  java.lang.Object
  26:          2405          57720  org.apache.lucene.util.packed.Direct8
  27:          1802          57664  java.util.Hashtable$Entry
  28:          1369          54760  java.util.TreeMap$Entry
  29:          1542          49344  org.apache.lucene.document.Field
  30:          1542          49344  org.apache.lucene.document.LazyDocument$LazyField
  31:          2005          48120  org.apache.lucene.util.packed.Packed64SingleBlock$Packed64SingleBlock4
  32:           511          43696  [Ljava.util.WeakHashMap$Entry;
  33:           155          43488  [[C
  34:          1751          42024  java.util.concurrent.ConcurrentSkipListMap$Node
  35:          1650          39600  java.lang.Long
  36:            96          39480  [Lorg.apache.lucene.util.fst.FST$Arc;
  37:           466          35664  [Ljava.lang.String;
  38:          1393          33432  java.lang.Double
  39:           824          32960  java.util.WeakHashMap$Entry
  40:           498          31872  java.nio.DirectByteBufferR
  41:           782          31280  com.sun.org.apache.xerces.internal.dom.TextImpl
  42:           778          31120  com.sun.org.apache.xerces.internal.dom.DeferredTextImpl
  43:           937          29984  java.lang.ref.WeakReference
  44:           698          27920  java.lang.ref.SoftReference
  45:           862          27584  sun.security.util.DerInputBuffer
  46:           862          27584  sun.security.util.DerValue
  47:           677          27080  java.math.BigInteger
  48:           241          25064  org.apache.lucene.util.fst.FST
  49:           508          24384  java.util.WeakHashMap
  50:           716          22912  java.lang.ThreadLocal$ThreadLocalMap$Entry
  51:           477          22896  org.apache.lucene.index.FieldInfo
  52:           354          22656  java.net.URL
  53:           291          20952  com.sun.org.apache.xerces.internal.dom.DeferredElementNSImpl
  54:           649          20768  java.util.Collections$UnmodifiableMap
  55:           862          20688  sun.security.util.DerInputStream
  56:           857          20568  [Lsun.security.x509.AVA;
  57:           857          20568  sun.security.x509.AVA
  58:           857          20568  sun.security.x509.RDN
  59:           609          19488  java.lang.ref.ReferenceQueue
  60:           303          19392  com.sun.org.apache.xerces.internal.dom.ElementNSImpl
  61:           288          18432  org.apache.lucene.store.ByteBufferIndexInput$SingleBufferImpl
  62:           208          18304  org.apache.lucene.codecs.blocktree.FieldReader
  63:           226          18080  java.lang.reflect.Constructor
  64:            74          17744  [Ljava.util.Hashtable$Entry;
  65:           352          16896  com.sun.org.apache.xerces.internal.dom.AttrNSImpl
  66:           514          16448  org.apache.lucene.document.LazyDocument
  67:           341          16368  com.sun.org.apache.xerces.internal.dom.DeferredAttrNSImpl
  68:          1023          16368  java.lang.Integer
  69:           670          16080  java.util.concurrent.ConcurrentSkipListMap$Index
  70:           251          16064  java.util.concurrent.ConcurrentHashMap
  71:           385          15400  java.lang.ref.Finalizer
  72:           236          15104  org.apache.lucene.codecs.compressing.CompressingStoredFieldsReader
  73:           236          15104  org.eclipse.jetty.io.BufferCache$CachedBuffer
  74:           377          15080  org.eclipse.jetty.util.StringMap$Node
  75:           471          15072  sun.security.util.ObjectIdentifier
  76:           571          13704  com.sun.org.apache.xerces.internal.dom.AttributeMap
  77:           239          13384  java.util.LinkedHashMap
  78:           237          13272  java.lang.Package
  79:           236          13216  org.apache.lucene.codecs.compressing.CompressingStoredFieldsReader$BlockState
  80:           540          12960  java.util.concurrent.atomic.AtomicLong
  81:           794          12704  java.util.HashSet
  82:           130          11440  [Lorg.eclipse.jetty.util.StringMap$Node;
  83:           119          11424  java.util.jar.JarFile$JarFileEntry
  84:           232          11136  java.util.TreeMap
  85:           341          10912  sun.misc.FDBigInteger
  86:           261          10440  org.eclipse.jetty.xml.XmlParser$Node
  87:           184          10304  org.eclipse.jetty.io.ByteArrayBuffer
  88:            91          10216  [Lorg.tartarus.snowball.Among;
  89:           211          10128  sun.security.x509.X500Name
  90:           104           9984  org.apache.lucene.index.SegmentCommitInfo
  91:            39           9840  [Ljava.lang.ThreadLocal$ThreadLocalMap$Entry;
  92:           611           9776  java.lang.ref.ReferenceQueue$Lock
  93:           241           9640  org.apache.lucene.util.fst.BytesStore
  94:           298           9536  sun.security.x509.AlgorithmId
  95:            25           9400  java.lang.Thread
  96:           292           9344  org.apache.lucene.util.Version
  97:           158           8848  sun.nio.cs.UTF_8$Encoder
  98:           209           8360  com.sun.org.apache.xerces.internal.dom.CommentImpl
  99:           209           8360  com.sun.org.apache.xerces.internal.dom.DeferredCommentImpl
 100:           521           8336  org.apache.lucene.document.Document
 101:           124           7936  java.util.jar.JarFile
 102:            99           7920  sun.security.x509.X509CertImpl
 103:           313           7512  java.util.LinkedList$Node
 104:           211           7344  [Lsun.security.x509.RDN;
 105:           458           7328  java.util.concurrent.atomic.AtomicInteger
 106:           288           6912  [Ljava.nio.ByteBuffer;
 107:           117           6880  [Z
 108:            75           6600  java.lang.reflect.Method
 109:           164           6560  org.apache.log4j.Logger
 110:           200           6400  com.sun.org.apache.xerces.internal.xni.QName
 111:           133           6384  java.util.zip.Inflater
 112:           133           6384  org.apache.lucene.index.LeafReaderContext
 113:           133           6384  sun.misc.URLClassPath$JarLoader
 114:           256           6144  org.apache.solr.update.VersionBucket
 115:            99           5544  sun.security.util.MemoryCache$SoftCacheEntry
 116:            99           5544  sun.security.x509.X509CertInfo
 117:           230           5520  org.apache.lucene.util.packed.Packed64SingleBlock$Packed64SingleBlock2
 118:           169           5408  java.util.LinkedList
 119:           223           5352  java.security.Provider$ServiceKey
 120:            95           5320  java.security.Provider$Service
 121:           221           5304  org.apache.log4j.CategoryKey
 122:           212           5088  java.util.Date
 123:           211           5064  org.apache.lucene.index.IndexFileDeleter$RefCount
 124:           202           4848  java.util.Collections$SynchronizedSet
 125:           210           4696  [Ljava.lang.Class;
 126:           140           4480  java.util.zip.ZipCoder
 127:           276           4416  java.lang.ThreadLocal
 128:           273           4368  java.lang.Byte
 129:           181           4344  java.lang.Class$AnnotationData
 130:            90           4320  org.apache.solr.util.stats.EWMA
 131:           259           4184  [Lorg.eclipse.jetty.xml.XmlParser$Attribute;
 132:             1           4112  [Lcom.sun.org.apache.xpath.internal.objects.XObject;
 133:           256           4096  java.lang.Short
 134:           251           4016  java.util.HashMap$EntrySet
 135:            26           3952  [Lorg.apache.lucene.util.packed.PackedInts$Decoder;
 136:            26           3952  [Lorg.apache.lucene.util.packed.PackedInts$Encoder;
 137:           162           3888  org.slf4j.impl.Log4jLoggerAdapter
 138:            97           3880  org.apache.solr.analysis.TokenizerChain
 139:            94           3760  sun.security.rsa.RSAPublicKeyImpl
 140:           112           3584  java.io.FileDescriptor
 141:            63           3528  java.lang.invoke.MemberName
 142:            62           3472  java.beans.MethodDescriptor
 143:            56           3360  [Ljava.lang.ref.SoftReference;
 144:           140           3360  java.util.ArrayDeque
 145:            45           3240  org.apache.solr.schema.TextField
 146:           133           3192  java.util.zip.ZStreamRef
 147:           132           3168  java.util.jar.Attributes$Name
 148:            78           3120  sun.misc.Cleaner
 149:            78           3120  sun.nio.ch.FileChannelImpl$Unmapper
 150:            96           3072  java.util.concurrent.locks.ReentrantLock$NonfairSync
 151:           127           3048  org.apache.lucene.util.CloseableThreadLocal
 152:            95           3040  java.util.Collections$SynchronizedMap
 153:            16           2944  org.eclipse.jetty.server.Request
 154:            52           2912  org.apache.lucene.index.SegmentInfo
 155:           179           2864  org.apache.solr.common.util.NamedList
 156:            10           2848  [Lcom.sun.org.apache.xerces.internal.xni.QName;
 157:            71           2840  org.apache.solr.schema.SchemaField
 158:           118           2832  java.beans.MethodRef
 159:            50           2800  org.eclipse.jetty.io.ByteArrayBuffer$CaseInsensitive
 160:            86           2752  sun.security.x509.BasicConstraintsExtension
 161:            83           2656  com.sun.org.apache.xerces.internal.util.SymbolTable$Entry
 162:            97           2648  [Lorg.apache.lucene.analysis.util.TokenFilterFactory;
 163:           108           2592  sun.reflect.NativeConstructorAccessorImpl
 164:           161           2576  java.util.HashMap$Values
 165:            64           2560  org.apache.solr.core.PluginInfo
 166:            53           2544  org.eclipse.jetty.util.resource.FileResource
 167:            79           2528  java.io.File
 168:            79           2528  sun.security.x509.SubjectKeyIdentifierExtension
 169:            78           2496  java.lang.invoke.LambdaForm$Name
 170:           153           2448  java.util.HashMap$KeySet
 171:            60           2400  java.security.ProtectionDomain
 172:            50           2400  java.util.Hashtable
 173:            50           2400  org.apache.lucene.analysis.util.CharArrayMap
 174:            99           2376  sun.security.util.BitArray
 175:            99           2376  sun.security.util.Cache$EqualByteArray
 176:            99           2376  sun.security.x509.CertificateValidity
 177:            74           2368  sun.security.x509.KeyUsageExtension
 178:            98           2352  org.eclipse.jetty.webapp.MetaData$OriginInfo
 179:             2           2256  [Lorg.eclipse.jetty.http.HttpStatus$Code;
 180:            20           2240  java.net.SocksSocketImpl
 181:            11           2200  [[Ljava.lang.Object;
 182:           131           2096  java.util.LinkedHashSet
 183:            87           2088  sun.security.x509.CertificateExtensions
 184:            38           2064  [D
 185:             1           2048  [Lorg.eclipse.jetty.http.HttpGenerator$Status;
 186:           128           2048  java.lang.Character
 187:           128           2048  java.util.WeakHashMap$KeySet
 188:            85           2040  java.util.Collections$SetFromMap
 189:            28           2016  java.beans.PropertyDescriptor
 190:            84           2016  java.security.Provider$UString
 191:            28           2016  org.apache.lucene.index.SegmentReader
 192:            83           1992  java.util.Collections$SingletonList
 193:            64           1952  [Ljava.security.cert.Certificate;
 194:            60           1920  java.security.CodeSource
 195:            40           1920  org.apache.lucene.util.packed.BulkOperationPacked
 196:            78           1872  org.apache.lucene.util.WeakIdentityMap
 197:            39           1872  sun.util.locale.LocaleObjectCache$CacheEntry
 198:            46           1840  sun.security.ec.NamedCurve
 199:            57           1824  org.apache.log4j.ProvisionNode
 200:            75           1800  org.eclipse.jetty.http.HttpFields$Field
 201:            32           1792  org.eclipse.jetty.io.View$CaseInsensitive
 202:           112           1792  sun.security.x509.KeyIdentifier
 203:           110           1760  sun.reflect.DelegatingConstructorAccessorImpl
 204:           110           1760  sun.security.x509.SerialNumber
 205:            31           1736  org.eclipse.jetty.io.View
 206:            54           1728  java.util.Vector
 207:            24           1728  java.util.regex.Pattern
 208:            17           1712  [[I
 209:            71           1704  org.apache.lucene.util.CharsRef
 210:            53           1696  org.apache.lucene.index.FieldInfos
 211:            21           1680  java.net.URI
 212:           105           1680  java.util.jar.Attributes
 213:            30           1680  org.apache.solr.util.stats.ExponentiallyDecayingSample
 214:            30           1680  org.apache.solr.util.stats.Meter
 215:            16           1664  org.eclipse.jetty.server.BlockingHttpConnection
 216:            41           1640  java.io.ObjectStreamField
 217:            41           1640  java.lang.invoke.MethodType
 218:            40           1600  org.apache.lucene.analysis.core.StopFilterFactory
 219:            99           1584  sun.security.x509.CertificateAlgorithmId
 220:            99           1584  sun.security.x509.CertificateSerialNumber
 221:            99           1584  sun.security.x509.CertificateVersion
 222:            99           1584  sun.security.x509.CertificateX509Key
 223:            28           1568  java.lang.invoke.MethodTypeForm
 224:            14           1544  [[Ljava.lang.String;
 225:            64           1536  org.apache.lucene.uninverting.FieldCacheImpl$SortedDocValuesImpl$1
 226:            64           1536  org.apache.lucene.util.mutable.MutableValueStr
 227:            16           1536  org.eclipse.jetty.http.HttpParser
 228:            47           1504  org.eclipse.jetty.http.HttpStatus$Code
 229:             3           1480  [Ljava.lang.Integer;
 230:            46           1472  java.security.spec.EllipticCurve
 231:            26           1456  org.apache.lucene.codecs.memory.MemoryPostingsFormat$FSTTermsEnum
 232:            26           1456  org.apache.lucene.index.SegmentCoreReaders
 233:            26           1456  org.apache.lucene.util.fst.BytesRefFSTEnum
 234:            45           1440  java.io.FilePermission
 235:            45           1440  java.security.Permissions
 236:            30           1440  java.util.concurrent.ConcurrentSkipListMap
 237:            30           1440  java.util.concurrent.locks.ReentrantReadWriteLock$NonfairSync
 238:             2           1424  [Lcom.sun.org.apache.xerces.internal.util.SymbolTable$Entry;
 239:            44           1408  org.apache.solr.schema.StrFieldSource$1
 240:            16           1408  org.eclipse.jetty.http.HttpGenerator
 241:            15           1376  [Ljava.lang.Byte;
 242:             1           1376  [Lsun.misc.FDBigInteger;
 243:            43           1376  java.lang.invoke.MethodType$ConcurrentWeakInternSet$WeakEntry
 244:            34           1360  sun.security.x509.AuthorityKeyIdentifierExtension
 245:            24           1344  java.util.ResourceBundle$CacheKey
 246:            83           1328  java.util.concurrent.locks.ReentrantLock
 247:            41           1312  org.apache.lucene.store.ByteArrayDataInput
 248:             9           1296  [Ljava.lang.invoke.MethodHandle;
 249:             9           1296  java.text.DecimalFormat
 250:            54           1296  java.util.concurrent.CopyOnWriteArrayList
 251:            40           1280  java.util.regex.Pattern$Curly
 252:            16           1280  sun.net.www.protocol.jar.URLJarFile
 253:            79           1264  org.apache.lucene.util.BytesRefBuilder
 254:            39           1248  java.util.concurrent.ConcurrentSkipListMap$HeadIndex
 255:            39           1248  org.apache.lucene.analysis.standard.StandardTokenizerFactory
 256:            26           1248  org.apache.lucene.codecs.blocktree.BlockTreeTermsReader
 257:            26           1248  org.apache.lucene.codecs.memory.MemoryPostingsFormat$TermsReader
 258:            52           1248  org.apache.lucene.index.MultiDocsEnum$EnumWithSlice
 259:            26           1248  org.apache.lucene.index.ReadersAndUpdates
 260:            26           1248  org.apache.lucene.uninverting.UninvertingReader
 261:            31           1240  java.security.AccessControlContext
 262:            51           1224  java.security.spec.ECPoint
 263:            30           1200  org.apache.solr.util.stats.Histogram
 264:            38           1184  [Ljava.math.BigInteger;
 265:            49           1176  com.sun.org.apache.xerces.internal.util.XMLStringBuffer
 266:            24           1152  java.util.ResourceBundle$BundleReference
 267:            16           1152  org.apache.lucene.analysis.standard.StandardTokenizerImpl
 268:            16           1152  org.eclipse.jetty.http.HttpURI
 269:            46           1104  java.util.concurrent.ConcurrentLinkedQueue$Node
 270:            46           1104  org.eclipse.jetty.http.HttpGenerator$Status
 271:            68           1088  org.apache.lucene.util.CharsRefBuilder
 272:            45           1080  java.io.FilePermissionCollection
 273:            44           1056  com.sun.org.apache.xerces.internal.xni.XMLString
 274:            66           1056  org.eclipse.jetty.util.log.JettyAwareLogger
 275:            66           1056  org.eclipse.jetty.util.log.Slf4jLog
 276:             1           1040  [Lcom.sun.org.apache.xerces.internal.impl.dtd.models.ContentModelValidator;
 277:             1           1040  [Lcom.sun.org.apache.xerces.internal.impl.dv.DatatypeValidator;
 278:             1           1040  [Ljava.lang.Long;
 279:             1           1040  [Ljava.lang.Short;
 280:             1           1040  [Lorg.apache.solr.update.VersionBucket;
 281:             1           1040  [Lsun.text.normalizer.UnicodeSet;
 282:            26           1040  org.apache.lucene.codecs.compressing.CompressingStoredFieldsIndexReader
 283:            26           1040  org.apache.lucene.index.ExitableDirectoryReader$ExitableFilterAtomicReader
 284:            32           1024  java.util.Random
 285:            16           1024  org.apache.lucene.analysis.standard.StandardTokenizer
 286:            16           1024  org.eclipse.jetty.server.AsyncContinuation
 287:             8           1024  org.eclipse.jetty.servlet.ServletHolder
 288:            21           1008  java.lang.invoke.LambdaForm
 289:            25           1000  org.apache.solr.schema.FieldType$DefaultAnalyzer
 290:            60            960  [Ljava.security.Principal;
 291:            20            960  com.sun.org.apache.xerces.internal.util.XMLAttributesImpl$Attribute
 292:            60            960  java.security.ProtectionDomain$Key
 293:            30            960  java.security.Provider$EngineDescription
 294:            24            960  org.apache.solr.search.DocSlice
 295:            30            960  org.apache.solr.util.stats.Timer
 296:            39            936  java.lang.ThreadLocal$ThreadLocalMap
 297:            39            936  java.util.Currency
 298:            39            936  org.apache.lucene.analysis.core.LowerCaseFilterFactory
 299:            57            912  java.util.Collections$UnmodifiableCollection
 300:            38            912  java.util.regex.Pattern$5
 301:            26            896  [Ljava.lang.invoke.LambdaForm$Name;
 302:            14            896  org.apache.lucene.codecs.memory.MemoryPostingsFormat$FSTDocsEnum
 303:            28            896  org.apache.lucene.index.CodecReader$1
 304:            28            896  org.apache.lucene.index.CodecReader$2
 305:            28            896  org.apache.lucene.index.CodecReader$3
 306:            16            896  org.eclipse.jetty.server.Response
 307:            16            896  org.eclipse.jetty.server.bio.SocketConnector$ConnectorEndPoint
 308:            37            888  java.lang.invoke.LambdaForm$NamedFunction
 309:            37            888  java.net.InetAddress$InetAddressHolder
 310:             7            880  [Ljava.beans.MethodDescriptor;
 311:            55            880  java.util.TreeMap$Values
 312:            53            864  [Lorg.apache.lucene.analysis.util.CharFilterFactory;
 313:            18            864  java.util.Properties
 314:            53            848  org.apache.solr.common.util.SimpleOrderedMap
 315:            21            840  com.sun.org.apache.xerces.internal.impl.dtd.XMLSimpleType
 316:            35            840  java.net.Inet4Address
 317:            15            840  org.apache.lucene.analysis.miscellaneous.ASCIIFoldingFilter
 318:            26            832  org.apache.lucene.codecs.lucene50.ForUtil
 319:            26            832  org.apache.lucene.codecs.lucene50.Lucene50PostingsReader
 320:            26            832  org.apache.lucene.index.MultiTermsEnum$TermsEnumWithSlice
 321:            26            832  org.apache.lucene.index.SegmentCoreReaders$1
 322:            26            832  org.apache.lucene.index.SegmentCoreReaders$2
 323:            34            816  java.util.regex.Pattern$GroupHead
 324:            34            816  java.util.regex.Pattern$GroupTail
 325:            17            816  org.apache.lucene.analysis.tokenattributes.PackedTokenAttributeImpl
 326:            51            816  org.apache.lucene.analysis.util.CharArraySet
 327:            32            768  java.net.InetSocketAddress$InetSocketAddressHolder
 328:            16            768  java.net.SocketInputStream
 329:            16            768  java.net.SocketOutputStream
 330:            24            768  java.util.ResourceBundle$LoaderReference
 331:            32            768  org.apache.lucene.util.AttributeSource$State
 332:            32            768  org.apache.solr.schema.IndexSchema$DynamicField
 333:            32            768  org.eclipse.jetty.http.HttpFields
 334:            16            768  org.eclipse.jetty.util.StringMap
 335:            24            768  sun.security.x509.OIDMap$OIDInfo
 336:            19            760  sun.util.locale.BaseLocale$Key
 337:            31            744  java.util.concurrent.locks.ReentrantReadWriteLock
 338:            31            744  org.apache.solr.core.ConfigSolr$CfgProp
 339:            15            720  java.lang.management.PlatformComponent
 340:            15            720  org.eclipse.jetty.server.AbstractHttpConnection$Output
 341:             2            704  com.sun.org.apache.xerces.internal.impl.XMLNSDocumentScannerImpl
 342:            22            704  com.sun.org.apache.xerces.internal.util.AugmentationsImpl$SmallContainer
 343:            12            672  com.sun.org.apache.xerces.internal.dom.DeferredElementImpl
 344:             6            672  java.util.GregorianCalendar
 345:            28            672  java.util.regex.Pattern$Ctype
 346:            14            672  org.apache.lucene.util.packed.MonotonicLongValues
 347:            21            672  sun.security.x509.URIName
 348:            27            648  java.util.Collections$UnmodifiableRandomAccessList
 349:            27            648  org.apache.lucene.util.fst.ReverseBytesReader
 350:            27            648  org.apache.solr.schema.IndexSchema$DynamicReplacement$DynamicPattern$NameEndsWith
 351:             8            640  com.google.common.cache.LocalCache$Segment
 352:            20            640  java.util.RegularEnumSet
 353:            16            640  org.apache.solr.search.SolrReturnFields
 354:            18            632  [Ljava.security.ProtectionDomain;
 355:             3            624  [Ljava.lang.invoke.LambdaForm;
 356:            26            624  java.security.spec.ECFieldF2m
 357:            39            624  java.util.regex.Pattern$CharPropertyNames$1
 358:            26            624  org.apache.lucene.codecs.memory.MemoryPostingsFormat$1
 359:            26            624  org.apache.lucene.codecs.perfield.PerFieldPostingsFormat$FieldsReader
 360:            26            624  org.apache.lucene.index.ExitableDirectoryReader$ExitableFields
 361:            26            624  org.apache.lucene.index.ExitableDirectoryReader$ExitableTerms
 362:            26            624  org.apache.lucene.index.ExitableDirectoryReader$ExitableTermsEnum
 363:            26            624  org.apache.lucene.index.MultiDocsAndPositionsEnum$EnumWithSlice
 364:            26            624  org.apache.lucene.index.ReaderSlice
 365:            26            624  org.apache.lucene.util.fst.BytesRefFSTEnum$InputOutput
 366:            11            616  org.apache.solr.servlet.SolrRequestParsers$1
 367:            19            608  java.util.Locale
 368:            19            608  sun.util.locale.BaseLocale
 369:            15            600  org.apache.lucene.analysis.en.EnglishPossessiveFilter
 370:            37            592  sun.security.x509.GeneralName
 371:            18            576  java.net.Socket
 372:            12            576  java.nio.HeapByteBuffer
 373:             9            576  java.text.DecimalFormatSymbols
 374:            24            576  java.util.regex.Pattern$Start
 375:            18            576  org.eclipse.jetty.http.PathMap$Entry
 376:             8            576  sun.reflect.DelegatingClassLoader
 377:            18            576  sun.security.x509.DistributionPoint
 378:             6            576  sun.util.calendar.Gregorian$Date
 379:            14            560  org.apache.lucene.util.PagedBytes$Reader
 380:            10            560  sun.invoke.util.Wrapper
 381:            10            560  sun.util.calendar.ZoneInfo
 382:            17            544  com.sun.org.apache.xerces.internal.impl.dtd.XMLElementDecl
 383:            17            544  java.util.regex.Pattern$Branch
 384:            17            544  sun.security.x509.CRLDistributionPointsExtension
 385:             1            528  [Ljava.lang.Character;
 386:             1            528  [Ljava.util.TimerTask;
 387:            22            528  java.lang.StringBuilder
 388:            22            528  java.util.regex.Pattern$1
 389:            22            528  java.util.regex.Pattern$Slice
 390:            33            528  sun.security.x509.GeneralNames
 391:            13            520  org.apache.lucene.analysis.snowball.SnowballPorterFilterFactory
 392:            32            512  java.net.InetSocketAddress
 393:            32            512  org.apache.solr.common.params.MapSolrParams
 394:            16            512  org.eclipse.jetty.util.Utf8StringBuilder
 395:            21            504  org.eclipse.jetty.webapp.ClasspathPattern$Entry
 396:            21            504  sun.security.x509.AVAKeyword
 397:            31            496  java.lang.Float
 398:            31            496  java.util.concurrent.locks.ReentrantReadWriteLock$ReadLock
 399:            31            496  java.util.concurrent.locks.ReentrantReadWriteLock$Sync$ThreadLocalHoldCounter
 400:            31            496  java.util.concurrent.locks.ReentrantReadWriteLock$WriteLock
 401:             4            480  com.ctc.wstx.api.ReaderConfig
 402:            15            480  java.lang.StringCoding$StringEncoder
 403:            15            480  java.lang.invoke.DirectMethodHandle
 404:            12            480  java.util.IdentityHashMap
 405:            30            480  java.util.concurrent.atomic.AtomicReference
 406:            20            480  java.util.regex.Pattern$Single
 407:            15            480  org.eclipse.jetty.server.CookieCutter
 408:            10            480  sun.util.locale.provider.LocaleResources$ResourceReference
 409:            17            464  [Ljava.util.regex.Pattern$Node;
 410:            16            456  [Ljava.io.ObjectStreamField;
 411:             4            456  [Ljava.lang.ClassValue$Entry;
 412:            19            456  java.util.Locale$LocaleKey
 413:            14            448  com.sun.org.apache.xml.internal.dtm.ref.ExtendedType
 414:            14            448  org.apache.lucene.search.TermQuery
 415:            14            448  org.apache.lucene.uninverting.FieldCacheImpl$SortedDocValuesImpl
 416:            14            448  org.apache.lucene.util.packed.BulkOperationPackedSingleBlock
 417:            11            440  com.sun.org.apache.xerces.internal.dom.DeferredAttrImpl
 418:            11            440  org.apache.solr.request.SolrRequestInfo
 419:             1            432  [[[C
 420:            18            432  com.google.common.collect.RegularImmutableMap$TerminalEntry
 421:            18            432  java.text.DateFormat$Field
 422:             6            432  java.util.concurrent.ThreadPoolExecutor
 423:            18            432  java.util.concurrent.locks.AbstractQueuedSynchronizer$ConditionObject
 424:            18            432  org.apache.lucene.util.IntsRef
 425:            18            432  org.apache.solr.core.SolrConfig$SolrPluginInfo
 426:             9            432  org.apache.solr.response.SolrQueryResponse
 427:             2            416  [Lorg.apache.lucene.util.packed.BulkOperation;
 428:            26            416  org.apache.lucene.index.SegmentDocValues
 429:            13            416  org.apache.solr.servlet.SolrRequestParsers$HttpRequestContentStream
 430:            17            408  [Lorg.apache.lucene.util.AttributeSource$State;
 431:            17            408  org.apache.lucene.analysis.Analyzer$TokenStreamComponents
 432:             2            400  com.sun.org.apache.xerces.internal.dom.DeferredDocumentImpl
 433:             2            400  com.sun.org.apache.xerces.internal.impl.XMLDTDScannerImpl
 434:            25            400  java.util.Collections$UnmodifiableSet
 435:            10            400  sun.nio.cs.UTF_8$Decoder
 436:             1            392  org.apache.solr.core.CloserThread
 437:             1            392  org.eclipse.jetty.server.ShutdownMonitor
 438:             2            384  com.sun.org.apache.xerces.internal.parsers.XIncludeAwareParserConfiguration
 439:             1            384  java.lang.ref.Finalizer$FinalizerThread
 440:             6            384  java.nio.DirectByteBuffer
 441:            12            384  java.security.cert.PolicyQualifierInfo
 442:             6            384  java.text.DateFormatSymbols
 443:            12            384  java.util.Stack
 444:             1            384  java.util.TimerThread
 445:             1            384  java.util.logging.LogManager$Cleaner
 446:             8            384  java.util.logging.LogManager$LoggerWeakRef
 447:             1            384  org.eclipse.jetty.util.thread.ShutdownThread
 448:             1            376  java.lang.ref.Reference$ReferenceHandler
 449:             7            360  [Ljava.beans.PropertyDescriptor;
 450:             3            360  [Lorg.apache.lucene.index.MultiTermsEnum$TermsEnumWithSlice;
 451:             3            360  [Lorg.apache.lucene.queries.function.FunctionValues;
 452:             9            360  java.text.DigitList
 453:            15            360  org.apache.lucene.index.Term
 454:            15            360  org.eclipse.jetty.server.HttpInput
 455:            15            360  sun.misc.MetaIndex
 456:             2            352  com.sun.org.apache.xerces.internal.impl.dtd.XMLNSDTDValidator
 457:            22            352  com.sun.org.apache.xerces.internal.util.AugmentationsImpl
 458:             7            336  java.beans.BeanDescriptor
 459:             6            336  java.nio.DirectLongBufferU
 460:            14            336  java.util.concurrent.ConcurrentLinkedQueue
 461:            14            336  java.util.regex.Pattern$BitClass
 462:            14            336  org.apache.lucene.index.BitsSlice
 463:            14            336  org.apache.lucene.uninverting.FieldCacheImpl$CacheKey
 464:             6            336  org.apache.lucene.util.BytesRefHash
 465:            14            336  org.apache.solr.schema.CopyField
 466:             7            336  sun.misc.URLClassPath
 467:            21            336  sun.security.x509.DNSName
 468:            16            328  [Ljava.lang.management.PlatformComponent;
 469:            10            320  java.lang.OutOfMemoryError
 470:            20            320  java.security.spec.ECFieldFp
 471:            20            320  java.util.LinkedHashMap$LinkedValues
 472:            10            320  java.util.logging.LogManager$LogNode
 473:             4            320  org.apache.solr.schema.TrieDateField
 474:            10            320  sun.security.x509.CertificatePoliciesExtension
 475:            13            312  org.apache.log4j.Level
 476:            13            312  org.apache.lucene.search.BooleanClause
 477:            13            312  org.apache.solr.common.params.DefaultSolrParams
 478:             3            312  org.opensextant.solrtexttagger.TaggerRequestHandler$1
 479:            19            304  org.eclipse.jetty.util.AttributesMap
 480:             6            296  [Lcom.google.common.collect.RegularImmutableMap$LinkedEntry;
 481:             4            296  [Lsun.invoke.util.Wrapper;
 482:             1            296  org.eclipse.jetty.webapp.WebAppContext
 483:             7            288  [[S
 484:             9            288  java.lang.StackTraceElement
 485:            12            288  java.lang.invoke.SimpleMethodHandle
 486:             9            288  java.util.logging.Level
 487:            18            288  java.util.regex.Pattern$CharPropertyNames$4
 488:             9            288  jdk.internal.org.objectweb.asm.Type
 489:             4            288  org.apache.solr.handler.UpdateRequestHandler
 490:             4            288  org.apache.solr.handler.component.SearchHandler
 491:             9            288  sun.security.jca.ProviderConfig
 492:             9            288  sun.security.x509.NetscapeCertTypeExtension
 493:             7            280  com.sun.org.apache.xalan.internal.utils.XMLSecurityManager$Limit
 494:             7            280  com.sun.org.apache.xerces.internal.utils.XMLSecurityManager$Limit
 495:             7            280  java.beans.GenericBeanInfo
 496:             5            280  org.apache.lucene.analysis.synonym.SynonymFilterFactory
 497:             1            272  [Lcom.ctc.wstx.util.SymbolTable$Bucket;
 498:             2            272  com.sun.org.apache.xerces.internal.dom.DocumentImpl
 499:             1            272  com.sun.org.apache.xerces.internal.impl.dtd.DTDGrammar
 500:            17            272  java.util.regex.Pattern$BranchConn
 501:             3            264  java.util.jar.JarVerifier
 502:            11            264  org.apache.lucene.uninverting.UninvertingReader$Type
 503:            11            264  org.apache.lucene.util.packed.Direct16
 504:            11            264  sun.security.x509.Extension
 505:             3            256  [Lorg.apache.lucene.index.ReaderSlice;
 506:             2            256  com.google.common.cache.LocalCache
 507:             2            256  com.sun.org.apache.xerces.internal.impl.XMLEntityManager
 508:             4            256  java.text.SimpleDateFormat
 509:             8            256  org.apache.lucene.index.DocumentsWriterPerThreadPool$ThreadState
 510:            16            256  org.eclipse.jetty.server.AbstractHttpConnection$RequestHandler
 511:            16            256  sun.reflect.DelegatingMethodAccessorImpl
 512:             8            256  sun.security.x509.ExtendedKeyUsageExtension
 513:             8            248  [Ljava.lang.Boolean;
 514:            15            240  [Ljavax.servlet.http.Cookie;
 515:             2            240  [Lorg.apache.lucene.index.IndexReaderContext;
 516:             2            240  [Lorg.apache.lucene.index.LeafReader;
 517:             2            240  [Lorg.apache.lucene.index.MultiDocsEnum$EnumWithSlice;
 518:             2            240  com.sun.org.apache.xerces.internal.jaxp.SAXParserImpl$JAXPSAXParser
 519:            10            240  com.sun.xml.internal.stream.Entity$InternalEntity
 520:            10            240  java.lang.StringBuffer
 521:            10            240  java.nio.file.StandardOpenOption
 522:            10            240  java.security.CryptoPrimitive
 523:            10            240  java.util.Arrays$ArrayList
 524:             5            240  org.apache.lucene.analysis.miscellaneous.KeywordMarkerFilterFactory
 525:             6            240  org.apache.lucene.util.ByteBlockPool
 526:             3            240  org.apache.solr.schema.TrieDoubleField
 527:             3            240  org.apache.solr.schema.TrieLongField
 528:             3            240  org.apache.solr.search.LRUCache
 529:             3            240  org.eclipse.jetty.http.PathMap
 530:            15            240  org.opensextant.solrtexttagger.TaggingAttributeImpl
 531:             6            240  org.opensextant.solrtexttagger.ValueSourceAccessor
 532:             5            240  sun.nio.cs.StreamDecoder
 533:             5            240  sun.nio.cs.StreamEncoder
 534:            10            240  sun.reflect.NativeMethodAccessorImpl
 535:            10            240  sun.security.x509.PolicyInformation
 536:             7            224  java.io.FileInputStream
 537:             7            224  java.lang.ClassValue$Entry
 538:            14            224  org.apache.solr.common.params.MultiMapSolrParams
 539:             7            224  org.apache.solr.core.RequestHandlers$LazyRequestHandlerWrapper
 540:            14            224  sun.security.x509.CertificatePolicyId
 541:             9            216  java.util.logging.Level$KnownLevel
 542:             3            216  java.util.logging.Logger
 543:             9            216  org.apache.lucene.util.packed.Packed8ThreeBlocks
 544:             9            216  org.eclipse.jetty.servlet.ServletMapping
 545:             9            216  sun.util.logging.PlatformLogger$Level
 546:             1            208  org.apache.solr.update.SolrIndexWriter
 547:             2            208  sun.net.www.protocol.file.FileURLConnection
 548:             3            200  [Ljava.lang.Thread;
 549:             2            200  [Ljava.text.DateFormat$Field;
 550:             5            200  com.sun.org.apache.xerces.internal.impl.dtd.XMLEntityDecl
 551:             5            200  java.lang.ClassLoader$NativeLibrary
 552:             1            200  org.apache.solr.core.SolrCore
 553:             5            200  org.apache.solr.search.CacheConfig
 554:            12            192  com.sun.org.apache.xerces.internal.dom.DeferredDocumentImpl$RefCount
 555:             2            192  com.sun.org.apache.xerces.internal.impl.dtd.XMLDTDProcessor
 556:             6            192  com.sun.org.apache.xerces.internal.util.XMLResourceIdentifierImpl
 557:             3            192  java.lang.ClassValue$ClassValueMap
 558:             6            192  java.lang.invoke.LambdaForm$BasicType
 559:             8            192  java.lang.invoke.MethodHandleImpl$Intrinsic
 560:             8            192  java.math.RoundingMode
 561:             2            192  org.apache.http.impl.client.SystemDefaultHttpClient
 562:             4            192  org.apache.solr.common.util.JavaBinCodec
 563:             3            192  org.apache.solr.schema.StrField
 564:             3            192  org.apache.solr.search.LRUCache$1
 565:             6            192  org.apache.solr.util.stats.TimerContext
 566:             8            192  org.eclipse.jetty.deploy.graph.Edge
 567:             8            192  org.eclipse.jetty.servlet.ServletHolder$Config
 568:             3            192  sun.security.provider.NativePRNG$RandomIO
 569:             2            192  sun.security.provider.Sun
 570:             6            192  sun.security.util.MemoryCache
 571:             1            184  org.eclipse.jetty.server.bio.SocketConnector
 572:             1            184  org.eclipse.jetty.server.session.HashSessionManager
 573:             2            176  java.net.FactoryURLClassLoader
 574:            11            176  java.text.NumberFormat$Field
 575:            11            176  java.util.LinkedHashMap$LinkedEntrySet
 576:             8            168  [Ljava.security.CodeSigner;
 577:             1            168  [[Ljava.math.BigInteger;
 578:             7            168  com.sun.management.VMOption$Origin
 579:             7            168  com.sun.org.apache.xerces.internal.util.FeatureState
 580:             7            168  java.io.InputStreamReader
 581:             7            168  org.apache.commons.logging.impl.SLF4JLocationAwareLog
 582:             3            168  org.apache.lucene.index.SegmentInfos
 583:             7            168  org.apache.lucene.util.FixedBitSet
 584:             7            168  org.apache.solr.util.DefaultSolrThreadFactory
 585:             7            168  org.eclipse.jetty.webapp.Origin
 586:             7            168  org.eclipse.jetty.xml.XmlParser$Attribute
 587:             7            168  sun.reflect.generics.tree.SimpleClassTypeSignature
 588:             7            168  sun.security.x509.NetscapeCertTypeExtension$MapEntry
 589:             5            160  [Ljava.lang.invoke.LambdaForm$BasicType;
 590:             2            160  [Ljava.util.concurrent.RunnableScheduledFuture;
 591:             5            160  com.google.common.collect.RegularImmutableList
 592:             4            160  com.sun.org.apache.xerces.internal.dom.DeferredCDATASectionImpl
 593:             5            160  com.sun.org.apache.xpath.internal.objects.XNumber
 594:             5            160  java.io.FileOutputStream
 595:             5            160  java.security.AlgorithmParameters
 596:            10            160  java.util.Formatter$Flags
 597:             2            160  java.util.concurrent.ScheduledThreadPoolExecutor
 598:             4            160  org.apache.lucene.analysis.util.ElisionFilterFactory
 599:             5            160  org.apache.lucene.search.BooleanQuery
 600:             5            160  org.apache.solr.common.util.FastOutputStream
 601:             2            160  org.apache.solr.schema.TrieFloatField
 602:             2            160  org.apache.solr.schema.TrieIntField
 603:             5            160  org.apache.solr.search.SolrCacheBase$AutoWarmCountRef
 604:             4            160  org.apache.solr.util.ConcurrentLRUCache$Stats
 605:             4            160  org.apache.solr.util.DistanceUnits
 606:             4            160  sun.security.ec.ECPublicKeyImpl
 607:             5            160  sun.util.locale.provider.LocaleProviderAdapter$Type
 608:             1            152  org.apache.solr.core.SolrConfig
 609:             1            152  org.apache.solr.search.SolrIndexSearcher
 610:             4            144  [Lcom.sun.org.apache.xerces.internal.util.XMLAttributesImpl$Attribute;
 611:             3            144  [Ljava.util.Map;
 612:             1            144  [Ljava.util.Queue;
 613:             1            144  [Ljava.util.concurrent.ConcurrentMap;
 614:             1            144  [Lorg.apache.solr.core.ConfigSolr$CfgProp;
 615:             3            144  com.spatial4j.core.shape.impl.RectangleImpl
 616:             6            144  com.sun.org.apache.xerces.internal.util.Status
 617:             6            144  com.sun.org.apache.xml.internal.utils.NSInfo
 618:             2            144  java.lang.reflect.Field
 619:             6            144  java.util.Collections$SynchronizedRandomAccessList
 620:             3            144  java.util.concurrent.LinkedBlockingQueue
 621:             6            144  java.util.regex.Pattern$CharPropertyNames$2
 622:             2            144  org.apache.http.impl.conn.HttpConnPool
 623:             3            144  org.apache.lucene.analysis.miscellaneous.WordDelimiterFilterFactory
 624:             3            144  org.apache.lucene.analysis.synonym.SynonymFilter$PendingOutputs
 625:             6            144  org.apache.lucene.analysis.synonym.SynonymMap
 626:             6            144  org.apache.lucene.index.DocValuesType
 627:             6            144  org.apache.lucene.util.BytesRefHash$DirectBytesStartArray
 628:             6            144  org.apache.lucene.util.Counter$SerialCounter
 629:             2            144  org.apache.solr.handler.admin.SystemInfoHandler
 630:             1            144  org.apache.solr.update.UpdateLog
 631:             1            144  org.eclipse.jetty.servlet.ServletHandler
 632:             6            144  org.eclipse.jetty.util.component.AggregateLifeCycle$Bean
 633:             3            144  org.opensextant.solrtexttagger.TagLL
 634:             6            144  sun.misc.PerfCounter
 635:             6            144  sun.security.ssl.ProtocolVersion
 636:             6            144  sun.security.util.DisabledAlgorithmConstraints$KeySizeConstraint$Operator
 637:             3            136  [Lcom.sun.org.apache.xerces.internal.utils.XMLSecurityManager$State;
 638:             2            136  [Lorg.apache.lucene.index.Fields;
 639:             2            136  [Lorg.apache.lucene.index.Terms;
 640:             1            136  [Lorg.apache.solr.schema.IndexSchema$DynamicField;
 641:             1            136  org.apache.lucene.index.DocumentsWriterFlushControl
 642:             4            128  [Lcom.sun.org.apache.xerces.internal.impl.XMLEntityManager$CharacterBuffer;
 643:             4            128  com.ctc.wstx.stax.WstxInputFactory
 644:             4            128  com.sun.org.apache.xerces.internal.jaxp.SAXParserFactoryImpl
 645:             2            128  java.io.ExpiringCache$1
 646:             2            128  java.security.SecureRandom
 647:             8            128  java.util.concurrent.atomic.AtomicReferenceArray
 648:             8            128  java.util.regex.Pattern$CharPropertyNames$3
 649:             4            128  org.apache.http.conn.scheme.Scheme
 650:             4            128  org.apache.log4j.helpers.PatternParser$LiteralPatternConverter
 651:             4            128  org.apache.lucene.store.IOContext
 652:             2            128  org.apache.solr.handler.admin.LoggingHandler
 653:             2            128  org.apache.solr.handler.admin.PropertiesRequestHandler
 654:             2            128  org.apache.solr.handler.admin.ThreadDumpHandler
 655:             1            128  org.eclipse.jetty.util.BlockingArrayQueue
 656:             2            128  sun.nio.ch.FileChannelImpl
 657:             4            128  sun.nio.fs.UnixPath
 658:             3            120  [Ljava.lang.invoke.BoundMethodHandle$SpeciesData;
 659:             4            120  [Ljava.lang.invoke.LambdaForm$NamedFunction;
 660:             1            120  [Lorg.apache.lucene.index.DocsEnum;
 661:             1            120  [Lorg.apache.lucene.index.MultiDocsAndPositionsEnum$EnumWithSlice;
 662:             1            120  [Lorg.apache.lucene.index.SegmentReader;
 663:             1            120  [Lorg.apache.lucene.util.Bits;
 664:             3            120  com.google.common.collect.RegularImmutableMap
 665:             5            120  com.sun.org.apache.xalan.internal.utils.FeaturePropertyBase$State
 666:             5            120  com.sun.org.apache.xalan.internal.utils.XMLSecurityManager$State
 667:             3            120  com.sun.org.apache.xerces.internal.impl.dtd.XMLDTDDescription
 668:             5            120  com.sun.org.apache.xerces.internal.util.PropertyState
 669:             3            120  com.sun.org.apache.xerces.internal.utils.XMLLimitAnalyzer
 670:             5            120  com.sun.org.apache.xerces.internal.utils.XMLSecurityManager$State
 671:             5            120  com.sun.org.apache.xerces.internal.utils.XMLSecurityPropertyManager$State
 672:             5            120  java.util.regex.Pattern$Category
 673:             3            120  javax.net.ssl.SSLParameters
 674:             5            120  javax.servlet.DispatcherType
 675:             5            120  javax.xml.namespace.QName
 676:             5            120  org.apache.lucene.analysis.core.KeywordTokenizerFactory
 677:             5            120  org.apache.lucene.analysis.core.WhitespaceTokenizerFactory
 678:             1            120  org.apache.lucene.analysis.synonym.SynonymFilter
 679:             5            120  org.apache.lucene.index.IndexOptions
 680:             1            120  org.apache.solr.handler.ReplicationHandler
 681:             5            120  org.apache.solr.schema.TrieField$TrieTypes
 682:             5            120  sun.misc.FloatingDecimal$PreparedASCIIToBinaryBuffer
 683:             5            120  sun.security.jca.ServiceId
 684:             5            120  sun.security.provider.certpath.X509CertPath
 685:             2            112  [Ljava.nio.file.StandardOpenOption;
 686:             2            112  [Ljava.security.CryptoPrimitive;
 687:             7            112  [Lsun.reflect.generics.tree.TypeArgument;
 688:             2            112  com.sun.org.apache.xerces.internal.impl.XMLEntityScanner
 689:             2            112  com.sun.org.apache.xerces.internal.jaxp.SAXParserImpl
 690:             7            112  java.util.TreeMap$KeySet
 691:             7            112  org.apache.lucene.codecs.lucene40.Lucene40CompoundFormat
 692:             7            112  org.apache.lucene.codecs.lucene40.Lucene40LiveDocsFormat
 693:             1            112  org.apache.solr.schema.IndexSchema
 694:             2            112  org.apache.solr.search.FastLRUCache
 695:             2            112  org.apache.solr.update.CommitTracker
 696:             1            112  org.apache.solr.update.DirectUpdateHandler2
 697:             2            112  org.apache.solr.util.ConcurrentLRUCache
 698:             7            112  org.eclipse.jetty.deploy.graph.Node
 699:             2            112  org.eclipse.jetty.io.PooledBuffers
 700:             1            112  org.eclipse.jetty.security.ConstraintSecurityHandler
 701:             7            112  sun.reflect.generics.tree.ClassTypeSignature
 702:             1            104  org.apache.lucene.index.IndexWriterConfig
 703:             1            104  org.apache.solr.schema.BBoxField
 704:             1            104  org.apache.solr.schema.SpatialRecursivePrefixTreeFieldType
 705:             1            104  org.eclipse.jetty.util.thread.QueuedThreadPool
 706:             1            104  org.eclipse.jetty.webapp.WebAppClassLoader
 707:             2             96  [Lcom.google.common.cache.LocalCache$EntryFactory;
 708:             1             96  [Ljava.lang.invoke.MethodType;
 709:             2             96  [Lorg.apache.lucene.index.DocumentsWriterPerThreadPool$ThreadState;
 710:             3             96  com.spatial4j.core.context.SpatialContext
 711:             1             96  com.sun.net.ssl.internal.ssl.Provider
 712:             3             96  com.sun.org.apache.xalan.internal.utils.XMLSecurityManager$NameMap
 713:             3             96  com.sun.org.apache.xerces.internal.dom.NodeListCache
 714:             2             96  com.sun.org.apache.xerces.internal.impl.XMLDocumentFragmentScannerImpl$ElementStack
 715:             2             96  com.sun.org.apache.xerces.internal.util.XMLAttributesIteratorImpl
 716:             3             96  com.sun.org.apache.xerces.internal.utils.XMLSecurityManager$NameMap
 717:             4             96  java.io.OutputStreamWriter
 718:             4             96  java.lang.RuntimePermission
 719:             2             96  java.lang.ThreadGroup
 720:             2             96  java.nio.HeapCharBuffer
 721:             4             96  java.text.EntryPair
 722:             4             96  java.text.Normalizer$Form
 723:             6             96  java.util.TreeSet
 724:             3             96  java.util.concurrent.SynchronousQueue
 725:             3             96  java.util.concurrent.atomic.AtomicReferenceFieldUpdater$AtomicReferenceFieldUpdaterImpl
 726:             3             96  java.util.concurrent.locks.AbstractQueuedSynchronizer$Node
 727:             3             96  java.util.concurrent.locks.ReentrantLock$FairSync
 728:             6             96  java.util.regex.Pattern$Dot
 729:             1             96  org.apache.http.impl.client.DefaultHttpClient
 730:             4             96  org.apache.lucene.analysis.en.EnglishPossessiveFilterFactory
 731:             4             96  org.apache.lucene.analysis.en.PorterStemFilterFactory
 732:             3             96  org.apache.lucene.analysis.synonym.SynonymFilter$PendingInput
 733:             6             96  org.apache.lucene.codecs.lucene41.Lucene41StoredFieldsFormat
 734:             4             96  org.apache.lucene.store.IOContext$Context
 735:             6             96  org.apache.lucene.util.ByteBlockPool$DirectAllocator
 736:             4             96  org.apache.lucene.util.RamUsageEstimator$JvmFeature
 737:             4             96  org.apache.lucene.util.packed.Direct32
 738:             4             96  org.apache.lucene.util.packed.Packed64SingleBlock$Packed64SingleBlock1
 739:             1             96  org.apache.solr.core.CoreContainer
 740:             4             96  org.apache.solr.core.SolrConfig$PluginOpts
 741:             2             96  org.apache.solr.core.SolrResourceLoader
 742:             2             96  org.apache.solr.handler.component.QueryElevationComponent$ElevationObj
 743:             4             96  org.apache.solr.handler.loader.XMLLoader
 744:             3             96  org.apache.solr.response.BinaryResponseWriter$Resolver
 745:             4             96  org.apache.solr.schema.IndexSchema$DynamicReplacement$DynamicPattern$NameEquals
 746:             1             96  org.apache.solr.schema.PointType
 747:             3             96  org.apache.solr.search.LRUCache$CumulativeStats
 748:             4             96  org.apache.solr.search.SolrCache$State
 749:             4             96  org.apache.solr.servlet.cache.Method
 750:             4             96  org.apache.solr.update.UpdateLog$State
 751:             1             96  org.eclipse.jetty.server.Server
 752:             4             96  org.eclipse.jetty.servlet.Holder$Source
 753:             1             96  org.eclipse.jetty.util.Scanner
 754:             3             96  org.eclipse.jetty.util.statistic.SampleStatistic
 755:             4             96  org.noggit.CharArr
 756:             1             96  sun.misc.Launcher$AppClassLoader
 757:             1             96  sun.net.www.protocol.jar.URLJarFile$URLJarFileEntry
 758:             1             96  sun.security.ec.SunEC
 759:             1             96  sun.security.jca.ProviderList$1
 760:             1             96  sun.security.rsa.SunRsaSign
 761:             3             96  sun.security.x509.SubjectAlternativeNameExtension
 762:             2             96  sun.text.normalizer.CharTrie
 763:             2             88  [Lcom.sun.org.apache.xalan.internal.utils.XMLSecurityManager$State;
 764:             3             88  [Lcom.sun.org.apache.xerces.internal.utils.XMLSecurityPropertyManager$State;
 765:             1             88  [Lsun.security.util.ObjectIdentifier;
 766:             1             88  [[Ljava.lang.Byte;
 767:             1             88  org.apache.log4j.RollingFileAppender
 768:             1             88  org.apache.solr.schema.CurrencyField
 769:             1             88  org.apache.solr.schema.LatLonType
 770:             1             88  org.eclipse.jetty.http.HttpBuffersImpl
 771:             1             88  org.eclipse.jetty.io.BufferDateCache
 772:             1             88  org.eclipse.jetty.servlet.FilterHolder
 773:             1             88  org.eclipse.jetty.start.Classpath$Loader
 774:             1             88  sun.misc.Launcher$ExtClassLoader
 775:             1             80  [[Z
 776:             2             80  com.ctc.wstx.util.SymbolTable
 777:             2             80  com.google.common.collect.SingletonImmutableBiMap
 778:             2             80  com.sun.org.apache.xerces.internal.impl.XMLDocumentFragmentScannerImpl$ElementStack2
 779:             2             80  com.sun.org.apache.xerces.internal.impl.XMLEntityManager$CharacterBufferPool
 780:             2             80  com.sun.org.apache.xerces.internal.impl.XMLErrorReporter
 781:             2             80  com.sun.org.apache.xerces.internal.impl.XMLVersionDetector
 782:             2             80  com.sun.org.apache.xerces.internal.impl.validation.ValidationState
 783:             2             80  com.sun.org.apache.xerces.internal.util.XMLAttributesImpl
 784:             2             80  com.sun.org.apache.xerces.internal.utils.XMLSecurityManager
 785:             2             80  com.sun.xml.internal.stream.XMLEntityStorage
 786:             2             80  java.io.BufferedWriter
 787:             2             80  java.io.ExpiringCache
 788:             2             80  java.io.PrintWriter
 789:             2             80  java.lang.invoke.BoundMethodHandle$SpeciesData
 790:             2             80  java.lang.invoke.DirectMethodHandle$Constructor
 791:             2             80  java.util.Locale$Category
 792:             2             80  java.util.PropertyResourceBundle
 793:             2             80  java.util.regex.Pattern$Loop
 794:             2             80  org.apache.log4j.helpers.CountingQuietWriter
 795:             2             80  org.apache.lucene.analysis.path.PathHierarchyTokenizerFactory
 796:             5             80  org.apache.lucene.codecs.lucene42.Lucene42TermVectorsFormat
 797:             2             80  org.apache.lucene.index.CompositeReaderContext
 798:             1             80  org.apache.lucene.index.TieredMergePolicy
 799:             2             80  org.apache.lucene.store.NRTCachingDirectory
 800:             2             80  org.apache.solr.core.CachingDirectoryFactory$CacheValue
 801:             1             80  org.apache.solr.core.JmxMonitoredMap
 802:             1             80  org.apache.solr.handler.admin.InfoHandler
 803:             1             80  org.apache.solr.update.TransactionLog
 804:             1             80  org.eclipse.jetty.deploy.DeploymentManager
 805:             1             80  org.eclipse.jetty.deploy.providers.ContextProvider
 806:             1             80  org.eclipse.jetty.servlet.ErrorPageErrorHandler
 807:             2             80  org.eclipse.jetty.xml.XmlParser
 808:             2             80  sun.misc.FloatingDecimal$BinaryToASCIIBuffer
 809:             1             72  [Lcom.sun.org.apache.xml.internal.dtm.ref.ExtendedType;
 810:             3             72  [Lorg.apache.lucene.util.CharsRefBuilder;
 811:             3             72  [Lorg.opensextant.solrtexttagger.TagLL;
 812:             2             72  [Lsun.security.jca.ProviderConfig;
 813:             3             72  com.sun.org.apache.xerces.internal.impl.dtd.XMLAttributeDecl
 814:             3             72  java.lang.ClassValue$Version
 815:             3             72  java.security.CodeSigner
 816:             3             72  java.util.Base64$Encoder
 817:             1             72  java.util.ResourceBundle$RBClassLoader
 818:             3             72  java.util.concurrent.LinkedBlockingQueue$Node
 819:             1             72  java.util.logging.LogManager$RootLogger
 820:             3             72  java.util.regex.Pattern$CharProperty$1
 821:             3             72  javax.servlet.SessionTrackingMode
 822:             3             72  org.apache.http.HttpVersion
 823:             3             72  org.apache.lucene.analysis.DelegatingAnalyzerWrapper$DelegatingReuseStrategy
 824:             3             72  org.apache.lucene.analysis.ja.JapaneseTokenizer$Mode
 825:             3             72  org.apache.lucene.analysis.util.AnalysisSPILoader
 826:             3             72  org.apache.lucene.index.IndexWriterConfig$OpenMode
 827:             1             72  org.apache.lucene.index.StandardDirectoryReader
 828:             3             72  org.apache.lucene.index.StoredFieldVisitor$Status
 829:             3             72  org.apache.lucene.index.TermsEnum$SeekStatus
 830:             3             72  org.apache.lucene.util.NamedSPILoader
 831:             3             72  org.apache.lucene.util.fst.FST$INPUT_TYPE
 832:             3             72  org.apache.solr.common.params.CommonParams$EchoParamStyle
 833:             3             72  org.apache.solr.core.SolrConfig$HttpCachingConfig$LastModFrom
 834:             1             72  org.apache.solr.handler.PingRequestHandler
 835:             1             72  org.apache.solr.handler.RealTimeGetHandler
 836:             1             72  org.apache.solr.handler.admin.CoreAdminHandler
 837:             1             72  org.apache.solr.handler.component.HttpShardHandlerFactory
 838:             3             72  org.apache.solr.rest.ManagedResourceStorage$JsonStorage
 839:             3             72  org.apache.solr.schema.IndexSchema$DynamicReplacement$DynamicPattern$NameStartsWith
 840:             1             72  org.apache.solr.schema.TrieDateField$ISO8601CanonicalDateFormat
 841:             1             72  org.apache.solr.update.SolrIndexConfig
 842:             3             72  org.apache.solr.update.UpdateLog$SyncLevel
 843:             3             72  org.eclipse.jetty.io.BufferCache
 844:             3             72  org.eclipse.jetty.io.Buffers$Type
 845:             3             72  org.eclipse.jetty.security.UserDataConstraint
 846:             1             72  org.eclipse.jetty.server.handler.ContextHandlerCollection
 847:             1             72  org.eclipse.jetty.server.handler.DefaultHandler
 848:             1             72  org.eclipse.jetty.server.session.HashSessionIdManager
 849:             1             72  org.eclipse.jetty.server.session.SessionHandler
 850:             1             72  org.eclipse.jetty.servlet.DefaultServlet
 851:             3             72  org.eclipse.jetty.util.Scanner$Notification
 852:             1             72  org.eclipse.jetty.util.resource.JarFileResource
 853:             1             72  org.eclipse.jetty.webapp.MetaData
 854:             3             72  org.eclipse.jetty.webapp.MetaDataComplete
 855:             3             72  sun.misc.FloatingDecimal$ExceptionalBinaryToASCIIBuffer
 856:             3             72  sun.misc.Signal
 857:             3             72  sun.security.provider.NativePRNG$Variant
 858:             3             72  sun.security.x509.AccessDescription
 859:             1             72  sun.util.locale.provider.JRELocaleProviderAdapter
 860:             2             64  [Lcom.google.common.cache.LocalCache$Segment;
 861:             2             64  [Lcom.sun.org.apache.xalan.internal.utils.FeaturePropertyBase$State;
 862:             2             64  [Ljavax.servlet.SessionTrackingMode;
 863:             2             64  [Lorg.apache.lucene.analysis.ja.JapaneseTokenizer$Mode;
 864:             1             64  [Lorg.apache.lucene.uninverting.UninvertingReader$Type;
 865:             2             64  [Lorg.apache.lucene.util.RamUsageEstimator$JvmFeature;
 866:             2             64  [Lorg.apache.solr.core.SolrConfig$HttpCachingConfig$LastModFrom;
 867:             2             64  [Lorg.apache.solr.core.SolrConfig$PluginOpts;
 868:             2             64  [Lorg.apache.solr.servlet.cache.Method;
 869:             2             64  [[Lcom.sun.org.apache.xerces.internal.xni.QName;
 870:             1             64  com.google.common.cache.CacheStats
 871:             2             64  com.sun.org.apache.xalan.internal.utils.XMLSecurityPropertyManager$Property
 872:             2             64  com.sun.org.apache.xerces.internal.impl.XMLNSDocumentScannerImpl$NSContentDriver
 873:             2             64  com.sun.org.apache.xerces.internal.util.NamespaceSupport
 874:             2             64  com.sun.org.apache.xerces.internal.utils.XMLSecurityPropertyManager$Property
 875:             2             64  com.sun.org.apache.xpath.internal.objects.XBooleanStatic
 876:             2             64  java.io.PrintStream
 877:             2             64  java.lang.VirtualMachineError
 878:             2             64  java.lang.invoke.BoundMethodHandle$Species_L
 879:             2             64  java.lang.ref.ReferenceQueue$Null
 880:             4             64  java.util.LinkedHashMap$LinkedKeySet
 881:             2             64  java.util.concurrent.ScheduledThreadPoolExecutor$DelayedWorkQueue
 882:             4             64  java.util.concurrent.atomic.AtomicBoolean
 883:             2             64  org.apache.http.conn.ssl.SSLSocketFactory
 884:             2             64  org.apache.http.impl.conn.PoolingClientConnectionManager
 885:             2             64  org.apache.log4j.helpers.PatternParser$BasicPatternConverter
 886:             2             64  org.apache.log4j.spi.LocationInfo
 887:             2             64  org.apache.lucene.analysis.ReusableStringReader
 888:             2             64  org.apache.lucene.analysis.miscellaneous.ASCIIFoldingFilterFactory
 889:             4             64  org.apache.lucene.codecs.lucene40.Lucene40SegmentInfoFormat
 890:             1             64  org.apache.lucene.codecs.lucene410.Lucene410Codec
 891:             1             64  org.apache.lucene.codecs.lucene42.Lucene42Codec
 892:             1             64  org.apache.lucene.codecs.lucene45.Lucene45Codec
 893:             1             64  org.apache.lucene.codecs.lucene46.Lucene46Codec
 894:             1             64  org.apache.lucene.codecs.lucene49.Lucene49Codec
 895:             1             64  org.apache.lucene.codecs.lucene50.Lucene50Codec
 896:             2             64  org.apache.lucene.codecs.lucene50.Lucene50TermVectorsFormat
 897:             1             64  org.apache.lucene.index.DocumentsWriter
 898:             1             64  org.apache.lucene.index.ExitableDirectoryReader
 899:             1             64  org.apache.lucene.index.MultiTermsEnum
 900:             2             64  org.apache.lucene.store.MMapDirectory
 901:             2             64  org.apache.lucene.store.RAMDirectory
 902:             1             64  org.apache.lucene.uninverting.UninvertingReader$UninvertingDirectoryReader
 903:             1             64  org.apache.solr.client.solrj.impl.LBHttpSolrClient
 904:             2             64  org.apache.solr.cloud.ActionThrottle
 905:             2             64  org.apache.solr.core.InitParams
 906:             1             64  org.apache.solr.core.NRTCachingDirectoryFactory
 907:             1             64  org.apache.solr.core.SchemaCodecFactory$1
 908:             1             64  org.apache.solr.handler.DumpRequestHandler
 909:             1             64  org.apache.solr.handler.SchemaHandler
 910:             1             64  org.apache.solr.handler.SolrConfigHandler
 911:             4             64  org.apache.solr.handler.UpdateRequestHandler$1
 912:             1             64  org.apache.solr.handler.admin.CollectionsHandler
 913:             1             64  org.apache.solr.handler.admin.LukeRequestHandler
 914:             1             64  org.apache.solr.handler.admin.PluginInfoHandler
 915:             1             64  org.apache.solr.handler.admin.ShowFileRequestHandler
 916:             1             64  org.apache.solr.handler.admin.SolrInfoMBeanHandler
 917:             4             64  org.apache.solr.handler.loader.CSVLoader
 918:             4             64  org.apache.solr.handler.loader.JavabinLoader
 919:             4             64  org.apache.solr.handler.loader.JsonLoader
 920:             1             64  org.apache.solr.rest.schema.analysis.ManagedSynonymFilterFactory$1
 921:             1             64  org.apache.solr.schema.BinaryField
 922:             1             64  org.apache.solr.schema.BoolField
 923:             2             64  org.apache.solr.schema.IndexSchema$DynamicCopy
 924:             1             64  org.apache.solr.schema.RandomSortField
 925:             2             64  org.apache.solr.servlet.SolrRequestParsers
 926:             1             64  org.apache.solr.update.DefaultSolrCoreState
 927:             1             64  org.apache.solr.update.UpdateLog$1
 928:             1             64  org.eclipse.jetty.server.handler.HandlerCollection
 929:             1             64  org.eclipse.jetty.server.handler.RequestLogHandler
 930:             2             64  org.eclipse.jetty.servlet.ServletHandler$CachedChain
 931:             2             64  org.eclipse.jetty.xml.XmlParser$Handler
 932:             1             64  org.opensextant.solrtexttagger.TaggerRequestHandler
 933:             4             64  sun.net.www.protocol.jar.Handler
 934:             2             64  sun.reflect.generics.repository.ClassRepository
 935:             4             64  sun.security.ec.ECParameters
 936:             2             64  sun.security.ssl.EphemeralKeyManager$EphemeralKeyPair
 937:             1             64  sun.security.ssl.SSLContextImpl$DefaultSSLContext
 938:             2             64  sun.security.ssl.SSLSessionContextImpl
 939:             2             64  sun.security.x509.AuthorityInfoAccessExtension
 940:             2             64  sun.security.x509.PolicyMappingsExtension
 941:             2             64  sun.security.x509.PrivateKeyUsageExtension
 942:             2             64  sun.util.locale.provider.LocaleResources
 943:             2             64  sun.util.locale.provider.LocaleServiceProviderPool
 944:             1             56  [Ljava.lang.Runnable;
 945:             2             56  [Lorg.apache.solr.search.SolrCache;
 946:             2             56  [Lorg.eclipse.jetty.server.Handler;
 947:             1             56  [Lorg.eclipse.jetty.servlet.ServletMapping;
 948:             1             56  [Lsun.util.logging.PlatformLogger$Level;
 949:             1             56  java.util.logging.LogManager
 950:             1             56  org.apache.lucene.codecs.lucene40.Lucene40Codec
 951:             1             56  org.apache.lucene.codecs.lucene41.Lucene41Codec
 952:             1             56  org.apache.lucene.codecs.simpletext.SimpleTextCodec
 953:             1             56  org.apache.lucene.index.BufferedUpdates
 954:             1             56  org.apache.lucene.index.ConcurrentMergeScheduler
 955:             1             56  org.apache.lucene.index.IndexFileDeleter
 956:             1             56  org.apache.lucene.index.SlowCompositeReaderWrapper
 957:             1             56  org.apache.lucene.search.spell.DirectSpellChecker
 958:             1             56  org.apache.solr.schema.FieldType$DefaultAnalyzer$1
 959:             1             56  org.apache.solr.update.VersionInfo
 960:             1             56  org.eclipse.jetty.server.ResourceCache
 961:             1             56  org.eclipse.jetty.webapp.DefaultsDescriptor
 962:             1             56  org.eclipse.jetty.webapp.WebDescriptor
 963:             1             56  org.tartarus.snowball.ext.FinnishStemmer
 964:             1             56  org.tartarus.snowball.ext.RomanianStemmer
 965:             1             56  sun.security.provider.SHA
 966:             1             48  [Lcom.sun.beans.util.Cache$CacheEntry;
 967:             1             48  [Lcom.sun.management.VMOption$Origin;
 968:             1             48  [Lcom.sun.org.apache.xalan.internal.utils.XMLSecurityManager$Limit;
 969:             1             48  [Lcom.sun.org.apache.xerces.internal.utils.XMLSecurityManager$Limit;
 970:             1             48  [Ljava.beans.WeakIdentityMap$Entry;
 971:             3             48  [Ljava.lang.annotation.Annotation;
 972:             1             48  [Ljava.lang.invoke.MethodHandleImpl$Intrinsic;
 973:             1             48  [Ljava.math.RoundingMode;
 974:             2             48  [Ljava.net.InetAddress;
 975:             1             48  [Ljava.util.concurrent.TimeUnit;
 976:             2             48  [Lorg.apache.lucene.codecs.lucene50.Lucene50StoredFieldsFormat$Mode;
 977:             1             48  [Lorg.eclipse.jetty.servlet.ServletHolder;
 978:             1             48  [Lorg.eclipse.jetty.webapp.Origin;
 979:             2             48  [Lsun.reflect.generics.tree.ClassTypeSignature;
 980:             1             48  [Lsun.security.x509.NetscapeCertTypeExtension$MapEntry;
 981:             3             48  com.ctc.wstx.api.WstxInputProperties$ParsingMode
 982:             2             48  com.ctc.wstx.util.SymbolTable$Bucket
 983:             2             48  com.google.common.collect.RegularImmutableAsList
 984:             2             48  com.google.common.collect.RegularImmutableMap$EntrySet
 985:             2             48  com.google.common.collect.RegularImmutableMap$NonTerminalEntry
 986:             3             48  com.spatial4j.core.distance.GeodesicSphereDistCalc$Haversine
 987:             3             48  com.spatial4j.core.io.BinaryCodec
 988:             3             48  com.spatial4j.core.io.WktShapeParser
 989:             3             48  com.sun.org.apache.xerces.internal.impl.dtd.DTDGrammar$QNameHashtable
 990:             2             48  com.sun.org.apache.xerces.internal.impl.dtd.DTDGrammarBucket
 991:             3             48  com.sun.org.apache.xerces.internal.impl.dv.dtd.ListDatatypeValidator
 992:             2             48  com.sun.org.apache.xerces.internal.impl.msg.XMLMessageFormatter
 993:             2             48  com.sun.org.apache.xerces.internal.impl.validation.ValidationManager
 994:             2             48  com.sun.org.apache.xerces.internal.util.SymbolTable
 995:             2             48  com.sun.org.apache.xerces.internal.utils.XMLSecurityPropertyManager
 996:             2             48  java.io.BufferedOutputStream
 997:             2             48  java.io.File$PathStatus
 998:             3             48  java.lang.ClassValue$Identity
 999:             2             48  java.lang.invoke.MethodHandles$Lookup
1000:             2             48  java.lang.reflect.ReflectPermission
1001:             2             48  java.net.InetAddress
1002:             2             48  java.net.InetAddress$Cache
1003:             2             48  java.net.InetAddress$Cache$Type
1004:             2             48  java.net.InetAddress$CacheEntry
1005:             2             48  java.net.ServerSocket
1006:             3             48  java.nio.channels.FileChannel$MapMode
1007:             2             48  java.nio.charset.CoderResult
1008:             3             48  java.nio.charset.CodingErrorAction
1009:             2             48  java.security.Timestamp
1010:             3             48  java.text.AttributedCharacterIterator$Attribute
1011:             1             48  java.text.RuleBasedCollator
1012:             3             48  java.util.Base64$Decoder
1013:             2             48  java.util.BitSet
1014:             3             48  java.util.concurrent.SynchronousQueue$TransferStack
1015:             1             48  java.util.concurrent.ThreadPoolExecutor$Worker
1016:             1             48  java.util.concurrent.locks.ReentrantReadWriteLock$FairSync
1017:             3             48  java.util.jar.JarVerifier$3
1018:             2             48  java.util.logging.Logger$LoggerBundle
1019:             2             48  java.util.regex.Pattern$Dollar
1020:             2             48  java.util.regex.Pattern$Prolog
1021:             3             48  org.apache.http.impl.client.BasicCredentialsProvider
1022:             2             48  org.apache.http.impl.client.DefaultHttpRequestRetryHandler
1023:             2             48  org.apache.http.impl.conn.DefaultClientConnectionOperator
1024:             3             48  org.apache.http.impl.conn.SystemDefaultDnsResolver
1025:             1             48  org.apache.log4j.Hierarchy
1026:             2             48  org.apache.log4j.helpers.OnlyOnceErrorHandler
1027:             1             48  org.apache.log4j.helpers.PatternParser
1028:             2             48  org.apache.lucene.analysis.ar.ArabicNormalizationFilterFactory
1029:             2             48  org.apache.lucene.analysis.cjk.CJKWidthFilterFactory
1030:             1             48  org.apache.lucene.analysis.core.StopFilter
1031:             1             48  org.apache.lucene.analysis.ja.JapaneseTokenizerFactory
1032:             1             48  org.apache.lucene.analysis.util.CharArrayMap$EmptyCharArrayMap
1033:             3             48  org.apache.lucene.codecs.lucene46.Lucene46FieldInfosFormat
1034:             3             48  org.apache.lucene.codecs.lucene46.Lucene46SegmentInfoFormat
1035:             2             48  org.apache.lucene.codecs.lucene50.Lucene50Codec$1
1036:             2             48  org.apache.lucene.codecs.lucene50.Lucene50Codec$2
1037:             2             48  org.apache.lucene.codecs.lucene50.Lucene50StoredFieldsFormat$Mode
1038:             1             48  org.apache.lucene.index.IndexFileDeleter$CommitPoint
1039:             1             48  org.apache.lucene.index.MultiDocsEnum
1040:             2             48  org.apache.lucene.search.spell.WordBreakSpellChecker$BreakSuggestionSortMethod
1041:             1             48  org.apache.lucene.util.packed.BulkOperationPacked1
1042:             1             48  org.apache.lucene.util.packed.BulkOperationPacked10
1043:             1             48  org.apache.lucene.util.packed.BulkOperationPacked11
1044:             1             48  org.apache.lucene.util.packed.BulkOperationPacked12
1045:             1             48  org.apache.lucene.util.packed.BulkOperationPacked13
1046:             1             48  org.apache.lucene.util.packed.BulkOperationPacked14
1047:             1             48  org.apache.lucene.util.packed.BulkOperationPacked15
1048:             1             48  org.apache.lucene.util.packed.BulkOperationPacked16
1049:             1             48  org.apache.lucene.util.packed.BulkOperationPacked17
1050:             1             48  org.apache.lucene.util.packed.BulkOperationPacked18
1051:             1             48  org.apache.lucene.util.packed.BulkOperationPacked19
1052:             1             48  org.apache.lucene.util.packed.BulkOperationPacked2
1053:             1             48  org.apache.lucene.util.packed.BulkOperationPacked20
1054:             1             48  org.apache.lucene.util.packed.BulkOperationPacked21
1055:             1             48  org.apache.lucene.util.packed.BulkOperationPacked22
1056:             1             48  org.apache.lucene.util.packed.BulkOperationPacked23
1057:             1             48  org.apache.lucene.util.packed.BulkOperationPacked24
1058:             1             48  org.apache.lucene.util.packed.BulkOperationPacked3
1059:             1             48  org.apache.lucene.util.packed.BulkOperationPacked4
1060:             1             48  org.apache.lucene.util.packed.BulkOperationPacked5
1061:             1             48  org.apache.lucene.util.packed.BulkOperationPacked6
1062:             1             48  org.apache.lucene.util.packed.BulkOperationPacked7
1063:             1             48  org.apache.lucene.util.packed.BulkOperationPacked8
1064:             1             48  org.apache.lucene.util.packed.BulkOperationPacked9
1065:             1             48  org.apache.solr.analysis.ReversedWildcardFilterFactory
1066:             2             48  org.apache.solr.client.solrj.SolrQuery$ORDER
1067:             2             48  org.apache.solr.client.solrj.impl.HttpClientUtil$1
1068:             3             48  org.apache.solr.common.util.XMLErrorLogger
1069:             2             48  org.apache.solr.core.DirectoryFactory$DirContext
1070:             2             48  org.apache.solr.core.QuerySenderListener
1071:             2             48  org.apache.solr.handler.component.SpellCheckComponent$SpellCheckerListener
1072:             2             48  org.apache.solr.highlight.ScoreOrderFragmentsBuilder
1073:             1             48  org.apache.solr.logging.log4j.EventAppender
1074:             2             48  org.apache.solr.parser.QueryParser$Operator
1075:             2             48  org.apache.solr.rest.RestManager$ManagedResourceRegistration
1076:             3             48  org.apache.solr.rest.schema.analysis.ManagedSynonymFilterFactory$CasePreservedSynonymMappings
1077:             3             48  org.apache.solr.schema.StrFieldSource
1078:             2             48  org.apache.solr.search.DocSlice$1
1079:             2             48  org.apache.solr.servlet.SolrRequestParsers$StandardRequestParser
1080:             2             48  org.eclipse.jetty.servlet.ServletHolder$Registration
1081:             2             48  org.eclipse.jetty.util.statistic.CounterStatistic
1082:             2             48  org.eclipse.jetty.webapp.ClasspathPattern
1083:             2             48  org.eclipse.jetty.xml.XmlParser$NoopHandler
1084:             1             48  org.opensextant.solrtexttagger.TermPrefixCursor
1085:             1             48  org.tartarus.snowball.ext.ArmenianStemmer
1086:             1             48  org.tartarus.snowball.ext.BasqueStemmer
1087:             1             48  org.tartarus.snowball.ext.CatalanStemmer
1088:             1             48  org.tartarus.snowball.ext.DanishStemmer
1089:             1             48  org.tartarus.snowball.ext.DutchStemmer
1090:             1             48  org.tartarus.snowball.ext.IrishStemmer
1091:             1             48  org.tartarus.snowball.ext.NorwegianStemmer
1092:             1             48  org.tartarus.snowball.ext.RussianStemmer
1093:             1             48  org.tartarus.snowball.ext.SwedishStemmer
1094:             1             48  org.tartarus.snowball.ext.TurkishStemmer
1095:             2             48  sun.misc.NativeSignalHandler
1096:             2             48  sun.net.www.MessageHeader
1097:             3             48  sun.nio.ch.FileDispatcherImpl
1098:             2             48  sun.nio.ch.NativeThreadSet
1099:             2             48  sun.reflect.generics.tree.ClassSignature
1100:             2             48  sun.security.jca.ProviderList
1101:             2             48  sun.security.jca.ProviderList$3
1102:             2             48  sun.security.ssl.SSLAlgorithmConstraints
1103:             2             48  sun.security.x509.CertificatePolicyMap
1104:             3             48  sun.security.x509.RFC822Name
1105:             1             48  sun.text.normalizer.IntTrie
1106:             1             48  sun.text.normalizer.NormalizerBase
1107:             3             48  sun.text.normalizer.NormalizerBase$QuickCheckResult
1108:             1             40  [Lcom.sun.org.apache.xerces.internal.util.Status;
1109:             1             40  [Ljavax.servlet.DispatcherType;
1110:             1             40  [Lorg.apache.lucene.index.DocValuesType;
1111:             1             40  [Lorg.apache.lucene.index.IndexOptions;
1112:             1             40  [Lorg.apache.solr.schema.TrieField$TrieTypes;
1113:             1             40  [Lorg.eclipse.jetty.webapp.Configuration;
1114:             2             40  [Lsun.reflect.generics.tree.FieldTypeSignature;
1115:             2             40  [Lsun.reflect.generics.tree.FormalTypeParameter;
1116:             1             40  [Lsun.security.jca.ServiceId;
1117:             1             40  [Lsun.security.util.DisabledAlgorithmConstraints$KeySizeConstraint$Operator;
1118:             1             40  [Lsun.util.locale.provider.LocaleProviderAdapter$Type;
1119:             1             40  [[Ljava.lang.invoke.LambdaForm$Name;
1120:             1             40  com.sun.beans.finder.MethodFinder$1
1121:             1             40  java.beans.WeakIdentityMap$Entry
1122:             1             40  java.io.BufferedInputStream
1123:             1             40  java.lang.invoke.DirectMethodHandle$Accessor
1124:             1             40  java.text.CollationElementIterator
1125:             1             40  java.text.RBCollationTables
1126:             1             40  java.util.ResourceBundle$1
1127:             1             40  java.util.ServiceLoader$LazyIterator
1128:             1             40  org.apache.log4j.helpers.PatternParser$ClassNamePatternConverter
1129:             1             40  org.apache.log4j.helpers.PatternParser$DatePatternConverter
1130:             1             40  org.apache.log4j.spi.RootLogger
1131:             1             40  org.apache.lucene.analysis.core.LowerCaseFilter
1132:             1             40  org.apache.lucene.analysis.ja.JapanesePartOfSpeechStopFilterFactory
1133:             1             40  org.apache.lucene.analysis.miscellaneous.StemmerOverrideFilterFactory
1134:             1             40  org.apache.lucene.analysis.pattern.PatternReplaceFilterFactory
1135:             1             40  org.apache.lucene.analysis.payloads.DelimitedPayloadTokenFilterFactory
1136:             1             40  org.apache.lucene.index.BufferedUpdatesStream
1137:             1             40  org.apache.lucene.index.DocumentsWriterDeleteQueue
1138:             1             40  org.apache.solr.core.Config
1139:             1             40  org.apache.solr.core.CoreDescriptor
1140:             1             40  org.apache.solr.core.SolrConfig$UpdateHandlerInfo
1141:             1             40  org.apache.solr.handler.component.QueryElevationComponent
1142:             1             40  org.apache.solr.highlight.DefaultSolrHighlighter
1143:             1             40  org.apache.solr.rest.RestManager
1144:             1             40  org.apache.solr.rest.RestManager$RestManagerManagedResource
1145:             1             40  org.apache.solr.rest.schema.analysis.ManagedSynonymFilterFactory$SynonymManager
1146:             1             40  org.apache.solr.rest.schema.analysis.ManagedWordSetResource
1147:             1             40  org.apache.solr.schema.IndexSchema$SolrQueryAnalyzer
1148:             1             40  org.apache.solr.search.QueryResultKey
1149:             1             40  org.apache.solr.spelling.WordBreakSolrSpellChecker
1150:             1             40  org.apache.solr.update.UpdateLog$RecoveryInfo
1151:             1             40  org.apache.solr.util.ConcurrentLRUCache$CacheEntry
1152:             1             40  org.eclipse.jetty.server.session.HashSessionManager$2
1153:             1             40  org.eclipse.jetty.webapp.WebAppContext$Context
1154:             1             40  org.tartarus.snowball.ext.HungarianStemmer
1155:             1             40  sun.nio.ch.FileLockImpl
1156:             1             40  sun.nio.cs.StandardCharsets$Aliases
1157:             1             40  sun.nio.cs.StandardCharsets$Cache
1158:             1             40  sun.nio.cs.StandardCharsets$Classes
1159:             1             40  sun.security.provider.DSAPublicKeyImpl
1160:             1             40  sun.text.IntHashtable
1161:             1             40  sun.text.UCompactIntArray
1162:             1             32  [Lcom.google.common.cache.LocalCache$Strength;
1163:             1             32  [Lcom.sun.beans.util.Cache$Kind;
1164:             1             32  [Lcom.sun.org.apache.xalan.internal.utils.XMLSecurityManager$NameMap;
1165:             1             32  [Lcom.sun.org.apache.xerces.internal.utils.XMLSecurityManager$NameMap;
1166:             1             32  [Ljava.lang.OutOfMemoryError;
1167:             2             32  [Ljava.lang.StackTraceElement;
1168:             1             32  [Ljava.lang.ThreadGroup;
1169:             1             32  [Ljava.text.Normalizer$Form;
1170:             1             32  [Ljava.util.EventListener;
1171:             1             32  [Lorg.apache.lucene.analysis.synonym.SynonymFilter$PendingInput;
1172:             1             32  [Lorg.apache.lucene.analysis.synonym.SynonymFilter$PendingOutputs;
1173:             1             32  [Lorg.apache.lucene.index.IndexWriterConfig$OpenMode;
1174:             1             32  [Lorg.apache.lucene.index.StoredFieldVisitor$Status;
1175:             1             32  [Lorg.apache.lucene.index.TermsEnum$SeekStatus;
1176:             1             32  [Lorg.apache.lucene.search.BooleanClause$Occur;
1177:             1             32  [Lorg.apache.lucene.store.IOContext$Context;
1178:             1             32  [Lorg.apache.lucene.util.fst.FST$INPUT_TYPE;
1179:             1             32  [Lorg.apache.solr.common.params.CommonParams$EchoParamStyle;
1180:             1             32  [Lorg.apache.solr.search.SolrCache$State;
1181:             1             32  [Lorg.apache.solr.update.UpdateLog$State;
1182:             1             32  [Lorg.apache.solr.update.UpdateLog$SyncLevel;
1183:             1             32  [Lorg.apache.solr.update.processor.UpdateRequestProcessorFactory;
1184:             1             32  [Lorg.eclipse.jetty.io.Buffers$Type;
1185:             1             32  [Lorg.eclipse.jetty.security.UserDataConstraint;
1186:             1             32  [Lorg.eclipse.jetty.servlet.Holder$Source;
1187:             1             32  [Lorg.eclipse.jetty.util.Scanner$Notification;
1188:             1             32  [Lorg.eclipse.jetty.webapp.MetaDataComplete;
1189:             1             32  [Lsun.security.provider.NativePRNG$Variant;
1190:             1             32  [Lsun.text.normalizer.NormalizerBase$Mode;
1191:             1             32  [[Lcom.sun.org.apache.xerces.internal.impl.dtd.models.ContentModelValidator;
1192:             1             32  [[Lcom.sun.org.apache.xerces.internal.impl.dv.DatatypeValidator;
1193:             1             32  [[[Ljava.lang.String;
1194:             2             32  com.google.common.cache.LocalCache$LocalManualCache
1195:             1             32  com.google.common.util.concurrent.MoreExecutors$SameThreadExecutorService
1196:             2             32  com.sun.beans.WeakCache
1197:             1             32  com.sun.beans.finder.BeanInfoFinder
1198:             1             32  com.sun.org.apache.xalan.internal.utils.FeatureManager$Feature
1199:             1             32  com.sun.org.apache.xalan.internal.utils.XMLSecurityManager
1200:             2             32  com.sun.org.apache.xerces.internal.impl.XMLDocumentScannerImpl$PrologDriver
1201:             2             32  com.sun.org.apache.xerces.internal.impl.XMLDocumentScannerImpl$TrailingMiscDriver
1202:             2             32  com.sun.org.apache.xerces.internal.impl.XMLDocumentScannerImpl$XMLDeclDriver
1203:             1             32  com.sun.org.apache.xerces.internal.impl.XMLEntityScanner$1
1204:             2             32  com.sun.org.apache.xerces.internal.impl.dv.dtd.DTDDVFactoryImpl
1205:             2             32  com.sun.org.apache.xerces.internal.impl.dv.dtd.ENTITYDatatypeValidator
1206:             2             32  com.sun.org.apache.xerces.internal.parsers.AbstractSAXParser$AttributesProxy
1207:             2             32  com.sun.org.apache.xerces.internal.util.EntityResolverWrapper
1208:             2             32  com.sun.org.apache.xerces.internal.util.ErrorHandlerWrapper
1209:             1             32  com.sun.org.apache.xml.internal.utils.XMLReaderManager
1210:             1             32  com.sun.org.apache.xpath.internal.jaxp.XPathFactoryImpl
1211:             1             32  java.beans.ThreadGroupContext
1212:             1             32  java.beans.ThreadGroupContext$1
1213:             1             32  java.io.RandomAccessFile
1214:             1             32  java.io.UnixFileSystem
1215:             1             32  java.lang.ArithmeticException
1216:             1             32  java.lang.ArrayIndexOutOfBoundsException
1217:             2             32  java.lang.Boolean
1218:             1             32  java.lang.NullPointerException
1219:             2             32  java.lang.Shutdown$Lock
1220:             1             32  java.lang.reflect.WeakCache
1221:             2             32  java.nio.ByteOrder
1222:             1             32  java.nio.channels.Channels$1
1223:             1             32  java.security.BasicPermissionCollection
1224:             1             32  java.security.MessageDigest$Delegate
1225:             1             32  java.text.DontCareFieldPosition
1226:             2             32  java.util.Collections$SingletonSet
1227:             2             32  java.util.Hashtable$EntrySet
1228:             1             32  java.util.ServiceLoader
1229:             2             32  java.util.concurrent.ConcurrentHashMap$ValuesView
1230:             2             32  java.util.concurrent.CopyOnWriteArraySet
1231:             1             32  java.util.concurrent.ThreadLocalRandom
1232:             1             32  java.util.logging.LogManager$SystemLoggerContext
1233:             2             32  javax.xml.xpath.SecuritySupport
1234:             2             32  org.apache.http.conn.scheme.PlainSocketFactory
1235:             2             32  org.apache.http.conn.scheme.SchemeRegistry
1236:             2             32  org.apache.http.impl.conn.HttpConnPool$InternalConnFactory
1237:             2             32  org.apache.http.params.SyncBasicHttpParams
1238:             1             32  org.apache.log4j.PatternLayout
1239:             1             32  org.apache.lucene.analysis.cjk.CJKBigramFilterFactory
1240:             1             32  org.apache.lucene.analysis.id.IndonesianStemFilterFactory
1241:             1             32  org.apache.lucene.analysis.ja.JapaneseKatakanaStemFilterFactory
1242:             1             32  org.apache.lucene.analysis.miscellaneous.TrimFilterFactory
1243:             1             32  org.apache.lucene.analysis.phonetic.DoubleMetaphoneFilterFactory
1244:             2             32  org.apache.lucene.codecs.lucene40.Lucene40DocValuesFormat
1245:             2             32  org.apache.lucene.codecs.lucene40.Lucene40FieldInfosFormat
1246:             2             32  org.apache.lucene.codecs.lucene40.Lucene40NormsFormat
1247:             2             32  org.apache.lucene.codecs.lucene40.Lucene40TermVectorsFormat
1248:             2             32  org.apache.lucene.codecs.lucene42.Lucene42FieldInfosFormat
1249:             2             32  org.apache.lucene.codecs.lucene50.Lucene50CompoundFormat
1250:             2             32  org.apache.lucene.codecs.lucene50.Lucene50FieldInfosFormat
1251:             2             32  org.apache.lucene.codecs.lucene50.Lucene50LiveDocsFormat
1252:             2             32  org.apache.lucene.codecs.lucene50.Lucene50NormsFormat
1253:             2             32  org.apache.lucene.codecs.lucene50.Lucene50SegmentInfoFormat
1254:             2             32  org.apache.lucene.codecs.lucene50.Lucene50StoredFieldsFormat
1255:             2             32  org.apache.lucene.codecs.simpletext.SimpleTextDocValuesFormat
1256:             2             32  org.apache.lucene.codecs.simpletext.SimpleTextPostingsFormat
1257:             1             32  org.apache.lucene.index.DocumentsWriterPerThreadPool
1258:             1             32  org.apache.lucene.index.FieldInfos$FieldNumbers
1259:             2             32  org.apache.lucene.search.MatchAllDocsQuery
1260:             2             32  org.apache.lucene.search.similarities.DefaultSimilarity
1261:             1             32  org.apache.lucene.search.spell.WordBreakSpellChecker
1262:             1             32  org.apache.lucene.store.NativeFSLockFactory$NativeFSLock
1263:             2             32  org.apache.lucene.store.SingleInstanceLockFactory
1264:             1             32  org.apache.lucene.util.AttributeFactory$DefaultAttributeFactory$1
1265:             1             32  org.apache.solr.core.ConfigOverlay
1266:             1             32  org.apache.solr.core.ConfigSolrXml
1267:             1             32  org.apache.solr.core.IndexDeletionPolicyWrapper
1268:             1             32  org.apache.solr.core.SolrConfig$HttpCachingConfig
1269:             1             32  org.apache.solr.core.SolrConfig$JmxConfiguration
1270:             1             32  org.apache.solr.core.SolrCore$8
1271:             1             32  org.apache.solr.core.SolrCore$LazyQueryResponseWriterWrapper
1272:             1             32  org.apache.solr.core.SolrCores
1273:             1             32  org.apache.solr.core.ZkContainer
1274:             1             32  org.apache.solr.handler.component.SpellCheckComponent
1275:             1             32  org.apache.solr.highlight.RegexFragmenter
1276:             1             32  org.apache.solr.logging.CircularList
1277:             1             32  org.apache.solr.logging.log4j.Log4jWatcher
1278:             2             32  org.apache.solr.response.JSONResponseWriter
1279:             1             32  org.apache.solr.rest.RestManager$Registry
1280:             1             32  org.apache.solr.rest.schema.analysis.ManagedStopFilterFactory
1281:             1             32  org.apache.solr.rest.schema.analysis.ManagedSynonymFilterFactory
1282:             2             32  org.apache.solr.schema.AbstractSpatialFieldType$1
1283:             1             32  org.apache.solr.schema.BoolField$1
1284:             1             32  org.apache.solr.schema.IndexSchema$SolrIndexAnalyzer
1285:             1             32  org.apache.solr.servlet.SolrDispatchFilter
1286:             2             32  org.apache.solr.servlet.SolrRequestParsers$FormDataRequestParser
1287:             2             32  org.apache.solr.servlet.SolrRequestParsers$MultipartRequestParser
1288:             2             32  org.apache.solr.servlet.SolrRequestParsers$RawRequestParser
1289:             2             32  org.apache.solr.servlet.SolrRequestParsers$SimpleRequestParser
1290:             1             32  org.apache.solr.spelling.DirectSolrSpellChecker
1291:             1             32  org.apache.solr.update.SolrIndexConfig$DelayedSchemaAnalyzer
1292:             1             32  org.eclipse.jetty.continuation.ContinuationThrowable
1293:             1             32  org.eclipse.jetty.deploy.App
1294:             1             32  org.eclipse.jetty.deploy.DeploymentManager$AppEntry
1295:             1             32  org.eclipse.jetty.security.ConstraintMapping
1296:             1             32  org.eclipse.jetty.servlet.FilterMapping
1297:             1             32  org.eclipse.jetty.util.Scanner$TimeNSize
1298:             1             32  org.eclipse.jetty.util.security.Constraint
1299:             1             32  org.opensextant.solrtexttagger.ConcatenateFilterFactory
1300:             1             32  sun.nio.ch.FileKey
1301:             1             32  sun.nio.ch.SharedFileLockTable$FileLockReference
1302:             1             32  sun.nio.cs.StandardCharsets
1303:             1             32  sun.nio.fs.LinuxFileSystem
1304:             2             32  sun.reflect.BootstrapConstructorAccessorImpl
1305:             1             32  sun.reflect.generics.reflectiveObjects.TypeVariableImpl
1306:             2             32  sun.security.provider.NativePRNG
1307:             1             32  sun.security.provider.SecureRandom
1308:             2             32  sun.security.ssl.SSLSocketFactoryImpl
1309:             1             32  sun.security.ssl.X509TrustManagerImpl
1310:             2             32  sun.security.util.DisabledAlgorithmConstraints$KeySizeConstraints
1311:             1             32  sun.security.x509.IssuerAlternativeNameExtension
1312:             2             32  sun.text.normalizer.CharTrie$FriendAgent
1313:             1             24  [Lcom.google.common.base.Functions$ToStringFunction;
1314:             1             24  [Lcom.google.common.cache.CacheBuilder$NullListener;
1315:             1             24  [Lcom.google.common.cache.CacheBuilder$OneWeigher;
1316:             1             24  [Lcom.sun.org.apache.xalan.internal.utils.FeatureManager$Feature;
1317:             1             24  [Lcom.sun.org.apache.xalan.internal.utils.XMLSecurityPropertyManager$Property;
1318:             1             24  [Lcom.sun.org.apache.xerces.internal.utils.XMLSecurityPropertyManager$Property;
1319:             1             24  [Ljava.io.File$PathStatus;
1320:             1             24  [Ljava.lang.reflect.TypeVariable;
1321:             1             24  [Ljava.net.InetAddress$Cache$Type;
1322:             1             24  [Ljava.nio.file.LinkOption;
1323:             1             24  [Ljava.util.Locale$Category;
1324:             1             24  [Ljavax.net.ssl.KeyManager;
1325:             1             24  [Ljavax.net.ssl.TrustManager;
1326:             1             24  [Lorg.apache.lucene.search.TermQuery;
1327:             1             24  [Lorg.apache.lucene.search.spell.WordBreakSpellChecker$BreakSuggestionSortMethod;
1328:             1             24  [Lorg.apache.lucene.util.packed.PackedInts$Format;
1329:             1             24  [Lorg.apache.solr.client.solrj.SolrQuery$ORDER;
1330:             1             24  [Lorg.apache.solr.core.DirectoryFactory$DirContext;
1331:             1             24  [Lorg.apache.solr.parser.QueryParser$Operator;
1332:             1             24  [Lorg.apache.solr.schema.IndexSchema$DynamicCopy;
1333:             1             24  [Lorg.apache.solr.search.CacheConfig;
1334:             1             24  [Lorg.apache.solr.util.stats.Histogram$SampleType;
1335:             1             24  [Lorg.eclipse.jetty.server.Connector;
1336:             1             24  [Lorg.eclipse.jetty.servlet.FilterHolder;
1337:             1             24  [Lorg.eclipse.jetty.servlet.FilterMapping;
1338:             1             24  [Lsun.launcher.LauncherHelper;
1339:             1             24  [Lsun.security.ssl.EphemeralKeyManager$EphemeralKeyPair;
1340:             1             24  com.google.common.base.Functions$ToStringFunction
1341:             1             24  com.google.common.base.Joiner$1
1342:             1             24  com.google.common.base.Joiner$MapJoiner
1343:             1             24  com.google.common.cache.CacheBuilder$NullListener
1344:             1             24  com.google.common.cache.CacheBuilder$OneWeigher
1345:             1             24  com.google.common.cache.LocalCache$EntryFactory$1
1346:             1             24  com.google.common.cache.LocalCache$EntryFactory$2
1347:             1             24  com.google.common.cache.LocalCache$EntryFactory$3
1348:             1             24  com.google.common.cache.LocalCache$EntryFactory$4
1349:             1             24  com.google.common.cache.LocalCache$EntryFactory$5
1350:             1             24  com.google.common.cache.LocalCache$EntryFactory$6
1351:             1             24  com.google.common.cache.LocalCache$EntryFactory$7
1352:             1             24  com.google.common.cache.LocalCache$EntryFactory$8
1353:             1             24  com.google.common.cache.LocalCache$Strength$1
1354:             1             24  com.google.common.cache.LocalCache$Strength$2
1355:             1             24  com.google.common.cache.LocalCache$Strength$3
1356:             1             24  com.google.common.collect.ImmutableMapKeySet
1357:             1             24  com.google.common.collect.ImmutableMapKeySet$1
1358:             1             24  com.google.common.collect.SingletonImmutableSet
1359:             1             24  com.sun.beans.util.Cache$Kind$1
1360:             1             24  com.sun.beans.util.Cache$Kind$2
1361:             1             24  com.sun.beans.util.Cache$Kind$3
1362:             1             24  com.sun.org.apache.xalan.internal.utils.FeatureManager
1363:             1             24  com.sun.org.apache.xerces.internal.impl.Constants$ArrayEnumeration
1364:             1             24  com.sun.org.apache.xerces.internal.impl.dtd.XMLContentSpec
1365:             1             24  com.sun.org.apache.xpath.internal.objects.XString
1366:             1             24  java.io.StringWriter
1367:             1             24  java.lang.invoke.Invokers
1368:             1             24  java.lang.invoke.MethodHandleImpl$4
1369:             1             24  java.lang.invoke.MethodType$ConcurrentWeakInternSet
1370:             1             24  java.math.MutableBigInteger
1371:             1             24  java.net.Inet4AddressImpl
1372:             1             24  java.nio.file.LinkOption
1373:             1             24  java.util.Collections$EmptyMap
1374:             1             24  java.util.Locale$Cache
1375:             1             24  java.util.ResourceBundle$Control$CandidateListCache
1376:             1             24  java.util.TaskQueue
1377:             1             24  java.util.Timer
1378:             1             24  java.util.concurrent.ConcurrentHashMap$KeySetView
1379:             1             24  java.util.concurrent.TimeUnit$1
1380:             1             24  java.util.concurrent.TimeUnit$2
1381:             1             24  java.util.concurrent.TimeUnit$3
1382:             1             24  java.util.concurrent.TimeUnit$4
1383:             1             24  java.util.concurrent.TimeUnit$5
1384:             1             24  java.util.concurrent.TimeUnit$6
1385:             1             24  java.util.concurrent.TimeUnit$7
1386:             1             24  java.util.concurrent.locks.ReentrantReadWriteLock$Sync$HoldCounter
1387:             1             24  java.util.jar.Manifest
1388:             1             24  java.util.logging.LogManager$LoggerContext
1389:             1             24  java.util.logging.LoggingPermission
1390:             1             24  java.util.regex.Pattern$7
1391:             1             24  java.util.regex.Pattern$Bound
1392:             1             24  java.util.regex.Pattern$Neg
1393:             1             24  javax.net.ssl.SSLContext
1394:             1             24  org.apache.commons.logging.impl.SLF4JLogFactory
1395:             1             24  org.apache.log4j.helpers.FormattingInfo
1396:             1             24  org.apache.lucene.analysis.Tokenizer$1
1397:             1             24  org.apache.lucene.analysis.ar.ArabicStemFilterFactory
1398:             1             24  org.apache.lucene.analysis.bg.BulgarianStemFilterFactory
1399:             1             24  org.apache.lucene.analysis.ckb.SoraniNormalizationFilterFactory
1400:             1             24  org.apache.lucene.analysis.ckb.SoraniStemFilterFactory
1401:             1             24  org.apache.lucene.analysis.cz.CzechStemFilterFactory
1402:             1             24  org.apache.lucene.analysis.de.GermanLightStemFilterFactory
1403:             1             24  org.apache.lucene.analysis.de.GermanNormalizationFilterFactory
1404:             1             24  org.apache.lucene.analysis.el.GreekLowerCaseFilterFactory
1405:             1             24  org.apache.lucene.analysis.el.GreekStemFilterFactory
1406:             1             24  org.apache.lucene.analysis.en.EnglishMinimalStemFilterFactory
1407:             1             24  org.apache.lucene.analysis.es.SpanishLightStemFilterFactory
1408:             1             24  org.apache.lucene.analysis.fa.PersianCharFilterFactory
1409:             1             24  org.apache.lucene.analysis.fa.PersianNormalizationFilterFactory
1410:             1             24  org.apache.lucene.analysis.fr.FrenchLightStemFilterFactory
1411:             1             24  org.apache.lucene.analysis.ga.IrishLowerCaseFilterFactory
1412:             1             24  org.apache.lucene.analysis.gl.GalicianStemFilterFactory
1413:             1             24  org.apache.lucene.analysis.hi.HindiNormalizationFilterFactory
1414:             1             24  org.apache.lucene.analysis.hi.HindiStemFilterFactory
1415:             1             24  org.apache.lucene.analysis.in.IndicNormalizationFilterFactory
1416:             1             24  org.apache.lucene.analysis.it.ItalianLightStemFilterFactory
1417:             1             24  org.apache.lucene.analysis.ja.JapaneseBaseFormFilterFactory
1418:             1             24  org.apache.lucene.analysis.lv.LatvianStemFilterFactory
1419:             1             24  org.apache.lucene.analysis.miscellaneous.RemoveDuplicatesTokenFilterFactory
1420:             1             24  org.apache.lucene.analysis.miscellaneous.StemmerOverrideFilter$StemmerOverrideMap
1421:             1             24  org.apache.lucene.analysis.pt.PortugueseLightStemFilterFactory
1422:             1             24  org.apache.lucene.analysis.th.ThaiTokenizerFactory
1423:             1             24  org.apache.lucene.analysis.tr.ApostropheFilterFactory
1424:             1             24  org.apache.lucene.analysis.tr.TurkishLowerCaseFilterFactory
1425:             1             24  org.apache.lucene.codecs.blocktreeords.BlockTreeOrdsPostingsFormat
1426:             1             24  org.apache.lucene.codecs.bloom.BloomFilteringPostingsFormat
1427:             1             24  org.apache.lucene.codecs.lucene40.Lucene40Codec$1
1428:             1             24  org.apache.lucene.codecs.lucene41.Lucene41Codec$1
1429:             1             24  org.apache.lucene.codecs.lucene410.Lucene410Codec$1
1430:             1             24  org.apache.lucene.codecs.lucene410.Lucene410Codec$2
1431:             1             24  org.apache.lucene.codecs.lucene42.Lucene42Codec$1
1432:             1             24  org.apache.lucene.codecs.lucene42.Lucene42Codec$2
1433:             1             24  org.apache.lucene.codecs.lucene42.Lucene42Codec$3
1434:             1             24  org.apache.lucene.codecs.lucene42.Lucene42DocValuesFormat
1435:             1             24  org.apache.lucene.codecs.lucene45.Lucene45Codec$1
1436:             1             24  org.apache.lucene.codecs.lucene45.Lucene45Codec$2
1437:             1             24  org.apache.lucene.codecs.lucene45.Lucene45Codec$3
1438:             1             24  org.apache.lucene.codecs.lucene46.Lucene46Codec$1
1439:             1             24  org.apache.lucene.codecs.lucene46.Lucene46Codec$2
1440:             1             24  org.apache.lucene.codecs.lucene46.Lucene46Codec$3
1441:             1             24  org.apache.lucene.codecs.lucene49.Lucene49Codec$1
1442:             1             24  org.apache.lucene.codecs.lucene49.Lucene49Codec$2
1443:             1             24  org.apache.lucene.codecs.lucene50.Lucene50PostingsFormat
1444:             1             24  org.apache.lucene.codecs.memory.DirectPostingsFormat
1445:             1             24  org.apache.lucene.codecs.memory.MemoryDocValuesFormat
1446:             1             24  org.apache.lucene.codecs.memory.MemoryPostingsFormat
1447:             1             24  org.apache.lucene.index.DocumentsWriterDeleteQueue$DeleteSlice
1448:             1             24  org.apache.lucene.index.DocumentsWriterDeleteQueue$Node
1449:             1             24  org.apache.lucene.index.DocumentsWriterFlushQueue
1450:             1             24  org.apache.lucene.index.DocumentsWriterStallControl
1451:             1             24  org.apache.lucene.index.FlushByRamOrCountsPolicy
1452:             1             24  org.apache.lucene.index.IndexWriter$1
1453:             1             24  org.apache.lucene.index.IndexWriter$ReaderPool
1454:             1             24  org.apache.lucene.index.MultiBits
1455:             1             24  org.apache.lucene.index.MultiFields
1456:             1             24  org.apache.lucene.index.MultiTerms
1457:             1             24  org.apache.lucene.index.MultiTermsEnum$TermMergeQueue
1458:             1             24  org.apache.lucene.search.BooleanClause$Occur$1
1459:             1             24  org.apache.lucene.search.BooleanClause$Occur$2
1460:             1             24  org.apache.lucene.search.BooleanClause$Occur$3
1461:             1             24  org.apache.lucene.search.TopDocs
1462:             1             24  org.apache.lucene.spatial.prefix.tree.GeohashPrefixTree
1463:             1             24  org.apache.lucene.store.FlushInfo
1464:             1             24  org.apache.lucene.uninverting.FieldCacheImpl
1465:             1             24  org.apache.lucene.uninverting.FieldCacheImpl$BinaryDocValuesCache
1466:             1             24  org.apache.lucene.uninverting.FieldCacheImpl$DocTermOrdsCache
1467:             1             24  org.apache.lucene.uninverting.FieldCacheImpl$DocsWithFieldCache
1468:             1             24  org.apache.lucene.uninverting.FieldCacheImpl$LongCache
1469:             1             24  org.apache.lucene.uninverting.FieldCacheImpl$SortedDocValuesCache
1470:             1             24  org.apache.lucene.util.AttributeFactory$1
1471:             1             24  org.apache.lucene.util.AttributeSource$2
1472:             1             24  org.apache.lucene.util.SetOnce
1473:             1             24  org.apache.lucene.util.packed.PackedInts$Format$1
1474:             1             24  org.apache.lucene.util.packed.PackedInts$Format$2
1475:             1             24  org.apache.solr.client.solrj.SolrQuery
1476:             1             24  org.apache.solr.client.solrj.SolrQuery$SortClause
1477:             1             24  org.apache.solr.common.SolrDocument
1478:             1             24  org.apache.solr.common.SolrInputDocument
1479:             1             24  org.apache.solr.common.util.SolrjNamedThreadFactory
1480:             1             24  org.apache.solr.core.ConfigSetService$Default
1481:             1             24  org.apache.solr.core.JarRepository
1482:             1             24  org.apache.solr.core.RequestHandlers
1483:             1             24  org.apache.solr.core.RequestParams
1484:             1             24  org.apache.solr.core.SchemaCodecFactory
1485:             1             24  org.apache.solr.core.SolrDeletionPolicy
1486:             1             24  org.apache.solr.handler.ReplicationHandler$3
1487:             1             24  org.apache.solr.handler.component.ExpandComponent
1488:             1             24  org.apache.solr.handler.component.FacetComponent
1489:             1             24  org.apache.solr.handler.component.HighlightComponent
1490:             1             24  org.apache.solr.handler.component.TermVectorComponent
1491:             1             24  org.apache.solr.highlight.BreakIteratorBoundaryScanner
1492:             1             24  org.apache.solr.highlight.DefaultEncoder
1493:             1             24  org.apache.solr.highlight.GapFragmenter
1494:             1             24  org.apache.solr.highlight.HtmlEncoder
1495:             1             24  org.apache.solr.highlight.HtmlFormatter
1496:             1             24  org.apache.solr.highlight.SimpleBoundaryScanner
1497:             1             24  org.apache.solr.highlight.SimpleFragListBuilder
1498:             1             24  org.apache.solr.highlight.SingleFragListBuilder
1499:             1             24  org.apache.solr.highlight.WeightedFragListBuilder
1500:             1             24  org.apache.solr.response.transform.ExplainAugmenterFactory
1501:             1             24  org.apache.solr.response.transform.ValueAugmenterFactory
1502:             1             24  org.apache.solr.schema.FileExchangeRateProvider
1503:             1             24  org.apache.solr.schema.TrieDateField$ThreadLocalDateFormat
1504:             1             24  org.apache.solr.search.BitDocSet
1505:             1             24  org.apache.solr.search.SolrIndexSearcher$SetNonLazyFieldSelector
1506:             1             24  org.apache.solr.search.similarities.DefaultSimilarityFactory
1507:             1             24  org.apache.solr.spelling.SpellingQueryConverter
1508:             1             24  org.apache.solr.update.DefaultSolrCoreState$1
1509:             1             24  org.apache.solr.update.UpdateShardHandler
1510:             1             24  org.apache.solr.update.processor.LogUpdateProcessorFactory
1511:             1             24  org.apache.solr.update.processor.UpdateRequestProcessorChain
1512:             1             24  org.apache.solr.util.stats.Histogram$SampleType$1
1513:             1             24  org.apache.solr.util.stats.Histogram$SampleType$2
1514:             1             24  org.eclipse.jetty.deploy.AppLifeCycle
1515:             1             24  org.eclipse.jetty.http.HttpFields$DateGenerator
1516:             1             24  org.eclipse.jetty.http.HttpHeaderValues
1517:             1             24  org.eclipse.jetty.http.HttpHeaders
1518:             1             24  org.eclipse.jetty.security.RoleInfo
1519:             1             24  org.eclipse.jetty.server.AbstractConnector$Acceptor
1520:             1             24  org.eclipse.jetty.servlet.FilterHolder$Config
1521:             1             24  org.eclipse.jetty.servlet.NoJspServlet
1522:             1             24  org.eclipse.jetty.util.IO$NullWrite
1523:             1             24  org.eclipse.jetty.util.MultiMap
1524:             1             24  org.noggit.NullCharArr
1525:             1             24  org.slf4j.helpers.FormattingTuple
1526:             1             24  sun.launcher.LauncherHelper
1527:             1             24  sun.management.VMManagementImpl
1528:             1             24  sun.misc.JarIndex
1529:             1             24  sun.misc.URLClassPath$FileLoader
1530:             1             24  sun.net.ProgressMonitor
1531:             1             24  sun.net.sdp.SdpProvider
1532:             1             24  sun.nio.ch.SharedFileLockTable
1533:             1             24  sun.nio.cs.ISO_8859_1
1534:             1             24  sun.nio.cs.US_ASCII
1535:             1             24  sun.nio.cs.UTF_16
1536:             1             24  sun.nio.cs.UTF_16BE
1537:             1             24  sun.nio.cs.UTF_16LE
1538:             1             24  sun.nio.cs.UTF_8
1539:             1             24  sun.reflect.generics.factory.CoreReflectionFactory
1540:             1             24  sun.reflect.generics.scope.ClassScope
1541:             1             24  sun.reflect.generics.tree.FormalTypeParameter
1542:             1             24  sun.security.provider.DSAParameters
1543:             1             24  sun.security.ssl.SSLAlgorithmConstraints$TLSDisabledAlgConstraints
1544:             1             24  sun.security.ssl.SSLAlgorithmConstraints$X509DisabledAlgConstraints
1545:             1             24  sun.security.ssl.SunX509KeyManagerImpl
1546:             1             24  sun.security.util.DisabledAlgorithmConstraints$KeySizeConstraint
1547:             1             24  sun.text.normalizer.ReplaceableUCharacterIterator
1548:             1             24  sun.util.locale.BaseLocale$Cache
1549:             1             24  sun.util.locale.provider.CalendarDataProviderImpl
1550:             1             24  sun.util.locale.provider.CalendarProviderImpl
1551:             1             24  sun.util.locale.provider.CollatorProviderImpl
1552:             1             24  sun.util.locale.provider.CurrencyNameProviderImpl
1553:             1             24  sun.util.locale.provider.DateFormatSymbolsProviderImpl
1554:             1             24  sun.util.locale.provider.DecimalFormatSymbolsProviderImpl
1555:             1             24  sun.util.locale.provider.NumberFormatProviderImpl
1556:             1             16  [Ljava.beans.EventSetDescriptor;
1557:             1             16  [Ljava.lang.Enum;
1558:             1             16  [Ljava.lang.Throwable;
1559:             1             16  [Ljava.nio.file.attribute.FileAttribute;
1560:             1             16  [Ljava.security.Provider;
1561:             1             16  [Ljava.text.FieldPosition;
1562:             1             16  [Ljava.util.logging.Handler;
1563:             1             16  [Lorg.apache.lucene.codecs.PostingsFormat;
1564:             1             16  [Lorg.apache.lucene.index.MultiTermsEnum$TermsEnumIndex;
1565:             1             16  [Lorg.apache.lucene.search.ScoreDoc;
1566:             1             16  [Lorg.apache.lucene.search.SortField;
1567:             1             16  [Lorg.apache.solr.client.solrj.impl.LBHttpSolrClient$ServerWrapper;
1568:             1             16  com.google.common.base.Equivalence$Equals
1569:             1             16  com.google.common.base.Joiner
1570:             1             16  com.google.common.base.Suppliers$SupplierOfInstance
1571:             1             16  com.google.common.base.Ticker$1
1572:             1             16  com.google.common.cache.CacheBuilder$1
1573:             1             16  com.google.common.cache.CacheBuilder$2
1574:             1             16  com.google.common.cache.CacheBuilder$3
1575:             1             16  com.google.common.cache.LocalCache$1
1576:             1             16  com.google.common.cache.LocalCache$2
1577:             1             16  com.google.common.collect.ImmutableCollection$EmptyImmutableCollection
1578:             1             16  com.google.common.collect.Iterators$1
1579:             1             16  com.google.common.collect.Iterators$2
1580:             1             16  com.sun.naming.internal.VersionHelper12
1581:             1             16  com.sun.org.apache.xalan.internal.utils.SecuritySupport
1582:             1             16  com.sun.org.apache.xerces.internal.dom.CharacterDataImpl$1
1583:             1             16  com.sun.org.apache.xerces.internal.impl.XMLDocumentScannerImpl$DTDDriver
1584:             1             16  com.sun.org.apache.xerces.internal.impl.dv.dtd.IDDatatypeValidator
1585:             1             16  com.sun.org.apache.xerces.internal.impl.dv.dtd.IDREFDatatypeValidator
1586:             1             16  com.sun.org.apache.xerces.internal.impl.dv.dtd.NMTOKENDatatypeValidator
1587:             1             16  com.sun.org.apache.xerces.internal.impl.dv.dtd.NOTATIONDatatypeValidator
1588:             1             16  com.sun.org.apache.xerces.internal.impl.dv.dtd.StringDatatypeValidator
1589:             1             16  com.sun.org.apache.xerces.internal.utils.SecuritySupport
1590:             1             16  com.sun.org.apache.xpath.internal.objects.EqualComparator
1591:             1             16  com.sun.org.apache.xpath.internal.objects.GreaterThanComparator
1592:             1             16  com.sun.org.apache.xpath.internal.objects.GreaterThanOrEqualComparator
1593:             1             16  com.sun.org.apache.xpath.internal.objects.LessThanComparator
1594:             1             16  com.sun.org.apache.xpath.internal.objects.LessThanOrEqualComparator
1595:             1             16  com.sun.org.apache.xpath.internal.objects.NotEqualComparator
1596:             1             16  com.sun.org.apache.xpath.internal.objects.XMLStringFactoryImpl
1597:             1             16  java.io.FileDescriptor$1
1598:             1             16  java.lang.ApplicationShutdownHooks$1
1599:             1             16  java.lang.CharacterData00
1600:             1             16  java.lang.CharacterDataLatin1
1601:             1             16  java.lang.InheritableThreadLocal
1602:             1             16  java.lang.Runtime
1603:             1             16  java.lang.String$CaseInsensitiveComparator
1604:             1             16  java.lang.System$2
1605:             1             16  java.lang.Terminator$1
1606:             1             16  java.lang.invoke.MemberName$Factory
1607:             1             16  java.lang.invoke.MethodHandleImpl$2
1608:             1             16  java.lang.invoke.MethodHandleImpl$3
1609:             1             16  java.lang.management.PlatformComponent$1
1610:             1             16  java.lang.management.PlatformComponent$10
1611:             1             16  java.lang.management.PlatformComponent$11
1612:             1             16  java.lang.management.PlatformComponent$12
1613:             1             16  java.lang.management.PlatformComponent$13
1614:             1             16  java.lang.management.PlatformComponent$14
1615:             1             16  java.lang.management.PlatformComponent$15
1616:             1             16  java.lang.management.PlatformComponent$2
1617:             1             16  java.lang.management.PlatformComponent$3
1618:             1             16  java.lang.management.PlatformComponent$4
1619:             1             16  java.lang.management.PlatformComponent$5
1620:             1             16  java.lang.management.PlatformComponent$6
1621:             1             16  java.lang.management.PlatformComponent$7
1622:             1             16  java.lang.management.PlatformComponent$8
1623:             1             16  java.lang.management.PlatformComponent$9
1624:             1             16  java.lang.ref.Reference$Lock
1625:             1             16  java.lang.reflect.Proxy$KeyFactory
1626:             1             16  java.lang.reflect.Proxy$ProxyClassFactory
1627:             1             16  java.lang.reflect.ReflectAccess
1628:             1             16  java.net.InetAddress$2
1629:             1             16  java.net.URLClassLoader$7
1630:             1             16  java.nio.Bits$1
1631:             1             16  java.nio.channels.spi.AbstractInterruptibleChannel$1
1632:             1             16  java.nio.charset.CoderResult$1
1633:             1             16  java.nio.charset.CoderResult$2
1634:             1             16  java.security.ProtectionDomain$1
1635:             1             16  java.security.ProtectionDomain$3
1636:             1             16  java.text.DontCareFieldPosition$1
1637:             1             16  java.util.Collections$EmptyEnumeration
1638:             1             16  java.util.Collections$EmptyIterator
1639:             1             16  java.util.Collections$EmptyList
1640:             1             16  java.util.Collections$EmptySet
1641:             1             16  java.util.Collections$UnmodifiableMap$UnmodifiableEntrySet
1642:             1             16  java.util.Currency$CurrencyNameGetter
1643:             1             16  java.util.Hashtable$KeySet
1644:             1             16  java.util.ResourceBundle$Control
1645:             1             16  java.util.Timer$1
1646:             1             16  java.util.concurrent.ConcurrentHashMap$EntrySetView
1647:             1             16  java.util.concurrent.ConcurrentSkipListMap$KeySet
1648:             1             16  java.util.concurrent.Executors$FinalizableDelegatedExecutorService
1649:             1             16  java.util.concurrent.ThreadPoolExecutor$AbortPolicy
1650:             1             16  java.util.jar.JavaUtilJarAccessImpl
1651:             1             16  java.util.logging.LoggingProxyImpl
1652:             1             16  java.util.regex.Pattern$4
1653:             1             16  java.util.regex.Pattern$Begin
1654:             1             16  java.util.regex.Pattern$CharPropertyNames$10
1655:             1             16  java.util.regex.Pattern$CharPropertyNames$11
1656:             1             16  java.util.regex.Pattern$CharPropertyNames$12
1657:             1             16  java.util.regex.Pattern$CharPropertyNames$13
1658:             1             16  java.util.regex.Pattern$CharPropertyNames$14
1659:             1             16  java.util.regex.Pattern$CharPropertyNames$15
1660:             1             16  java.util.regex.Pattern$CharPropertyNames$16
1661:             1             16  java.util.regex.Pattern$CharPropertyNames$17
1662:             1             16  java.util.regex.Pattern$CharPropertyNames$18
1663:             1             16  java.util.regex.Pattern$CharPropertyNames$19
1664:             1             16  java.util.regex.Pattern$CharPropertyNames$20
1665:             1             16  java.util.regex.Pattern$CharPropertyNames$21
1666:             1             16  java.util.regex.Pattern$CharPropertyNames$22
1667:             1             16  java.util.regex.Pattern$CharPropertyNames$23
1668:             1             16  java.util.regex.Pattern$CharPropertyNames$5
1669:             1             16  java.util.regex.Pattern$CharPropertyNames$6
1670:             1             16  java.util.regex.Pattern$CharPropertyNames$7
1671:             1             16  java.util.regex.Pattern$CharPropertyNames$8
1672:             1             16  java.util.regex.Pattern$CharPropertyNames$9
1673:             1             16  java.util.regex.Pattern$LastNode
1674:             1             16  java.util.regex.Pattern$Node
1675:             1             16  java.util.zip.ZipFile$1
1676:             1             16  javax.xml.parsers.SecuritySupport
1677:             1             16  javax.xml.stream.SecuritySupport
1678:             1             16  javax.xml.transform.SecuritySupport
1679:             1             16  org.apache.http.conn.ssl.AllowAllHostnameVerifier
1680:             1             16  org.apache.http.conn.ssl.BrowserCompatHostnameVerifier
1681:             1             16  org.apache.http.conn.ssl.StrictHostnameVerifier
1682:             1             16  org.apache.log4j.DefaultCategoryFactory
1683:             1             16  org.apache.log4j.helpers.AppenderAttachableImpl
1684:             1             16  org.apache.log4j.or.DefaultRenderer
1685:             1             16  org.apache.log4j.or.RendererMap
1686:             1             16  org.apache.log4j.spi.DefaultRepositorySelector
1687:             1             16  org.apache.lucene.analysis.Analyzer$1
1688:             1             16  org.apache.lucene.analysis.Analyzer$2
1689:             1             16  org.apache.lucene.analysis.payloads.FloatEncoder
1690:             1             16  org.apache.lucene.analysis.util.CharacterUtils$Java4CharacterUtils
1691:             1             16  org.apache.lucene.analysis.util.CharacterUtils$Java5CharacterUtils
1692:             1             16  org.apache.lucene.codecs.bloom.DefaultBloomFilterFactory
1693:             1             16  org.apache.lucene.codecs.compressing.CompressionMode$1
1694:             1             16  org.apache.lucene.codecs.compressing.CompressionMode$2
1695:             1             16  org.apache.lucene.codecs.compressing.CompressionMode$3
1696:             1             16  org.apache.lucene.codecs.compressing.CompressionMode$4
1697:             1             16  org.apache.lucene.codecs.lucene40.Lucene40PostingsFormat
1698:             1             16  org.apache.lucene.codecs.lucene40.Lucene40StoredFieldsFormat
1699:             1             16  org.apache.lucene.codecs.lucene41.Lucene41PostingsFormat
1700:             1             16  org.apache.lucene.codecs.lucene410.Lucene410Codec$3
1701:             1             16  org.apache.lucene.codecs.lucene410.Lucene410DocValuesFormat
1702:             1             16  org.apache.lucene.codecs.lucene45.Lucene45DocValuesFormat
1703:             1             16  org.apache.lucene.codecs.lucene49.Lucene49Codec$3
1704:             1             16  org.apache.lucene.codecs.lucene49.Lucene49DocValuesFormat
1705:             1             16  org.apache.lucene.codecs.lucene50.Lucene50DocValuesFormat
1706:             1             16  org.apache.lucene.codecs.memory.DirectDocValuesFormat
1707:             1             16  org.apache.lucene.codecs.memory.FSTOrdPostingsFormat
1708:             1             16  org.apache.lucene.codecs.memory.FSTPostingsFormat
1709:             1             16  org.apache.lucene.codecs.simpletext.SimpleTextCompoundFormat
1710:             1             16  org.apache.lucene.codecs.simpletext.SimpleTextFieldInfosFormat
1711:             1             16  org.apache.lucene.codecs.simpletext.SimpleTextLiveDocsFormat
1712:             1             16  org.apache.lucene.codecs.simpletext.SimpleTextNormsFormat
1713:             1             16  org.apache.lucene.codecs.simpletext.SimpleTextSegmentInfoFormat
1714:             1             16  org.apache.lucene.codecs.simpletext.SimpleTextStoredFieldsFormat
1715:             1             16  org.apache.lucene.codecs.simpletext.SimpleTextTermVectorsFormat
1716:             1             16  org.apache.lucene.index.BufferedUpdatesStream$1
1717:             1             16  org.apache.lucene.index.DocumentsWriterPerThread$1
1718:             1             16  org.apache.lucene.index.TermsEnum$2
1719:             1             16  org.apache.lucene.search.MultiTermQuery$1
1720:             1             16  org.apache.lucene.search.ScoringRewrite$1
1721:             1             16  org.apache.lucene.search.ScoringRewrite$2
1722:             1             16  org.apache.lucene.search.spell.LuceneLevenshteinDistance
1723:             1             16  org.apache.lucene.search.spell.SuggestWordScoreComparator
1724:             1             16  org.apache.lucene.store.MMapDirectory$1
1725:             1             16  org.apache.lucene.store.NativeFSLockFactory
1726:             1             16  org.apache.lucene.uninverting.FieldCache$1
1727:             1             16  org.apache.lucene.uninverting.FieldCache$2
1728:             1             16  org.apache.lucene.uninverting.FieldCache$3
1729:             1             16  org.apache.lucene.uninverting.FieldCache$4
1730:             1             16  org.apache.lucene.uninverting.FieldCacheImpl$1
1731:             1             16  org.apache.lucene.util.ArrayUtil$NaturalComparator
1732:             1             16  org.apache.lucene.util.AttributeFactory$DefaultAttributeFactory
1733:             1             16  org.apache.lucene.util.BytesRef$UTF8SortedAsUTF16Comparator
1734:             1             16  org.apache.lucene.util.BytesRef$UTF8SortedAsUnicodeComparator
1735:             1             16  org.apache.lucene.util.CharsRef$UTF16SortedAsUTF8Comparator
1736:             1             16  org.apache.lucene.util.InfoStream$NoOutput
1737:             1             16  org.apache.lucene.util.LongValues$1
1738:             1             16  org.apache.lucene.util.fst.ByteSequenceOutputs
1739:             1             16  org.apache.lucene.util.packed.PackedInts$NullReader
1740:             1             16  org.apache.solr.client.solrj.impl.BinaryResponseParser
1741:             1             16  org.apache.solr.client.solrj.impl.HttpClientConfigurer
1742:             1             16  org.apache.solr.core.ConfigSolrXml$1
1743:             1             16  org.apache.solr.core.ConfigSolrXml$2
1744:             1             16  org.apache.solr.core.ConfigSolrXml$3
1745:             1             16  org.apache.solr.core.CorePropertiesLocator
1746:             1             16  org.apache.solr.core.SolrCore$9
1747:             1             16  org.apache.solr.core.StandardIndexReaderFactory
1748:             1             16  org.apache.solr.handler.ReplicationHandler$2
1749:             1             16  org.apache.solr.handler.component.DebugComponent
1750:             1             16  org.apache.solr.handler.component.MoreLikeThisComponent
1751:             1             16  org.apache.solr.handler.component.QueryComponent
1752:             1             16  org.apache.solr.handler.component.RealTimeGetComponent
1753:             1             16  org.apache.solr.handler.component.StatsComponent
1754:             1             16  org.apache.solr.handler.component.TermsComponent
1755:             1             16  org.apache.solr.response.BinaryResponseWriter
1756:             1             16  org.apache.solr.response.CSVResponseWriter
1757:             1             16  org.apache.solr.response.PHPResponseWriter
1758:             1             16  org.apache.solr.response.PHPSerializedResponseWriter
1759:             1             16  org.apache.solr.response.PythonResponseWriter
1760:             1             16  org.apache.solr.response.RawResponseWriter
1761:             1             16  org.apache.solr.response.RubyResponseWriter
1762:             1             16  org.apache.solr.response.SchemaXmlResponseWriter
1763:             1             16  org.apache.solr.response.SortingResponseWriter
1764:             1             16  org.apache.solr.response.XMLResponseWriter
1765:             1             16  org.apache.solr.response.XSLTResponseWriter
1766:             1             16  org.apache.solr.response.transform.ChildDocTransformerFactory
1767:             1             16  org.apache.solr.response.transform.DocIdAugmenterFactory
1768:             1             16  org.apache.solr.response.transform.ElevatedMarkerFactory
1769:             1             16  org.apache.solr.response.transform.ExcludedMarkerFactory
1770:             1             16  org.apache.solr.response.transform.ShardAugmenterFactory
1771:             1             16  org.apache.solr.rest.ManagedResourceStorage$FileStorageIO
1772:             1             16  org.apache.solr.schema.RandomSortField$1
1773:             1             16  org.apache.solr.search.BoostQParserPlugin
1774:             1             16  org.apache.solr.search.CollapsingQParserPlugin
1775:             1             16  org.apache.solr.search.ComplexPhraseQParserPlugin
1776:             1             16  org.apache.solr.search.DateValueSourceParser
1777:             1             16  org.apache.solr.search.DisMaxQParserPlugin
1778:             1             16  org.apache.solr.search.ExportQParserPlugin
1779:             1             16  org.apache.solr.search.ExtendedDismaxQParserPlugin
1780:             1             16  org.apache.solr.search.FieldQParserPlugin
1781:             1             16  org.apache.solr.search.FunctionQParserPlugin
1782:             1             16  org.apache.solr.search.FunctionRangeQParserPlugin
1783:             1             16  org.apache.solr.search.JoinQParserPlugin
1784:             1             16  org.apache.solr.search.LuceneQParserPlugin
1785:             1             16  org.apache.solr.search.MaxScoreQParserPlugin
1786:             1             16  org.apache.solr.search.NestedQParserPlugin
1787:             1             16  org.apache.solr.search.NoOpRegenerator
1788:             1             16  org.apache.solr.search.OldLuceneQParserPlugin
1789:             1             16  org.apache.solr.search.PrefixQParserPlugin
1790:             1             16  org.apache.solr.search.RawQParserPlugin
1791:             1             16  org.apache.solr.search.ReRankQParserPlugin
1792:             1             16  org.apache.solr.search.SimpleQParserPlugin
1793:             1             16  org.apache.solr.search.SolrFieldCacheMBean
1794:             1             16  org.apache.solr.search.SolrIndexSearcher$1
1795:             1             16  org.apache.solr.search.SolrIndexSearcher$2
1796:             1             16  org.apache.solr.search.SolrIndexSearcher$3
1797:             1             16  org.apache.solr.search.SolrIndexSearcher$4
1798:             1             16  org.apache.solr.search.SolrQueryTimeoutImpl
1799:             1             16  org.apache.solr.search.SolrQueryTimeoutImpl$1
1800:             1             16  org.apache.solr.search.SpatialBoxQParserPlugin
1801:             1             16  org.apache.solr.search.SpatialFilterQParserPlugin
1802:             1             16  org.apache.solr.search.SurroundQParserPlugin
1803:             1             16  org.apache.solr.search.SwitchQParserPlugin
1804:             1             16  org.apache.solr.search.TermQParserPlugin
1805:             1             16  org.apache.solr.search.TermsQParserPlugin
1806:             1             16  org.apache.solr.search.ValueSourceParser$1
1807:             1             16  org.apache.solr.search.ValueSourceParser$10
1808:             1             16  org.apache.solr.search.ValueSourceParser$11
1809:             1             16  org.apache.solr.search.ValueSourceParser$12
1810:             1             16  org.apache.solr.search.ValueSourceParser$13
1811:             1             16  org.apache.solr.search.ValueSourceParser$14
1812:             1             16  org.apache.solr.search.ValueSourceParser$15
1813:             1             16  org.apache.solr.search.ValueSourceParser$16
1814:             1             16  org.apache.solr.search.ValueSourceParser$17
1815:             1             16  org.apache.solr.search.ValueSourceParser$18
1816:             1             16  org.apache.solr.search.ValueSourceParser$19
1817:             1             16  org.apache.solr.search.ValueSourceParser$2
1818:             1             16  org.apache.solr.search.ValueSourceParser$20
1819:             1             16  org.apache.solr.search.ValueSourceParser$21
1820:             1             16  org.apache.solr.search.ValueSourceParser$22
1821:             1             16  org.apache.solr.search.ValueSourceParser$23
1822:             1             16  org.apache.solr.search.ValueSourceParser$24
1823:             1             16  org.apache.solr.search.ValueSourceParser$25
1824:             1             16  org.apache.solr.search.ValueSourceParser$26
1825:             1             16  org.apache.solr.search.ValueSourceParser$27
1826:             1             16  org.apache.solr.search.ValueSourceParser$28
1827:             1             16  org.apache.solr.search.ValueSourceParser$29
1828:             1             16  org.apache.solr.search.ValueSourceParser$3
1829:             1             16  org.apache.solr.search.ValueSourceParser$30
1830:             1             16  org.apache.solr.search.ValueSourceParser$31
1831:             1             16  org.apache.solr.search.ValueSourceParser$32
1832:             1             16  org.apache.solr.search.ValueSourceParser$33
1833:             1             16  org.apache.solr.search.ValueSourceParser$34
1834:             1             16  org.apache.solr.search.ValueSourceParser$35
1835:             1             16  org.apache.solr.search.ValueSourceParser$36
1836:             1             16  org.apache.solr.search.ValueSourceParser$37
1837:             1             16  org.apache.solr.search.ValueSourceParser$38
1838:             1             16  org.apache.solr.search.ValueSourceParser$39
1839:             1             16  org.apache.solr.search.ValueSourceParser$4
1840:             1             16  org.apache.solr.search.ValueSourceParser$40
1841:             1             16  org.apache.solr.search.ValueSourceParser$41
1842:             1             16  org.apache.solr.search.ValueSourceParser$42
1843:             1             16  org.apache.solr.search.ValueSourceParser$43
1844:             1             16  org.apache.solr.search.ValueSourceParser$44
1845:             1             16  org.apache.solr.search.ValueSourceParser$45
1846:             1             16  org.apache.solr.search.ValueSourceParser$46
1847:             1             16  org.apache.solr.search.ValueSourceParser$47
1848:             1             16  org.apache.solr.search.ValueSourceParser$48
1849:             1             16  org.apache.solr.search.ValueSourceParser$49
1850:             1             16  org.apache.solr.search.ValueSourceParser$5
1851:             1             16  org.apache.solr.search.ValueSourceParser$50
1852:             1             16  org.apache.solr.search.ValueSourceParser$51
1853:             1             16  org.apache.solr.search.ValueSourceParser$52
1854:             1             16  org.apache.solr.search.ValueSourceParser$53
1855:             1             16  org.apache.solr.search.ValueSourceParser$54
1856:             1             16  org.apache.solr.search.ValueSourceParser$55
1857:             1             16  org.apache.solr.search.ValueSourceParser$56
1858:             1             16  org.apache.solr.search.ValueSourceParser$57
1859:             1             16  org.apache.solr.search.ValueSourceParser$58
1860:             1             16  org.apache.solr.search.ValueSourceParser$59
1861:             1             16  org.apache.solr.search.ValueSourceParser$6
1862:             1             16  org.apache.solr.search.ValueSourceParser$60
1863:             1             16  org.apache.solr.search.ValueSourceParser$61
1864:             1             16  org.apache.solr.search.ValueSourceParser$62
1865:             1             16  org.apache.solr.search.ValueSourceParser$63
1866:             1             16  org.apache.solr.search.ValueSourceParser$64
1867:             1             16  org.apache.solr.search.ValueSourceParser$65
1868:             1             16  org.apache.solr.search.ValueSourceParser$66
1869:             1             16  org.apache.solr.search.ValueSourceParser$67
1870:             1             16  org.apache.solr.search.ValueSourceParser$68
1871:             1             16  org.apache.solr.search.ValueSourceParser$69
1872:             1             16  org.apache.solr.search.ValueSourceParser$7
1873:             1             16  org.apache.solr.search.ValueSourceParser$70
1874:             1             16  org.apache.solr.search.ValueSourceParser$71
1875:             1             16  org.apache.solr.search.ValueSourceParser$72
1876:             1             16  org.apache.solr.search.ValueSourceParser$73
1877:             1             16  org.apache.solr.search.ValueSourceParser$74
1878:             1             16  org.apache.solr.search.ValueSourceParser$8
1879:             1             16  org.apache.solr.search.ValueSourceParser$9
1880:             1             16  org.apache.solr.search.function.distance.GeoDistValueSourceParser
1881:             1             16  org.apache.solr.search.grouping.endresulttransformer.MainEndResultTransformer
1882:             1             16  org.apache.solr.search.grouping.endresulttransformer.SimpleEndResultTransformer
1883:             1             16  org.apache.solr.search.join.BlockJoinChildQParserPlugin
1884:             1             16  org.apache.solr.search.join.BlockJoinParentQParserPlugin
1885:             1             16  org.apache.solr.search.mlt.MLTQParserPlugin
1886:             1             16  org.apache.solr.search.stats.LocalStatsCache
1887:             1             16  org.apache.solr.update.LoggingInfoStream
1888:             1             16  org.apache.solr.update.TransactionLog$1
1889:             1             16  org.apache.solr.update.processor.DistributedUpdateProcessorFactory
1890:             1             16  org.apache.solr.update.processor.RunUpdateProcessorFactory
1891:             1             16  org.apache.solr.util.EmptyEntityResolver$1
1892:             1             16  org.apache.solr.util.EmptyEntityResolver$2
1893:             1             16  org.apache.solr.util.stats.Clock$UserTimeClock
1894:             1             16  org.eclipse.jetty.deploy.bindings.StandardDeployer
1895:             1             16  org.eclipse.jetty.deploy.bindings.StandardStarter
1896:             1             16  org.eclipse.jetty.deploy.bindings.StandardStopper
1897:             1             16  org.eclipse.jetty.deploy.bindings.StandardUndeployer
1898:             1             16  org.eclipse.jetty.deploy.providers.ContextProvider$1
1899:             1             16  org.eclipse.jetty.deploy.providers.ScanningAppProvider$1
1900:             1             16  org.eclipse.jetty.http.HttpFields$1
1901:             1             16  org.eclipse.jetty.http.HttpFields$2
1902:             1             16  org.eclipse.jetty.http.MimeTypes
1903:             1             16  org.eclipse.jetty.security.DefaultAuthenticatorFactory
1904:             1             16  org.eclipse.jetty.security.SecurityHandler$1
1905:             1             16  org.eclipse.jetty.security.SecurityHandler$2
1906:             1             16  org.eclipse.jetty.security.SecurityHandler$3
1907:             1             16  org.eclipse.jetty.server.Authentication$1
1908:             1             16  org.eclipse.jetty.server.Authentication$2
1909:             1             16  org.eclipse.jetty.server.Authentication$3
1910:             1             16  org.eclipse.jetty.server.Authentication$4
1911:             1             16  org.eclipse.jetty.server.Authentication$5
1912:             1             16  org.eclipse.jetty.server.handler.ContextHandler$ApproveNonExistentDirectoryAliases
1913:             1             16  org.eclipse.jetty.server.session.AbstractSessionManager$1
1914:             1             16  org.eclipse.jetty.server.session.AbstractSessionManager$2
1915:             1             16  org.eclipse.jetty.servlet.listener.ELContextCleaner
1916:             1             16  org.eclipse.jetty.servlet.listener.IntrospectorCleaner
1917:             1             16  org.eclipse.jetty.start.FilenameComparator
1918:             1             16  org.eclipse.jetty.util.IO$ClosedIS
1919:             1             16  org.eclipse.jetty.util.IO$NullOS
1920:             1             16  org.eclipse.jetty.util.StringMap$NullEntry
1921:             1             16  org.eclipse.jetty.util.component.Container
1922:             1             16  org.eclipse.jetty.util.thread.QueuedThreadPool$3
1923:             1             16  org.eclipse.jetty.webapp.FragmentConfiguration
1924:             1             16  org.eclipse.jetty.webapp.JettyWebXmlConfiguration
1925:             1             16  org.eclipse.jetty.webapp.MetaInfConfiguration
1926:             1             16  org.eclipse.jetty.webapp.StandardDescriptorProcessor
1927:             1             16  org.eclipse.jetty.webapp.WebInfConfiguration
1928:             1             16  org.eclipse.jetty.webapp.WebXmlConfiguration
1929:             1             16  org.opensextant.solrtexttagger.TagClusterReducer$1
1930:             1             16  org.opensextant.solrtexttagger.TagClusterReducer$2
1931:             1             16  org.opensextant.solrtexttagger.TagClusterReducer$3
1932:             1             16  org.slf4j.helpers.NOPLoggerFactory
1933:             1             16  org.slf4j.helpers.SubstituteLoggerFactory
1934:             1             16  org.slf4j.impl.Log4jLoggerFactory
1935:             1             16  org.slf4j.impl.StaticLoggerBinder
1936:             1             16  sun.management.HotSpotDiagnostic
1937:             1             16  sun.misc.ASCIICaseInsensitiveComparator
1938:             1             16  sun.misc.FloatingDecimal$1
1939:             1             16  sun.misc.Launcher
1940:             1             16  sun.misc.Launcher$Factory
1941:             1             16  sun.misc.Perf
1942:             1             16  sun.misc.Unsafe
1943:             1             16  sun.net.DefaultProgressMeteringPolicy
1944:             1             16  sun.net.www.protocol.file.Handler
1945:             1             16  sun.net.www.protocol.jar.JarFileFactory
1946:             1             16  sun.nio.ch.Util$1
1947:             1             16  sun.nio.fs.LinuxFileSystemProvider
1948:             1             16  sun.reflect.GeneratedConstructorAccessor13
1949:             1             16  sun.reflect.GeneratedConstructorAccessor8
1950:             1             16  sun.reflect.GeneratedMethodAccessor1
1951:             1             16  sun.reflect.GeneratedMethodAccessor2
1952:             1             16  sun.reflect.GeneratedMethodAccessor3
1953:             1             16  sun.reflect.GeneratedMethodAccessor4
1954:             1             16  sun.reflect.GeneratedMethodAccessor5
1955:             1             16  sun.reflect.GeneratedMethodAccessor6
1956:             1             16  sun.reflect.ReflectionFactory
1957:             1             16  sun.reflect.generics.tree.BottomSignature
1958:             1             16  sun.security.rsa.RSAKeyFactory
1959:             1             16  sun.security.ssl.EphemeralKeyManager
1960:             1             16  sun.security.util.ByteArrayLexOrder
1961:             1             16  sun.security.util.ByteArrayTagOrder
1962:             1             16  sun.text.normalizer.NormalizerBase$Mode
1963:             1             16  sun.text.normalizer.NormalizerBase$NFCMode
1964:             1             16  sun.text.normalizer.NormalizerBase$NFDMode
1965:             1             16  sun.text.normalizer.NormalizerBase$NFKCMode
1966:             1             16  sun.text.normalizer.NormalizerBase$NFKDMode
1967:             1             16  sun.text.normalizer.NormalizerImpl
1968:             1             16  sun.text.normalizer.NormalizerImpl$AuxTrieImpl
1969:             1             16  sun.text.normalizer.NormalizerImpl$FCDTrieImpl
1970:             1             16  sun.text.normalizer.NormalizerImpl$NormTrieImpl
1971:             1             16  sun.text.normalizer.ReplaceableString
1972:             1             16  sun.util.calendar.Gregorian
1973:             1             16  sun.util.locale.provider.AuxLocaleProviderAdapter$NullProvider
1974:             1             16  sun.util.locale.provider.CalendarDataUtility$CalendarWeekParameterGetter
1975:             1             16  sun.util.locale.provider.SPILocaleProviderAdapter
1976:             1             16  sun.util.resources.LocaleData
1977:             1             16  sun.util.resources.LocaleData$LocaleDataResourceBundleControl
Total      26536333     3419979272

 num     #instances         #bytes  class name
----------------------------------------------
   1:      15692112     1576612064  [C
   2:        175144     1400018536  [B
   3:         25775      377736240  [J
   4:      15678838      376292112  java.lang.String
   5:          6187      172478152  [I
   6:         82645       70684168  [Ljava.lang.Object;
   7:        282343       20328696  org.apache.lucene.util.fst.FST$Arc
   8:         53567        5452952  [Lorg.apache.lucene.util.fst.FST$Arc;
   9:        113167        2716008  org.apache.lucene.util.BytesRef
  10:          9215        2426128  [Ljava.util.HashMap$Node;
  11:         48848        1172352  org.apache.lucene.util.fst.ReverseBytesReader
  12:         20353         814120  org.apache.lucene.util.packed.Packed64
  13:         24819         794208  java.util.HashMap$Node
  14:         11154         624624  org.apache.lucene.codecs.memory.MemoryPostingsFormat$FSTTermsEnum
  15:         11154         624624  org.apache.lucene.util.fst.BytesRefFSTEnum
  16:          5037         567440  java.lang.Class
  17:         22904         549696  java.util.ArrayList
  18:         11655         466200  java.util.LinkedHashMap$Entry
  19:         19422         466128  org.apache.lucene.index.MultiDocsEnum$EnumWithSlice
  20:         13843         442976  org.apache.lucene.store.ByteArrayDataInput
  21:         11154         356928  org.apache.lucene.index.MultiTermsEnum$TermsEnumWithSlice
  22:          7190         345120  java.util.HashMap
  23:         11154         267696  org.apache.lucene.index.ExitableDirectoryReader$ExitableTermsEnum
  24:         11154         267696  org.apache.lucene.index.MultiDocsAndPositionsEnum$EnumWithSlice
  25:         11154         267696  org.apache.lucene.index.MultiTermsEnum$TermsEnumIndex
  26:         11154         267696  org.apache.lucene.util.fst.BytesRefFSTEnum$InputOutput
  27:          6146         245840  org.apache.lucene.document.FieldType
  28:          7346         235072  java.util.concurrent.ConcurrentHashMap$Node
  29:           931         210064  [S
  30:          6147         196704  org.apache.lucene.document.LazyDocument$LazyField
  31:          6144         196608  org.apache.lucene.document.Field
  32:          4801         192040  sun.nio.cs.UTF_8$Decoder
  33:          3055         171080  java.util.LinkedHashMap
  34:          2984         167104  org.apache.lucene.util.packed.PackedReaderIterator
  35:          2921         163576  org.eclipse.jetty.io.ByteArrayBuffer
  36:          4859         155488  java.lang.StackTraceElement
  37:          1287         154440  [Lorg.apache.lucene.index.MultiTermsEnum$TermsEnumWithSlice;
  38:            24         127808  [[B
  39:            66         101256  [Lorg.apache.lucene.util.packed.PackedInts$Reader;
  40:          3149         100768  org.apache.lucene.util.WeakIdentityMap$IdentityWeakReference
  41:            17          99656  [F
  42:           747          89640  [Lorg.apache.lucene.index.MultiDocsEnum$EnumWithSlice;
  43:          5585          89360  java.lang.Integer
  44:          1782          88944  [Ljava.lang.String;
  45:          2161          86440  org.tartarus.snowball.Among
  46:          1791          85968  java.nio.HeapCharBuffer
  47:          1161          74304  org.apache.lucene.codecs.memory.MemoryPostingsFormat$FSTDocsEnum
  48:          2984          71616  org.apache.lucene.util.LongsRef
  49:          2049          65568  org.apache.lucene.document.LazyDocument
  50:          2715          65160  org.apache.solr.common.SolrDocument
  51:           104          63008  [Ljava.util.concurrent.ConcurrentHashMap$Node;
  52:          3724          59584  java.lang.Object
  53:          2405          57720  org.apache.lucene.util.packed.Direct8
  54:          1802          57664  java.util.Hashtable$Entry
  55:          2333          55992  java.util.LinkedList$Node
  56:          1369          54760  java.util.TreeMap$Entry
  57:          1132          54336  java.nio.HeapByteBuffer
  58:          1120          53760  org.apache.solr.parser.Token
  59:           430          51496  [Lorg.apache.lucene.index.MultiTermsEnum$TermsEnumIndex;
  60:           429          51480  [Lorg.apache.lucene.index.MultiDocsAndPositionsEnum$EnumWithSlice;
  61:          2005          48120  org.apache.lucene.util.packed.Packed64SingleBlock$Packed64SingleBlock4
  62:           511          43696  [Ljava.util.WeakHashMap$Entry;
  63:          2726          43616  java.util.LinkedHashMap$LinkedEntrySet
  64:           155          43488  [[C
  65:           228          43424  [Ljava.lang.StackTraceElement;
  66:          2540          40640  java.util.HashSet
  67:           318          38160  [Lorg.apache.lucene.index.DocsEnum;
  68:          1527          36648  org.apache.lucene.codecs.compressing.CompressingStoredFieldsReader$SerializedDocument
  69:          1527          36648  org.apache.solr.search.SolrIndexSearcher$SetNonLazyFieldSelector
  70:          1504          36096  java.lang.Long
  71:          1454          34896  java.util.concurrent.ConcurrentSkipListMap$Node
  72:           824          32960  java.util.WeakHashMap$Entry
  73:          2048          32768  org.apache.lucene.document.Document
  74:           498          31872  java.nio.DirectByteBufferR
  75:           782          31280  com.sun.org.apache.xerces.internal.dom.TextImpl
  76:           778          31120  com.sun.org.apache.xerces.internal.dom.DeferredTextImpl
  77:          1268          30432  java.lang.Double
  78:           937          29984  java.lang.ref.WeakReference
  79:          1172          28128  org.apache.lucene.index.BitsSlice
  80:           698          27920  java.lang.ref.SoftReference
  81:           862          27584  sun.security.util.DerInputBuffer
  82:           862          27584  sun.security.util.DerValue
  83:           429          27456  org.apache.lucene.index.MultiTermsEnum
  84:           677          27080  java.math.BigInteger
  85:           824          26368  java.lang.ThreadLocal$ThreadLocalMap$Entry
  86:           241          25064  org.apache.lucene.util.fst.FST
  87:           508          24384  java.util.WeakHashMap
  88:          1461          23376  org.apache.lucene.util.BytesRefBuilder
  89:           477          22896  org.apache.lucene.index.FieldInfo
  90:           354          22656  java.net.URL
  91:           291          20952  com.sun.org.apache.xerces.internal.dom.DeferredElementNSImpl
  92:           649          20768  java.util.Collections$UnmodifiableMap
  93:           862          20688  sun.security.util.DerInputStream
  94:           857          20568  [Lsun.security.x509.AVA;
  95:           857          20568  sun.security.x509.AVA
  96:           857          20568  sun.security.x509.RDN
  97:           631          20192  org.apache.solr.schema.StrFieldSource$1
  98:           609          19488  java.lang.ref.ReferenceQueue
  99:           405          19440  org.opensextant.solrtexttagger.TagLL
 100:           303          19392  com.sun.org.apache.xerces.internal.dom.ElementNSImpl
 101:           335          18760  org.eclipse.jetty.io.ByteArrayBuffer$CaseInsensitive
 102:           288          18432  org.apache.lucene.store.ByteBufferIndexInput$SingleBufferImpl
 103:           384          18432  org.opensextant.solrtexttagger.TermPrefixCursor
 104:           208          18304  org.apache.lucene.codecs.blocktree.FieldReader
 105:           226          18080  java.lang.reflect.Constructor
 106:            74          17744  [Ljava.util.Hashtable$Entry;
 107:           352          16896  com.sun.org.apache.xerces.internal.dom.AttrNSImpl
 108:           702          16848  org.eclipse.jetty.http.HttpFields$Field
 109:           341          16368  com.sun.org.apache.xerces.internal.dom.DeferredAttrNSImpl
 110:           112          16128  org.apache.solr.search.SolrQueryParser
 111:           251          16064  java.util.concurrent.ConcurrentHashMap
 112:           383          15320  java.lang.ref.Finalizer
 113:           637          15288  org.apache.lucene.util.CharsRef
 114:           318          15264  org.apache.lucene.index.MultiDocsEnum
 115:           631          15144  org.apache.lucene.uninverting.FieldCacheImpl$SortedDocValuesImpl$1
 116:           631          15144  org.apache.lucene.util.mutable.MutableValueStr
 117:           236          15104  org.apache.lucene.codecs.compressing.CompressingStoredFieldsReader
 118:           236          15104  org.eclipse.jetty.io.BufferCache$CachedBuffer
 119:           377          15080  org.eclipse.jetty.util.StringMap$Node
 120:           471          15072  sun.security.util.ObjectIdentifier
 121:           626          15024  org.apache.lucene.uninverting.FieldCacheImpl$CacheKey
 122:           580          13920  java.util.concurrent.ConcurrentSkipListMap$Index
 123:           571          13704  com.sun.org.apache.xerces.internal.dom.AttributeMap
 124:           113          13560  [Lorg.apache.lucene.queries.function.FunctionValues;
 125:           237          13272  java.lang.Package
 126:           236          13216  org.apache.lucene.codecs.compressing.CompressingStoredFieldsReader$BlockState
 127:           540          12960  java.util.concurrent.atomic.AtomicLong
 128:           113          11752  org.opensextant.solrtexttagger.TaggerRequestHandler$1
 129:           130          11440  [Lorg.eclipse.jetty.util.StringMap$Node;
 130:           119          11424  java.util.jar.JarFile$JarFileEntry
 131:           232          11136  java.util.TreeMap
 132:           341          10912  sun.misc.FDBigInteger
 133:           261          10440  org.eclipse.jetty.xml.XmlParser$Node
 134:           429          10296  org.apache.lucene.index.MultiTermsEnum$TermMergeQueue
 135:           643          10288  java.lang.Float
 136:            91          10216  [Lorg.tartarus.snowball.Among;
 137:           635          10160  org.apache.lucene.util.CharsRefBuilder
 138:           211          10128  sun.security.x509.X500Name
 139:           104           9984  org.apache.lucene.index.SegmentCommitInfo
 140:            39           9840  [Ljava.lang.ThreadLocal$ThreadLocalMap$Entry;
 141:           611           9776  java.lang.ref.ReferenceQueue$Lock
 142:           241           9640  org.apache.lucene.util.fst.BytesStore
 143:           298           9536  sun.security.x509.AlgorithmId
 144:            25           9400  java.lang.Thread
 145:           292           9344  org.apache.lucene.util.Version
 146:           224           8960  java.io.StringReader
 147:           224           8960  org.apache.solr.parser.FastCharStream
 148:           556           8896  org.apache.solr.common.util.NamedList
 149:           157           8792  sun.nio.cs.UTF_8$Encoder
 150:           270           8640  java.util.LinkedList
 151:           213           8520  java.util.HashMap$KeyIterator
 152:           209           8360  com.sun.org.apache.xerces.internal.dom.CommentImpl
 153:           209           8360  com.sun.org.apache.xerces.internal.dom.DeferredCommentImpl
 154:           113           8136  org.apache.log4j.spi.LoggingEvent
 155:           337           8088  java.lang.StringBuilder
 156:           335           8040  org.apache.lucene.util.IntsRef
 157:           124           7936  java.util.jar.JarFile
 158:            99           7920  sun.security.x509.X509CertImpl
 159:           119           7616  java.text.DateFormatSymbols
 160:           238           7616  org.apache.lucene.search.TermQuery
 161:           472           7552  org.apache.solr.common.util.SimpleOrderedMap
 162:           211           7344  [Lsun.security.x509.RDN;
 163:           458           7328  java.util.concurrent.atomic.AtomicInteger
 164:           224           7168  java.io.IOException
 165:           224           7168  java.util.ArrayList$ListItr
 166:           224           7168  org.apache.solr.parser.QueryParser$JJCalls
 167:           288           6912  [Ljava.nio.ByteBuffer;
 168:           117           6880  [Z
 169:           282           6768  java.util.concurrent.ConcurrentLinkedQueue$Node
 170:            75           6600  java.lang.reflect.Method
 171:           164           6560  org.apache.log4j.Logger
 172:           117           6552  org.apache.solr.servlet.SolrRequestParsers$1
 173:           200           6400  com.sun.org.apache.xerces.internal.xni.QName
 174:           133           6384  java.util.zip.Inflater
 175:           133           6384  org.apache.lucene.index.LeafReaderContext
 176:           133           6384  sun.misc.URLClassPath$JarLoader
 177:           197           6304  java.util.concurrent.locks.ReentrantLock$NonfairSync
 178:           112           6272  org.apache.solr.parser.QueryParserTokenManager
 179:           112           6272  org.apache.solr.search.LuceneQParser
 180:           256           6144  org.apache.solr.update.VersionBucket
 181:           239           5736  org.apache.lucene.index.Term
 182:           119           5712  sun.nio.cs.StreamDecoder
 183:           356           5696  java.util.HashMap$EntrySet
 184:           237           5688  org.apache.lucene.search.BooleanClause
 185:           236           5664  java.lang.StringBuffer
 186:           150           5648  [D
 187:           117           5616  org.apache.solr.response.SolrQueryResponse
 188:           116           5568  org.apache.solr.common.util.JavaBinCodec
 189:            99           5544  sun.security.util.MemoryCache$SoftCacheEntry
 190:            99           5544  sun.security.x509.X509CertInfo
 191:           230           5520  org.apache.lucene.util.packed.Packed64SingleBlock$Packed64SingleBlock2
 192:           223           5352  java.security.Provider$ServiceKey
 193:            95           5320  java.security.Provider$Service
 194:           221           5304  org.apache.log4j.CategoryKey
 195:           212           5088  java.util.Date
 196:           211           5064  org.apache.lucene.index.IndexFileDeleter$RefCount
 197:           123           4920  org.apache.solr.search.DocSlice
 198:           202           4848  java.io.ByteArrayOutputStream
 199:           202           4848  java.util.Collections$SynchronizedSet
 200:           119           4760  java.util.IdentityHashMap
 201:           118           4720  org.apache.solr.search.SolrReturnFields
 202:           210           4696  [Ljava.lang.Class;
 203:           116           4640  org.apache.solr.request.SolrRequestInfo
 204:           113           4520  org.opensextant.solrtexttagger.ValueSourceAccessor
 205:           140           4480  java.util.zip.ZipCoder
 206:           276           4416  java.lang.ThreadLocal
 207:           273           4368  java.lang.Byte
 208:           181           4344  java.lang.Class$AnnotationData
 209:            90           4320  org.apache.solr.util.stats.EWMA
 210:           259           4184  [Lorg.eclipse.jetty.xml.XmlParser$Attribute;
 211:           261           4176  java.util.HashMap$KeySet
 212:             1           4112  [Lcom.sun.org.apache.xpath.internal.objects.XObject;
 213:           256           4096  java.lang.Short
 214:            26           3952  [Lorg.apache.lucene.util.packed.PackedInts$Decoder;
 215:            26           3952  [Lorg.apache.lucene.util.packed.PackedInts$Encoder;
 216:           162           3888  org.slf4j.impl.Log4jLoggerAdapter
 217:            97           3880  org.apache.solr.analysis.TokenizerChain
 218:           239           3824  java.util.LinkedHashSet
 219:           118           3776  org.apache.solr.servlet.SolrRequestParsers$HttpRequestContentStream
 220:            94           3760  sun.security.rsa.RSAPublicKeyImpl
 221:           117           3744  org.apache.lucene.search.BooleanQuery
 222:           117           3744  org.apache.solr.common.util.FastOutputStream
 223:           155           3720  java.util.concurrent.CopyOnWriteArrayList
 224:           116           3712  org.apache.solr.response.BinaryResponseWriter$Resolver
 225:           114           3648  org.apache.log4j.spi.LocationInfo
 226:           114           3648  org.apache.solr.util.stats.TimerContext
 227:           113           3616  java.lang.Throwable
 228:           112           3584  org.apache.solr.parser.QueryParser$LookaheadSuccess
 229:            63           3528  java.lang.invoke.MemberName
 230:           110           3520  java.io.FileDescriptor
 231:            62           3472  java.beans.MethodDescriptor
 232:            56           3360  [Ljava.lang.ref.SoftReference;
 233:           140           3360  java.util.ArrayDeque
 234:            45           3240  org.apache.solr.schema.TextField
 235:           133           3192  java.util.zip.ZStreamRef
 236:           132           3168  java.util.jar.Attributes$Name
 237:            78           3120  sun.misc.Cleaner
 238:            78           3120  sun.nio.ch.FileChannelImpl$Unmapper
 239:           127           3048  org.apache.lucene.util.CloseableThreadLocal
 240:            95           3040  java.util.Collections$SynchronizedMap
 241:           184           2944  java.util.concurrent.locks.ReentrantLock
 242:            16           2944  org.eclipse.jetty.server.Request
 243:            52           2912  org.apache.lucene.index.SegmentInfo
 244:           119           2856  java.io.InputStreamReader
 245:            10           2848  [Lcom.sun.org.apache.xerces.internal.xni.QName;
 246:            71           2840  org.apache.solr.schema.SchemaField
 247:           118           2832  java.beans.MethodRef
 248:           118           2832  org.apache.solr.common.params.DefaultSolrParams
 249:           116           2784  org.apache.lucene.util.FixedBitSet
 250:           116           2784  org.noggit.CharArr
 251:            86           2752  sun.security.x509.BasicConstraintsExtension
 252:           113           2712  [Lorg.opensextant.solrtexttagger.TagLL;
 253:           113           2712  org.apache.solr.common.util.NamedList$1
 254:           113           2712  org.apache.solr.response.ResultContext
 255:           113           2712  org.apache.solr.search.DocSlice$1
 256:           112           2688  [Lorg.apache.solr.parser.QueryParser$JJCalls;
 257:           112           2688  org.apache.solr.search.QueryParsing$StrParser
 258:            83           2656  com.sun.org.apache.xerces.internal.util.SymbolTable$Entry
 259:            97           2648  [Lorg.apache.lucene.analysis.util.TokenFilterFactory;
 260:           108           2592  sun.reflect.NativeConstructorAccessorImpl
 261:           161           2576  java.util.HashMap$Values
 262:            64           2560  org.apache.solr.core.PluginInfo
 263:            53           2544  org.eclipse.jetty.util.resource.FileResource
 264:            79           2528  java.io.File
 265:            79           2528  sun.security.x509.SubjectKeyIdentifierExtension
 266:            78           2496  java.lang.invoke.LambdaForm$Name
 267:           102           2448  org.eclipse.jetty.security.RoleInfo
 268:           101           2424  org.apache.solr.servlet.SolrRequestParsers$2
 269:            60           2400  java.security.ProtectionDomain
 270:            50           2400  java.util.Hashtable
 271:            50           2400  org.apache.lucene.analysis.util.CharArrayMap
 272:            99           2376  sun.security.util.BitArray
 273:            99           2376  sun.security.util.Cache$EqualByteArray
 274:            99           2376  sun.security.x509.CertificateValidity
 275:            74           2368  sun.security.x509.KeyUsageExtension
 276:            98           2352  org.eclipse.jetty.webapp.MetaData$OriginInfo
 277:             2           2256  [Lorg.eclipse.jetty.http.HttpStatus$Code;
 278:            20           2240  java.net.SocksSocketImpl
 279:            11           2200  [[Ljava.lang.Object;
 280:            87           2088  sun.security.x509.CertificateExtensions
 281:             1           2048  [Lorg.eclipse.jetty.http.HttpGenerator$Status;
 282:           128           2048  java.lang.Character
 283:           128           2048  java.util.WeakHashMap$KeySet
 284:            85           2040  java.util.Collections$SetFromMap
 285:            28           2016  java.beans.PropertyDescriptor
 286:            84           2016  java.security.Provider$UString
 287:            28           2016  org.apache.lucene.index.SegmentReader
 288:            83           1992  java.util.Collections$SingletonList
 289:            64           1952  [Ljava.security.cert.Certificate;
 290:            60           1920  java.security.CodeSource
 291:            40           1920  org.apache.lucene.util.packed.BulkOperationPacked
 292:           119           1904  org.apache.solr.common.params.MultiMapSolrParams
 293:           117           1872  [Ljavax.servlet.http.Cookie;
 294:            78           1872  org.apache.lucene.util.WeakIdentityMap
 295:            39           1872  sun.util.locale.LocaleObjectCache$CacheEntry
 296:            46           1840  sun.security.ec.NamedCurve
 297:            57           1824  org.apache.log4j.ProvisionNode
 298:           114           1824  org.apache.solr.schema.StrFieldSource
 299:           112           1792  org.apache.solr.response.transform.DocTransformers
 300:            32           1792  org.eclipse.jetty.io.View$CaseInsensitive
 301:           112           1792  sun.security.x509.KeyIdentifier
 302:           110           1760  sun.reflect.DelegatingConstructorAccessorImpl
 303:           110           1760  sun.security.x509.SerialNumber
 304:            31           1736  org.eclipse.jetty.io.View
 305:            54           1728  java.util.Vector
 306:            24           1728  java.util.regex.Pattern
 307:            17           1712  [[I
 308:            53           1696  org.apache.lucene.index.FieldInfos
 309:            21           1680  java.net.URI
 310:           105           1680  java.util.jar.Attributes
 311:            30           1680  org.apache.solr.util.stats.ExponentiallyDecayingSample
 312:            30           1680  org.apache.solr.util.stats.Meter
 313:            16           1664  org.eclipse.jetty.server.BlockingHttpConnection
 314:           103           1648  java.util.concurrent.CopyOnWriteArraySet
 315:            41           1640  java.io.ObjectStreamField
 316:            41           1640  java.lang.invoke.MethodType
 317:            40           1600  org.apache.lucene.analysis.core.StopFilterFactory
 318:            99           1584  sun.security.x509.CertificateAlgorithmId
 319:            99           1584  sun.security.x509.CertificateSerialNumber
 320:            99           1584  sun.security.x509.CertificateVersion
 321:            99           1584  sun.security.x509.CertificateX509Key
 322:            28           1568  java.lang.invoke.MethodTypeForm
 323:            14           1544  [[Ljava.lang.String;
 324:            16           1536  org.eclipse.jetty.http.HttpParser
 325:            47           1504  org.eclipse.jetty.http.HttpStatus$Code
 326:             3           1480  [Ljava.lang.Integer;
 327:            46           1472  java.security.spec.EllipticCurve
 328:            26           1456  org.apache.lucene.index.SegmentCoreReaders
 329:            45           1440  java.io.FilePermission
 330:            45           1440  java.security.Permissions
 331:            30           1440  java.util.concurrent.ConcurrentSkipListMap
 332:            30           1440  java.util.concurrent.locks.ReentrantReadWriteLock$NonfairSync
 333:             2           1424  [Lcom.sun.org.apache.xerces.internal.util.SymbolTable$Entry;
 334:            16           1408  org.eclipse.jetty.http.HttpGenerator
 335:            15           1376  [Ljava.lang.Byte;
 336:             1           1376  [Lsun.misc.FDBigInteger;
 337:            43           1376  java.lang.invoke.MethodType$ConcurrentWeakInternSet$WeakEntry
 338:            34           1360  sun.security.x509.AuthorityKeyIdentifierExtension
 339:            24           1344  java.util.ResourceBundle$CacheKey
 340:             9           1296  [Ljava.lang.invoke.MethodHandle;
 341:             9           1296  java.text.DecimalFormat
 342:            40           1280  java.util.concurrent.ConcurrentSkipListMap$HeadIndex
 343:            40           1280  java.util.regex.Pattern$Curly
 344:            16           1280  sun.net.www.protocol.jar.URLJarFile
 345:            39           1248  org.apache.lucene.analysis.standard.StandardTokenizerFactory
 346:            26           1248  org.apache.lucene.codecs.blocktree.BlockTreeTermsReader
 347:            26           1248  org.apache.lucene.codecs.memory.MemoryPostingsFormat$TermsReader
 348:            26           1248  org.apache.lucene.index.ReadersAndUpdates
 349:            26           1248  org.apache.lucene.uninverting.UninvertingReader
 350:            31           1240  java.security.AccessControlContext
 351:            51           1224  java.security.spec.ECPoint
 352:            30           1200  org.apache.solr.util.stats.Histogram
 353:            38           1184  [Ljava.math.BigInteger;
 354:            49           1176  com.sun.org.apache.xerces.internal.util.XMLStringBuffer
 355:            24           1152  java.util.ResourceBundle$BundleReference
 356:            16           1152  org.apache.lucene.analysis.standard.StandardTokenizerImpl
 357:            16           1152  org.eclipse.jetty.http.HttpURI
 358:            46           1104  org.eclipse.jetty.http.HttpGenerator$Status
 359:            45           1080  java.io.FilePermissionCollection
 360:            44           1056  com.sun.org.apache.xerces.internal.xni.XMLString
 361:            66           1056  org.eclipse.jetty.util.log.JettyAwareLogger
 362:            66           1056  org.eclipse.jetty.util.log.Slf4jLog
 363:             1           1040  [Lcom.sun.org.apache.xerces.internal.impl.dtd.models.ContentModelValidator;
 364:             1           1040  [Lcom.sun.org.apache.xerces.internal.impl.dv.DatatypeValidator;
 365:             1           1040  [Ljava.lang.Long;
 366:             1           1040  [Ljava.lang.Short;
 367:             1           1040  [Lorg.apache.solr.update.VersionBucket;
 368:             1           1040  [Lsun.text.normalizer.UnicodeSet;
 369:            26           1040  org.apache.lucene.codecs.compressing.CompressingStoredFieldsIndexReader
 370:            26           1040  org.apache.lucene.index.ExitableDirectoryReader$ExitableFilterAtomicReader
 371:            32           1024  java.util.Random
 372:            16           1024  org.apache.lucene.analysis.standard.StandardTokenizer
 373:            16           1024  org.eclipse.jetty.server.AsyncContinuation
 374:             8           1024  org.eclipse.jetty.servlet.ServletHolder
 375:            21           1008  java.lang.invoke.LambdaForm
 376:            25           1000  org.apache.solr.schema.FieldType$DefaultAnalyzer
 377:            60            960  [Ljava.security.Principal;
 378:            20            960  com.sun.org.apache.xerces.internal.util.XMLAttributesImpl$Attribute
 379:            60            960  java.security.ProtectionDomain$Key
 380:            30            960  java.security.Provider$EngineDescription
 381:            30            960  org.apache.solr.util.stats.Timer
 382:            39            936  java.lang.ThreadLocal$ThreadLocalMap
 383:            39            936  java.util.Currency
 384:            39            936  org.apache.lucene.analysis.core.LowerCaseFilterFactory
 385:            57            912  java.util.Collections$UnmodifiableCollection
 386:            38            912  java.util.regex.Pattern$5
 387:            26            896  [Ljava.lang.invoke.LambdaForm$Name;
 388:            28            896  org.apache.lucene.index.CodecReader$1
 389:            28            896  org.apache.lucene.index.CodecReader$2
 390:            28            896  org.apache.lucene.index.CodecReader$3
 391:            16            896  org.eclipse.jetty.server.Response
 392:            16            896  org.eclipse.jetty.server.bio.SocketConnector$ConnectorEndPoint
 393:            37            888  java.lang.invoke.LambdaForm$NamedFunction
 394:            37            888  java.net.InetAddress$InetAddressHolder
 395:             7            880  [Ljava.beans.MethodDescriptor;
 396:            55            880  java.util.TreeMap$Values
 397:            53            864  [Lorg.apache.lucene.analysis.util.CharFilterFactory;
 398:            18            864  java.util.Properties
 399:            21            840  com.sun.org.apache.xerces.internal.impl.dtd.XMLSimpleType
 400:            35            840  java.net.Inet4Address
 401:            15            840  org.apache.lucene.analysis.miscellaneous.ASCIIFoldingFilter
 402:            26            832  org.apache.lucene.codecs.lucene50.ForUtil
 403:            26            832  org.apache.lucene.codecs.lucene50.Lucene50PostingsReader
 404:            26            832  org.apache.lucene.index.SegmentCoreReaders$1
 405:            26            832  org.apache.lucene.index.SegmentCoreReaders$2
 406:            34            816  java.util.regex.Pattern$GroupHead
 407:            34            816  java.util.regex.Pattern$GroupTail
 408:            17            816  org.apache.lucene.analysis.tokenattributes.PackedTokenAttributeImpl
 409:            51            816  org.apache.lucene.analysis.util.CharArraySet
 410:            32            768  java.net.InetSocketAddress$InetSocketAddressHolder
 411:            16            768  java.net.SocketInputStream
 412:            16            768  java.net.SocketOutputStream
 413:            24            768  java.util.ResourceBundle$LoaderReference
 414:            32            768  org.apache.lucene.util.AttributeSource$State
 415:            32            768  org.apache.solr.schema.IndexSchema$DynamicField
 416:            32            768  org.eclipse.jetty.http.HttpFields
 417:            16            768  org.eclipse.jetty.util.StringMap
 418:            24            768  sun.security.x509.OIDMap$OIDInfo
 419:            19            760  sun.util.locale.BaseLocale$Key
 420:            31            744  java.util.concurrent.locks.ReentrantReadWriteLock
 421:            31            744  org.apache.solr.core.ConfigSolr$CfgProp
 422:            15            720  java.lang.management.PlatformComponent
 423:            15            720  org.eclipse.jetty.server.AbstractHttpConnection$Output
 424:             2            704  com.sun.org.apache.xerces.internal.impl.XMLNSDocumentScannerImpl
 425:            22            704  com.sun.org.apache.xerces.internal.util.AugmentationsImpl$SmallContainer
 426:            12            672  com.sun.org.apache.xerces.internal.dom.DeferredElementImpl
 427:             6            672  java.util.GregorianCalendar
 428:            28            672  java.util.regex.Pattern$Ctype
 429:            14            672  org.apache.lucene.util.packed.MonotonicLongValues
 430:            21            672  sun.security.x509.URIName
 431:            27            648  java.util.Collections$UnmodifiableRandomAccessList
 432:            27            648  org.apache.solr.schema.IndexSchema$DynamicReplacement$DynamicPattern$NameEndsWith
 433:             8            640  com.google.common.cache.LocalCache$Segment
 434:            20            640  java.util.RegularEnumSet
 435:            18            632  [Ljava.security.ProtectionDomain;
 436:             3            624  [Ljava.lang.invoke.LambdaForm;
 437:            26            624  java.security.spec.ECFieldF2m
 438:            39            624  java.util.regex.Pattern$CharPropertyNames$1
 439:            26            624  org.apache.lucene.codecs.memory.MemoryPostingsFormat$1
 440:            26            624  org.apache.lucene.codecs.perfield.PerFieldPostingsFormat$FieldsReader
 441:            26            624  org.apache.lucene.index.ExitableDirectoryReader$ExitableFields
 442:            26            624  org.apache.lucene.index.ExitableDirectoryReader$ExitableTerms
 443:            26            624  org.apache.lucene.index.ReaderSlice
 444:            19            608  java.util.Locale
 445:            19            608  sun.util.locale.BaseLocale
 446:            15            600  org.apache.lucene.analysis.en.EnglishPossessiveFilter
 447:            37            592  sun.security.x509.GeneralName
 448:            18            576  java.net.Socket
 449:             9            576  java.text.DecimalFormatSymbols
 450:            24            576  java.util.regex.Pattern$Start
 451:            18            576  org.eclipse.jetty.http.PathMap$Entry
 452:             8            576  sun.reflect.DelegatingClassLoader
 453:            18            576  sun.security.x509.DistributionPoint
 454:             6            576  sun.util.calendar.Gregorian$Date
 455:            14            560  org.apache.lucene.util.PagedBytes$Reader
 456:            10            560  sun.invoke.util.Wrapper
 457:            10            560  sun.util.calendar.ZoneInfo
 458:            17            544  com.sun.org.apache.xerces.internal.impl.dtd.XMLElementDecl
 459:            17            544  java.util.regex.Pattern$Branch
 460:            17            544  sun.security.x509.CRLDistributionPointsExtension
 461:             1            528  [Ljava.lang.Character;
 462:             1            528  [Ljava.util.TimerTask;
 463:            22            528  java.util.regex.Pattern$1
 464:            22            528  java.util.regex.Pattern$Slice
 465:            33            528  sun.security.x509.GeneralNames
 466:            13            520  org.apache.lucene.analysis.snowball.SnowballPorterFilterFactory
 467:            32            512  java.net.InetSocketAddress
 468:            32            512  org.apache.solr.common.params.MapSolrParams
 469:            16            512  org.eclipse.jetty.util.Utf8StringBuilder
 470:            21            504  org.eclipse.jetty.webapp.ClasspathPattern$Entry
 471:            21            504  sun.security.x509.AVAKeyword
 472:            31            496  java.util.concurrent.locks.ReentrantReadWriteLock$ReadLock
 473:            31            496  java.util.concurrent.locks.ReentrantReadWriteLock$Sync$ThreadLocalHoldCounter
 474:            31            496  java.util.concurrent.locks.ReentrantReadWriteLock$WriteLock
 475:             4            480  com.ctc.wstx.api.ReaderConfig
 476:            15            480  java.lang.StringCoding$StringEncoder
 477:            15            480  java.lang.invoke.DirectMethodHandle
 478:            30            480  java.util.concurrent.atomic.AtomicReference
 479:            20            480  java.util.regex.Pattern$Single
 480:            15            480  org.eclipse.jetty.server.CookieCutter
 481:            10            480  sun.util.locale.provider.LocaleResources$ResourceReference
 482:            17            464  [Ljava.util.regex.Pattern$Node;
 483:            16            456  [Ljava.io.ObjectStreamField;
 484:             4            456  [Ljava.lang.ClassValue$Entry;
 485:            19            456  java.util.Locale$LocaleKey
 486:            14            448  com.sun.org.apache.xml.internal.dtm.ref.ExtendedType
 487:            14            448  org.apache.lucene.uninverting.FieldCacheImpl$SortedDocValuesImpl
 488:            14            448  org.apache.lucene.util.packed.BulkOperationPackedSingleBlock
 489:            11            440  com.sun.org.apache.xerces.internal.dom.DeferredAttrImpl
 490:             1            432  [[[C
 491:            18            432  com.google.common.collect.RegularImmutableMap$TerminalEntry
 492:            18            432  java.text.DateFormat$Field
 493:             6            432  java.util.concurrent.ThreadPoolExecutor
 494:            18            432  java.util.concurrent.locks.AbstractQueuedSynchronizer$ConditionObject
 495:            18            432  org.apache.solr.core.SolrConfig$SolrPluginInfo
 496:             2            416  [Lorg.apache.lucene.util.packed.BulkOperation;
 497:            26            416  org.apache.lucene.index.SegmentDocValues
 498:            17            408  [Lorg.apache.lucene.util.AttributeSource$State;
 499:            17            408  org.apache.lucene.analysis.Analyzer$TokenStreamComponents
 500:             2            400  com.sun.org.apache.xerces.internal.dom.DeferredDocumentImpl
 501:             2            400  com.sun.org.apache.xerces.internal.impl.XMLDTDScannerImpl
 502:            25            400  java.util.Collections$UnmodifiableSet
 503:             1            392  org.apache.solr.core.CloserThread
 504:             1            392  org.eclipse.jetty.server.ShutdownMonitor
 505:             2            384  com.sun.org.apache.xerces.internal.parsers.XIncludeAwareParserConfiguration
 506:             1            384  java.lang.ref.Finalizer$FinalizerThread
 507:             6            384  java.nio.DirectByteBuffer
 508:            12            384  java.security.cert.PolicyQualifierInfo
 509:            12            384  java.util.Stack
 510:             1            384  java.util.TimerThread
 511:             8            384  java.util.WeakHashMap$KeyIterator
 512:             1            384  java.util.logging.LogManager$Cleaner
 513:             8            384  java.util.logging.LogManager$LoggerWeakRef
 514:             1            384  org.eclipse.jetty.util.thread.ShutdownThread
 515:             1            376  java.lang.ref.Reference$ReferenceHandler
 516:             7            360  [Ljava.beans.PropertyDescriptor;
 517:             9            360  java.text.DigitList
 518:            15            360  org.eclipse.jetty.server.HttpInput
 519:            15            360  sun.misc.MetaIndex
 520:             2            352  com.sun.org.apache.xerces.internal.impl.dtd.XMLNSDTDValidator
 521:            22            352  com.sun.org.apache.xerces.internal.util.AugmentationsImpl
 522:             7            336  java.beans.BeanDescriptor
 523:             6            336  java.nio.DirectLongBufferU
 524:            14            336  java.util.concurrent.ConcurrentLinkedQueue
 525:            14            336  java.util.regex.Pattern$BitClass
 526:             6            336  org.apache.lucene.util.BytesRefHash
 527:            14            336  org.apache.solr.schema.CopyField
 528:             7            336  sun.misc.URLClassPath
 529:            21            336  sun.security.x509.DNSName
 530:            16            328  [Ljava.lang.management.PlatformComponent;
 531:            10            320  java.lang.OutOfMemoryError
 532:            20            320  java.security.spec.ECFieldFp
 533:            20            320  java.util.LinkedHashMap$LinkedValues
 534:            10            320  java.util.logging.LogManager$LogNode
 535:             4            320  org.apache.solr.schema.TrieDateField
 536:            10            320  sun.security.x509.CertificatePoliciesExtension
 537:            13            312  org.apache.log4j.Level
 538:            19            304  org.eclipse.jetty.util.AttributesMap
 539:             6            296  [Lcom.google.common.collect.RegularImmutableMap$LinkedEntry;
 540:             4            296  [Lsun.invoke.util.Wrapper;
 541:             1            296  org.eclipse.jetty.webapp.WebAppContext
 542:             7            288  [[S
 543:            12            288  java.lang.invoke.SimpleMethodHandle
 544:             9            288  java.util.logging.Level
 545:            18            288  java.util.regex.Pattern$CharPropertyNames$4
 546:             9            288  jdk.internal.org.objectweb.asm.Type
 547:             4            288  org.apache.solr.handler.UpdateRequestHandler
 548:             4            288  org.apache.solr.handler.component.SearchHandler
 549:             9            288  sun.security.jca.ProviderConfig
 550:             9            288  sun.security.x509.NetscapeCertTypeExtension
 551:             7            280  com.sun.org.apache.xalan.internal.utils.XMLSecurityManager$Limit
 552:             7            280  com.sun.org.apache.xerces.internal.utils.XMLSecurityManager$Limit
 553:             7            280  java.beans.GenericBeanInfo
 554:             5            280  org.apache.lucene.analysis.synonym.SynonymFilterFactory
 555:             1            272  [Lcom.ctc.wstx.util.SymbolTable$Bucket;
 556:             2            272  com.sun.org.apache.xerces.internal.dom.DocumentImpl
 557:             1            272  com.sun.org.apache.xerces.internal.impl.dtd.DTDGrammar
 558:            17            272  java.util.regex.Pattern$BranchConn
 559:             3            264  java.util.jar.JarVerifier
 560:            11            264  org.apache.lucene.uninverting.UninvertingReader$Type
 561:            11            264  org.apache.lucene.util.packed.Direct16
 562:            11            264  sun.security.x509.Extension
 563:             3            256  [Lorg.apache.lucene.index.ReaderSlice;
 564:             2            256  com.google.common.cache.LocalCache
 565:             2            256  com.sun.org.apache.xerces.internal.impl.XMLEntityManager
 566:             4            256  java.text.SimpleDateFormat
 567:             8            256  org.apache.lucene.index.DocumentsWriterPerThreadPool$ThreadState
 568:            16            256  org.eclipse.jetty.server.AbstractHttpConnection$RequestHandler
 569:            16            256  sun.reflect.DelegatingMethodAccessorImpl
 570:             8            256  sun.security.x509.ExtendedKeyUsageExtension
 571:             8            248  [Ljava.lang.Boolean;
 572:             2            240  [Lorg.apache.lucene.index.IndexReaderContext;
 573:             2            240  [Lorg.apache.lucene.index.LeafReader;
 574:             2            240  com.sun.org.apache.xerces.internal.jaxp.SAXParserImpl$JAXPSAXParser
 575:            10            240  com.sun.xml.internal.stream.Entity$InternalEntity
 576:            10            240  java.nio.file.StandardOpenOption
 577:            10            240  java.security.CryptoPrimitive
 578:            10            240  java.util.Arrays$ArrayList
 579:             5            240  org.apache.lucene.analysis.miscellaneous.KeywordMarkerFilterFactory
 580:             6            240  org.apache.lucene.util.ByteBlockPool
 581:             3            240  org.apache.solr.schema.TrieDoubleField
 582:             3            240  org.apache.solr.schema.TrieLongField
 583:             3            240  org.apache.solr.search.LRUCache
 584:             3            240  org.eclipse.jetty.http.PathMap
 585:            15            240  org.opensextant.solrtexttagger.TaggingAttributeImpl
 586:            10            240  sun.reflect.NativeMethodAccessorImpl
 587:            10            240  sun.security.x509.PolicyInformation
 588:             7            224  java.io.FileInputStream
 589:             7            224  java.lang.ClassValue$Entry
 590:             7            224  org.apache.solr.core.RequestHandlers$LazyRequestHandlerWrapper
 591:            14            224  sun.security.x509.CertificatePolicyId
 592:             9            216  java.util.logging.Level$KnownLevel
 593:             3            216  java.util.logging.Logger
 594:             9            216  org.apache.lucene.util.packed.Packed8ThreeBlocks
 595:             9            216  org.eclipse.jetty.servlet.ServletMapping
 596:             9            216  sun.util.logging.PlatformLogger$Level
 597:             1            208  org.apache.solr.update.SolrIndexWriter
 598:             2            208  sun.net.www.protocol.file.FileURLConnection
 599:             3            200  [Ljava.lang.Thread;
 600:             2            200  [Ljava.text.DateFormat$Field;
 601:             5            200  com.sun.org.apache.xerces.internal.impl.dtd.XMLEntityDecl
 602:             5            200  java.lang.ClassLoader$NativeLibrary
 603:             1            200  org.apache.solr.core.SolrCore
 604:             5            200  org.apache.solr.search.CacheConfig
 605:            12            192  com.sun.org.apache.xerces.internal.dom.DeferredDocumentImpl$RefCount
 606:             2            192  com.sun.org.apache.xerces.internal.impl.dtd.XMLDTDProcessor
 607:             6            192  com.sun.org.apache.xerces.internal.util.XMLResourceIdentifierImpl
 608:             3            192  java.lang.ClassValue$ClassValueMap
 609:             6            192  java.lang.invoke.LambdaForm$BasicType
 610:             8            192  java.lang.invoke.MethodHandleImpl$Intrinsic
 611:             8            192  java.math.RoundingMode
 612:             2            192  org.apache.http.impl.client.SystemDefaultHttpClient
 613:             3            192  org.apache.solr.schema.StrField
 614:             3            192  org.apache.solr.search.LRUCache$1
 615:             8            192  org.eclipse.jetty.deploy.graph.Edge
 616:             8            192  org.eclipse.jetty.servlet.ServletHolder$Config
 617:             3            192  sun.security.provider.NativePRNG$RandomIO
 618:             2            192  sun.security.provider.Sun
 619:             6            192  sun.security.util.MemoryCache
 620:             1            184  org.eclipse.jetty.server.bio.SocketConnector
 621:             1            184  org.eclipse.jetty.server.session.HashSessionManager
 622:             2            176  java.net.FactoryURLClassLoader
 623:            11            176  java.text.NumberFormat$Field
 624:             8            168  [Ljava.security.CodeSigner;
 625:             1            168  [[Ljava.math.BigInteger;
 626:             7            168  com.sun.management.VMOption$Origin
 627:             7            168  com.sun.org.apache.xerces.internal.util.FeatureState
 628:             7            168  org.apache.commons.logging.impl.SLF4JLocationAwareLog
 629:             3            168  org.apache.lucene.index.SegmentInfos
 630:             7            168  org.apache.solr.util.DefaultSolrThreadFactory
 631:             7            168  org.eclipse.jetty.webapp.Origin
 632:             7            168  org.eclipse.jetty.xml.XmlParser$Attribute
 633:             7            168  sun.reflect.generics.tree.SimpleClassTypeSignature
 634:             7            168  sun.security.x509.NetscapeCertTypeExtension$MapEntry
 635:             5            160  [Ljava.lang.invoke.LambdaForm$BasicType;
 636:             2            160  [Ljava.util.concurrent.RunnableScheduledFuture;
 637:             5            160  com.google.common.collect.RegularImmutableList
 638:             4            160  com.sun.org.apache.xerces.internal.dom.DeferredCDATASectionImpl
 639:             5            160  com.sun.org.apache.xpath.internal.objects.XNumber
 640:             5            160  java.security.AlgorithmParameters
 641:            10            160  java.util.Formatter$Flags
 642:             2            160  java.util.concurrent.ScheduledThreadPoolExecutor
 643:             4            160  org.apache.lucene.analysis.util.ElisionFilterFactory
 644:             2            160  org.apache.solr.schema.TrieFloatField
 645:             2            160  org.apache.solr.schema.TrieIntField
 646:             5            160  org.apache.solr.search.SolrCacheBase$AutoWarmCountRef
 647:             4            160  org.apache.solr.util.ConcurrentLRUCache$Stats
 648:             4            160  org.apache.solr.util.DistanceUnits
 649:             4            160  sun.security.ec.ECPublicKeyImpl
 650:             5            160  sun.util.locale.provider.LocaleProviderAdapter$Type
 651:             1            152  org.apache.solr.core.SolrConfig
 652:             1            152  org.apache.solr.search.SolrIndexSearcher
 653:             4            144  [Lcom.sun.org.apache.xerces.internal.util.XMLAttributesImpl$Attribute;
 654:             3            144  [Ljava.util.Map;
 655:             1            144  [Ljava.util.Queue;
 656:             1            144  [Ljava.util.concurrent.ConcurrentMap;
 657:             1            144  [Lorg.apache.solr.core.ConfigSolr$CfgProp;
 658:             3            144  com.spatial4j.core.shape.impl.RectangleImpl
 659:             6            144  com.sun.org.apache.xerces.internal.util.Status
 660:             6            144  com.sun.org.apache.xml.internal.utils.NSInfo
 661:             2            144  java.lang.reflect.Field
 662:             6            144  java.util.Collections$SynchronizedRandomAccessList
 663:             3            144  java.util.concurrent.LinkedBlockingQueue
 664:             6            144  java.util.regex.Pattern$CharPropertyNames$2
 665:             2            144  org.apache.http.impl.conn.HttpConnPool
 666:             3            144  org.apache.lucene.analysis.miscellaneous.WordDelimiterFilterFactory
 667:             3            144  org.apache.lucene.analysis.synonym.SynonymFilter$PendingOutputs
 668:             6            144  org.apache.lucene.analysis.synonym.SynonymMap
 669:             6            144  org.apache.lucene.index.DocValuesType
 670:             6            144  org.apache.lucene.util.BytesRefHash$DirectBytesStartArray
 671:             6            144  org.apache.lucene.util.Counter$SerialCounter
 672:             2            144  org.apache.solr.handler.admin.SystemInfoHandler
 673:             1            144  org.apache.solr.update.UpdateLog
 674:             1            144  org.eclipse.jetty.servlet.ServletHandler
 675:             6            144  org.eclipse.jetty.util.component.AggregateLifeCycle$Bean
 676:             6            144  sun.misc.PerfCounter
 677:             3            144  sun.nio.cs.StreamEncoder
 678:             6            144  sun.security.ssl.ProtocolVersion
 679:             6            144  sun.security.util.DisabledAlgorithmConstraints$KeySizeConstraint$Operator
 680:             3            136  [Lcom.sun.org.apache.xerces.internal.utils.XMLSecurityManager$State;
 681:             2            136  [Lorg.apache.lucene.index.Fields;
 682:             2            136  [Lorg.apache.lucene.index.Terms;
 683:             1            136  [Lorg.apache.solr.schema.IndexSchema$DynamicField;
 684:             1            136  org.apache.lucene.index.DocumentsWriterFlushControl
 685:             4            128  [Lcom.sun.org.apache.xerces.internal.impl.XMLEntityManager$CharacterBuffer;
 686:             4            128  com.ctc.wstx.stax.WstxInputFactory
 687:             4            128  com.sun.org.apache.xerces.internal.jaxp.SAXParserFactoryImpl
 688:             2            128  java.io.ExpiringCache$1
 689:             2            128  java.security.SecureRandom
 690:             8            128  java.util.concurrent.atomic.AtomicReferenceArray
 691:             8            128  java.util.regex.Pattern$CharPropertyNames$3
 692:             4            128  org.apache.http.conn.scheme.Scheme
 693:             4            128  org.apache.log4j.helpers.PatternParser$LiteralPatternConverter
 694:             4            128  org.apache.lucene.store.IOContext
 695:             2            128  org.apache.solr.handler.admin.LoggingHandler
 696:             2            128  org.apache.solr.handler.admin.PropertiesRequestHandler
 697:             2            128  org.apache.solr.handler.admin.ThreadDumpHandler
 698:             1            128  org.eclipse.jetty.util.BlockingArrayQueue
 699:             2            128  sun.nio.ch.FileChannelImpl
 700:             4            128  sun.nio.fs.UnixPath
 701:             3            120  [Ljava.lang.invoke.BoundMethodHandle$SpeciesData;
 702:             4            120  [Ljava.lang.invoke.LambdaForm$NamedFunction;
 703:             1            120  [Lorg.apache.lucene.index.SegmentReader;
 704:             1            120  [Lorg.apache.lucene.util.Bits;
 705:             3            120  com.google.common.collect.RegularImmutableMap
 706:             5            120  com.sun.org.apache.xalan.internal.utils.FeaturePropertyBase$State
 707:             5            120  com.sun.org.apache.xalan.internal.utils.XMLSecurityManager$State
 708:             3            120  com.sun.org.apache.xerces.internal.impl.dtd.XMLDTDDescription
 709:             5            120  com.sun.org.apache.xerces.internal.util.PropertyState
 710:             3            120  com.sun.org.apache.xerces.internal.utils.XMLLimitAnalyzer
 711:             5            120  com.sun.org.apache.xerces.internal.utils.XMLSecurityManager$State
 712:             5            120  com.sun.org.apache.xerces.internal.utils.XMLSecurityPropertyManager$State
 713:             5            120  java.util.regex.Pattern$Category
 714:             3            120  javax.net.ssl.SSLParameters
 715:             5            120  javax.servlet.DispatcherType
 716:             5            120  javax.xml.namespace.QName
 717:             5            120  org.apache.lucene.analysis.core.KeywordTokenizerFactory
 718:             5            120  org.apache.lucene.analysis.core.WhitespaceTokenizerFactory
 719:             1            120  org.apache.lucene.analysis.synonym.SynonymFilter
 720:             5            120  org.apache.lucene.index.IndexOptions
 721:             1            120  org.apache.solr.handler.ReplicationHandler
 722:             5            120  org.apache.solr.schema.TrieField$TrieTypes
 723:             5            120  sun.misc.FloatingDecimal$PreparedASCIIToBinaryBuffer
 724:             5            120  sun.security.jca.ServiceId
 725:             5            120  sun.security.provider.certpath.X509CertPath
 726:             2            112  [Ljava.nio.file.StandardOpenOption;
 727:             2            112  [Ljava.security.CryptoPrimitive;
 728:             7            112  [Lsun.reflect.generics.tree.TypeArgument;
 729:             2            112  com.sun.org.apache.xerces.internal.impl.XMLEntityScanner
 730:             2            112  com.sun.org.apache.xerces.internal.jaxp.SAXParserImpl
 731:             7            112  java.util.TreeMap$KeySet
 732:             7            112  org.apache.lucene.codecs.lucene40.Lucene40CompoundFormat
 733:             7            112  org.apache.lucene.codecs.lucene40.Lucene40LiveDocsFormat
 734:             1            112  org.apache.solr.schema.IndexSchema
 735:             2            112  org.apache.solr.search.FastLRUCache
 736:             2            112  org.apache.solr.update.CommitTracker
 737:             1            112  org.apache.solr.update.DirectUpdateHandler2
 738:             2            112  org.apache.solr.util.ConcurrentLRUCache
 739:             7            112  org.eclipse.jetty.deploy.graph.Node
 740:             2            112  org.eclipse.jetty.io.PooledBuffers
 741:             1            112  org.eclipse.jetty.security.ConstraintSecurityHandler
 742:             7            112  sun.reflect.generics.tree.ClassTypeSignature
 743:             1            104  org.apache.lucene.index.IndexWriterConfig
 744:             1            104  org.apache.solr.schema.BBoxField
 745:             1            104  org.apache.solr.schema.SpatialRecursivePrefixTreeFieldType
 746:             1            104  org.eclipse.jetty.util.thread.QueuedThreadPool
 747:             1            104  org.eclipse.jetty.webapp.WebAppClassLoader
 748:             2             96  [Lcom.google.common.cache.LocalCache$EntryFactory;
 749:             1             96  [Ljava.lang.invoke.MethodType;
 750:             2             96  [Lorg.apache.lucene.index.DocumentsWriterPerThreadPool$ThreadState;
 751:             3             96  com.spatial4j.core.context.SpatialContext
 752:             1             96  com.sun.net.ssl.internal.ssl.Provider
 753:             3             96  com.sun.org.apache.xalan.internal.utils.XMLSecurityManager$NameMap
 754:             3             96  com.sun.org.apache.xerces.internal.dom.NodeListCache
 755:             2             96  com.sun.org.apache.xerces.internal.impl.XMLDocumentFragmentScannerImpl$ElementStack
 756:             2             96  com.sun.org.apache.xerces.internal.util.XMLAttributesIteratorImpl
 757:             3             96  com.sun.org.apache.xerces.internal.utils.XMLSecurityManager$NameMap
 758:             3             96  java.io.FileOutputStream
 759:             4             96  java.lang.RuntimePermission
 760:             2             96  java.lang.ThreadGroup
 761:             4             96  java.text.EntryPair
 762:             4             96  java.text.Normalizer$Form
 763:             6             96  java.util.TreeSet
 764:             3             96  java.util.concurrent.SynchronousQueue
 765:             3             96  java.util.concurrent.atomic.AtomicReferenceFieldUpdater$AtomicReferenceFieldUpdaterImpl
 766:             3             96  java.util.concurrent.locks.AbstractQueuedSynchronizer$Node
 767:             3             96  java.util.concurrent.locks.ReentrantLock$FairSync
 768:             6             96  java.util.regex.Pattern$Dot
 769:             1             96  org.apache.http.impl.client.DefaultHttpClient
 770:             4             96  org.apache.lucene.analysis.en.EnglishPossessiveFilterFactory
 771:             4             96  org.apache.lucene.analysis.en.PorterStemFilterFactory
 772:             3             96  org.apache.lucene.analysis.synonym.SynonymFilter$PendingInput
 773:             6             96  org.apache.lucene.codecs.lucene41.Lucene41StoredFieldsFormat
 774:             4             96  org.apache.lucene.store.IOContext$Context
 775:             6             96  org.apache.lucene.util.ByteBlockPool$DirectAllocator
 776:             4             96  org.apache.lucene.util.RamUsageEstimator$JvmFeature
 777:             4             96  org.apache.lucene.util.packed.Direct32
 778:             4             96  org.apache.lucene.util.packed.Packed64SingleBlock$Packed64SingleBlock1
 779:             1             96  org.apache.solr.core.CoreContainer
 780:             4             96  org.apache.solr.core.SolrConfig$PluginOpts
 781:             2             96  org.apache.solr.core.SolrResourceLoader
 782:             2             96  org.apache.solr.handler.component.QueryElevationComponent$ElevationObj
 783:             4             96  org.apache.solr.handler.loader.XMLLoader
 784:             4             96  org.apache.solr.schema.IndexSchema$DynamicReplacement$DynamicPattern$NameEquals
 785:             1             96  org.apache.solr.schema.PointType
 786:             3             96  org.apache.solr.search.LRUCache$CumulativeStats
 787:             4             96  org.apache.solr.search.SolrCache$State
 788:             4             96  org.apache.solr.servlet.cache.Method
 789:             4             96  org.apache.solr.update.UpdateLog$State
 790:             1             96  org.eclipse.jetty.server.Server
 791:             4             96  org.eclipse.jetty.servlet.Holder$Source
 792:             1             96  org.eclipse.jetty.util.Scanner
 793:             3             96  org.eclipse.jetty.util.statistic.SampleStatistic
 794:             1             96  sun.misc.Launcher$AppClassLoader
 795:             1             96  sun.net.www.protocol.jar.URLJarFile$URLJarFileEntry
 796:             1             96  sun.security.ec.SunEC
 797:             1             96  sun.security.jca.ProviderList$1
 798:             1             96  sun.security.rsa.SunRsaSign
 799:             3             96  sun.security.x509.SubjectAlternativeNameExtension
 800:             2             96  sun.text.normalizer.CharTrie
 801:             2             88  [Lcom.sun.org.apache.xalan.internal.utils.XMLSecurityManager$State;
 802:             3             88  [Lcom.sun.org.apache.xerces.internal.utils.XMLSecurityPropertyManager$State;
 803:             1             88  [Lsun.security.util.ObjectIdentifier;
 804:             1             88  [[Ljava.lang.Byte;
 805:             1             88  org.apache.log4j.RollingFileAppender
 806:             1             88  org.apache.solr.schema.CurrencyField
 807:             1             88  org.apache.solr.schema.LatLonType
 808:             1             88  org.eclipse.jetty.http.HttpBuffersImpl
 809:             1             88  org.eclipse.jetty.io.BufferDateCache
 810:             1             88  org.eclipse.jetty.servlet.FilterHolder
 811:             1             88  org.eclipse.jetty.start.Classpath$Loader
 812:             1             88  sun.misc.Launcher$ExtClassLoader
 813:             1             80  [[Z
 814:             2             80  com.ctc.wstx.util.SymbolTable
 815:             2             80  com.google.common.collect.SingletonImmutableBiMap
 816:             2             80  com.sun.org.apache.xerces.internal.impl.XMLDocumentFragmentScannerImpl$ElementStack2
 817:             2             80  com.sun.org.apache.xerces.internal.impl.XMLEntityManager$CharacterBufferPool
 818:             2             80  com.sun.org.apache.xerces.internal.impl.XMLErrorReporter
 819:             2             80  com.sun.org.apache.xerces.internal.impl.XMLVersionDetector
 820:             2             80  com.sun.org.apache.xerces.internal.impl.validation.ValidationState
 821:             2             80  com.sun.org.apache.xerces.internal.util.XMLAttributesImpl
 822:             2             80  com.sun.org.apache.xerces.internal.utils.XMLSecurityManager
 823:             2             80  com.sun.xml.internal.stream.XMLEntityStorage
 824:             2             80  java.io.BufferedWriter
 825:             2             80  java.io.ExpiringCache
 826:             2             80  java.io.PrintWriter
 827:             2             80  java.lang.invoke.BoundMethodHandle$SpeciesData
 828:             2             80  java.lang.invoke.DirectMethodHandle$Constructor
 829:             2             80  java.util.Locale$Category
 830:             2             80  java.util.PropertyResourceBundle
 831:             2             80  java.util.regex.Pattern$Loop
 832:             2             80  org.apache.lucene.analysis.path.PathHierarchyTokenizerFactory
 833:             5             80  org.apache.lucene.codecs.lucene42.Lucene42TermVectorsFormat
 834:             2             80  org.apache.lucene.index.CompositeReaderContext
 835:             1             80  org.apache.lucene.index.TieredMergePolicy
 836:             2             80  org.apache.lucene.store.NRTCachingDirectory
 837:             2             80  org.apache.solr.core.CachingDirectoryFactory$CacheValue
 838:             1             80  org.apache.solr.core.JmxMonitoredMap
 839:             1             80  org.apache.solr.handler.admin.InfoHandler
 840:             1             80  org.apache.solr.update.TransactionLog
 841:             1             80  org.eclipse.jetty.deploy.DeploymentManager
 842:             1             80  org.eclipse.jetty.deploy.providers.ContextProvider
 843:             1             80  org.eclipse.jetty.servlet.ErrorPageErrorHandler
 844:             2             80  org.eclipse.jetty.xml.XmlParser
 845:             2             80  sun.misc.FloatingDecimal$BinaryToASCIIBuffer
 846:             1             72  [Lcom.sun.org.apache.xml.internal.dtm.ref.ExtendedType;
 847:             3             72  [Lorg.apache.lucene.util.CharsRefBuilder;
 848:             2             72  [Lsun.security.jca.ProviderConfig;
 849:             3             72  com.sun.org.apache.xerces.internal.impl.dtd.XMLAttributeDecl
 850:             3             72  java.io.OutputStreamWriter
 851:             3             72  java.lang.ClassValue$Version
 852:             3             72  java.security.CodeSigner
 853:             3             72  java.util.Base64$Encoder
 854:             1             72  java.util.ResourceBundle$RBClassLoader
 855:             3             72  java.util.concurrent.LinkedBlockingQueue$Node
 856:             1             72  java.util.logging.LogManager$RootLogger
 857:             3             72  java.util.regex.Pattern$CharProperty$1
 858:             3             72  javax.servlet.SessionTrackingMode
 859:             3             72  org.apache.http.HttpVersion
 860:             3             72  org.apache.lucene.analysis.DelegatingAnalyzerWrapper$DelegatingReuseStrategy
 861:             3             72  org.apache.lucene.analysis.ja.JapaneseTokenizer$Mode
 862:             3             72  org.apache.lucene.analysis.util.AnalysisSPILoader
 863:             3             72  org.apache.lucene.index.IndexWriterConfig$OpenMode
 864:             1             72  org.apache.lucene.index.StandardDirectoryReader
 865:             3             72  org.apache.lucene.index.StoredFieldVisitor$Status
 866:             3             72  org.apache.lucene.index.TermsEnum$SeekStatus
 867:             3             72  org.apache.lucene.util.NamedSPILoader
 868:             3             72  org.apache.lucene.util.fst.FST$INPUT_TYPE
 869:             3             72  org.apache.solr.common.params.CommonParams$EchoParamStyle
 870:             3             72  org.apache.solr.core.SolrConfig$HttpCachingConfig$LastModFrom
 871:             1             72  org.apache.solr.handler.PingRequestHandler
 872:             1             72  org.apache.solr.handler.RealTimeGetHandler
 873:             1             72  org.apache.solr.handler.admin.CoreAdminHandler
 874:             1             72  org.apache.solr.handler.component.HttpShardHandlerFactory
 875:             3             72  org.apache.solr.rest.ManagedResourceStorage$JsonStorage
 876:             3             72  org.apache.solr.schema.IndexSchema$DynamicReplacement$DynamicPattern$NameStartsWith
 877:             1             72  org.apache.solr.schema.TrieDateField$ISO8601CanonicalDateFormat
 878:             1             72  org.apache.solr.update.SolrIndexConfig
 879:             3             72  org.apache.solr.update.UpdateLog$SyncLevel
 880:             3             72  org.eclipse.jetty.io.BufferCache
 881:             3             72  org.eclipse.jetty.io.Buffers$Type
 882:             3             72  org.eclipse.jetty.security.UserDataConstraint
 883:             1             72  org.eclipse.jetty.server.handler.ContextHandlerCollection
 884:             1             72  org.eclipse.jetty.server.handler.DefaultHandler
 885:             1             72  org.eclipse.jetty.server.session.HashSessionIdManager
 886:             1             72  org.eclipse.jetty.server.session.SessionHandler
 887:             1             72  org.eclipse.jetty.servlet.DefaultServlet
 888:             3             72  org.eclipse.jetty.util.Scanner$Notification
 889:             1             72  org.eclipse.jetty.util.resource.JarFileResource
 890:             1             72  org.eclipse.jetty.webapp.MetaData
 891:             3             72  org.eclipse.jetty.webapp.MetaDataComplete
 892:             3             72  sun.misc.FloatingDecimal$ExceptionalBinaryToASCIIBuffer
 893:             3             72  sun.misc.Signal
 894:             3             72  sun.security.provider.NativePRNG$Variant
 895:             3             72  sun.security.x509.AccessDescription
 896:             1             72  sun.util.locale.provider.JRELocaleProviderAdapter
 897:             2             64  [Lcom.google.common.cache.LocalCache$Segment;
 898:             2             64  [Lcom.sun.org.apache.xalan.internal.utils.FeaturePropertyBase$State;
 899:             2             64  [Ljavax.servlet.SessionTrackingMode;
 900:             2             64  [Lorg.apache.lucene.analysis.ja.JapaneseTokenizer$Mode;
 901:             1             64  [Lorg.apache.lucene.uninverting.UninvertingReader$Type;
 902:             2             64  [Lorg.apache.lucene.util.RamUsageEstimator$JvmFeature;
 903:             2             64  [Lorg.apache.solr.core.SolrConfig$HttpCachingConfig$LastModFrom;
 904:             2             64  [Lorg.apache.solr.core.SolrConfig$PluginOpts;
 905:             2             64  [Lorg.apache.solr.servlet.cache.Method;
 906:             2             64  [[Lcom.sun.org.apache.xerces.internal.xni.QName;
 907:             1             64  com.google.common.cache.CacheStats
 908:             2             64  com.sun.org.apache.xalan.internal.utils.XMLSecurityPropertyManager$Property
 909:             2             64  com.sun.org.apache.xerces.internal.impl.XMLNSDocumentScannerImpl$NSContentDriver
 910:             2             64  com.sun.org.apache.xerces.internal.util.NamespaceSupport
 911:             2             64  com.sun.org.apache.xerces.internal.utils.XMLSecurityPropertyManager$Property
 912:             2             64  com.sun.org.apache.xpath.internal.objects.XBooleanStatic
 913:             2             64  java.io.PrintStream
 914:             2             64  java.lang.VirtualMachineError
 915:             2             64  java.lang.invoke.BoundMethodHandle$Species_L
 916:             2             64  java.lang.ref.ReferenceQueue$Null
 917:             4             64  java.util.LinkedHashMap$LinkedKeySet
 918:             2             64  java.util.concurrent.ScheduledThreadPoolExecutor$DelayedWorkQueue
 919:             4             64  java.util.concurrent.atomic.AtomicBoolean
 920:             2             64  org.apache.http.conn.ssl.SSLSocketFactory
 921:             2             64  org.apache.http.impl.conn.PoolingClientConnectionManager
 922:             2             64  org.apache.log4j.helpers.PatternParser$BasicPatternConverter
 923:             2             64  org.apache.lucene.analysis.ReusableStringReader
 924:             2             64  org.apache.lucene.analysis.miscellaneous.ASCIIFoldingFilterFactory
 925:             4             64  org.apache.lucene.codecs.lucene40.Lucene40SegmentInfoFormat
 926:             1             64  org.apache.lucene.codecs.lucene410.Lucene410Codec
 927:             1             64  org.apache.lucene.codecs.lucene42.Lucene42Codec
 928:             1             64  org.apache.lucene.codecs.lucene45.Lucene45Codec
 929:             1             64  org.apache.lucene.codecs.lucene46.Lucene46Codec
 930:             1             64  org.apache.lucene.codecs.lucene49.Lucene49Codec
 931:             1             64  org.apache.lucene.codecs.lucene50.Lucene50Codec
 932:             2             64  org.apache.lucene.codecs.lucene50.Lucene50TermVectorsFormat
 933:             1             64  org.apache.lucene.index.DocumentsWriter
 934:             1             64  org.apache.lucene.index.ExitableDirectoryReader
 935:             2             64  org.apache.lucene.store.MMapDirectory
 936:             2             64  org.apache.lucene.store.RAMDirectory
 937:             1             64  org.apache.lucene.uninverting.UninvertingReader$UninvertingDirectoryReader
 938:             1             64  org.apache.solr.client.solrj.impl.LBHttpSolrClient
 939:             2             64  org.apache.solr.cloud.ActionThrottle
 940:             2             64  org.apache.solr.core.InitParams
 941:             1             64  org.apache.solr.core.NRTCachingDirectoryFactory
 942:             1             64  org.apache.solr.core.SchemaCodecFactory$1
 943:             1             64  org.apache.solr.handler.DumpRequestHandler
 944:             1             64  org.apache.solr.handler.SchemaHandler
 945:             1             64  org.apache.solr.handler.SolrConfigHandler
 946:             4             64  org.apache.solr.handler.UpdateRequestHandler$1
 947:             1             64  org.apache.solr.handler.admin.CollectionsHandler
 948:             1             64  org.apache.solr.handler.admin.LukeRequestHandler
 949:             1             64  org.apache.solr.handler.admin.PluginInfoHandler
 950:             1             64  org.apache.solr.handler.admin.ShowFileRequestHandler
 951:             1             64  org.apache.solr.handler.admin.SolrInfoMBeanHandler
 952:             4             64  org.apache.solr.handler.loader.CSVLoader
 953:             4             64  org.apache.solr.handler.loader.JavabinLoader
 954:             4             64  org.apache.solr.handler.loader.JsonLoader
 955:             1             64  org.apache.solr.rest.schema.analysis.ManagedSynonymFilterFactory$1
 956:             1             64  org.apache.solr.schema.BinaryField
 957:             1             64  org.apache.solr.schema.BoolField
 958:             2             64  org.apache.solr.schema.IndexSchema$DynamicCopy
 959:             1             64  org.apache.solr.schema.RandomSortField
 960:             2             64  org.apache.solr.servlet.SolrRequestParsers
 961:             1             64  org.apache.solr.update.DefaultSolrCoreState
 962:             1             64  org.apache.solr.update.UpdateLog$1
 963:             1             64  org.eclipse.jetty.server.handler.HandlerCollection
 964:             1             64  org.eclipse.jetty.server.handler.RequestLogHandler
 965:             2             64  org.eclipse.jetty.servlet.ServletHandler$CachedChain
 966:             2             64  org.eclipse.jetty.xml.XmlParser$Handler
 967:             1             64  org.opensextant.solrtexttagger.TaggerRequestHandler
 968:             4             64  sun.net.www.protocol.jar.Handler
 969:             2             64  sun.reflect.generics.repository.ClassRepository
 970:             4             64  sun.security.ec.ECParameters
 971:             2             64  sun.security.ssl.EphemeralKeyManager$EphemeralKeyPair
 972:             1             64  sun.security.ssl.SSLContextImpl$DefaultSSLContext
 973:             2             64  sun.security.ssl.SSLSessionContextImpl
 974:             2             64  sun.security.x509.AuthorityInfoAccessExtension
 975:             2             64  sun.security.x509.PolicyMappingsExtension
 976:             2             64  sun.security.x509.PrivateKeyUsageExtension
 977:             2             64  sun.util.locale.provider.LocaleResources
 978:             2             64  sun.util.locale.provider.LocaleServiceProviderPool
 979:             1             56  [Ljava.lang.Runnable;
 980:             2             56  [Lorg.apache.solr.search.SolrCache;
 981:             2             56  [Lorg.eclipse.jetty.server.Handler;
 982:             1             56  [Lorg.eclipse.jetty.servlet.ServletMapping;
 983:             1             56  [Lsun.util.logging.PlatformLogger$Level;
 984:             1             56  java.util.logging.LogManager
 985:             1             56  org.apache.lucene.codecs.lucene40.Lucene40Codec
 986:             1             56  org.apache.lucene.codecs.lucene41.Lucene41Codec
 987:             1             56  org.apache.lucene.codecs.simpletext.SimpleTextCodec
 988:             1             56  org.apache.lucene.index.BufferedUpdates
 989:             1             56  org.apache.lucene.index.ConcurrentMergeScheduler
 990:             1             56  org.apache.lucene.index.IndexFileDeleter
 991:             1             56  org.apache.lucene.index.SlowCompositeReaderWrapper
 992:             1             56  org.apache.lucene.search.spell.DirectSpellChecker
 993:             1             56  org.apache.solr.schema.FieldType$DefaultAnalyzer$1
 994:             1             56  org.apache.solr.update.VersionInfo
 995:             1             56  org.eclipse.jetty.server.ResourceCache
 996:             1             56  org.eclipse.jetty.webapp.DefaultsDescriptor
 997:             1             56  org.eclipse.jetty.webapp.WebDescriptor
 998:             1             56  org.tartarus.snowball.ext.FinnishStemmer
 999:             1             56  org.tartarus.snowball.ext.RomanianStemmer
1000:             1             56  sun.security.provider.SHA
1001:             1             48  [Lcom.sun.beans.util.Cache$CacheEntry;
1002:             1             48  [Lcom.sun.management.VMOption$Origin;
1003:             1             48  [Lcom.sun.org.apache.xalan.internal.utils.XMLSecurityManager$Limit;
1004:             1             48  [Lcom.sun.org.apache.xerces.internal.utils.XMLSecurityManager$Limit;
1005:             1             48  [Ljava.beans.WeakIdentityMap$Entry;
1006:             3             48  [Ljava.lang.annotation.Annotation;
1007:             1             48  [Ljava.lang.invoke.MethodHandleImpl$Intrinsic;
1008:             1             48  [Ljava.math.RoundingMode;
1009:             2             48  [Ljava.net.InetAddress;
1010:             1             48  [Ljava.util.concurrent.TimeUnit;
1011:             2             48  [Lorg.apache.lucene.codecs.lucene50.Lucene50StoredFieldsFormat$Mode;
1012:             1             48  [Lorg.eclipse.jetty.servlet.ServletHolder;
1013:             1             48  [Lorg.eclipse.jetty.webapp.Origin;
1014:             2             48  [Lsun.reflect.generics.tree.ClassTypeSignature;
1015:             1             48  [Lsun.security.x509.NetscapeCertTypeExtension$MapEntry;
1016:             3             48  com.ctc.wstx.api.WstxInputProperties$ParsingMode
1017:             2             48  com.ctc.wstx.util.SymbolTable$Bucket
1018:             2             48  com.google.common.collect.RegularImmutableAsList
1019:             2             48  com.google.common.collect.RegularImmutableMap$EntrySet
1020:             2             48  com.google.common.collect.RegularImmutableMap$NonTerminalEntry
1021:             3             48  com.spatial4j.core.distance.GeodesicSphereDistCalc$Haversine
1022:             3             48  com.spatial4j.core.io.BinaryCodec
1023:             3             48  com.spatial4j.core.io.WktShapeParser
1024:             3             48  com.sun.org.apache.xerces.internal.impl.dtd.DTDGrammar$QNameHashtable
1025:             2             48  com.sun.org.apache.xerces.internal.impl.dtd.DTDGrammarBucket
1026:             3             48  com.sun.org.apache.xerces.internal.impl.dv.dtd.ListDatatypeValidator
1027:             2             48  com.sun.org.apache.xerces.internal.impl.msg.XMLMessageFormatter
1028:             2             48  com.sun.org.apache.xerces.internal.impl.validation.ValidationManager
1029:             2             48  com.sun.org.apache.xerces.internal.util.SymbolTable
1030:             2             48  com.sun.org.apache.xerces.internal.utils.XMLSecurityPropertyManager
1031:             2             48  java.io.BufferedOutputStream
1032:             2             48  java.io.File$PathStatus
1033:             3             48  java.lang.ClassValue$Identity
1034:             2             48  java.lang.invoke.MethodHandles$Lookup
1035:             2             48  java.lang.reflect.ReflectPermission
1036:             2             48  java.net.InetAddress
1037:             2             48  java.net.InetAddress$Cache
1038:             2             48  java.net.InetAddress$Cache$Type
1039:             2             48  java.net.InetAddress$CacheEntry
1040:             2             48  java.net.ServerSocket
1041:             3             48  java.nio.channels.FileChannel$MapMode
1042:             2             48  java.nio.charset.CoderResult
1043:             3             48  java.nio.charset.CodingErrorAction
1044:             2             48  java.security.Timestamp
1045:             3             48  java.text.AttributedCharacterIterator$Attribute
1046:             1             48  java.text.RuleBasedCollator
1047:             3             48  java.util.Base64$Decoder
1048:             2             48  java.util.BitSet
1049:             3             48  java.util.concurrent.SynchronousQueue$TransferStack
1050:             1             48  java.util.concurrent.ThreadPoolExecutor$Worker
1051:             1             48  java.util.concurrent.locks.ReentrantReadWriteLock$FairSync
1052:             3             48  java.util.jar.JarVerifier$3
1053:             2             48  java.util.logging.Logger$LoggerBundle
1054:             2             48  java.util.regex.Pattern$Dollar
1055:             2             48  java.util.regex.Pattern$Prolog
1056:             3             48  org.apache.http.impl.client.BasicCredentialsProvider
1057:             2             48  org.apache.http.impl.client.DefaultHttpRequestRetryHandler
1058:             2             48  org.apache.http.impl.conn.DefaultClientConnectionOperator
1059:             3             48  org.apache.http.impl.conn.SystemDefaultDnsResolver
1060:             1             48  org.apache.log4j.Hierarchy
1061:             2             48  org.apache.log4j.helpers.OnlyOnceErrorHandler
1062:             1             48  org.apache.log4j.helpers.PatternParser
1063:             2             48  org.apache.lucene.analysis.ar.ArabicNormalizationFilterFactory
1064:             2             48  org.apache.lucene.analysis.cjk.CJKWidthFilterFactory
1065:             1             48  org.apache.lucene.analysis.core.StopFilter
1066:             1             48  org.apache.lucene.analysis.ja.JapaneseTokenizerFactory
1067:             1             48  org.apache.lucene.analysis.util.CharArrayMap$EmptyCharArrayMap
1068:             3             48  org.apache.lucene.codecs.lucene46.Lucene46FieldInfosFormat
1069:             3             48  org.apache.lucene.codecs.lucene46.Lucene46SegmentInfoFormat
1070:             2             48  org.apache.lucene.codecs.lucene50.Lucene50Codec$1
1071:             2             48  org.apache.lucene.codecs.lucene50.Lucene50Codec$2
1072:             2             48  org.apache.lucene.codecs.lucene50.Lucene50StoredFieldsFormat$Mode
1073:             1             48  org.apache.lucene.index.IndexFileDeleter$CommitPoint
1074:             2             48  org.apache.lucene.search.spell.WordBreakSpellChecker$BreakSuggestionSortMethod
1075:             1             48  org.apache.lucene.util.packed.BulkOperationPacked1
1076:             1             48  org.apache.lucene.util.packed.BulkOperationPacked10
1077:             1             48  org.apache.lucene.util.packed.BulkOperationPacked11
1078:             1             48  org.apache.lucene.util.packed.BulkOperationPacked12
1079:             1             48  org.apache.lucene.util.packed.BulkOperationPacked13
1080:             1             48  org.apache.lucene.util.packed.BulkOperationPacked14
1081:             1             48  org.apache.lucene.util.packed.BulkOperationPacked15
1082:             1             48  org.apache.lucene.util.packed.BulkOperationPacked16
1083:             1             48  org.apache.lucene.util.packed.BulkOperationPacked17
1084:             1             48  org.apache.lucene.util.packed.BulkOperationPacked18
1085:             1             48  org.apache.lucene.util.packed.BulkOperationPacked19
1086:             1             48  org.apache.lucene.util.packed.BulkOperationPacked2
1087:             1             48  org.apache.lucene.util.packed.BulkOperationPacked20
1088:             1             48  org.apache.lucene.util.packed.BulkOperationPacked21
1089:             1             48  org.apache.lucene.util.packed.BulkOperationPacked22
1090:             1             48  org.apache.lucene.util.packed.BulkOperationPacked23
1091:             1             48  org.apache.lucene.util.packed.BulkOperationPacked24
1092:             1             48  org.apache.lucene.util.packed.BulkOperationPacked3
1093:             1             48  org.apache.lucene.util.packed.BulkOperationPacked4
1094:             1             48  org.apache.lucene.util.packed.BulkOperationPacked5
1095:             1             48  org.apache.lucene.util.packed.BulkOperationPacked6
1096:             1             48  org.apache.lucene.util.packed.BulkOperationPacked7
1097:             1             48  org.apache.lucene.util.packed.BulkOperationPacked8
1098:             1             48  org.apache.lucene.util.packed.BulkOperationPacked9
1099:             1             48  org.apache.solr.analysis.ReversedWildcardFilterFactory
1100:             2             48  org.apache.solr.client.solrj.SolrQuery$ORDER
1101:             2             48  org.apache.solr.client.solrj.impl.HttpClientUtil$1
1102:             3             48  org.apache.solr.common.util.XMLErrorLogger
1103:             2             48  org.apache.solr.core.DirectoryFactory$DirContext
1104:             2             48  org.apache.solr.core.QuerySenderListener
1105:             2             48  org.apache.solr.handler.component.SpellCheckComponent$SpellCheckerListener
1106:             2             48  org.apache.solr.highlight.ScoreOrderFragmentsBuilder
1107:             1             48  org.apache.solr.logging.log4j.EventAppender
1108:             2             48  org.apache.solr.parser.QueryParser$Operator
1109:             2             48  org.apache.solr.rest.RestManager$ManagedResourceRegistration
1110:             3             48  org.apache.solr.rest.schema.analysis.ManagedSynonymFilterFactory$CasePreservedSynonymMappings
1111:             2             48  org.apache.solr.servlet.SolrRequestParsers$StandardRequestParser
1112:             2             48  org.eclipse.jetty.servlet.ServletHolder$Registration
1113:             2             48  org.eclipse.jetty.util.statistic.CounterStatistic
1114:             2             48  org.eclipse.jetty.webapp.ClasspathPattern
1115:             2             48  org.eclipse.jetty.xml.XmlParser$NoopHandler
1116:             1             48  org.tartarus.snowball.ext.ArmenianStemmer
1117:             1             48  org.tartarus.snowball.ext.BasqueStemmer
1118:             1             48  org.tartarus.snowball.ext.CatalanStemmer
1119:             1             48  org.tartarus.snowball.ext.DanishStemmer
1120:             1             48  org.tartarus.snowball.ext.DutchStemmer
1121:             1             48  org.tartarus.snowball.ext.IrishStemmer
1122:             1             48  org.tartarus.snowball.ext.NorwegianStemmer
1123:             1             48  org.tartarus.snowball.ext.RussianStemmer
1124:             1             48  org.tartarus.snowball.ext.SwedishStemmer
1125:             1             48  org.tartarus.snowball.ext.TurkishStemmer
1126:             2             48  sun.misc.NativeSignalHandler
1127:             2             48  sun.net.www.MessageHeader
1128:             3             48  sun.nio.ch.FileDispatcherImpl
1129:             2             48  sun.nio.ch.NativeThreadSet
1130:             2             48  sun.reflect.generics.tree.ClassSignature
1131:             2             48  sun.security.jca.ProviderList
1132:             2             48  sun.security.jca.ProviderList$3
1133:             2             48  sun.security.ssl.SSLAlgorithmConstraints
1134:             2             48  sun.security.x509.CertificatePolicyMap
1135:             3             48  sun.security.x509.RFC822Name
1136:             1             48  sun.text.normalizer.IntTrie
1137:             1             48  sun.text.normalizer.NormalizerBase
1138:             3             48  sun.text.normalizer.NormalizerBase$QuickCheckResult
1139:             1             40  [Lcom.sun.org.apache.xerces.internal.util.Status;
1140:             1             40  [Ljavax.servlet.DispatcherType;
1141:             1             40  [Lorg.apache.lucene.index.DocValuesType;
1142:             1             40  [Lorg.apache.lucene.index.IndexOptions;
1143:             1             40  [Lorg.apache.solr.schema.TrieField$TrieTypes;
1144:             1             40  [Lorg.eclipse.jetty.webapp.Configuration;
1145:             2             40  [Lsun.reflect.generics.tree.FieldTypeSignature;
1146:             2             40  [Lsun.reflect.generics.tree.FormalTypeParameter;
1147:             1             40  [Lsun.security.jca.ServiceId;
1148:             1             40  [Lsun.security.util.DisabledAlgorithmConstraints$KeySizeConstraint$Operator;
1149:             1             40  [Lsun.util.locale.provider.LocaleProviderAdapter$Type;
1150:             1             40  [[Ljava.lang.invoke.LambdaForm$Name;
1151:             1             40  com.sun.beans.finder.MethodFinder$1
1152:             1             40  java.beans.WeakIdentityMap$Entry
1153:             1             40  java.io.BufferedInputStream
1154:             1             40  java.lang.invoke.DirectMethodHandle$Accessor
1155:             1             40  java.text.CollationElementIterator
1156:             1             40  java.text.RBCollationTables
1157:             1             40  java.util.ResourceBundle$1
1158:             1             40  java.util.ServiceLoader$LazyIterator
1159:             1             40  org.apache.log4j.helpers.CountingQuietWriter
1160:             1             40  org.apache.log4j.helpers.PatternParser$ClassNamePatternConverter
1161:             1             40  org.apache.log4j.helpers.PatternParser$DatePatternConverter
1162:             1             40  org.apache.log4j.spi.RootLogger
1163:             1             40  org.apache.lucene.analysis.core.LowerCaseFilter
1164:             1             40  org.apache.lucene.analysis.ja.JapanesePartOfSpeechStopFilterFactory
1165:             1             40  org.apache.lucene.analysis.miscellaneous.StemmerOverrideFilterFactory
1166:             1             40  org.apache.lucene.analysis.pattern.PatternReplaceFilterFactory
1167:             1             40  org.apache.lucene.analysis.payloads.DelimitedPayloadTokenFilterFactory
1168:             1             40  org.apache.lucene.index.BufferedUpdatesStream
1169:             1             40  org.apache.lucene.index.DocumentsWriterDeleteQueue
1170:             1             40  org.apache.solr.core.Config
1171:             1             40  org.apache.solr.core.CoreDescriptor
1172:             1             40  org.apache.solr.core.SolrConfig$UpdateHandlerInfo
1173:             1             40  org.apache.solr.handler.component.QueryElevationComponent
1174:             1             40  org.apache.solr.highlight.DefaultSolrHighlighter
1175:             1             40  org.apache.solr.rest.RestManager
1176:             1             40  org.apache.solr.rest.RestManager$RestManagerManagedResource
1177:             1             40  org.apache.solr.rest.schema.analysis.ManagedSynonymFilterFactory$SynonymManager
1178:             1             40  org.apache.solr.rest.schema.analysis.ManagedWordSetResource
1179:             1             40  org.apache.solr.schema.IndexSchema$SolrQueryAnalyzer
1180:             1             40  org.apache.solr.search.QueryResultKey
1181:             1             40  org.apache.solr.spelling.WordBreakSolrSpellChecker
1182:             1             40  org.apache.solr.update.UpdateLog$RecoveryInfo
1183:             1             40  org.apache.solr.util.ConcurrentLRUCache$CacheEntry
1184:             1             40  org.eclipse.jetty.server.session.HashSessionManager$2
1185:             1             40  org.eclipse.jetty.webapp.WebAppContext$Context
1186:             1             40  org.tartarus.snowball.ext.HungarianStemmer
1187:             1             40  sun.nio.ch.FileLockImpl
1188:             1             40  sun.nio.cs.StandardCharsets$Aliases
1189:             1             40  sun.nio.cs.StandardCharsets$Cache
1190:             1             40  sun.nio.cs.StandardCharsets$Classes
1191:             1             40  sun.security.provider.DSAPublicKeyImpl
1192:             1             40  sun.text.IntHashtable
1193:             1             40  sun.text.UCompactIntArray
1194:             1             32  [Lcom.google.common.cache.LocalCache$Strength;
1195:             1             32  [Lcom.sun.beans.util.Cache$Kind;
1196:             1             32  [Lcom.sun.org.apache.xalan.internal.utils.XMLSecurityManager$NameMap;
1197:             1             32  [Lcom.sun.org.apache.xerces.internal.utils.XMLSecurityManager$NameMap;
1198:             1             32  [Ljava.lang.OutOfMemoryError;
1199:             1             32  [Ljava.lang.ThreadGroup;
1200:             1             32  [Ljava.text.Normalizer$Form;
1201:             1             32  [Ljava.util.EventListener;
1202:             1             32  [Lorg.apache.lucene.analysis.synonym.SynonymFilter$PendingInput;
1203:             1             32  [Lorg.apache.lucene.analysis.synonym.SynonymFilter$PendingOutputs;
1204:             1             32  [Lorg.apache.lucene.index.IndexWriterConfig$OpenMode;
1205:             1             32  [Lorg.apache.lucene.index.StoredFieldVisitor$Status;
1206:             1             32  [Lorg.apache.lucene.index.TermsEnum$SeekStatus;
1207:             1             32  [Lorg.apache.lucene.search.BooleanClause$Occur;
1208:             1             32  [Lorg.apache.lucene.store.IOContext$Context;
1209:             1             32  [Lorg.apache.lucene.util.fst.FST$INPUT_TYPE;
1210:             1             32  [Lorg.apache.solr.common.params.CommonParams$EchoParamStyle;
1211:             1             32  [Lorg.apache.solr.search.SolrCache$State;
1212:             1             32  [Lorg.apache.solr.update.UpdateLog$State;
1213:             1             32  [Lorg.apache.solr.update.UpdateLog$SyncLevel;
1214:             1             32  [Lorg.apache.solr.update.processor.UpdateRequestProcessorFactory;
1215:             1             32  [Lorg.eclipse.jetty.io.Buffers$Type;
1216:             1             32  [Lorg.eclipse.jetty.security.UserDataConstraint;
1217:             1             32  [Lorg.eclipse.jetty.servlet.Holder$Source;
1218:             1             32  [Lorg.eclipse.jetty.util.Scanner$Notification;
1219:             1             32  [Lorg.eclipse.jetty.webapp.MetaDataComplete;
1220:             1             32  [Lsun.security.provider.NativePRNG$Variant;
1221:             1             32  [Lsun.text.normalizer.NormalizerBase$Mode;
1222:             1             32  [[Lcom.sun.org.apache.xerces.internal.impl.dtd.models.ContentModelValidator;
1223:             1             32  [[Lcom.sun.org.apache.xerces.internal.impl.dv.DatatypeValidator;
1224:             1             32  [[[Ljava.lang.String;
1225:             2             32  com.google.common.cache.LocalCache$LocalManualCache
1226:             1             32  com.google.common.util.concurrent.MoreExecutors$SameThreadExecutorService
1227:             2             32  com.sun.beans.WeakCache
1228:             1             32  com.sun.beans.finder.BeanInfoFinder
1229:             1             32  com.sun.org.apache.xalan.internal.utils.FeatureManager$Feature
1230:             1             32  com.sun.org.apache.xalan.internal.utils.XMLSecurityManager
1231:             2             32  com.sun.org.apache.xerces.internal.impl.XMLDocumentScannerImpl$PrologDriver
1232:             2             32  com.sun.org.apache.xerces.internal.impl.XMLDocumentScannerImpl$TrailingMiscDriver
1233:             2             32  com.sun.org.apache.xerces.internal.impl.XMLDocumentScannerImpl$XMLDeclDriver
1234:             1             32  com.sun.org.apache.xerces.internal.impl.XMLEntityScanner$1
1235:             2             32  com.sun.org.apache.xerces.internal.impl.dv.dtd.DTDDVFactoryImpl
1236:             2             32  com.sun.org.apache.xerces.internal.impl.dv.dtd.ENTITYDatatypeValidator
1237:             2             32  com.sun.org.apache.xerces.internal.parsers.AbstractSAXParser$AttributesProxy
1238:             2             32  com.sun.org.apache.xerces.internal.util.EntityResolverWrapper
1239:             2             32  com.sun.org.apache.xerces.internal.util.ErrorHandlerWrapper
1240:             1             32  com.sun.org.apache.xml.internal.utils.XMLReaderManager
1241:             1             32  com.sun.org.apache.xpath.internal.jaxp.XPathFactoryImpl
1242:             1             32  java.beans.ThreadGroupContext
1243:             1             32  java.beans.ThreadGroupContext$1
1244:             1             32  java.io.RandomAccessFile
1245:             1             32  java.io.UnixFileSystem
1246:             1             32  java.lang.ArithmeticException
1247:             1             32  java.lang.ArrayIndexOutOfBoundsException
1248:             2             32  java.lang.Boolean
1249:             1             32  java.lang.NullPointerException
1250:             2             32  java.lang.Shutdown$Lock
1251:             1             32  java.lang.reflect.WeakCache
1252:             2             32  java.nio.ByteOrder
1253:             1             32  java.nio.channels.Channels$1
1254:             1             32  java.security.BasicPermissionCollection
1255:             1             32  java.security.MessageDigest$Delegate
1256:             1             32  java.text.DontCareFieldPosition
1257:             2             32  java.util.Collections$SingletonSet
1258:             2             32  java.util.Hashtable$EntrySet
1259:             1             32  java.util.ServiceLoader
1260:             2             32  java.util.concurrent.ConcurrentHashMap$ValuesView
1261:             1             32  java.util.concurrent.ThreadLocalRandom
1262:             1             32  java.util.logging.LogManager$SystemLoggerContext
1263:             2             32  javax.xml.xpath.SecuritySupport
1264:             2             32  org.apache.http.conn.scheme.PlainSocketFactory
1265:             2             32  org.apache.http.conn.scheme.SchemeRegistry
1266:             2             32  org.apache.http.impl.conn.HttpConnPool$InternalConnFactory
1267:             2             32  org.apache.http.params.SyncBasicHttpParams
1268:             1             32  org.apache.log4j.PatternLayout
1269:             1             32  org.apache.lucene.analysis.cjk.CJKBigramFilterFactory
1270:             1             32  org.apache.lucene.analysis.id.IndonesianStemFilterFactory
1271:             1             32  org.apache.lucene.analysis.ja.JapaneseKatakanaStemFilterFactory
1272:             1             32  org.apache.lucene.analysis.miscellaneous.TrimFilterFactory
1273:             1             32  org.apache.lucene.analysis.phonetic.DoubleMetaphoneFilterFactory
1274:             2             32  org.apache.lucene.codecs.lucene40.Lucene40DocValuesFormat
1275:             2             32  org.apache.lucene.codecs.lucene40.Lucene40FieldInfosFormat
1276:             2             32  org.apache.lucene.codecs.lucene40.Lucene40NormsFormat
1277:             2             32  org.apache.lucene.codecs.lucene40.Lucene40TermVectorsFormat
1278:             2             32  org.apache.lucene.codecs.lucene42.Lucene42FieldInfosFormat
1279:             2             32  org.apache.lucene.codecs.lucene50.Lucene50CompoundFormat
1280:             2             32  org.apache.lucene.codecs.lucene50.Lucene50FieldInfosFormat
1281:             2             32  org.apache.lucene.codecs.lucene50.Lucene50LiveDocsFormat
1282:             2             32  org.apache.lucene.codecs.lucene50.Lucene50NormsFormat
1283:             2             32  org.apache.lucene.codecs.lucene50.Lucene50SegmentInfoFormat
1284:             2             32  org.apache.lucene.codecs.lucene50.Lucene50StoredFieldsFormat
1285:             2             32  org.apache.lucene.codecs.simpletext.SimpleTextDocValuesFormat
1286:             2             32  org.apache.lucene.codecs.simpletext.SimpleTextPostingsFormat
1287:             1             32  org.apache.lucene.index.DocumentsWriterPerThreadPool
1288:             1             32  org.apache.lucene.index.FieldInfos$FieldNumbers
1289:             2             32  org.apache.lucene.search.MatchAllDocsQuery
1290:             2             32  org.apache.lucene.search.similarities.DefaultSimilarity
1291:             1             32  org.apache.lucene.search.spell.WordBreakSpellChecker
1292:             1             32  org.apache.lucene.store.NativeFSLockFactory$NativeFSLock
1293:             2             32  org.apache.lucene.store.SingleInstanceLockFactory
1294:             1             32  org.apache.lucene.util.AttributeFactory$DefaultAttributeFactory$1
1295:             1             32  org.apache.solr.core.ConfigOverlay
1296:             1             32  org.apache.solr.core.ConfigSolrXml
1297:             1             32  org.apache.solr.core.IndexDeletionPolicyWrapper
1298:             1             32  org.apache.solr.core.SolrConfig$HttpCachingConfig
1299:             1             32  org.apache.solr.core.SolrConfig$JmxConfiguration
1300:             1             32  org.apache.solr.core.SolrCore$8
1301:             1             32  org.apache.solr.core.SolrCore$LazyQueryResponseWriterWrapper
1302:             1             32  org.apache.solr.core.SolrCores
1303:             1             32  org.apache.solr.core.ZkContainer
1304:             1             32  org.apache.solr.handler.component.SpellCheckComponent
1305:             1             32  org.apache.solr.highlight.RegexFragmenter
1306:             1             32  org.apache.solr.logging.CircularList
1307:             1             32  org.apache.solr.logging.log4j.Log4jWatcher
1308:             2             32  org.apache.solr.response.JSONResponseWriter
1309:             1             32  org.apache.solr.rest.RestManager$Registry
1310:             1             32  org.apache.solr.rest.schema.analysis.ManagedStopFilterFactory
1311:             1             32  org.apache.solr.rest.schema.analysis.ManagedSynonymFilterFactory
1312:             2             32  org.apache.solr.schema.AbstractSpatialFieldType$1
1313:             1             32  org.apache.solr.schema.BoolField$1
1314:             1             32  org.apache.solr.schema.IndexSchema$SolrIndexAnalyzer
1315:             1             32  org.apache.solr.servlet.SolrDispatchFilter
1316:             2             32  org.apache.solr.servlet.SolrRequestParsers$FormDataRequestParser
1317:             2             32  org.apache.solr.servlet.SolrRequestParsers$MultipartRequestParser
1318:             2             32  org.apache.solr.servlet.SolrRequestParsers$RawRequestParser
1319:             2             32  org.apache.solr.servlet.SolrRequestParsers$SimpleRequestParser
1320:             1             32  org.apache.solr.spelling.DirectSolrSpellChecker
1321:             1             32  org.apache.solr.update.SolrIndexConfig$DelayedSchemaAnalyzer
1322:             1             32  org.eclipse.jetty.continuation.ContinuationThrowable
1323:             1             32  org.eclipse.jetty.deploy.App
1324:             1             32  org.eclipse.jetty.deploy.DeploymentManager$AppEntry
1325:             1             32  org.eclipse.jetty.security.ConstraintMapping
1326:             1             32  org.eclipse.jetty.servlet.FilterMapping
1327:             1             32  org.eclipse.jetty.util.Scanner$TimeNSize
1328:             1             32  org.eclipse.jetty.util.security.Constraint
1329:             1             32  org.opensextant.solrtexttagger.ConcatenateFilterFactory
1330:             1             32  sun.nio.ch.FileKey
1331:             1             32  sun.nio.ch.SharedFileLockTable$FileLockReference
1332:             1             32  sun.nio.cs.StandardCharsets
1333:             1             32  sun.nio.fs.LinuxFileSystem
1334:             2             32  sun.reflect.BootstrapConstructorAccessorImpl
1335:             1             32  sun.reflect.generics.reflectiveObjects.TypeVariableImpl
1336:             2             32  sun.security.provider.NativePRNG
1337:             1             32  sun.security.provider.SecureRandom
1338:             2             32  sun.security.ssl.SSLSocketFactoryImpl
1339:             1             32  sun.security.ssl.X509TrustManagerImpl
1340:             2             32  sun.security.util.DisabledAlgorithmConstraints$KeySizeConstraints
1341:             1             32  sun.security.x509.IssuerAlternativeNameExtension
1342:             2             32  sun.text.normalizer.CharTrie$FriendAgent
1343:             1             24  [Lcom.google.common.base.Functions$ToStringFunction;
1344:             1             24  [Lcom.google.common.cache.CacheBuilder$NullListener;
1345:             1             24  [Lcom.google.common.cache.CacheBuilder$OneWeigher;
1346:             1             24  [Lcom.sun.org.apache.xalan.internal.utils.FeatureManager$Feature;
1347:             1             24  [Lcom.sun.org.apache.xalan.internal.utils.XMLSecurityPropertyManager$Property;
1348:             1             24  [Lcom.sun.org.apache.xerces.internal.utils.XMLSecurityPropertyManager$Property;
1349:             1             24  [Ljava.io.File$PathStatus;
1350:             1             24  [Ljava.lang.reflect.TypeVariable;
1351:             1             24  [Ljava.net.InetAddress$Cache$Type;
1352:             1             24  [Ljava.nio.file.LinkOption;
1353:             1             24  [Ljava.util.Locale$Category;
1354:             1             24  [Ljavax.net.ssl.KeyManager;
1355:             1             24  [Ljavax.net.ssl.TrustManager;
1356:             1             24  [Lorg.apache.lucene.search.TermQuery;
1357:             1             24  [Lorg.apache.lucene.search.spell.WordBreakSpellChecker$BreakSuggestionSortMethod;
1358:             1             24  [Lorg.apache.lucene.util.packed.PackedInts$Format;
1359:             1             24  [Lorg.apache.solr.client.solrj.SolrQuery$ORDER;
1360:             1             24  [Lorg.apache.solr.core.DirectoryFactory$DirContext;
1361:             1             24  [Lorg.apache.solr.parser.QueryParser$Operator;
1362:             1             24  [Lorg.apache.solr.schema.IndexSchema$DynamicCopy;
1363:             1             24  [Lorg.apache.solr.search.CacheConfig;
1364:             1             24  [Lorg.apache.solr.util.stats.Histogram$SampleType;
1365:             1             24  [Lorg.eclipse.jetty.server.Connector;
1366:             1             24  [Lorg.eclipse.jetty.servlet.FilterHolder;
1367:             1             24  [Lorg.eclipse.jetty.servlet.FilterMapping;
1368:             1             24  [Lsun.launcher.LauncherHelper;
1369:             1             24  [Lsun.security.ssl.EphemeralKeyManager$EphemeralKeyPair;
1370:             1             24  com.google.common.base.Functions$ToStringFunction
1371:             1             24  com.google.common.base.Joiner$1
1372:             1             24  com.google.common.base.Joiner$MapJoiner
1373:             1             24  com.google.common.cache.CacheBuilder$NullListener
1374:             1             24  com.google.common.cache.CacheBuilder$OneWeigher
1375:             1             24  com.google.common.cache.LocalCache$EntryFactory$1
1376:             1             24  com.google.common.cache.LocalCache$EntryFactory$2
1377:             1             24  com.google.common.cache.LocalCache$EntryFactory$3
1378:             1             24  com.google.common.cache.LocalCache$EntryFactory$4
1379:             1             24  com.google.common.cache.LocalCache$EntryFactory$5
1380:             1             24  com.google.common.cache.LocalCache$EntryFactory$6
1381:             1             24  com.google.common.cache.LocalCache$EntryFactory$7
1382:             1             24  com.google.common.cache.LocalCache$EntryFactory$8
1383:             1             24  com.google.common.cache.LocalCache$Strength$1
1384:             1             24  com.google.common.cache.LocalCache$Strength$2
1385:             1             24  com.google.common.cache.LocalCache$Strength$3
1386:             1             24  com.google.common.collect.ImmutableMapKeySet
1387:             1             24  com.google.common.collect.ImmutableMapKeySet$1
1388:             1             24  com.google.common.collect.SingletonImmutableSet
1389:             1             24  com.sun.beans.util.Cache$Kind$1
1390:             1             24  com.sun.beans.util.Cache$Kind$2
1391:             1             24  com.sun.beans.util.Cache$Kind$3
1392:             1             24  com.sun.org.apache.xalan.internal.utils.FeatureManager
1393:             1             24  com.sun.org.apache.xerces.internal.impl.Constants$ArrayEnumeration
1394:             1             24  com.sun.org.apache.xerces.internal.impl.dtd.XMLContentSpec
1395:             1             24  com.sun.org.apache.xpath.internal.objects.XString
1396:             1             24  java.io.StringWriter
1397:             1             24  java.lang.invoke.Invokers
1398:             1             24  java.lang.invoke.MethodHandleImpl$4
1399:             1             24  java.lang.invoke.MethodType$ConcurrentWeakInternSet
1400:             1             24  java.math.MutableBigInteger
1401:             1             24  java.net.Inet4AddressImpl
1402:             1             24  java.nio.file.LinkOption
1403:             1             24  java.util.Collections$EmptyMap
1404:             1             24  java.util.Locale$Cache
1405:             1             24  java.util.ResourceBundle$Control$CandidateListCache
1406:             1             24  java.util.TaskQueue
1407:             1             24  java.util.Timer
1408:             1             24  java.util.concurrent.ConcurrentHashMap$KeySetView
1409:             1             24  java.util.concurrent.TimeUnit$1
1410:             1             24  java.util.concurrent.TimeUnit$2
1411:             1             24  java.util.concurrent.TimeUnit$3
1412:             1             24  java.util.concurrent.TimeUnit$4
1413:             1             24  java.util.concurrent.TimeUnit$5
1414:             1             24  java.util.concurrent.TimeUnit$6
1415:             1             24  java.util.concurrent.TimeUnit$7
1416:             1             24  java.util.concurrent.locks.ReentrantReadWriteLock$Sync$HoldCounter
1417:             1             24  java.util.jar.Manifest
1418:             1             24  java.util.logging.LogManager$LoggerContext
1419:             1             24  java.util.logging.LoggingPermission
1420:             1             24  java.util.regex.Pattern$7
1421:             1             24  java.util.regex.Pattern$Bound
1422:             1             24  java.util.regex.Pattern$Neg
1423:             1             24  javax.net.ssl.SSLContext
1424:             1             24  org.apache.commons.logging.impl.SLF4JLogFactory
1425:             1             24  org.apache.log4j.helpers.FormattingInfo
1426:             1             24  org.apache.lucene.analysis.Tokenizer$1
1427:             1             24  org.apache.lucene.analysis.ar.ArabicStemFilterFactory
1428:             1             24  org.apache.lucene.analysis.bg.BulgarianStemFilterFactory
1429:             1             24  org.apache.lucene.analysis.ckb.SoraniNormalizationFilterFactory
1430:             1             24  org.apache.lucene.analysis.ckb.SoraniStemFilterFactory
1431:             1             24  org.apache.lucene.analysis.cz.CzechStemFilterFactory
1432:             1             24  org.apache.lucene.analysis.de.GermanLightStemFilterFactory
1433:             1             24  org.apache.lucene.analysis.de.GermanNormalizationFilterFactory
1434:             1             24  org.apache.lucene.analysis.el.GreekLowerCaseFilterFactory
1435:             1             24  org.apache.lucene.analysis.el.GreekStemFilterFactory
1436:             1             24  org.apache.lucene.analysis.en.EnglishMinimalStemFilterFactory
1437:             1             24  org.apache.lucene.analysis.es.SpanishLightStemFilterFactory
1438:             1             24  org.apache.lucene.analysis.fa.PersianCharFilterFactory
1439:             1             24  org.apache.lucene.analysis.fa.PersianNormalizationFilterFactory
1440:             1             24  org.apache.lucene.analysis.fr.FrenchLightStemFilterFactory
1441:             1             24  org.apache.lucene.analysis.ga.IrishLowerCaseFilterFactory
1442:             1             24  org.apache.lucene.analysis.gl.GalicianStemFilterFactory
1443:             1             24  org.apache.lucene.analysis.hi.HindiNormalizationFilterFactory
1444:             1             24  org.apache.lucene.analysis.hi.HindiStemFilterFactory
1445:             1             24  org.apache.lucene.analysis.in.IndicNormalizationFilterFactory
1446:             1             24  org.apache.lucene.analysis.it.ItalianLightStemFilterFactory
1447:             1             24  org.apache.lucene.analysis.ja.JapaneseBaseFormFilterFactory
1448:             1             24  org.apache.lucene.analysis.lv.LatvianStemFilterFactory
1449:             1             24  org.apache.lucene.analysis.miscellaneous.RemoveDuplicatesTokenFilterFactory
1450:             1             24  org.apache.lucene.analysis.miscellaneous.StemmerOverrideFilter$StemmerOverrideMap
1451:             1             24  org.apache.lucene.analysis.pt.PortugueseLightStemFilterFactory
1452:             1             24  org.apache.lucene.analysis.th.ThaiTokenizerFactory
1453:             1             24  org.apache.lucene.analysis.tr.ApostropheFilterFactory
1454:             1             24  org.apache.lucene.analysis.tr.TurkishLowerCaseFilterFactory
1455:             1             24  org.apache.lucene.codecs.blocktreeords.BlockTreeOrdsPostingsFormat
1456:             1             24  org.apache.lucene.codecs.bloom.BloomFilteringPostingsFormat
1457:             1             24  org.apache.lucene.codecs.lucene40.Lucene40Codec$1
1458:             1             24  org.apache.lucene.codecs.lucene41.Lucene41Codec$1
1459:             1             24  org.apache.lucene.codecs.lucene410.Lucene410Codec$1
1460:             1             24  org.apache.lucene.codecs.lucene410.Lucene410Codec$2
1461:             1             24  org.apache.lucene.codecs.lucene42.Lucene42Codec$1
1462:             1             24  org.apache.lucene.codecs.lucene42.Lucene42Codec$2
1463:             1             24  org.apache.lucene.codecs.lucene42.Lucene42Codec$3
1464:             1             24  org.apache.lucene.codecs.lucene42.Lucene42DocValuesFormat
1465:             1             24  org.apache.lucene.codecs.lucene45.Lucene45Codec$1
1466:             1             24  org.apache.lucene.codecs.lucene45.Lucene45Codec$2
1467:             1             24  org.apache.lucene.codecs.lucene45.Lucene45Codec$3
1468:             1             24  org.apache.lucene.codecs.lucene46.Lucene46Codec$1
1469:             1             24  org.apache.lucene.codecs.lucene46.Lucene46Codec$2
1470:             1             24  org.apache.lucene.codecs.lucene46.Lucene46Codec$3
1471:             1             24  org.apache.lucene.codecs.lucene49.Lucene49Codec$1
1472:             1             24  org.apache.lucene.codecs.lucene49.Lucene49Codec$2
1473:             1             24  org.apache.lucene.codecs.lucene50.Lucene50PostingsFormat
1474:             1             24  org.apache.lucene.codecs.memory.DirectPostingsFormat
1475:             1             24  org.apache.lucene.codecs.memory.MemoryDocValuesFormat
1476:             1             24  org.apache.lucene.codecs.memory.MemoryPostingsFormat
1477:             1             24  org.apache.lucene.index.DocumentsWriterDeleteQueue$DeleteSlice
1478:             1             24  org.apache.lucene.index.DocumentsWriterDeleteQueue$Node
1479:             1             24  org.apache.lucene.index.DocumentsWriterFlushQueue
1480:             1             24  org.apache.lucene.index.DocumentsWriterStallControl
1481:             1             24  org.apache.lucene.index.FlushByRamOrCountsPolicy
1482:             1             24  org.apache.lucene.index.IndexWriter$1
1483:             1             24  org.apache.lucene.index.IndexWriter$ReaderPool
1484:             1             24  org.apache.lucene.index.MultiBits
1485:             1             24  org.apache.lucene.index.MultiFields
1486:             1             24  org.apache.lucene.index.MultiTerms
1487:             1             24  org.apache.lucene.search.BooleanClause$Occur$1
1488:             1             24  org.apache.lucene.search.BooleanClause$Occur$2
1489:             1             24  org.apache.lucene.search.BooleanClause$Occur$3
1490:             1             24  org.apache.lucene.search.TopDocs
1491:             1             24  org.apache.lucene.spatial.prefix.tree.GeohashPrefixTree
1492:             1             24  org.apache.lucene.store.FlushInfo
1493:             1             24  org.apache.lucene.uninverting.FieldCacheImpl
1494:             1             24  org.apache.lucene.uninverting.FieldCacheImpl$BinaryDocValuesCache
1495:             1             24  org.apache.lucene.uninverting.FieldCacheImpl$DocTermOrdsCache
1496:             1             24  org.apache.lucene.uninverting.FieldCacheImpl$DocsWithFieldCache
1497:             1             24  org.apache.lucene.uninverting.FieldCacheImpl$LongCache
1498:             1             24  org.apache.lucene.uninverting.FieldCacheImpl$SortedDocValuesCache
1499:             1             24  org.apache.lucene.util.AttributeFactory$1
1500:             1             24  org.apache.lucene.util.AttributeSource$2
1501:             1             24  org.apache.lucene.util.SetOnce
1502:             1             24  org.apache.lucene.util.packed.PackedInts$Format$1
1503:             1             24  org.apache.lucene.util.packed.PackedInts$Format$2
1504:             1             24  org.apache.solr.client.solrj.SolrQuery
1505:             1             24  org.apache.solr.client.solrj.SolrQuery$SortClause
1506:             1             24  org.apache.solr.common.SolrInputDocument
1507:             1             24  org.apache.solr.common.util.SolrjNamedThreadFactory
1508:             1             24  org.apache.solr.core.ConfigSetService$Default
1509:             1             24  org.apache.solr.core.JarRepository
1510:             1             24  org.apache.solr.core.RequestHandlers
1511:             1             24  org.apache.solr.core.RequestParams
1512:             1             24  org.apache.solr.core.SchemaCodecFactory
1513:             1             24  org.apache.solr.core.SolrDeletionPolicy
1514:             1             24  org.apache.solr.handler.ReplicationHandler$3
1515:             1             24  org.apache.solr.handler.component.ExpandComponent
1516:             1             24  org.apache.solr.handler.component.FacetComponent
1517:             1             24  org.apache.solr.handler.component.HighlightComponent
1518:             1             24  org.apache.solr.handler.component.TermVectorComponent
1519:             1             24  org.apache.solr.highlight.BreakIteratorBoundaryScanner
1520:             1             24  org.apache.solr.highlight.DefaultEncoder
1521:             1             24  org.apache.solr.highlight.GapFragmenter
1522:             1             24  org.apache.solr.highlight.HtmlEncoder
1523:             1             24  org.apache.solr.highlight.HtmlFormatter
1524:             1             24  org.apache.solr.highlight.SimpleBoundaryScanner
1525:             1             24  org.apache.solr.highlight.SimpleFragListBuilder
1526:             1             24  org.apache.solr.highlight.SingleFragListBuilder
1527:             1             24  org.apache.solr.highlight.WeightedFragListBuilder
1528:             1             24  org.apache.solr.response.transform.ExplainAugmenterFactory
1529:             1             24  org.apache.solr.response.transform.ValueAugmenterFactory
1530:             1             24  org.apache.solr.schema.FileExchangeRateProvider
1531:             1             24  org.apache.solr.schema.TrieDateField$ThreadLocalDateFormat
1532:             1             24  org.apache.solr.search.BitDocSet
1533:             1             24  org.apache.solr.search.similarities.DefaultSimilarityFactory
1534:             1             24  org.apache.solr.spelling.SpellingQueryConverter
1535:             1             24  org.apache.solr.update.DefaultSolrCoreState$1
1536:             1             24  org.apache.solr.update.UpdateShardHandler
1537:             1             24  org.apache.solr.update.processor.LogUpdateProcessorFactory
1538:             1             24  org.apache.solr.update.processor.UpdateRequestProcessorChain
1539:             1             24  org.apache.solr.util.stats.Histogram$SampleType$1
1540:             1             24  org.apache.solr.util.stats.Histogram$SampleType$2
1541:             1             24  org.eclipse.jetty.deploy.AppLifeCycle
1542:             1             24  org.eclipse.jetty.http.HttpFields$DateGenerator
1543:             1             24  org.eclipse.jetty.http.HttpHeaderValues
1544:             1             24  org.eclipse.jetty.http.HttpHeaders
1545:             1             24  org.eclipse.jetty.server.AbstractConnector$Acceptor
1546:             1             24  org.eclipse.jetty.servlet.FilterHolder$Config
1547:             1             24  org.eclipse.jetty.servlet.NoJspServlet
1548:             1             24  org.eclipse.jetty.util.IO$NullWrite
1549:             1             24  org.eclipse.jetty.util.MultiMap
1550:             1             24  org.noggit.NullCharArr
1551:             1             24  org.slf4j.helpers.FormattingTuple
1552:             1             24  sun.launcher.LauncherHelper
1553:             1             24  sun.management.VMManagementImpl
1554:             1             24  sun.misc.JarIndex
1555:             1             24  sun.misc.URLClassPath$FileLoader
1556:             1             24  sun.net.ProgressMonitor
1557:             1             24  sun.net.sdp.SdpProvider
1558:             1             24  sun.nio.ch.SharedFileLockTable
1559:             1             24  sun.nio.cs.ISO_8859_1
1560:             1             24  sun.nio.cs.US_ASCII
1561:             1             24  sun.nio.cs.UTF_16
1562:             1             24  sun.nio.cs.UTF_16BE
1563:             1             24  sun.nio.cs.UTF_16LE
1564:             1             24  sun.nio.cs.UTF_8
1565:             1             24  sun.reflect.generics.factory.CoreReflectionFactory
1566:             1             24  sun.reflect.generics.scope.ClassScope
1567:             1             24  sun.reflect.generics.tree.FormalTypeParameter
1568:             1             24  sun.security.provider.DSAParameters
1569:             1             24  sun.security.ssl.SSLAlgorithmConstraints$TLSDisabledAlgConstraints
1570:             1             24  sun.security.ssl.SSLAlgorithmConstraints$X509DisabledAlgConstraints
1571:             1             24  sun.security.ssl.SunX509KeyManagerImpl
1572:             1             24  sun.security.util.DisabledAlgorithmConstraints$KeySizeConstraint
1573:             1             24  sun.text.normalizer.ReplaceableUCharacterIterator
1574:             1             24  sun.util.locale.BaseLocale$Cache
1575:             1             24  sun.util.locale.provider.CalendarDataProviderImpl
1576:             1             24  sun.util.locale.provider.CalendarProviderImpl
1577:             1             24  sun.util.locale.provider.CollatorProviderImpl
1578:             1             24  sun.util.locale.provider.CurrencyNameProviderImpl
1579:             1             24  sun.util.locale.provider.DateFormatSymbolsProviderImpl
1580:             1             24  sun.util.locale.provider.DecimalFormatSymbolsProviderImpl
1581:             1             24  sun.util.locale.provider.NumberFormatProviderImpl
1582:             1             16  [Ljava.beans.EventSetDescriptor;
1583:             1             16  [Ljava.lang.Enum;
1584:             1             16  [Ljava.lang.Throwable;
1585:             1             16  [Ljava.nio.file.attribute.FileAttribute;
1586:             1             16  [Ljava.security.Provider;
1587:             1             16  [Ljava.text.FieldPosition;
1588:             1             16  [Ljava.util.logging.Handler;
1589:             1             16  [Lorg.apache.lucene.codecs.PostingsFormat;
1590:             1             16  [Lorg.apache.lucene.search.ScoreDoc;
1591:             1             16  [Lorg.apache.lucene.search.SortField;
1592:             1             16  [Lorg.apache.solr.client.solrj.impl.LBHttpSolrClient$ServerWrapper;
1593:             1             16  com.google.common.base.Equivalence$Equals
1594:             1             16  com.google.common.base.Joiner
1595:             1             16  com.google.common.base.Suppliers$SupplierOfInstance
1596:             1             16  com.google.common.base.Ticker$1
1597:             1             16  com.google.common.cache.CacheBuilder$1
1598:             1             16  com.google.common.cache.CacheBuilder$2
1599:             1             16  com.google.common.cache.CacheBuilder$3
1600:             1             16  com.google.common.cache.LocalCache$1
1601:             1             16  com.google.common.cache.LocalCache$2
1602:             1             16  com.google.common.collect.ImmutableCollection$EmptyImmutableCollection
1603:             1             16  com.google.common.collect.Iterators$1
1604:             1             16  com.google.common.collect.Iterators$2
1605:             1             16  com.sun.naming.internal.VersionHelper12
1606:             1             16  com.sun.org.apache.xalan.internal.utils.SecuritySupport
1607:             1             16  com.sun.org.apache.xerces.internal.dom.CharacterDataImpl$1
1608:             1             16  com.sun.org.apache.xerces.internal.impl.XMLDocumentScannerImpl$DTDDriver
1609:             1             16  com.sun.org.apache.xerces.internal.impl.dv.dtd.IDDatatypeValidator
1610:             1             16  com.sun.org.apache.xerces.internal.impl.dv.dtd.IDREFDatatypeValidator
1611:             1             16  com.sun.org.apache.xerces.internal.impl.dv.dtd.NMTOKENDatatypeValidator
1612:             1             16  com.sun.org.apache.xerces.internal.impl.dv.dtd.NOTATIONDatatypeValidator
1613:             1             16  com.sun.org.apache.xerces.internal.impl.dv.dtd.StringDatatypeValidator
1614:             1             16  com.sun.org.apache.xerces.internal.utils.SecuritySupport
1615:             1             16  com.sun.org.apache.xpath.internal.objects.EqualComparator
1616:             1             16  com.sun.org.apache.xpath.internal.objects.GreaterThanComparator
1617:             1             16  com.sun.org.apache.xpath.internal.objects.GreaterThanOrEqualComparator
1618:             1             16  com.sun.org.apache.xpath.internal.objects.LessThanComparator
1619:             1             16  com.sun.org.apache.xpath.internal.objects.LessThanOrEqualComparator
1620:             1             16  com.sun.org.apache.xpath.internal.objects.NotEqualComparator
1621:             1             16  com.sun.org.apache.xpath.internal.objects.XMLStringFactoryImpl
1622:             1             16  java.io.FileDescriptor$1
1623:             1             16  java.lang.ApplicationShutdownHooks$1
1624:             1             16  java.lang.CharacterData00
1625:             1             16  java.lang.CharacterDataLatin1
1626:             1             16  java.lang.InheritableThreadLocal
1627:             1             16  java.lang.Runtime
1628:             1             16  java.lang.String$CaseInsensitiveComparator
1629:             1             16  java.lang.System$2
1630:             1             16  java.lang.Terminator$1
1631:             1             16  java.lang.invoke.MemberName$Factory
1632:             1             16  java.lang.invoke.MethodHandleImpl$2
1633:             1             16  java.lang.invoke.MethodHandleImpl$3
1634:             1             16  java.lang.management.PlatformComponent$1
1635:             1             16  java.lang.management.PlatformComponent$10
1636:             1             16  java.lang.management.PlatformComponent$11
1637:             1             16  java.lang.management.PlatformComponent$12
1638:             1             16  java.lang.management.PlatformComponent$13
1639:             1             16  java.lang.management.PlatformComponent$14
1640:             1             16  java.lang.management.PlatformComponent$15
1641:             1             16  java.lang.management.PlatformComponent$2
1642:             1             16  java.lang.management.PlatformComponent$3
1643:             1             16  java.lang.management.PlatformComponent$4
1644:             1             16  java.lang.management.PlatformComponent$5
1645:             1             16  java.lang.management.PlatformComponent$6
1646:             1             16  java.lang.management.PlatformComponent$7
1647:             1             16  java.lang.management.PlatformComponent$8
1648:             1             16  java.lang.management.PlatformComponent$9
1649:             1             16  java.lang.ref.Reference$Lock
1650:             1             16  java.lang.reflect.Proxy$KeyFactory
1651:             1             16  java.lang.reflect.Proxy$ProxyClassFactory
1652:             1             16  java.lang.reflect.ReflectAccess
1653:             1             16  java.net.InetAddress$2
1654:             1             16  java.net.URLClassLoader$7
1655:             1             16  java.nio.Bits$1
1656:             1             16  java.nio.channels.spi.AbstractInterruptibleChannel$1
1657:             1             16  java.nio.charset.CoderResult$1
1658:             1             16  java.nio.charset.CoderResult$2
1659:             1             16  java.security.ProtectionDomain$1
1660:             1             16  java.security.ProtectionDomain$3
1661:             1             16  java.text.DontCareFieldPosition$1
1662:             1             16  java.util.Collections$EmptyEnumeration
1663:             1             16  java.util.Collections$EmptyIterator
1664:             1             16  java.util.Collections$EmptyList
1665:             1             16  java.util.Collections$EmptySet
1666:             1             16  java.util.Collections$UnmodifiableMap$UnmodifiableEntrySet
1667:             1             16  java.util.Currency$CurrencyNameGetter
1668:             1             16  java.util.Hashtable$KeySet
1669:             1             16  java.util.ResourceBundle$Control
1670:             1             16  java.util.Timer$1
1671:             1             16  java.util.concurrent.ConcurrentHashMap$EntrySetView
1672:             1             16  java.util.concurrent.ConcurrentSkipListMap$KeySet
1673:             1             16  java.util.concurrent.Executors$FinalizableDelegatedExecutorService
1674:             1             16  java.util.concurrent.ThreadPoolExecutor$AbortPolicy
1675:             1             16  java.util.jar.JavaUtilJarAccessImpl
1676:             1             16  java.util.logging.LoggingProxyImpl
1677:             1             16  java.util.regex.Pattern$4
1678:             1             16  java.util.regex.Pattern$Begin
1679:             1             16  java.util.regex.Pattern$CharPropertyNames$10
1680:             1             16  java.util.regex.Pattern$CharPropertyNames$11
1681:             1             16  java.util.regex.Pattern$CharPropertyNames$12
1682:             1             16  java.util.regex.Pattern$CharPropertyNames$13
1683:             1             16  java.util.regex.Pattern$CharPropertyNames$14
1684:             1             16  java.util.regex.Pattern$CharPropertyNames$15
1685:             1             16  java.util.regex.Pattern$CharPropertyNames$16
1686:             1             16  java.util.regex.Pattern$CharPropertyNames$17
1687:             1             16  java.util.regex.Pattern$CharPropertyNames$18
1688:             1             16  java.util.regex.Pattern$CharPropertyNames$19
1689:             1             16  java.util.regex.Pattern$CharPropertyNames$20
1690:             1             16  java.util.regex.Pattern$CharPropertyNames$21
1691:             1             16  java.util.regex.Pattern$CharPropertyNames$22
1692:             1             16  java.util.regex.Pattern$CharPropertyNames$23
1693:             1             16  java.util.regex.Pattern$CharPropertyNames$5
1694:             1             16  java.util.regex.Pattern$CharPropertyNames$6
1695:             1             16  java.util.regex.Pattern$CharPropertyNames$7
1696:             1             16  java.util.regex.Pattern$CharPropertyNames$8
1697:             1             16  java.util.regex.Pattern$CharPropertyNames$9
1698:             1             16  java.util.regex.Pattern$LastNode
1699:             1             16  java.util.regex.Pattern$Node
1700:             1             16  java.util.zip.ZipFile$1
1701:             1             16  javax.xml.parsers.SecuritySupport
1702:             1             16  javax.xml.stream.SecuritySupport
1703:             1             16  javax.xml.transform.SecuritySupport
1704:             1             16  org.apache.http.conn.ssl.AllowAllHostnameVerifier
1705:             1             16  org.apache.http.conn.ssl.BrowserCompatHostnameVerifier
1706:             1             16  org.apache.http.conn.ssl.StrictHostnameVerifier
1707:             1             16  org.apache.log4j.DefaultCategoryFactory
1708:             1             16  org.apache.log4j.helpers.AppenderAttachableImpl
1709:             1             16  org.apache.log4j.or.DefaultRenderer
1710:             1             16  org.apache.log4j.or.RendererMap
1711:             1             16  org.apache.log4j.spi.DefaultRepositorySelector
1712:             1             16  org.apache.lucene.analysis.Analyzer$1
1713:             1             16  org.apache.lucene.analysis.Analyzer$2
1714:             1             16  org.apache.lucene.analysis.payloads.FloatEncoder
1715:             1             16  org.apache.lucene.analysis.util.CharacterUtils$Java4CharacterUtils
1716:             1             16  org.apache.lucene.analysis.util.CharacterUtils$Java5CharacterUtils
1717:             1             16  org.apache.lucene.codecs.bloom.DefaultBloomFilterFactory
1718:             1             16  org.apache.lucene.codecs.compressing.CompressionMode$1
1719:             1             16  org.apache.lucene.codecs.compressing.CompressionMode$2
1720:             1             16  org.apache.lucene.codecs.compressing.CompressionMode$3
1721:             1             16  org.apache.lucene.codecs.compressing.CompressionMode$4
1722:             1             16  org.apache.lucene.codecs.lucene40.Lucene40PostingsFormat
1723:             1             16  org.apache.lucene.codecs.lucene40.Lucene40StoredFieldsFormat
1724:             1             16  org.apache.lucene.codecs.lucene41.Lucene41PostingsFormat
1725:             1             16  org.apache.lucene.codecs.lucene410.Lucene410Codec$3
1726:             1             16  org.apache.lucene.codecs.lucene410.Lucene410DocValuesFormat
1727:             1             16  org.apache.lucene.codecs.lucene45.Lucene45DocValuesFormat
1728:             1             16  org.apache.lucene.codecs.lucene49.Lucene49Codec$3
1729:             1             16  org.apache.lucene.codecs.lucene49.Lucene49DocValuesFormat
1730:             1             16  org.apache.lucene.codecs.lucene50.Lucene50DocValuesFormat
1731:             1             16  org.apache.lucene.codecs.memory.DirectDocValuesFormat
1732:             1             16  org.apache.lucene.codecs.memory.FSTOrdPostingsFormat
1733:             1             16  org.apache.lucene.codecs.memory.FSTPostingsFormat
1734:             1             16  org.apache.lucene.codecs.simpletext.SimpleTextCompoundFormat
1735:             1             16  org.apache.lucene.codecs.simpletext.SimpleTextFieldInfosFormat
1736:             1             16  org.apache.lucene.codecs.simpletext.SimpleTextLiveDocsFormat
1737:             1             16  org.apache.lucene.codecs.simpletext.SimpleTextNormsFormat
1738:             1             16  org.apache.lucene.codecs.simpletext.SimpleTextSegmentInfoFormat
1739:             1             16  org.apache.lucene.codecs.simpletext.SimpleTextStoredFieldsFormat
1740:             1             16  org.apache.lucene.codecs.simpletext.SimpleTextTermVectorsFormat
1741:             1             16  org.apache.lucene.index.BufferedUpdatesStream$1
1742:             1             16  org.apache.lucene.index.DocumentsWriterPerThread$1
1743:             1             16  org.apache.lucene.index.TermsEnum$2
1744:             1             16  org.apache.lucene.search.MultiTermQuery$1
1745:             1             16  org.apache.lucene.search.ScoringRewrite$1
1746:             1             16  org.apache.lucene.search.ScoringRewrite$2
1747:             1             16  org.apache.lucene.search.spell.LuceneLevenshteinDistance
1748:             1             16  org.apache.lucene.search.spell.SuggestWordScoreComparator
1749:             1             16  org.apache.lucene.store.MMapDirectory$1
1750:             1             16  org.apache.lucene.store.NativeFSLockFactory
1751:             1             16  org.apache.lucene.uninverting.FieldCache$1
1752:             1             16  org.apache.lucene.uninverting.FieldCache$2
1753:             1             16  org.apache.lucene.uninverting.FieldCache$3
1754:             1             16  org.apache.lucene.uninverting.FieldCache$4
1755:             1             16  org.apache.lucene.uninverting.FieldCacheImpl$1
1756:             1             16  org.apache.lucene.util.ArrayUtil$NaturalComparator
1757:             1             16  org.apache.lucene.util.AttributeFactory$DefaultAttributeFactory
1758:             1             16  org.apache.lucene.util.BytesRef$UTF8SortedAsUTF16Comparator
1759:             1             16  org.apache.lucene.util.BytesRef$UTF8SortedAsUnicodeComparator
1760:             1             16  org.apache.lucene.util.CharsRef$UTF16SortedAsUTF8Comparator
1761:             1             16  org.apache.lucene.util.InfoStream$NoOutput
1762:             1             16  org.apache.lucene.util.LongValues$1
1763:             1             16  org.apache.lucene.util.fst.ByteSequenceOutputs
1764:             1             16  org.apache.lucene.util.packed.PackedInts$NullReader
1765:             1             16  org.apache.solr.client.solrj.impl.BinaryResponseParser
1766:             1             16  org.apache.solr.client.solrj.impl.HttpClientConfigurer
1767:             1             16  org.apache.solr.core.ConfigSolrXml$1
1768:             1             16  org.apache.solr.core.ConfigSolrXml$2
1769:             1             16  org.apache.solr.core.ConfigSolrXml$3
1770:             1             16  org.apache.solr.core.CorePropertiesLocator
1771:             1             16  org.apache.solr.core.SolrCore$9
1772:             1             16  org.apache.solr.core.StandardIndexReaderFactory
1773:             1             16  org.apache.solr.handler.ReplicationHandler$2
1774:             1             16  org.apache.solr.handler.component.DebugComponent
1775:             1             16  org.apache.solr.handler.component.MoreLikeThisComponent
1776:             1             16  org.apache.solr.handler.component.QueryComponent
1777:             1             16  org.apache.solr.handler.component.RealTimeGetComponent
1778:             1             16  org.apache.solr.handler.component.StatsComponent
1779:             1             16  org.apache.solr.handler.component.TermsComponent
1780:             1             16  org.apache.solr.response.BinaryResponseWriter
1781:             1             16  org.apache.solr.response.CSVResponseWriter
1782:             1             16  org.apache.solr.response.PHPResponseWriter
1783:             1             16  org.apache.solr.response.PHPSerializedResponseWriter
1784:             1             16  org.apache.solr.response.PythonResponseWriter
1785:             1             16  org.apache.solr.response.RawResponseWriter
1786:             1             16  org.apache.solr.response.RubyResponseWriter
1787:             1             16  org.apache.solr.response.SchemaXmlResponseWriter
1788:             1             16  org.apache.solr.response.SortingResponseWriter
1789:             1             16  org.apache.solr.response.XMLResponseWriter
1790:             1             16  org.apache.solr.response.XSLTResponseWriter
1791:             1             16  org.apache.solr.response.transform.ChildDocTransformerFactory
1792:             1             16  org.apache.solr.response.transform.DocIdAugmenterFactory
1793:             1             16  org.apache.solr.response.transform.ElevatedMarkerFactory
1794:             1             16  org.apache.solr.response.transform.ExcludedMarkerFactory
1795:             1             16  org.apache.solr.response.transform.ShardAugmenterFactory
1796:             1             16  org.apache.solr.rest.ManagedResourceStorage$FileStorageIO
1797:             1             16  org.apache.solr.schema.RandomSortField$1
1798:             1             16  org.apache.solr.search.BoostQParserPlugin
1799:             1             16  org.apache.solr.search.CollapsingQParserPlugin
1800:             1             16  org.apache.solr.search.ComplexPhraseQParserPlugin
1801:             1             16  org.apache.solr.search.DateValueSourceParser
1802:             1             16  org.apache.solr.search.DisMaxQParserPlugin
1803:             1             16  org.apache.solr.search.ExportQParserPlugin
1804:             1             16  org.apache.solr.search.ExtendedDismaxQParserPlugin
1805:             1             16  org.apache.solr.search.FieldQParserPlugin
1806:             1             16  org.apache.solr.search.FunctionQParserPlugin
1807:             1             16  org.apache.solr.search.FunctionRangeQParserPlugin
1808:             1             16  org.apache.solr.search.JoinQParserPlugin
1809:             1             16  org.apache.solr.search.LuceneQParserPlugin
1810:             1             16  org.apache.solr.search.MaxScoreQParserPlugin
1811:             1             16  org.apache.solr.search.NestedQParserPlugin
1812:             1             16  org.apache.solr.search.NoOpRegenerator
1813:             1             16  org.apache.solr.search.OldLuceneQParserPlugin
1814:             1             16  org.apache.solr.search.PrefixQParserPlugin
1815:             1             16  org.apache.solr.search.RawQParserPlugin
1816:             1             16  org.apache.solr.search.ReRankQParserPlugin
1817:             1             16  org.apache.solr.search.SimpleQParserPlugin
1818:             1             16  org.apache.solr.search.SolrFieldCacheMBean
1819:             1             16  org.apache.solr.search.SolrIndexSearcher$1
1820:             1             16  org.apache.solr.search.SolrIndexSearcher$2
1821:             1             16  org.apache.solr.search.SolrIndexSearcher$3
1822:             1             16  org.apache.solr.search.SolrIndexSearcher$4
1823:             1             16  org.apache.solr.search.SolrQueryTimeoutImpl
1824:             1             16  org.apache.solr.search.SolrQueryTimeoutImpl$1
1825:             1             16  org.apache.solr.search.SpatialBoxQParserPlugin
1826:             1             16  org.apache.solr.search.SpatialFilterQParserPlugin
1827:             1             16  org.apache.solr.search.SurroundQParserPlugin
1828:             1             16  org.apache.solr.search.SwitchQParserPlugin
1829:             1             16  org.apache.solr.search.TermQParserPlugin
1830:             1             16  org.apache.solr.search.TermsQParserPlugin
1831:             1             16  org.apache.solr.search.ValueSourceParser$1
1832:             1             16  org.apache.solr.search.ValueSourceParser$10
1833:             1             16  org.apache.solr.search.ValueSourceParser$11
1834:             1             16  org.apache.solr.search.ValueSourceParser$12
1835:             1             16  org.apache.solr.search.ValueSourceParser$13
1836:             1             16  org.apache.solr.search.ValueSourceParser$14
1837:             1             16  org.apache.solr.search.ValueSourceParser$15
1838:             1             16  org.apache.solr.search.ValueSourceParser$16
1839:             1             16  org.apache.solr.search.ValueSourceParser$17
1840:             1             16  org.apache.solr.search.ValueSourceParser$18
1841:             1             16  org.apache.solr.search.ValueSourceParser$19
1842:             1             16  org.apache.solr.search.ValueSourceParser$2
1843:             1             16  org.apache.solr.search.ValueSourceParser$20
1844:             1             16  org.apache.solr.search.ValueSourceParser$21
1845:             1             16  org.apache.solr.search.ValueSourceParser$22
1846:             1             16  org.apache.solr.search.ValueSourceParser$23
1847:             1             16  org.apache.solr.search.ValueSourceParser$24
1848:             1             16  org.apache.solr.search.ValueSourceParser$25
1849:             1             16  org.apache.solr.search.ValueSourceParser$26
1850:             1             16  org.apache.solr.search.ValueSourceParser$27
1851:             1             16  org.apache.solr.search.ValueSourceParser$28
1852:             1             16  org.apache.solr.search.ValueSourceParser$29
1853:             1             16  org.apache.solr.search.ValueSourceParser$3
1854:             1             16  org.apache.solr.search.ValueSourceParser$30
1855:             1             16  org.apache.solr.search.ValueSourceParser$31
1856:             1             16  org.apache.solr.search.ValueSourceParser$32
1857:             1             16  org.apache.solr.search.ValueSourceParser$33
1858:             1             16  org.apache.solr.search.ValueSourceParser$34
1859:             1             16  org.apache.solr.search.ValueSourceParser$35
1860:             1             16  org.apache.solr.search.ValueSourceParser$36
1861:             1             16  org.apache.solr.search.ValueSourceParser$37
1862:             1             16  org.apache.solr.search.ValueSourceParser$38
1863:             1             16  org.apache.solr.search.ValueSourceParser$39
1864:             1             16  org.apache.solr.search.ValueSourceParser$4
1865:             1             16  org.apache.solr.search.ValueSourceParser$40
1866:             1             16  org.apache.solr.search.ValueSourceParser$41
1867:             1             16  org.apache.solr.search.ValueSourceParser$42
1868:             1             16  org.apache.solr.search.ValueSourceParser$43
1869:             1             16  org.apache.solr.search.ValueSourceParser$44
1870:             1             16  org.apache.solr.search.ValueSourceParser$45
1871:             1             16  org.apache.solr.search.ValueSourceParser$46
1872:             1             16  org.apache.solr.search.ValueSourceParser$47
1873:             1             16  org.apache.solr.search.ValueSourceParser$48
1874:             1             16  org.apache.solr.search.ValueSourceParser$49
1875:             1             16  org.apache.solr.search.ValueSourceParser$5
1876:             1             16  org.apache.solr.search.ValueSourceParser$50
1877:             1             16  org.apache.solr.search.ValueSourceParser$51
1878:             1             16  org.apache.solr.search.ValueSourceParser$52
1879:             1             16  org.apache.solr.search.ValueSourceParser$53
1880:             1             16  org.apache.solr.search.ValueSourceParser$54
1881:             1             16  org.apache.solr.search.ValueSourceParser$55
1882:             1             16  org.apache.solr.search.ValueSourceParser$56
1883:             1             16  org.apache.solr.search.ValueSourceParser$57
1884:             1             16  org.apache.solr.search.ValueSourceParser$58
1885:             1             16  org.apache.solr.search.ValueSourceParser$59
1886:             1             16  org.apache.solr.search.ValueSourceParser$6
1887:             1             16  org.apache.solr.search.ValueSourceParser$60
1888:             1             16  org.apache.solr.search.ValueSourceParser$61
1889:             1             16  org.apache.solr.search.ValueSourceParser$62
1890:             1             16  org.apache.solr.search.ValueSourceParser$63
1891:             1             16  org.apache.solr.search.ValueSourceParser$64
1892:             1             16  org.apache.solr.search.ValueSourceParser$65
1893:             1             16  org.apache.solr.search.ValueSourceParser$66
1894:             1             16  org.apache.solr.search.ValueSourceParser$67
1895:             1             16  org.apache.solr.search.ValueSourceParser$68
1896:             1             16  org.apache.solr.search.ValueSourceParser$69
1897:             1             16  org.apache.solr.search.ValueSourceParser$7
1898:             1             16  org.apache.solr.search.ValueSourceParser$70
1899:             1             16  org.apache.solr.search.ValueSourceParser$71
1900:             1             16  org.apache.solr.search.ValueSourceParser$72
1901:             1             16  org.apache.solr.search.ValueSourceParser$73
1902:             1             16  org.apache.solr.search.ValueSourceParser$74
1903:             1             16  org.apache.solr.search.ValueSourceParser$8
1904:             1             16  org.apache.solr.search.ValueSourceParser$9
1905:             1             16  org.apache.solr.search.function.distance.GeoDistValueSourceParser
1906:             1             16  org.apache.solr.search.grouping.endresulttransformer.MainEndResultTransformer
1907:             1             16  org.apache.solr.search.grouping.endresulttransformer.SimpleEndResultTransformer
1908:             1             16  org.apache.solr.search.join.BlockJoinChildQParserPlugin
1909:             1             16  org.apache.solr.search.join.BlockJoinParentQParserPlugin
1910:             1             16  org.apache.solr.search.mlt.MLTQParserPlugin
1911:             1             16  org.apache.solr.search.stats.LocalStatsCache
1912:             1             16  org.apache.solr.update.LoggingInfoStream
1913:             1             16  org.apache.solr.update.TransactionLog$1
1914:             1             16  org.apache.solr.update.processor.DistributedUpdateProcessorFactory
1915:             1             16  org.apache.solr.update.processor.RunUpdateProcessorFactory
1916:             1             16  org.apache.solr.util.EmptyEntityResolver$1
1917:             1             16  org.apache.solr.util.EmptyEntityResolver$2
1918:             1             16  org.apache.solr.util.stats.Clock$UserTimeClock
1919:             1             16  org.eclipse.jetty.deploy.bindings.StandardDeployer
1920:             1             16  org.eclipse.jetty.deploy.bindings.StandardStarter
1921:             1             16  org.eclipse.jetty.deploy.bindings.StandardStopper
1922:             1             16  org.eclipse.jetty.deploy.bindings.StandardUndeployer
1923:             1             16  org.eclipse.jetty.deploy.providers.ContextProvider$1
1924:             1             16  org.eclipse.jetty.deploy.providers.ScanningAppProvider$1
1925:             1             16  org.eclipse.jetty.http.HttpFields$1
1926:             1             16  org.eclipse.jetty.http.HttpFields$2
1927:             1             16  org.eclipse.jetty.http.MimeTypes
1928:             1             16  org.eclipse.jetty.security.DefaultAuthenticatorFactory
1929:             1             16  org.eclipse.jetty.security.SecurityHandler$1
1930:             1             16  org.eclipse.jetty.security.SecurityHandler$2
1931:             1             16  org.eclipse.jetty.security.SecurityHandler$3
1932:             1             16  org.eclipse.jetty.server.Authentication$1
1933:             1             16  org.eclipse.jetty.server.Authentication$2
1934:             1             16  org.eclipse.jetty.server.Authentication$3
1935:             1             16  org.eclipse.jetty.server.Authentication$4
1936:             1             16  org.eclipse.jetty.server.Authentication$5
1937:             1             16  org.eclipse.jetty.server.handler.ContextHandler$ApproveNonExistentDirectoryAliases
1938:             1             16  org.eclipse.jetty.server.session.AbstractSessionManager$1
1939:             1             16  org.eclipse.jetty.server.session.AbstractSessionManager$2
1940:             1             16  org.eclipse.jetty.servlet.listener.ELContextCleaner
1941:             1             16  org.eclipse.jetty.servlet.listener.IntrospectorCleaner
1942:             1             16  org.eclipse.jetty.start.FilenameComparator
1943:             1             16  org.eclipse.jetty.util.IO$ClosedIS
1944:             1             16  org.eclipse.jetty.util.IO$NullOS
1945:             1             16  org.eclipse.jetty.util.StringMap$NullEntry
1946:             1             16  org.eclipse.jetty.util.component.Container
1947:             1             16  org.eclipse.jetty.util.thread.QueuedThreadPool$3
1948:             1             16  org.eclipse.jetty.webapp.FragmentConfiguration
1949:             1             16  org.eclipse.jetty.webapp.JettyWebXmlConfiguration
1950:             1             16  org.eclipse.jetty.webapp.MetaInfConfiguration
1951:             1             16  org.eclipse.jetty.webapp.StandardDescriptorProcessor
1952:             1             16  org.eclipse.jetty.webapp.WebInfConfiguration
1953:             1             16  org.eclipse.jetty.webapp.WebXmlConfiguration
1954:             1             16  org.opensextant.solrtexttagger.TagClusterReducer$1
1955:             1             16  org.opensextant.solrtexttagger.TagClusterReducer$2
1956:             1             16  org.opensextant.solrtexttagger.TagClusterReducer$3
1957:             1             16  org.slf4j.helpers.NOPLoggerFactory
1958:             1             16  org.slf4j.helpers.SubstituteLoggerFactory
1959:             1             16  org.slf4j.impl.Log4jLoggerFactory
1960:             1             16  org.slf4j.impl.StaticLoggerBinder
1961:             1             16  sun.management.HotSpotDiagnostic
1962:             1             16  sun.misc.ASCIICaseInsensitiveComparator
1963:             1             16  sun.misc.FloatingDecimal$1
1964:             1             16  sun.misc.Launcher
1965:             1             16  sun.misc.Launcher$Factory
1966:             1             16  sun.misc.Perf
1967:             1             16  sun.misc.Unsafe
1968:             1             16  sun.net.DefaultProgressMeteringPolicy
1969:             1             16  sun.net.www.protocol.file.Handler
1970:             1             16  sun.net.www.protocol.jar.JarFileFactory
1971:             1             16  sun.nio.ch.Util$1
1972:             1             16  sun.nio.fs.LinuxFileSystemProvider
1973:             1             16  sun.reflect.GeneratedConstructorAccessor13
1974:             1             16  sun.reflect.GeneratedConstructorAccessor8
1975:             1             16  sun.reflect.GeneratedMethodAccessor1
1976:             1             16  sun.reflect.GeneratedMethodAccessor2
1977:             1             16  sun.reflect.GeneratedMethodAccessor3
1978:             1             16  sun.reflect.GeneratedMethodAccessor4
1979:             1             16  sun.reflect.GeneratedMethodAccessor5
1980:             1             16  sun.reflect.GeneratedMethodAccessor6
1981:             1             16  sun.reflect.ReflectionFactory
1982:             1             16  sun.reflect.generics.tree.BottomSignature
1983:             1             16  sun.security.rsa.RSAKeyFactory
1984:             1             16  sun.security.ssl.EphemeralKeyManager
1985:             1             16  sun.security.util.ByteArrayLexOrder
1986:             1             16  sun.security.util.ByteArrayTagOrder
1987:             1             16  sun.text.normalizer.NormalizerBase$Mode
1988:             1             16  sun.text.normalizer.NormalizerBase$NFCMode
1989:             1             16  sun.text.normalizer.NormalizerBase$NFDMode
1990:             1             16  sun.text.normalizer.NormalizerBase$NFKCMode
1991:             1             16  sun.text.normalizer.NormalizerBase$NFKDMode
1992:             1             16  sun.text.normalizer.NormalizerImpl
1993:             1             16  sun.text.normalizer.NormalizerImpl$AuxTrieImpl
1994:             1             16  sun.text.normalizer.NormalizerImpl$FCDTrieImpl
1995:             1             16  sun.text.normalizer.NormalizerImpl$NormTrieImpl
1996:             1             16  sun.text.normalizer.ReplaceableString
1997:             1             16  sun.util.calendar.Gregorian
1998:             1             16  sun.util.locale.provider.AuxLocaleProviderAdapter$NullProvider
1999:             1             16  sun.util.locale.provider.CalendarDataUtility$CalendarWeekParameterGetter
2000:             1             16  sun.util.locale.provider.SPILocaleProviderAdapter
2001:             1             16  sun.util.resources.LocaleData
2002:             1             16  sun.util.resources.LocaleData$LocaleDataResourceBundleControl
Total      32538005     4019564680

 num     #instances         #bytes  class name
----------------------------------------------
   1:      23068243     2317075768  [C
   2:         57725     1404224128  [B
   3:      23058738      553409712  java.lang.String
   4:          4611      227369120  [I
   5:         16365      105866200  [Ljava.lang.Object;
   6:         23029       81128464  [J
   7:         40088        2886336  org.apache.lucene.util.fst.FST$Arc
   8:         20353         814120  org.apache.lucene.util.packed.Packed64
   9:          6993         748904  [Lorg.apache.lucene.util.fst.FST$Arc;
  10:          3457         583728  [Ljava.util.HashMap$Node;
  11:          5037         567440  java.lang.Class
  12:         17538         420912  org.apache.lucene.util.BytesRef
  13:         13127         420064  java.util.HashMap$Node
  14:          7346         235072  java.util.concurrent.ConcurrentHashMap$Node
  15:          3844         184512  java.util.HashMap
  16:          6407         153768  java.util.ArrayList
  17:           133         146224  [S
  18:          6062         145488  org.apache.lucene.util.fst.ReverseBytesReader
  19:            24         127808  [[B
  20:          2997         119880  java.util.LinkedHashMap$Entry
  21:            66         101256  [Lorg.apache.lucene.util.packed.PackedInts$Reader;
  22:          3149         100768  org.apache.lucene.util.WeakIdentityMap$IdentityWeakReference
  23:            17          99656  [F
  24:          2161          86440  org.tartarus.snowball.Among
  25:          2069          82760  org.apache.lucene.document.FieldType
  26:          1403          78568  org.apache.lucene.codecs.memory.MemoryPostingsFormat$FSTTermsEnum
  27:          1403          78568  org.apache.lucene.util.fst.BytesRefFSTEnum
  28:          2067          66144  org.apache.lucene.document.Field
  29:          2067          66144  org.apache.lucene.document.LazyDocument$LazyField
  30:           104          63008  [Ljava.util.concurrent.ConcurrentHashMap$Node;
  31:          2548          61152  org.apache.lucene.index.MultiDocsEnum$EnumWithSlice
  32:          3724          59584  java.lang.Object
  33:          2405          57720  org.apache.lucene.util.packed.Direct8
  34:          1802          57664  java.util.Hashtable$Entry
  35:          1725          55200  org.apache.lucene.store.ByteArrayDataInput
  36:          1369          54760  java.util.TreeMap$Entry
  37:          2005          48120  org.apache.lucene.util.packed.Packed64SingleBlock$Packed64SingleBlock4
  38:          1403          44896  org.apache.lucene.index.MultiTermsEnum$TermsEnumWithSlice
  39:           511          43696  [Ljava.util.WeakHashMap$Entry;
  40:           155          43488  [[C
  41:           663          42504  [Ljava.lang.String;
  42:          1666          39984  java.util.concurrent.ConcurrentSkipListMap$Node
  43:          1613          38712  java.lang.Long
  44:           623          34888  java.util.LinkedHashMap
  45:          1403          33672  org.apache.lucene.index.ExitableDirectoryReader$ExitableTermsEnum
  46:          1403          33672  org.apache.lucene.util.fst.BytesRefFSTEnum$InputOutput
  47:          1378          33072  org.apache.lucene.index.MultiDocsAndPositionsEnum$EnumWithSlice
  48:          1374          32976  java.lang.Double
  49:           824          32960  java.util.WeakHashMap$Entry
  50:          1352          32448  org.apache.lucene.index.MultiTermsEnum$TermsEnumIndex
  51:           498          31872  java.nio.DirectByteBufferR
  52:           782          31280  com.sun.org.apache.xerces.internal.dom.TextImpl
  53:           778          31120  com.sun.org.apache.xerces.internal.dom.DeferredTextImpl
  54:           937          29984  java.lang.ref.WeakReference
  55:           698          27920  java.lang.ref.SoftReference
  56:           862          27584  sun.security.util.DerInputBuffer
  57:           862          27584  sun.security.util.DerValue
  58:           677          27080  java.math.BigInteger
  59:          1606          25696  java.lang.Integer
  60:           241          25064  org.apache.lucene.util.fst.FST
  61:           436          24416  org.eclipse.jetty.io.ByteArrayBuffer
  62:           508          24384  java.util.WeakHashMap
  63:           732          23424  java.lang.ThreadLocal$ThreadLocalMap$Entry
  64:           477          22896  org.apache.lucene.index.FieldInfo
  65:           354          22656  java.net.URL
  66:           689          22048  org.apache.lucene.document.LazyDocument
  67:           548          21920  sun.nio.cs.UTF_8$Decoder
  68:           291          20952  com.sun.org.apache.xerces.internal.dom.DeferredElementNSImpl
  69:           649          20768  java.util.Collections$UnmodifiableMap
  70:           862          20688  sun.security.util.DerInputStream
  71:           857          20568  [Lsun.security.x509.AVA;
  72:           857          20568  sun.security.x509.AVA
  73:           857          20568  sun.security.x509.RDN
  74:           609          19488  java.lang.ref.ReferenceQueue
  75:           303          19392  com.sun.org.apache.xerces.internal.dom.ElementNSImpl
  76:           159          19080  [Lorg.apache.lucene.index.MultiTermsEnum$TermsEnumWithSlice;
  77:           332          18592  org.apache.lucene.util.packed.PackedReaderIterator
  78:           288          18432  org.apache.lucene.store.ByteBufferIndexInput$SingleBufferImpl
  79:           208          18304  org.apache.lucene.codecs.blocktree.FieldReader
  80:           226          18080  java.lang.reflect.Constructor
  81:            74          17744  [Ljava.util.Hashtable$Entry;
  82:           352          16896  com.sun.org.apache.xerces.internal.dom.AttrNSImpl
  83:           341          16368  com.sun.org.apache.xerces.internal.dom.DeferredAttrNSImpl
  84:           251          16064  java.util.concurrent.ConcurrentHashMap
  85:          1000          16000  java.util.HashSet
  86:           383          15320  java.lang.ref.Finalizer
  87:           637          15288  java.util.concurrent.ConcurrentSkipListMap$Index
  88:           236          15104  org.apache.lucene.codecs.compressing.CompressingStoredFieldsReader
  89:           236          15104  org.eclipse.jetty.io.BufferCache$CachedBuffer
  90:           377          15080  org.eclipse.jetty.util.StringMap$Node
  91:           471          15072  sun.security.util.ObjectIdentifier
  92:           441          14112  java.lang.StackTraceElement
  93:           571          13704  com.sun.org.apache.xerces.internal.dom.AttributeMap
  94:           237          13272  java.lang.Package
  95:           236          13216  org.apache.lucene.codecs.compressing.CompressingStoredFieldsReader$BlockState
  96:           540          12960  java.util.concurrent.atomic.AtomicLong
  97:           533          12792  java.util.LinkedList$Node
  98:            98          11760  [Lorg.apache.lucene.index.MultiDocsEnum$EnumWithSlice;
  99:           130          11440  [Lorg.eclipse.jetty.util.StringMap$Node;
 100:           119          11424  java.util.jar.JarFile$JarFileEntry
 101:           232          11136  java.util.TreeMap
 102:           689          11024  org.apache.lucene.document.Document
 103:           341          10912  sun.misc.FDBigInteger
 104:           261          10440  org.eclipse.jetty.xml.XmlParser$Node
 105:            91          10216  [Lorg.tartarus.snowball.Among;
 106:           211          10128  sun.security.x509.X500Name
 107:           104           9984  org.apache.lucene.index.SegmentCommitInfo
 108:            39           9840  [Ljava.lang.ThreadLocal$ThreadLocalMap$Entry;
 109:           204           9792  java.nio.HeapCharBuffer
 110:           611           9776  java.lang.ref.ReferenceQueue$Lock
 111:           241           9640  org.apache.lucene.util.fst.BytesStore
 112:           298           9536  sun.security.x509.AlgorithmId
 113:           148           9472  org.apache.lucene.codecs.memory.MemoryPostingsFormat$FSTDocsEnum
 114:            25           9400  java.lang.Thread
 115:           292           9344  org.apache.lucene.util.Version
 116:           373           8952  org.apache.solr.common.SolrDocument
 117:           157           8792  sun.nio.cs.UTF_8$Encoder
 118:           209           8360  com.sun.org.apache.xerces.internal.dom.CommentImpl
 119:           209           8360  com.sun.org.apache.xerces.internal.dom.DeferredCommentImpl
 120:           332           7968  org.apache.lucene.util.LongsRef
 121:           124           7936  java.util.jar.JarFile
 122:            99           7920  sun.security.x509.X509CertImpl
 123:           211           7344  [Lsun.security.x509.RDN;
 124:           458           7328  java.util.concurrent.atomic.AtomicInteger
 125:           288           6912  [Ljava.nio.ByteBuffer;
 126:           117           6880  [Z
 127:            75           6600  java.lang.reflect.Method
 128:           164           6560  org.apache.log4j.Logger
 129:           134           6432  java.nio.HeapByteBuffer
 130:           200           6400  com.sun.org.apache.xerces.internal.xni.QName
 131:           133           6384  java.util.zip.Inflater
 132:           133           6384  org.apache.lucene.index.LeafReaderContext
 133:           133           6384  sun.misc.URLClassPath$JarLoader
 134:            53           6360  [Lorg.apache.lucene.index.MultiDocsAndPositionsEnum$EnumWithSlice;
 135:            53           6256  [Lorg.apache.lucene.index.MultiTermsEnum$TermsEnumIndex;
 136:           130           6240  org.apache.solr.parser.Token
 137:           384           6144  java.util.LinkedHashMap$LinkedEntrySet
 138:           256           6144  org.apache.solr.update.VersionBucket
 139:           180           5760  java.util.LinkedList
 140:            99           5544  sun.security.util.MemoryCache$SoftCacheEntry
 141:            99           5544  sun.security.x509.X509CertInfo
 142:           230           5520  org.apache.lucene.util.packed.Packed64SingleBlock$Packed64SingleBlock2
 143:            45           5400  [Lorg.apache.lucene.index.DocsEnum;
 144:           223           5352  java.security.Provider$ServiceKey
 145:            95           5320  java.security.Provider$Service
 146:           221           5304  org.apache.log4j.CategoryKey
 147:           212           5088  java.util.Date
 148:           211           5064  org.apache.lucene.index.IndexFileDeleter$RefCount
 149:           202           4848  java.util.Collections$SynchronizedSet
 150:           210           4696  [Ljava.lang.Class;
 151:           140           4480  java.util.zip.ZipCoder
 152:           276           4416  java.lang.ThreadLocal
 153:           275           4400  java.util.HashMap$EntrySet
 154:           273           4368  java.lang.Byte
 155:           181           4344  java.lang.Class$AnnotationData
 156:            90           4320  org.apache.solr.util.stats.EWMA
 157:           259           4184  [Lorg.eclipse.jetty.xml.XmlParser$Attribute;
 158:           172           4128  org.apache.lucene.codecs.compressing.CompressingStoredFieldsReader$SerializedDocument
 159:           172           4128  org.apache.solr.search.SolrIndexSearcher$SetNonLazyFieldSelector
 160:             1           4112  [Lcom.sun.org.apache.xpath.internal.objects.XObject;
 161:           256           4096  java.lang.Short
 162:            23           4064  [Ljava.lang.StackTraceElement;
 163:           250           4000  org.apache.solr.common.util.NamedList
 164:            26           3952  [Lorg.apache.lucene.util.packed.PackedInts$Decoder;
 165:            26           3952  [Lorg.apache.lucene.util.packed.PackedInts$Encoder;
 166:           162           3888  org.slf4j.impl.Log4jLoggerAdapter
 167:            97           3880  org.apache.solr.analysis.TokenizerChain
 168:            94           3760  sun.security.rsa.RSAPublicKeyImpl
 169:           227           3632  org.apache.lucene.util.BytesRefBuilder
 170:           150           3600  org.apache.lucene.index.BitsSlice
 171:            63           3528  java.lang.invoke.MemberName
 172:           110           3520  java.io.FileDescriptor
 173:            62           3472  java.beans.MethodDescriptor
 174:           108           3456  org.apache.solr.schema.StrFieldSource$1
 175:           107           3424  java.util.concurrent.locks.ReentrantLock$NonfairSync
 176:            61           3416  org.eclipse.jetty.io.ByteArrayBuffer$CaseInsensitive
 177:            53           3392  org.apache.lucene.index.MultiTermsEnum
 178:            56           3360  [Ljava.lang.ref.SoftReference;
 179:           140           3360  java.util.ArrayDeque
 180:           136           3264  org.eclipse.jetty.http.HttpFields$Field
 181:            45           3240  org.apache.solr.schema.TextField
 182:           133           3192  java.util.zip.ZStreamRef
 183:           132           3168  java.util.jar.Attributes$Name
 184:            78           3120  sun.misc.Cleaner
 185:            78           3120  sun.nio.ch.FileChannelImpl$Unmapper
 186:           127           3048  org.apache.lucene.util.CloseableThreadLocal
 187:            95           3040  java.util.Collections$SynchronizedMap
 188:            16           2944  org.eclipse.jetty.server.Request
 189:            52           2912  org.apache.lucene.index.SegmentInfo
 190:            10           2848  [Lcom.sun.org.apache.xerces.internal.xni.QName;
 191:            71           2840  org.apache.solr.schema.SchemaField
 192:           118           2832  java.beans.MethodRef
 193:            59           2832  org.opensextant.solrtexttagger.TagLL
 194:           173           2768  java.util.HashMap$KeySet
 195:            86           2752  sun.security.x509.BasicConstraintsExtension
 196:           114           2736  org.apache.lucene.util.CharsRef
 197:            83           2656  com.sun.org.apache.xerces.internal.util.SymbolTable$Entry
 198:            97           2648  [Lorg.apache.lucene.analysis.util.TokenFilterFactory;
 199:           108           2592  org.apache.lucene.uninverting.FieldCacheImpl$SortedDocValuesImpl$1
 200:           108           2592  org.apache.lucene.util.mutable.MutableValueStr
 201:           108           2592  sun.reflect.NativeConstructorAccessorImpl
 202:            54           2576  [D
 203:           161           2576  java.util.HashMap$Values
 204:            64           2560  org.apache.solr.core.PluginInfo
 205:            53           2544  org.eclipse.jetty.util.resource.FileResource
 206:            79           2528  java.io.File
 207:            79           2528  sun.security.x509.SubjectKeyIdentifierExtension
 208:            78           2496  java.lang.invoke.LambdaForm$Name
 209:            60           2400  java.security.ProtectionDomain
 210:            50           2400  java.util.Hashtable
 211:            50           2400  org.apache.lucene.analysis.util.CharArrayMap
 212:           149           2384  java.util.LinkedHashSet
 213:            99           2376  sun.security.util.BitArray
 214:            99           2376  sun.security.util.Cache$EqualByteArray
 215:            99           2376  sun.security.x509.CertificateValidity
 216:            74           2368  sun.security.x509.KeyUsageExtension
 217:            98           2352  org.eclipse.jetty.webapp.MetaData$OriginInfo
 218:            49           2352  org.opensextant.solrtexttagger.TermPrefixCursor
 219:             2           2256  [Lorg.eclipse.jetty.http.HttpStatus$Code;
 220:            20           2240  java.net.SocksSocketImpl
 221:            11           2200  [[Ljava.lang.Object;
 222:           137           2192  org.apache.solr.common.util.SimpleOrderedMap
 223:            18           2160  [Lorg.apache.lucene.queries.function.FunctionValues;
 224:            45           2160  org.apache.lucene.index.MultiDocsEnum
 225:            88           2112  org.apache.lucene.uninverting.FieldCacheImpl$CacheKey
 226:            87           2088  sun.security.x509.CertificateExtensions
 227:             1           2048  [Lorg.eclipse.jetty.http.HttpGenerator$Status;
 228:           128           2048  java.lang.Character
 229:           128           2048  java.util.WeakHashMap$KeySet
 230:            85           2040  java.util.Collections$SetFromMap
 231:            28           2016  java.beans.PropertyDescriptor
 232:            84           2016  java.security.Provider$UString
 233:            28           2016  org.apache.lucene.index.SegmentReader
 234:            83           1992  java.util.Collections$SingletonList
 235:            64           1952  [Ljava.security.cert.Certificate;
 236:            60           1920  java.security.CodeSource
 237:            80           1920  java.util.concurrent.ConcurrentLinkedQueue$Node
 238:            40           1920  org.apache.lucene.util.packed.BulkOperationPacked
 239:            78           1872  org.apache.lucene.util.WeakIdentityMap
 240:            13           1872  org.apache.solr.search.SolrQueryParser
 241:            18           1872  org.opensextant.solrtexttagger.TaggerRequestHandler$1
 242:            39           1872  sun.util.locale.LocaleObjectCache$CacheEntry
 243:            46           1840  sun.security.ec.NamedCurve
 244:            57           1824  org.apache.log4j.ProvisionNode
 245:           112           1792  org.apache.lucene.util.CharsRefBuilder
 246:            32           1792  org.eclipse.jetty.io.View$CaseInsensitive
 247:           112           1792  sun.security.x509.KeyIdentifier
 248:           110           1760  sun.reflect.DelegatingConstructorAccessorImpl
 249:           110           1760  sun.security.x509.SerialNumber
 250:            31           1736  org.eclipse.jetty.io.View
 251:            54           1728  java.util.Vector
 252:            24           1728  java.util.regex.Pattern
 253:            17           1712  [[I
 254:            53           1696  org.apache.lucene.index.FieldInfos
 255:           105           1680  java.lang.Float
 256:            21           1680  java.net.URI
 257:           105           1680  java.util.jar.Attributes
 258:            30           1680  org.apache.solr.util.stats.ExponentiallyDecayingSample
 259:            30           1680  org.apache.solr.util.stats.Meter
 260:            16           1664  org.eclipse.jetty.server.BlockingHttpConnection
 261:            41           1640  java.io.ObjectStreamField
 262:            41           1640  java.lang.invoke.MethodType
 263:            40           1600  org.apache.lucene.analysis.core.StopFilterFactory
 264:            99           1584  sun.security.x509.CertificateAlgorithmId
 265:            99           1584  sun.security.x509.CertificateSerialNumber
 266:            99           1584  sun.security.x509.CertificateVersion
 267:            99           1584  sun.security.x509.CertificateX509Key
 268:            28           1568  java.lang.invoke.MethodTypeForm
 269:            65           1560  java.util.concurrent.CopyOnWriteArrayList
 270:            14           1544  [[Ljava.lang.String;
 271:            16           1536  org.eclipse.jetty.http.HttpParser
 272:            27           1512  org.apache.solr.servlet.SolrRequestParsers$1
 273:            94           1504  java.util.concurrent.locks.ReentrantLock
 274:            47           1504  org.eclipse.jetty.http.HttpStatus$Code
 275:             3           1480  [Ljava.lang.Integer;
 276:            46           1472  java.security.spec.EllipticCurve
 277:            61           1464  java.lang.StringBuilder
 278:            26           1456  org.apache.lucene.index.SegmentCoreReaders
 279:            45           1440  java.io.FilePermission
 280:            45           1440  java.security.Permissions
 281:            30           1440  java.util.concurrent.ConcurrentSkipListMap
 282:            30           1440  java.util.concurrent.locks.ReentrantReadWriteLock$NonfairSync
 283:            60           1440  org.apache.lucene.util.IntsRef
 284:             2           1424  [Lcom.sun.org.apache.xerces.internal.util.SymbolTable$Entry;
 285:            16           1408  org.eclipse.jetty.http.HttpGenerator
 286:            35           1400  org.apache.solr.search.DocSlice
 287:            15           1376  [Ljava.lang.Byte;
 288:             1           1376  [Lsun.misc.FDBigInteger;
 289:            43           1376  java.lang.invoke.MethodType$ConcurrentWeakInternSet$WeakEntry
 290:            34           1360  sun.security.x509.AuthorityKeyIdentifierExtension
 291:            24           1344  java.util.ResourceBundle$CacheKey
 292:             9           1296  [Ljava.lang.invoke.MethodHandle;
 293:             9           1296  java.text.DecimalFormat
 294:            27           1296  org.apache.solr.response.SolrQueryResponse
 295:            40           1280  java.util.regex.Pattern$Curly
 296:            40           1280  org.apache.lucene.search.TermQuery
 297:            16           1280  sun.net.www.protocol.jar.URLJarFile
 298:            53           1272  org.apache.lucene.index.MultiTermsEnum$TermMergeQueue
 299:            39           1248  java.util.concurrent.ConcurrentSkipListMap$HeadIndex
 300:            39           1248  org.apache.lucene.analysis.standard.StandardTokenizerFactory
 301:            26           1248  org.apache.lucene.codecs.blocktree.BlockTreeTermsReader
 302:            26           1248  org.apache.lucene.codecs.memory.MemoryPostingsFormat$TermsReader
 303:            26           1248  org.apache.lucene.index.ReadersAndUpdates
 304:            26           1248  org.apache.lucene.uninverting.UninvertingReader
 305:            31           1240  java.security.AccessControlContext
 306:            51           1224  java.security.spec.ECPoint
 307:            17           1224  org.apache.log4j.spi.LoggingEvent
 308:            30           1200  org.apache.solr.util.stats.Histogram
 309:            38           1184  [Ljava.math.BigInteger;
 310:            37           1184  org.apache.solr.servlet.SolrRequestParsers$HttpRequestContentStream
 311:            49           1176  com.sun.org.apache.xerces.internal.util.XMLStringBuffer
 312:            24           1152  java.util.ResourceBundle$BundleReference
 313:            16           1152  org.apache.lucene.analysis.standard.StandardTokenizerImpl
 314:            16           1152  org.eclipse.jetty.http.HttpURI
 315:            28           1120  org.apache.solr.search.SolrReturnFields
 316:            46           1104  org.eclipse.jetty.http.HttpGenerator$Status
 317:            17           1088  java.text.DateFormatSymbols
 318:            45           1080  java.io.FilePermissionCollection
 319:            27           1080  org.apache.solr.request.SolrRequestInfo
 320:            44           1056  com.sun.org.apache.xerces.internal.xni.XMLString
 321:            66           1056  org.eclipse.jetty.util.log.JettyAwareLogger
 322:            66           1056  org.eclipse.jetty.util.log.Slf4jLog
 323:             1           1040  [Lcom.sun.org.apache.xerces.internal.impl.dtd.models.ContentModelValidator;
 324:             1           1040  [Lcom.sun.org.apache.xerces.internal.impl.dv.DatatypeValidator;
 325:             1           1040  [Ljava.lang.Long;
 326:             1           1040  [Ljava.lang.Short;
 327:             1           1040  [Lorg.apache.solr.update.VersionBucket;
 328:             1           1040  [Lsun.text.normalizer.UnicodeSet;
 329:            26           1040  java.io.StringReader
 330:            26           1040  java.util.HashMap$KeyIterator
 331:            26           1040  org.apache.lucene.codecs.compressing.CompressingStoredFieldsIndexReader
 332:            26           1040  org.apache.lucene.index.ExitableDirectoryReader$ExitableFilterAtomicReader
 333:            26           1040  org.apache.solr.parser.FastCharStream
 334:            32           1024  java.util.Random
 335:            16           1024  org.apache.lucene.analysis.standard.StandardTokenizer
 336:            16           1024  org.eclipse.jetty.server.AsyncContinuation
 337:             8           1024  org.eclipse.jetty.servlet.ServletHolder
 338:            21           1008  java.lang.invoke.LambdaForm
 339:            21           1008  sun.nio.cs.StreamDecoder
 340:            25           1000  org.apache.solr.schema.FieldType$DefaultAnalyzer
 341:            41            984  org.apache.lucene.index.Term
 342:            60            960  [Ljava.security.Principal;
 343:            20            960  com.sun.org.apache.xerces.internal.util.XMLAttributesImpl$Attribute
 344:            60            960  java.security.ProtectionDomain$Key
 345:            30            960  java.security.Provider$EngineDescription
 346:            24            960  java.util.IdentityHashMap
 347:            30            960  org.apache.solr.util.stats.Timer
 348:            39            936  java.lang.ThreadLocal$ThreadLocalMap
 349:            39            936  java.util.Currency
 350:            39            936  org.apache.lucene.analysis.core.LowerCaseFilterFactory
 351:            39            936  org.apache.lucene.search.BooleanClause
 352:            57            912  java.util.Collections$UnmodifiableCollection
 353:            38            912  java.util.regex.Pattern$5
 354:            26            896  [Ljava.lang.invoke.LambdaForm$Name;
 355:            28            896  org.apache.lucene.index.CodecReader$1
 356:            28            896  org.apache.lucene.index.CodecReader$2
 357:            28            896  org.apache.lucene.index.CodecReader$3
 358:            16            896  org.eclipse.jetty.server.Response
 359:            16            896  org.eclipse.jetty.server.bio.SocketConnector$ConnectorEndPoint
 360:            37            888  java.lang.invoke.LambdaForm$NamedFunction
 361:            37            888  java.net.InetAddress$InetAddressHolder
 362:            37            888  org.apache.solr.common.params.DefaultSolrParams
 363:             7            880  [Ljava.beans.MethodDescriptor;
 364:            55            880  java.util.TreeMap$Values
 365:            53            864  [Lorg.apache.lucene.analysis.util.CharFilterFactory;
 366:            18            864  java.util.Properties
 367:            21            840  com.sun.org.apache.xerces.internal.impl.dtd.XMLSimpleType
 368:            35            840  java.net.Inet4Address
 369:            15            840  org.apache.lucene.analysis.miscellaneous.ASCIIFoldingFilter
 370:            26            832  java.io.IOException
 371:            26            832  java.util.ArrayList$ListItr
 372:            26            832  org.apache.lucene.codecs.lucene50.ForUtil
 373:            26            832  org.apache.lucene.codecs.lucene50.Lucene50PostingsReader
 374:            26            832  org.apache.lucene.index.SegmentCoreReaders$1
 375:            26            832  org.apache.lucene.index.SegmentCoreReaders$2
 376:            26            832  org.apache.solr.parser.QueryParser$JJCalls
 377:            34            816  java.util.regex.Pattern$GroupHead
 378:            34            816  java.util.regex.Pattern$GroupTail
 379:            17            816  org.apache.lucene.analysis.tokenattributes.PackedTokenAttributeImpl
 380:            51            816  org.apache.lucene.analysis.util.CharArraySet
 381:            32            768  java.net.InetSocketAddress$InetSocketAddressHolder
 382:            16            768  java.net.SocketInputStream
 383:            16            768  java.net.SocketOutputStream
 384:            24            768  java.util.ResourceBundle$LoaderReference
 385:            32            768  org.apache.lucene.util.AttributeSource$State
 386:            16            768  org.apache.solr.common.util.JavaBinCodec
 387:            32            768  org.apache.solr.schema.IndexSchema$DynamicField
 388:            32            768  org.eclipse.jetty.http.HttpFields
 389:            16            768  org.eclipse.jetty.util.StringMap
 390:            24            768  sun.security.x509.OIDMap$OIDInfo
 391:            19            760  sun.util.locale.BaseLocale$Key
 392:            31            744  java.lang.StringBuffer
 393:            31            744  java.util.concurrent.locks.ReentrantReadWriteLock
 394:            31            744  org.apache.solr.core.ConfigSolr$CfgProp
 395:            13            728  org.apache.solr.parser.QueryParserTokenManager
 396:            13            728  org.apache.solr.search.LuceneQParser
 397:            15            720  java.lang.management.PlatformComponent
 398:            15            720  org.eclipse.jetty.server.AbstractHttpConnection$Output
 399:            18            720  org.opensextant.solrtexttagger.ValueSourceAccessor
 400:             2            704  com.sun.org.apache.xerces.internal.impl.XMLNSDocumentScannerImpl
 401:            22            704  com.sun.org.apache.xerces.internal.util.AugmentationsImpl$SmallContainer
 402:            12            672  com.sun.org.apache.xerces.internal.dom.DeferredElementImpl
 403:             6            672  java.util.GregorianCalendar
 404:            28            672  java.util.regex.Pattern$Ctype
 405:            14            672  org.apache.lucene.util.packed.MonotonicLongValues
 406:            21            672  org.apache.solr.common.util.FastOutputStream
 407:            21            672  sun.security.x509.URIName
 408:            27            648  java.util.Collections$UnmodifiableRandomAccessList
 409:            27            648  org.apache.solr.schema.IndexSchema$DynamicReplacement$DynamicPattern$NameEndsWith
 410:             8            640  com.google.common.cache.LocalCache$Segment
 411:            20            640  java.util.RegularEnumSet
 412:            20            640  org.apache.solr.util.stats.TimerContext
 413:            18            632  [Ljava.security.ProtectionDomain;
 414:             3            624  [Ljava.lang.invoke.LambdaForm;
 415:            26            624  java.security.spec.ECFieldF2m
 416:            39            624  java.util.regex.Pattern$CharPropertyNames$1
 417:            26            624  org.apache.lucene.codecs.memory.MemoryPostingsFormat$1
 418:            26            624  org.apache.lucene.codecs.perfield.PerFieldPostingsFormat$FieldsReader
 419:            26            624  org.apache.lucene.index.ExitableDirectoryReader$ExitableFields
 420:            26            624  org.apache.lucene.index.ExitableDirectoryReader$ExitableTerms
 421:            26            624  org.apache.lucene.index.ReaderSlice
 422:            19            608  java.util.Locale
 423:            38            608  org.apache.solr.common.params.MultiMapSolrParams
 424:            19            608  sun.util.locale.BaseLocale
 425:            15            600  org.apache.lucene.analysis.en.EnglishPossessiveFilter
 426:            37            592  sun.security.x509.GeneralName
 427:            18            576  java.net.Socket
 428:             9            576  java.text.DecimalFormatSymbols
 429:            24            576  java.util.regex.Pattern$Start
 430:            18            576  org.apache.lucene.search.BooleanQuery
 431:            18            576  org.eclipse.jetty.http.PathMap$Entry
 432:             8            576  sun.reflect.DelegatingClassLoader
 433:            18            576  sun.security.x509.DistributionPoint
 434:             6            576  sun.util.calendar.Gregorian$Date
 435:            14            560  org.apache.lucene.util.PagedBytes$Reader
 436:            10            560  sun.invoke.util.Wrapper
 437:            10            560  sun.util.calendar.ZoneInfo
 438:            17            544  com.sun.org.apache.xerces.internal.impl.dtd.XMLElementDecl
 439:            17            544  java.util.regex.Pattern$Branch
 440:            17            544  sun.security.x509.CRLDistributionPointsExtension
 441:             1            528  [Ljava.lang.Character;
 442:             1            528  [Ljava.util.TimerTask;
 443:            22            528  java.io.ByteArrayOutputStream
 444:            22            528  java.util.regex.Pattern$1
 445:            22            528  java.util.regex.Pattern$Slice
 446:            33            528  sun.security.x509.GeneralNames
 447:            13            520  org.apache.lucene.analysis.snowball.SnowballPorterFilterFactory
 448:            32            512  java.net.InetSocketAddress
 449:            32            512  org.apache.solr.common.params.MapSolrParams
 450:            16            512  org.apache.solr.response.BinaryResponseWriter$Resolver
 451:            16            512  org.eclipse.jetty.util.Utf8StringBuilder
 452:            21            504  java.io.InputStreamReader
 453:            21            504  org.apache.lucene.util.FixedBitSet
 454:            21            504  org.eclipse.jetty.webapp.ClasspathPattern$Entry
 455:            21            504  sun.security.x509.AVAKeyword
 456:            31            496  java.util.concurrent.locks.ReentrantReadWriteLock$ReadLock
 457:            31            496  java.util.concurrent.locks.ReentrantReadWriteLock$Sync$ThreadLocalHoldCounter
 458:            31            496  java.util.concurrent.locks.ReentrantReadWriteLock$WriteLock
 459:             4            480  com.ctc.wstx.api.ReaderConfig
 460:            15            480  java.lang.StringCoding$StringEncoder
 461:            15            480  java.lang.invoke.DirectMethodHandle
 462:            30            480  java.util.concurrent.atomic.AtomicReference
 463:            20            480  java.util.regex.Pattern$Single
 464:            15            480  org.eclipse.jetty.server.CookieCutter
 465:            20            480  org.noggit.CharArr
 466:            10            480  sun.util.locale.provider.LocaleResources$ResourceReference
 467:            17            464  [Ljava.util.regex.Pattern$Node;
 468:            16            456  [Ljava.io.ObjectStreamField;
 469:             4            456  [Ljava.lang.ClassValue$Entry;
 470:            19            456  java.util.Locale$LocaleKey
 471:            28            448  [Ljavax.servlet.http.Cookie;
 472:            14            448  com.sun.org.apache.xml.internal.dtm.ref.ExtendedType
 473:            14            448  org.apache.lucene.uninverting.FieldCacheImpl$SortedDocValuesImpl
 474:            14            448  org.apache.lucene.util.packed.BulkOperationPackedSingleBlock
 475:            11            440  com.sun.org.apache.xerces.internal.dom.DeferredAttrImpl
 476:            18            432  [Lorg.opensextant.solrtexttagger.TagLL;
 477:             1            432  [[[C
 478:            18            432  com.google.common.collect.RegularImmutableMap$TerminalEntry
 479:            18            432  java.text.DateFormat$Field
 480:             6            432  java.util.concurrent.ThreadPoolExecutor
 481:            18            432  java.util.concurrent.locks.AbstractQueuedSynchronizer$ConditionObject
 482:            18            432  org.apache.solr.core.SolrConfig$SolrPluginInfo
 483:             2            416  [Lorg.apache.lucene.util.packed.BulkOperation;
 484:            26            416  org.apache.lucene.index.SegmentDocValues
 485:            13            416  org.apache.solr.parser.QueryParser$LookaheadSuccess
 486:            17            408  [Lorg.apache.lucene.util.AttributeSource$State;
 487:            17            408  org.apache.lucene.analysis.Analyzer$TokenStreamComponents
 488:             2            400  com.sun.org.apache.xerces.internal.dom.DeferredDocumentImpl
 489:             2            400  com.sun.org.apache.xerces.internal.impl.XMLDTDScannerImpl
 490:            25            400  java.util.Collections$UnmodifiableSet
 491:             1            392  org.apache.solr.core.CloserThread
 492:             1            392  org.eclipse.jetty.server.ShutdownMonitor
 493:             2            384  com.sun.org.apache.xerces.internal.parsers.XIncludeAwareParserConfiguration
 494:             1            384  java.lang.ref.Finalizer$FinalizerThread
 495:             6            384  java.nio.DirectByteBuffer
 496:            12            384  java.security.cert.PolicyQualifierInfo
 497:            12            384  java.util.Stack
 498:             1            384  java.util.TimerThread
 499:             1            384  java.util.logging.LogManager$Cleaner
 500:             8            384  java.util.logging.LogManager$LoggerWeakRef
 501:            12            384  org.apache.log4j.spi.LocationInfo
 502:             1            384  org.eclipse.jetty.util.thread.ShutdownThread
 503:             1            376  java.lang.ref.Reference$ReferenceHandler
 504:             7            360  [Ljava.beans.PropertyDescriptor;
 505:             9            360  java.text.DigitList
 506:            15            360  org.apache.solr.search.QueryParsing$StrParser
 507:            15            360  org.eclipse.jetty.server.HttpInput
 508:            15            360  sun.misc.MetaIndex
 509:             2            352  com.sun.org.apache.xerces.internal.impl.dtd.XMLNSDTDValidator
 510:            22            352  com.sun.org.apache.xerces.internal.util.AugmentationsImpl
 511:            11            352  java.lang.Throwable
 512:             7            336  java.beans.BeanDescriptor
 513:             6            336  java.nio.DirectLongBufferU
 514:            14            336  java.util.concurrent.ConcurrentLinkedQueue
 515:            14            336  java.util.regex.Pattern$BitClass
 516:             6            336  org.apache.lucene.util.BytesRefHash
 517:            14            336  org.apache.solr.schema.CopyField
 518:             7            336  sun.misc.URLClassPath
 519:            21            336  sun.security.x509.DNSName
 520:            16            328  [Ljava.lang.management.PlatformComponent;
 521:            10            320  java.lang.OutOfMemoryError
 522:            20            320  java.security.spec.ECFieldFp
 523:            20            320  java.util.LinkedHashMap$LinkedValues
 524:            10            320  java.util.logging.LogManager$LogNode
 525:             4            320  org.apache.solr.schema.TrieDateField
 526:            10            320  sun.security.x509.CertificatePoliciesExtension
 527:            13            312  [Lorg.apache.solr.parser.QueryParser$JJCalls;
 528:            13            312  org.apache.log4j.Level
 529:            19            304  org.eclipse.jetty.util.AttributesMap
 530:             6            296  [Lcom.google.common.collect.RegularImmutableMap$LinkedEntry;
 531:             4            296  [Lsun.invoke.util.Wrapper;
 532:             1            296  org.eclipse.jetty.webapp.WebAppContext
 533:             7            288  [[S
 534:            12            288  java.lang.invoke.SimpleMethodHandle
 535:             9            288  java.util.logging.Level
 536:            18            288  java.util.regex.Pattern$CharPropertyNames$4
 537:             9            288  jdk.internal.org.objectweb.asm.Type
 538:             4            288  org.apache.solr.handler.UpdateRequestHandler
 539:             4            288  org.apache.solr.handler.component.SearchHandler
 540:            18            288  org.apache.solr.schema.StrFieldSource
 541:            12            288  org.apache.solr.search.DocSlice$1
 542:            12            288  org.eclipse.jetty.security.RoleInfo
 543:             9            288  sun.security.jca.ProviderConfig
 544:             9            288  sun.security.x509.NetscapeCertTypeExtension
 545:             7            280  com.sun.org.apache.xalan.internal.utils.XMLSecurityManager$Limit
 546:             7            280  com.sun.org.apache.xerces.internal.utils.XMLSecurityManager$Limit
 547:             7            280  java.beans.GenericBeanInfo
 548:             5            280  org.apache.lucene.analysis.synonym.SynonymFilterFactory
 549:             1            272  [Lcom.ctc.wstx.util.SymbolTable$Bucket;
 550:             2            272  com.sun.org.apache.xerces.internal.dom.DocumentImpl
 551:             1            272  com.sun.org.apache.xerces.internal.impl.dtd.DTDGrammar
 552:            17            272  java.util.regex.Pattern$BranchConn
 553:             3            264  java.util.jar.JarVerifier
 554:            11            264  org.apache.lucene.uninverting.UninvertingReader$Type
 555:            11            264  org.apache.lucene.util.packed.Direct16
 556:            11            264  org.apache.solr.servlet.SolrRequestParsers$2
 557:            11            264  sun.security.x509.Extension
 558:             3            256  [Lorg.apache.lucene.index.ReaderSlice;
 559:             2            256  com.google.common.cache.LocalCache
 560:             2            256  com.sun.org.apache.xerces.internal.impl.XMLEntityManager
 561:             4            256  java.text.SimpleDateFormat
 562:             8            256  org.apache.lucene.index.DocumentsWriterPerThreadPool$ThreadState
 563:            16            256  org.eclipse.jetty.server.AbstractHttpConnection$RequestHandler
 564:            16            256  sun.reflect.DelegatingMethodAccessorImpl
 565:             8            256  sun.security.x509.ExtendedKeyUsageExtension
 566:             8            248  [Ljava.lang.Boolean;
 567:             2            240  [Lorg.apache.lucene.index.IndexReaderContext;
 568:             2            240  [Lorg.apache.lucene.index.LeafReader;
 569:             2            240  com.sun.org.apache.xerces.internal.jaxp.SAXParserImpl$JAXPSAXParser
 570:            10            240  com.sun.xml.internal.stream.Entity$InternalEntity
 571:            10            240  java.nio.file.StandardOpenOption
 572:            10            240  java.security.CryptoPrimitive
 573:            10            240  java.util.Arrays$ArrayList
 574:             5            240  org.apache.lucene.analysis.miscellaneous.KeywordMarkerFilterFactory
 575:             6            240  org.apache.lucene.util.ByteBlockPool
 576:            10            240  org.apache.solr.common.util.NamedList$1
 577:            10            240  org.apache.solr.response.ResultContext
 578:            15            240  org.apache.solr.response.transform.DocTransformers
 579:             3            240  org.apache.solr.schema.TrieDoubleField
 580:             3            240  org.apache.solr.schema.TrieLongField
 581:             3            240  org.apache.solr.search.LRUCache
 582:             3            240  org.eclipse.jetty.http.PathMap
 583:            15            240  org.opensextant.solrtexttagger.TaggingAttributeImpl
 584:            10            240  sun.reflect.NativeMethodAccessorImpl
 585:            10            240  sun.security.x509.PolicyInformation
 586:             7            224  java.io.FileInputStream
 587:             7            224  java.lang.ClassValue$Entry
 588:             7            224  org.apache.solr.core.RequestHandlers$LazyRequestHandlerWrapper
 589:            14            224  sun.security.x509.CertificatePolicyId
 590:             9            216  java.util.logging.Level$KnownLevel
 591:             3            216  java.util.logging.Logger
 592:             9            216  org.apache.lucene.util.packed.Packed8ThreeBlocks
 593:             9            216  org.eclipse.jetty.servlet.ServletMapping
 594:             9            216  sun.util.logging.PlatformLogger$Level
 595:            13            208  java.util.concurrent.CopyOnWriteArraySet
 596:             1            208  org.apache.solr.update.SolrIndexWriter
 597:             2            208  sun.net.www.protocol.file.FileURLConnection
 598:             3            200  [Ljava.lang.Thread;
 599:             2            200  [Ljava.text.DateFormat$Field;
 600:             5            200  com.sun.org.apache.xerces.internal.impl.dtd.XMLEntityDecl
 601:             5            200  java.lang.ClassLoader$NativeLibrary
 602:             1            200  org.apache.solr.core.SolrCore
 603:             5            200  org.apache.solr.search.CacheConfig
 604:            12            192  com.sun.org.apache.xerces.internal.dom.DeferredDocumentImpl$RefCount
 605:             2            192  com.sun.org.apache.xerces.internal.impl.dtd.XMLDTDProcessor
 606:             6            192  com.sun.org.apache.xerces.internal.util.XMLResourceIdentifierImpl
 607:             3            192  java.lang.ClassValue$ClassValueMap
 608:             6            192  java.lang.invoke.LambdaForm$BasicType
 609:             8            192  java.lang.invoke.MethodHandleImpl$Intrinsic
 610:             8            192  java.math.RoundingMode
 611:             2            192  org.apache.http.impl.client.SystemDefaultHttpClient
 612:             3            192  org.apache.solr.schema.StrField
 613:             3            192  org.apache.solr.search.LRUCache$1
 614:             8            192  org.eclipse.jetty.deploy.graph.Edge
 615:             8            192  org.eclipse.jetty.servlet.ServletHolder$Config
 616:             3            192  sun.security.provider.NativePRNG$RandomIO
 617:             2            192  sun.security.provider.Sun
 618:             6            192  sun.security.util.MemoryCache
 619:             1            184  org.eclipse.jetty.server.bio.SocketConnector
 620:             1            184  org.eclipse.jetty.server.session.HashSessionManager
 621:             2            176  java.net.FactoryURLClassLoader
 622:            11            176  java.text.NumberFormat$Field
 623:             8            168  [Ljava.security.CodeSigner;
 624:             1            168  [[Ljava.math.BigInteger;
 625:             7            168  com.sun.management.VMOption$Origin
 626:             7            168  com.sun.org.apache.xerces.internal.util.FeatureState
 627:             7            168  org.apache.commons.logging.impl.SLF4JLocationAwareLog
 628:             3            168  org.apache.lucene.index.SegmentInfos
 629:             7            168  org.apache.solr.util.DefaultSolrThreadFactory
 630:             7            168  org.eclipse.jetty.webapp.Origin
 631:             7            168  org.eclipse.jetty.xml.XmlParser$Attribute
 632:             7            168  sun.reflect.generics.tree.SimpleClassTypeSignature
 633:             7            168  sun.security.x509.NetscapeCertTypeExtension$MapEntry
 634:             5            160  [Ljava.lang.invoke.LambdaForm$BasicType;
 635:             2            160  [Ljava.util.concurrent.RunnableScheduledFuture;
 636:             5            160  com.google.common.collect.RegularImmutableList
 637:             4            160  com.sun.org.apache.xerces.internal.dom.DeferredCDATASectionImpl
 638:             5            160  com.sun.org.apache.xpath.internal.objects.XNumber
 639:             5            160  java.security.AlgorithmParameters
 640:            10            160  java.util.Formatter$Flags
 641:             2            160  java.util.concurrent.ScheduledThreadPoolExecutor
 642:             4            160  org.apache.lucene.analysis.util.ElisionFilterFactory
 643:             2            160  org.apache.solr.schema.TrieFloatField
 644:             2            160  org.apache.solr.schema.TrieIntField
 645:             5            160  org.apache.solr.search.SolrCacheBase$AutoWarmCountRef
 646:             4            160  org.apache.solr.util.ConcurrentLRUCache$Stats
 647:             4            160  org.apache.solr.util.DistanceUnits
 648:             4            160  sun.security.ec.ECPublicKeyImpl
 649:             5            160  sun.util.locale.provider.LocaleProviderAdapter$Type
 650:             1            152  org.apache.solr.core.SolrConfig
 651:             1            152  org.apache.solr.search.SolrIndexSearcher
 652:             4            144  [Lcom.sun.org.apache.xerces.internal.util.XMLAttributesImpl$Attribute;
 653:             3            144  [Ljava.util.Map;
 654:             1            144  [Ljava.util.Queue;
 655:             1            144  [Ljava.util.concurrent.ConcurrentMap;
 656:             1            144  [Lorg.apache.solr.core.ConfigSolr$CfgProp;
 657:             3            144  com.spatial4j.core.shape.impl.RectangleImpl
 658:             6            144  com.sun.org.apache.xerces.internal.util.Status
 659:             6            144  com.sun.org.apache.xml.internal.utils.NSInfo
 660:             2            144  java.lang.reflect.Field
 661:             6            144  java.util.Collections$SynchronizedRandomAccessList
 662:             3            144  java.util.concurrent.LinkedBlockingQueue
 663:             6            144  java.util.regex.Pattern$CharPropertyNames$2
 664:             2            144  org.apache.http.impl.conn.HttpConnPool
 665:             3            144  org.apache.lucene.analysis.miscellaneous.WordDelimiterFilterFactory
 666:             3            144  org.apache.lucene.analysis.synonym.SynonymFilter$PendingOutputs
 667:             6            144  org.apache.lucene.analysis.synonym.SynonymMap
 668:             6            144  org.apache.lucene.index.DocValuesType
 669:             6            144  org.apache.lucene.util.BytesRefHash$DirectBytesStartArray
 670:             6            144  org.apache.lucene.util.Counter$SerialCounter
 671:             2            144  org.apache.solr.handler.admin.SystemInfoHandler
 672:             1            144  org.apache.solr.update.UpdateLog
 673:             1            144  org.eclipse.jetty.servlet.ServletHandler
 674:             6            144  org.eclipse.jetty.util.component.AggregateLifeCycle$Bean
 675:             6            144  sun.misc.PerfCounter
 676:             3            144  sun.nio.cs.StreamEncoder
 677:             6            144  sun.security.ssl.ProtocolVersion
 678:             6            144  sun.security.util.DisabledAlgorithmConstraints$KeySizeConstraint$Operator
 679:             3            136  [Lcom.sun.org.apache.xerces.internal.utils.XMLSecurityManager$State;
 680:             2            136  [Lorg.apache.lucene.index.Fields;
 681:             2            136  [Lorg.apache.lucene.index.Terms;
 682:             1            136  [Lorg.apache.solr.schema.IndexSchema$DynamicField;
 683:             1            136  org.apache.lucene.index.DocumentsWriterFlushControl
 684:             4            128  [Lcom.sun.org.apache.xerces.internal.impl.XMLEntityManager$CharacterBuffer;
 685:             4            128  com.ctc.wstx.stax.WstxInputFactory
 686:             4            128  com.sun.org.apache.xerces.internal.jaxp.SAXParserFactoryImpl
 687:             2            128  java.io.ExpiringCache$1
 688:             2            128  java.security.SecureRandom
 689:             8            128  java.util.concurrent.atomic.AtomicReferenceArray
 690:             8            128  java.util.regex.Pattern$CharPropertyNames$3
 691:             4            128  org.apache.http.conn.scheme.Scheme
 692:             4            128  org.apache.log4j.helpers.PatternParser$LiteralPatternConverter
 693:             4            128  org.apache.lucene.store.IOContext
 694:             2            128  org.apache.solr.handler.admin.LoggingHandler
 695:             2            128  org.apache.solr.handler.admin.PropertiesRequestHandler
 696:             2            128  org.apache.solr.handler.admin.ThreadDumpHandler
 697:             1            128  org.eclipse.jetty.util.BlockingArrayQueue
 698:             2            128  sun.nio.ch.FileChannelImpl
 699:             4            128  sun.nio.fs.UnixPath
 700:             3            120  [Ljava.lang.invoke.BoundMethodHandle$SpeciesData;
 701:             4            120  [Ljava.lang.invoke.LambdaForm$NamedFunction;
 702:             1            120  [Lorg.apache.lucene.index.SegmentReader;
 703:             1            120  [Lorg.apache.lucene.util.Bits;
 704:             3            120  com.google.common.collect.RegularImmutableMap
 705:             5            120  com.sun.org.apache.xalan.internal.utils.FeaturePropertyBase$State
 706:             5            120  com.sun.org.apache.xalan.internal.utils.XMLSecurityManager$State
 707:             3            120  com.sun.org.apache.xerces.internal.impl.dtd.XMLDTDDescription
 708:             5            120  com.sun.org.apache.xerces.internal.util.PropertyState
 709:             3            120  com.sun.org.apache.xerces.internal.utils.XMLLimitAnalyzer
 710:             5            120  com.sun.org.apache.xerces.internal.utils.XMLSecurityManager$State
 711:             5            120  com.sun.org.apache.xerces.internal.utils.XMLSecurityPropertyManager$State
 712:             5            120  java.util.regex.Pattern$Category
 713:             3            120  javax.net.ssl.SSLParameters
 714:             5            120  javax.servlet.DispatcherType
 715:             5            120  javax.xml.namespace.QName
 716:             5            120  org.apache.lucene.analysis.core.KeywordTokenizerFactory
 717:             5            120  org.apache.lucene.analysis.core.WhitespaceTokenizerFactory
 718:             1            120  org.apache.lucene.analysis.synonym.SynonymFilter
 719:             5            120  org.apache.lucene.index.IndexOptions
 720:             1            120  org.apache.solr.handler.ReplicationHandler
 721:             5            120  org.apache.solr.schema.TrieField$TrieTypes
 722:             5            120  sun.misc.FloatingDecimal$PreparedASCIIToBinaryBuffer
 723:             5            120  sun.security.jca.ServiceId
 724:             5            120  sun.security.provider.certpath.X509CertPath
 725:             2            112  [Ljava.nio.file.StandardOpenOption;
 726:             2            112  [Ljava.security.CryptoPrimitive;
 727:             7            112  [Lsun.reflect.generics.tree.TypeArgument;
 728:             2            112  com.sun.org.apache.xerces.internal.impl.XMLEntityScanner
 729:             2            112  com.sun.org.apache.xerces.internal.jaxp.SAXParserImpl
 730:             7            112  java.util.TreeMap$KeySet
 731:             7            112  org.apache.lucene.codecs.lucene40.Lucene40CompoundFormat
 732:             7            112  org.apache.lucene.codecs.lucene40.Lucene40LiveDocsFormat
 733:             1            112  org.apache.solr.schema.IndexSchema
 734:             2            112  org.apache.solr.search.FastLRUCache
 735:             2            112  org.apache.solr.update.CommitTracker
 736:             1            112  org.apache.solr.update.DirectUpdateHandler2
 737:             2            112  org.apache.solr.util.ConcurrentLRUCache
 738:             7            112  org.eclipse.jetty.deploy.graph.Node
 739:             2            112  org.eclipse.jetty.io.PooledBuffers
 740:             1            112  org.eclipse.jetty.security.ConstraintSecurityHandler
 741:             7            112  sun.reflect.generics.tree.ClassTypeSignature
 742:             1            104  org.apache.lucene.index.IndexWriterConfig
 743:             1            104  org.apache.solr.schema.BBoxField
 744:             1            104  org.apache.solr.schema.SpatialRecursivePrefixTreeFieldType
 745:             1            104  org.eclipse.jetty.util.thread.QueuedThreadPool
 746:             1            104  org.eclipse.jetty.webapp.WebAppClassLoader
 747:             2             96  [Lcom.google.common.cache.LocalCache$EntryFactory;
 748:             1             96  [Ljava.lang.invoke.MethodType;
 749:             2             96  [Lorg.apache.lucene.index.DocumentsWriterPerThreadPool$ThreadState;
 750:             3             96  com.spatial4j.core.context.SpatialContext
 751:             1             96  com.sun.net.ssl.internal.ssl.Provider
 752:             3             96  com.sun.org.apache.xalan.internal.utils.XMLSecurityManager$NameMap
 753:             3             96  com.sun.org.apache.xerces.internal.dom.NodeListCache
 754:             2             96  com.sun.org.apache.xerces.internal.impl.XMLDocumentFragmentScannerImpl$ElementStack
 755:             2             96  com.sun.org.apache.xerces.internal.util.XMLAttributesIteratorImpl
 756:             3             96  com.sun.org.apache.xerces.internal.utils.XMLSecurityManager$NameMap
 757:             3             96  java.io.FileOutputStream
 758:             4             96  java.lang.RuntimePermission
 759:             2             96  java.lang.ThreadGroup
 760:             4             96  java.text.EntryPair
 761:             4             96  java.text.Normalizer$Form
 762:             6             96  java.util.TreeSet
 763:             2             96  java.util.WeakHashMap$KeyIterator
 764:             3             96  java.util.concurrent.SynchronousQueue
 765:             3             96  java.util.concurrent.atomic.AtomicReferenceFieldUpdater$AtomicReferenceFieldUpdaterImpl
 766:             3             96  java.util.concurrent.locks.AbstractQueuedSynchronizer$Node
 767:             3             96  java.util.concurrent.locks.ReentrantLock$FairSync
 768:             6             96  java.util.regex.Pattern$Dot
 769:             1             96  org.apache.http.impl.client.DefaultHttpClient
 770:             4             96  org.apache.lucene.analysis.en.EnglishPossessiveFilterFactory
 771:             4             96  org.apache.lucene.analysis.en.PorterStemFilterFactory
 772:             3             96  org.apache.lucene.analysis.synonym.SynonymFilter$PendingInput
 773:             6             96  org.apache.lucene.codecs.lucene41.Lucene41StoredFieldsFormat
 774:             4             96  org.apache.lucene.store.IOContext$Context
 775:             6             96  org.apache.lucene.util.ByteBlockPool$DirectAllocator
 776:             4             96  org.apache.lucene.util.RamUsageEstimator$JvmFeature
 777:             4             96  org.apache.lucene.util.packed.Direct32
 778:             4             96  org.apache.lucene.util.packed.Packed64SingleBlock$Packed64SingleBlock1
 779:             1             96  org.apache.solr.core.CoreContainer
 780:             4             96  org.apache.solr.core.SolrConfig$PluginOpts
 781:             2             96  org.apache.solr.core.SolrResourceLoader
 782:             2             96  org.apache.solr.handler.component.QueryElevationComponent$ElevationObj
 783:             4             96  org.apache.solr.handler.loader.XMLLoader
 784:             4             96  org.apache.solr.schema.IndexSchema$DynamicReplacement$DynamicPattern$NameEquals
 785:             1             96  org.apache.solr.schema.PointType
 786:             3             96  org.apache.solr.search.LRUCache$CumulativeStats
 787:             4             96  org.apache.solr.search.SolrCache$State
 788:             4             96  org.apache.solr.servlet.cache.Method
 789:             4             96  org.apache.solr.update.UpdateLog$State
 790:             1             96  org.eclipse.jetty.server.Server
 791:             4             96  org.eclipse.jetty.servlet.Holder$Source
 792:             1             96  org.eclipse.jetty.util.Scanner
 793:             3             96  org.eclipse.jetty.util.statistic.SampleStatistic
 794:             1             96  sun.misc.Launcher$AppClassLoader
 795:             1             96  sun.net.www.protocol.jar.URLJarFile$URLJarFileEntry
 796:             1             96  sun.security.ec.SunEC
 797:             1             96  sun.security.jca.ProviderList$1
 798:             1             96  sun.security.rsa.SunRsaSign
 799:             3             96  sun.security.x509.SubjectAlternativeNameExtension
 800:             2             96  sun.text.normalizer.CharTrie
 801:             2             88  [Lcom.sun.org.apache.xalan.internal.utils.XMLSecurityManager$State;
 802:             3             88  [Lcom.sun.org.apache.xerces.internal.utils.XMLSecurityPropertyManager$State;
 803:             1             88  [Lsun.security.util.ObjectIdentifier;
 804:             1             88  [[Ljava.lang.Byte;
 805:             1             88  org.apache.log4j.RollingFileAppender
 806:             1             88  org.apache.solr.schema.CurrencyField
 807:             1             88  org.apache.solr.schema.LatLonType
 808:             1             88  org.eclipse.jetty.http.HttpBuffersImpl
 809:             1             88  org.eclipse.jetty.io.BufferDateCache
 810:             1             88  org.eclipse.jetty.servlet.FilterHolder
 811:             1             88  org.eclipse.jetty.start.Classpath$Loader
 812:             1             88  sun.misc.Launcher$ExtClassLoader
 813:             1             80  [[Z
 814:             2             80  com.ctc.wstx.util.SymbolTable
 815:             2             80  com.google.common.collect.SingletonImmutableBiMap
 816:             2             80  com.sun.org.apache.xerces.internal.impl.XMLDocumentFragmentScannerImpl$ElementStack2
 817:             2             80  com.sun.org.apache.xerces.internal.impl.XMLEntityManager$CharacterBufferPool
 818:             2             80  com.sun.org.apache.xerces.internal.impl.XMLErrorReporter
 819:             2             80  com.sun.org.apache.xerces.internal.impl.XMLVersionDetector
 820:             2             80  com.sun.org.apache.xerces.internal.impl.validation.ValidationState
 821:             2             80  com.sun.org.apache.xerces.internal.util.XMLAttributesImpl
 822:             2             80  com.sun.org.apache.xerces.internal.utils.XMLSecurityManager
 823:             2             80  com.sun.xml.internal.stream.XMLEntityStorage
 824:             2             80  java.io.BufferedWriter
 825:             2             80  java.io.ExpiringCache
 826:             2             80  java.io.PrintWriter
 827:             2             80  java.lang.invoke.BoundMethodHandle$SpeciesData
 828:             2             80  java.lang.invoke.DirectMethodHandle$Constructor
 829:             2             80  java.util.Locale$Category
 830:             2             80  java.util.PropertyResourceBundle
 831:             2             80  java.util.regex.Pattern$Loop
 832:             2             80  org.apache.lucene.analysis.path.PathHierarchyTokenizerFactory
 833:             5             80  org.apache.lucene.codecs.lucene42.Lucene42TermVectorsFormat
 834:             2             80  org.apache.lucene.index.CompositeReaderContext
 835:             1             80  org.apache.lucene.index.TieredMergePolicy
 836:             2             80  org.apache.lucene.store.NRTCachingDirectory
 837:             2             80  org.apache.solr.core.CachingDirectoryFactory$CacheValue
 838:             1             80  org.apache.solr.core.JmxMonitoredMap
 839:             1             80  org.apache.solr.handler.admin.InfoHandler
 840:             1             80  org.apache.solr.update.TransactionLog
 841:             1             80  org.eclipse.jetty.deploy.DeploymentManager
 842:             1             80  org.eclipse.jetty.deploy.providers.ContextProvider
 843:             1             80  org.eclipse.jetty.servlet.ErrorPageErrorHandler
 844:             2             80  org.eclipse.jetty.xml.XmlParser
 845:             2             80  sun.misc.FloatingDecimal$BinaryToASCIIBuffer
 846:             1             72  [Lcom.sun.org.apache.xml.internal.dtm.ref.ExtendedType;
 847:             3             72  [Lorg.apache.lucene.util.CharsRefBuilder;
 848:             2             72  [Lsun.security.jca.ProviderConfig;
 849:             3             72  com.sun.org.apache.xerces.internal.impl.dtd.XMLAttributeDecl
 850:             3             72  java.io.OutputStreamWriter
 851:             3             72  java.lang.ClassValue$Version
 852:             3             72  java.security.CodeSigner
 853:             3             72  java.util.Base64$Encoder
 854:             1             72  java.util.ResourceBundle$RBClassLoader
 855:             3             72  java.util.concurrent.LinkedBlockingQueue$Node
 856:             1             72  java.util.logging.LogManager$RootLogger
 857:             3             72  java.util.regex.Pattern$CharProperty$1
 858:             3             72  javax.servlet.SessionTrackingMode
 859:             3             72  org.apache.http.HttpVersion
 860:             3             72  org.apache.lucene.analysis.DelegatingAnalyzerWrapper$DelegatingReuseStrategy
 861:             3             72  org.apache.lucene.analysis.ja.JapaneseTokenizer$Mode
 862:             3             72  org.apache.lucene.analysis.util.AnalysisSPILoader
 863:             3             72  org.apache.lucene.index.IndexWriterConfig$OpenMode
 864:             1             72  org.apache.lucene.index.StandardDirectoryReader
 865:             3             72  org.apache.lucene.index.StoredFieldVisitor$Status
 866:             3             72  org.apache.lucene.index.TermsEnum$SeekStatus
 867:             3             72  org.apache.lucene.util.NamedSPILoader
 868:             3             72  org.apache.lucene.util.fst.FST$INPUT_TYPE
 869:             3             72  org.apache.solr.common.params.CommonParams$EchoParamStyle
 870:             3             72  org.apache.solr.core.SolrConfig$HttpCachingConfig$LastModFrom
 871:             1             72  org.apache.solr.handler.PingRequestHandler
 872:             1             72  org.apache.solr.handler.RealTimeGetHandler
 873:             1             72  org.apache.solr.handler.admin.CoreAdminHandler
 874:             1             72  org.apache.solr.handler.component.HttpShardHandlerFactory
 875:             3             72  org.apache.solr.rest.ManagedResourceStorage$JsonStorage
 876:             3             72  org.apache.solr.schema.IndexSchema$DynamicReplacement$DynamicPattern$NameStartsWith
 877:             1             72  org.apache.solr.schema.TrieDateField$ISO8601CanonicalDateFormat
 878:             1             72  org.apache.solr.update.SolrIndexConfig
 879:             3             72  org.apache.solr.update.UpdateLog$SyncLevel
 880:             3             72  org.eclipse.jetty.io.BufferCache
 881:             3             72  org.eclipse.jetty.io.Buffers$Type
 882:             3             72  org.eclipse.jetty.security.UserDataConstraint
 883:             1             72  org.eclipse.jetty.server.handler.ContextHandlerCollection
 884:             1             72  org.eclipse.jetty.server.handler.DefaultHandler
 885:             1             72  org.eclipse.jetty.server.session.HashSessionIdManager
 886:             1             72  org.eclipse.jetty.server.session.SessionHandler
 887:             1             72  org.eclipse.jetty.servlet.DefaultServlet
 888:             3             72  org.eclipse.jetty.util.Scanner$Notification
 889:             1             72  org.eclipse.jetty.util.resource.JarFileResource
 890:             1             72  org.eclipse.jetty.webapp.MetaData
 891:             3             72  org.eclipse.jetty.webapp.MetaDataComplete
 892:             3             72  sun.misc.FloatingDecimal$ExceptionalBinaryToASCIIBuffer
 893:             3             72  sun.misc.Signal
 894:             3             72  sun.security.provider.NativePRNG$Variant
 895:             3             72  sun.security.x509.AccessDescription
 896:             1             72  sun.util.locale.provider.JRELocaleProviderAdapter
 897:             2             64  [Lcom.google.common.cache.LocalCache$Segment;
 898:             2             64  [Lcom.sun.org.apache.xalan.internal.utils.FeaturePropertyBase$State;
 899:             2             64  [Ljavax.servlet.SessionTrackingMode;
 900:             2             64  [Lorg.apache.lucene.analysis.ja.JapaneseTokenizer$Mode;
 901:             1             64  [Lorg.apache.lucene.uninverting.UninvertingReader$Type;
 902:             2             64  [Lorg.apache.lucene.util.RamUsageEstimator$JvmFeature;
 903:             2             64  [Lorg.apache.solr.core.SolrConfig$HttpCachingConfig$LastModFrom;
 904:             2             64  [Lorg.apache.solr.core.SolrConfig$PluginOpts;
 905:             2             64  [Lorg.apache.solr.servlet.cache.Method;
 906:             2             64  [[Lcom.sun.org.apache.xerces.internal.xni.QName;
 907:             1             64  com.google.common.cache.CacheStats
 908:             2             64  com.sun.org.apache.xalan.internal.utils.XMLSecurityPropertyManager$Property
 909:             2             64  com.sun.org.apache.xerces.internal.impl.XMLNSDocumentScannerImpl$NSContentDriver
 910:             2             64  com.sun.org.apache.xerces.internal.util.NamespaceSupport
 911:             2             64  com.sun.org.apache.xerces.internal.utils.XMLSecurityPropertyManager$Property
 912:             2             64  com.sun.org.apache.xpath.internal.objects.XBooleanStatic
 913:             2             64  java.io.PrintStream
 914:             2             64  java.lang.VirtualMachineError
 915:             2             64  java.lang.invoke.BoundMethodHandle$Species_L
 916:             2             64  java.lang.ref.ReferenceQueue$Null
 917:             4             64  java.util.LinkedHashMap$LinkedKeySet
 918:             2             64  java.util.concurrent.ScheduledThreadPoolExecutor$DelayedWorkQueue
 919:             4             64  java.util.concurrent.atomic.AtomicBoolean
 920:             2             64  org.apache.http.conn.ssl.SSLSocketFactory
 921:             2             64  org.apache.http.impl.conn.PoolingClientConnectionManager
 922:             2             64  org.apache.log4j.helpers.PatternParser$BasicPatternConverter
 923:             2             64  org.apache.lucene.analysis.ReusableStringReader
 924:             2             64  org.apache.lucene.analysis.miscellaneous.ASCIIFoldingFilterFactory
 925:             4             64  org.apache.lucene.codecs.lucene40.Lucene40SegmentInfoFormat
 926:             1             64  org.apache.lucene.codecs.lucene410.Lucene410Codec
 927:             1             64  org.apache.lucene.codecs.lucene42.Lucene42Codec
 928:             1             64  org.apache.lucene.codecs.lucene45.Lucene45Codec
 929:             1             64  org.apache.lucene.codecs.lucene46.Lucene46Codec
 930:             1             64  org.apache.lucene.codecs.lucene49.Lucene49Codec
 931:             1             64  org.apache.lucene.codecs.lucene50.Lucene50Codec
 932:             2             64  org.apache.lucene.codecs.lucene50.Lucene50TermVectorsFormat
 933:             1             64  org.apache.lucene.index.DocumentsWriter
 934:             1             64  org.apache.lucene.index.ExitableDirectoryReader
 935:             2             64  org.apache.lucene.store.MMapDirectory
 936:             2             64  org.apache.lucene.store.RAMDirectory
 937:             1             64  org.apache.lucene.uninverting.UninvertingReader$UninvertingDirectoryReader
 938:             1             64  org.apache.solr.client.solrj.impl.LBHttpSolrClient
 939:             2             64  org.apache.solr.cloud.ActionThrottle
 940:             2             64  org.apache.solr.core.InitParams
 941:             1             64  org.apache.solr.core.NRTCachingDirectoryFactory
 942:             1             64  org.apache.solr.core.SchemaCodecFactory$1
 943:             1             64  org.apache.solr.handler.DumpRequestHandler
 944:             1             64  org.apache.solr.handler.SchemaHandler
 945:             1             64  org.apache.solr.handler.SolrConfigHandler
 946:             4             64  org.apache.solr.handler.UpdateRequestHandler$1
 947:             1             64  org.apache.solr.handler.admin.CollectionsHandler
 948:             1             64  org.apache.solr.handler.admin.LukeRequestHandler
 949:             1             64  org.apache.solr.handler.admin.PluginInfoHandler
 950:             1             64  org.apache.solr.handler.admin.ShowFileRequestHandler
 951:             1             64  org.apache.solr.handler.admin.SolrInfoMBeanHandler
 952:             4             64  org.apache.solr.handler.loader.CSVLoader
 953:             4             64  org.apache.solr.handler.loader.JavabinLoader
 954:             4             64  org.apache.solr.handler.loader.JsonLoader
 955:             1             64  org.apache.solr.rest.schema.analysis.ManagedSynonymFilterFactory$1
 956:             1             64  org.apache.solr.schema.BinaryField
 957:             1             64  org.apache.solr.schema.BoolField
 958:             2             64  org.apache.solr.schema.IndexSchema$DynamicCopy
 959:             1             64  org.apache.solr.schema.RandomSortField
 960:             2             64  org.apache.solr.servlet.SolrRequestParsers
 961:             1             64  org.apache.solr.update.DefaultSolrCoreState
 962:             1             64  org.apache.solr.update.UpdateLog$1
 963:             1             64  org.eclipse.jetty.server.handler.HandlerCollection
 964:             1             64  org.eclipse.jetty.server.handler.RequestLogHandler
 965:             2             64  org.eclipse.jetty.servlet.ServletHandler$CachedChain
 966:             2             64  org.eclipse.jetty.xml.XmlParser$Handler
 967:             1             64  org.opensextant.solrtexttagger.TaggerRequestHandler
 968:             4             64  sun.net.www.protocol.jar.Handler
 969:             2             64  sun.reflect.generics.repository.ClassRepository
 970:             4             64  sun.security.ec.ECParameters
 971:             2             64  sun.security.ssl.EphemeralKeyManager$EphemeralKeyPair
 972:             1             64  sun.security.ssl.SSLContextImpl$DefaultSSLContext
 973:             2             64  sun.security.ssl.SSLSessionContextImpl
 974:             2             64  sun.security.x509.AuthorityInfoAccessExtension
 975:             2             64  sun.security.x509.PolicyMappingsExtension
 976:             2             64  sun.security.x509.PrivateKeyUsageExtension
 977:             2             64  sun.util.locale.provider.LocaleResources
 978:             2             64  sun.util.locale.provider.LocaleServiceProviderPool
 979:             1             56  [Ljava.lang.Runnable;
 980:             2             56  [Lorg.apache.solr.search.SolrCache;
 981:             2             56  [Lorg.eclipse.jetty.server.Handler;
 982:             1             56  [Lorg.eclipse.jetty.servlet.ServletMapping;
 983:             1             56  [Lsun.util.logging.PlatformLogger$Level;
 984:             1             56  java.util.logging.LogManager
 985:             1             56  org.apache.lucene.codecs.lucene40.Lucene40Codec
 986:             1             56  org.apache.lucene.codecs.lucene41.Lucene41Codec
 987:             1             56  org.apache.lucene.codecs.simpletext.SimpleTextCodec
 988:             1             56  org.apache.lucene.index.BufferedUpdates
 989:             1             56  org.apache.lucene.index.ConcurrentMergeScheduler
 990:             1             56  org.apache.lucene.index.IndexFileDeleter
 991:             1             56  org.apache.lucene.index.SlowCompositeReaderWrapper
 992:             1             56  org.apache.lucene.search.spell.DirectSpellChecker
 993:             1             56  org.apache.solr.schema.FieldType$DefaultAnalyzer$1
 994:             1             56  org.apache.solr.update.VersionInfo
 995:             1             56  org.eclipse.jetty.server.ResourceCache
 996:             1             56  org.eclipse.jetty.webapp.DefaultsDescriptor
 997:             1             56  org.eclipse.jetty.webapp.WebDescriptor
 998:             1             56  org.tartarus.snowball.ext.FinnishStemmer
 999:             1             56  org.tartarus.snowball.ext.RomanianStemmer
1000:             1             56  sun.security.provider.SHA
1001:             1             48  [Lcom.sun.beans.util.Cache$CacheEntry;
1002:             1             48  [Lcom.sun.management.VMOption$Origin;
1003:             1             48  [Lcom.sun.org.apache.xalan.internal.utils.XMLSecurityManager$Limit;
1004:             1             48  [Lcom.sun.org.apache.xerces.internal.utils.XMLSecurityManager$Limit;
1005:             1             48  [Ljava.beans.WeakIdentityMap$Entry;
1006:             3             48  [Ljava.lang.annotation.Annotation;
1007:             1             48  [Ljava.lang.invoke.MethodHandleImpl$Intrinsic;
1008:             1             48  [Ljava.math.RoundingMode;
1009:             2             48  [Ljava.net.InetAddress;
1010:             1             48  [Ljava.util.concurrent.TimeUnit;
1011:             2             48  [Lorg.apache.lucene.codecs.lucene50.Lucene50StoredFieldsFormat$Mode;
1012:             1             48  [Lorg.eclipse.jetty.servlet.ServletHolder;
1013:             1             48  [Lorg.eclipse.jetty.webapp.Origin;
1014:             2             48  [Lsun.reflect.generics.tree.ClassTypeSignature;
1015:             1             48  [Lsun.security.x509.NetscapeCertTypeExtension$MapEntry;
1016:             3             48  com.ctc.wstx.api.WstxInputProperties$ParsingMode
1017:             2             48  com.ctc.wstx.util.SymbolTable$Bucket
1018:             2             48  com.google.common.collect.RegularImmutableAsList
1019:             2             48  com.google.common.collect.RegularImmutableMap$EntrySet
1020:             2             48  com.google.common.collect.RegularImmutableMap$NonTerminalEntry
1021:             3             48  com.spatial4j.core.distance.GeodesicSphereDistCalc$Haversine
1022:             3             48  com.spatial4j.core.io.BinaryCodec
1023:             3             48  com.spatial4j.core.io.WktShapeParser
1024:             3             48  com.sun.org.apache.xerces.internal.impl.dtd.DTDGrammar$QNameHashtable
1025:             2             48  com.sun.org.apache.xerces.internal.impl.dtd.DTDGrammarBucket
1026:             3             48  com.sun.org.apache.xerces.internal.impl.dv.dtd.ListDatatypeValidator
1027:             2             48  com.sun.org.apache.xerces.internal.impl.msg.XMLMessageFormatter
1028:             2             48  com.sun.org.apache.xerces.internal.impl.validation.ValidationManager
1029:             2             48  com.sun.org.apache.xerces.internal.util.SymbolTable
1030:             2             48  com.sun.org.apache.xerces.internal.utils.XMLSecurityPropertyManager
1031:             2             48  java.io.BufferedOutputStream
1032:             2             48  java.io.File$PathStatus
1033:             3             48  java.lang.ClassValue$Identity
1034:             2             48  java.lang.invoke.MethodHandles$Lookup
1035:             2             48  java.lang.reflect.ReflectPermission
1036:             2             48  java.net.InetAddress
1037:             2             48  java.net.InetAddress$Cache
1038:             2             48  java.net.InetAddress$Cache$Type
1039:             2             48  java.net.InetAddress$CacheEntry
1040:             2             48  java.net.ServerSocket
1041:             3             48  java.nio.channels.FileChannel$MapMode
1042:             2             48  java.nio.charset.CoderResult
1043:             3             48  java.nio.charset.CodingErrorAction
1044:             2             48  java.security.Timestamp
1045:             3             48  java.text.AttributedCharacterIterator$Attribute
1046:             1             48  java.text.RuleBasedCollator
1047:             3             48  java.util.Base64$Decoder
1048:             2             48  java.util.BitSet
1049:             3             48  java.util.concurrent.SynchronousQueue$TransferStack
1050:             1             48  java.util.concurrent.ThreadPoolExecutor$Worker
1051:             1             48  java.util.concurrent.locks.ReentrantReadWriteLock$FairSync
1052:             2             48  java.util.concurrent.locks.ReentrantReadWriteLock$Sync$HoldCounter
1053:             3             48  java.util.jar.JarVerifier$3
1054:             2             48  java.util.logging.Logger$LoggerBundle
1055:             2             48  java.util.regex.Pattern$Dollar
1056:             2             48  java.util.regex.Pattern$Prolog
1057:             3             48  org.apache.http.impl.client.BasicCredentialsProvider
1058:             2             48  org.apache.http.impl.client.DefaultHttpRequestRetryHandler
1059:             2             48  org.apache.http.impl.conn.DefaultClientConnectionOperator
1060:             3             48  org.apache.http.impl.conn.SystemDefaultDnsResolver
1061:             1             48  org.apache.log4j.Hierarchy
1062:             2             48  org.apache.log4j.helpers.OnlyOnceErrorHandler
1063:             1             48  org.apache.log4j.helpers.PatternParser
1064:             2             48  org.apache.lucene.analysis.ar.ArabicNormalizationFilterFactory
1065:             2             48  org.apache.lucene.analysis.cjk.CJKWidthFilterFactory
1066:             1             48  org.apache.lucene.analysis.core.StopFilter
1067:             1             48  org.apache.lucene.analysis.ja.JapaneseTokenizerFactory
1068:             1             48  org.apache.lucene.analysis.util.CharArrayMap$EmptyCharArrayMap
1069:             3             48  org.apache.lucene.codecs.lucene46.Lucene46FieldInfosFormat
1070:             3             48  org.apache.lucene.codecs.lucene46.Lucene46SegmentInfoFormat
1071:             2             48  org.apache.lucene.codecs.lucene50.Lucene50Codec$1
1072:             2             48  org.apache.lucene.codecs.lucene50.Lucene50Codec$2
1073:             2             48  org.apache.lucene.codecs.lucene50.Lucene50StoredFieldsFormat$Mode
1074:             1             48  org.apache.lucene.index.IndexFileDeleter$CommitPoint
1075:             2             48  org.apache.lucene.search.spell.WordBreakSpellChecker$BreakSuggestionSortMethod
1076:             1             48  org.apache.lucene.util.packed.BulkOperationPacked1
1077:             1             48  org.apache.lucene.util.packed.BulkOperationPacked10
1078:             1             48  org.apache.lucene.util.packed.BulkOperationPacked11
1079:             1             48  org.apache.lucene.util.packed.BulkOperationPacked12
1080:             1             48  org.apache.lucene.util.packed.BulkOperationPacked13
1081:             1             48  org.apache.lucene.util.packed.BulkOperationPacked14
1082:             1             48  org.apache.lucene.util.packed.BulkOperationPacked15
1083:             1             48  org.apache.lucene.util.packed.BulkOperationPacked16
1084:             1             48  org.apache.lucene.util.packed.BulkOperationPacked17
1085:             1             48  org.apache.lucene.util.packed.BulkOperationPacked18
1086:             1             48  org.apache.lucene.util.packed.BulkOperationPacked19
1087:             1             48  org.apache.lucene.util.packed.BulkOperationPacked2
1088:             1             48  org.apache.lucene.util.packed.BulkOperationPacked20
1089:             1             48  org.apache.lucene.util.packed.BulkOperationPacked21
1090:             1             48  org.apache.lucene.util.packed.BulkOperationPacked22
1091:             1             48  org.apache.lucene.util.packed.BulkOperationPacked23
1092:             1             48  org.apache.lucene.util.packed.BulkOperationPacked24
1093:             1             48  org.apache.lucene.util.packed.BulkOperationPacked3
1094:             1             48  org.apache.lucene.util.packed.BulkOperationPacked4
1095:             1             48  org.apache.lucene.util.packed.BulkOperationPacked5
1096:             1             48  org.apache.lucene.util.packed.BulkOperationPacked6
1097:             1             48  org.apache.lucene.util.packed.BulkOperationPacked7
1098:             1             48  org.apache.lucene.util.packed.BulkOperationPacked8
1099:             1             48  org.apache.lucene.util.packed.BulkOperationPacked9
1100:             1             48  org.apache.solr.analysis.ReversedWildcardFilterFactory
1101:             2             48  org.apache.solr.client.solrj.SolrQuery$ORDER
1102:             2             48  org.apache.solr.client.solrj.impl.HttpClientUtil$1
1103:             3             48  org.apache.solr.common.util.XMLErrorLogger
1104:             2             48  org.apache.solr.core.DirectoryFactory$DirContext
1105:             2             48  org.apache.solr.core.QuerySenderListener
1106:             2             48  org.apache.solr.handler.component.SpellCheckComponent$SpellCheckerListener
1107:             2             48  org.apache.solr.highlight.ScoreOrderFragmentsBuilder
1108:             1             48  org.apache.solr.logging.log4j.EventAppender
1109:             2             48  org.apache.solr.parser.QueryParser$Operator
1110:             2             48  org.apache.solr.rest.RestManager$ManagedResourceRegistration
1111:             3             48  org.apache.solr.rest.schema.analysis.ManagedSynonymFilterFactory$CasePreservedSynonymMappings
1112:             2             48  org.apache.solr.servlet.SolrRequestParsers$StandardRequestParser
1113:             2             48  org.eclipse.jetty.servlet.ServletHolder$Registration
1114:             2             48  org.eclipse.jetty.util.statistic.CounterStatistic
1115:             2             48  org.eclipse.jetty.webapp.ClasspathPattern
1116:             2             48  org.eclipse.jetty.xml.XmlParser$NoopHandler
1117:             1             48  org.tartarus.snowball.ext.ArmenianStemmer
1118:             1             48  org.tartarus.snowball.ext.BasqueStemmer
1119:             1             48  org.tartarus.snowball.ext.CatalanStemmer
1120:             1             48  org.tartarus.snowball.ext.DanishStemmer
1121:             1             48  org.tartarus.snowball.ext.DutchStemmer
1122:             1             48  org.tartarus.snowball.ext.IrishStemmer
1123:             1             48  org.tartarus.snowball.ext.NorwegianStemmer
1124:             1             48  org.tartarus.snowball.ext.RussianStemmer
1125:             1             48  org.tartarus.snowball.ext.SwedishStemmer
1126:             1             48  org.tartarus.snowball.ext.TurkishStemmer
1127:             2             48  sun.misc.NativeSignalHandler
1128:             2             48  sun.net.www.MessageHeader
1129:             3             48  sun.nio.ch.FileDispatcherImpl
1130:             2             48  sun.nio.ch.NativeThreadSet
1131:             2             48  sun.reflect.generics.tree.ClassSignature
1132:             2             48  sun.security.jca.ProviderList
1133:             2             48  sun.security.jca.ProviderList$3
1134:             2             48  sun.security.ssl.SSLAlgorithmConstraints
1135:             2             48  sun.security.x509.CertificatePolicyMap
1136:             3             48  sun.security.x509.RFC822Name
1137:             1             48  sun.text.normalizer.IntTrie
1138:             1             48  sun.text.normalizer.NormalizerBase
1139:             3             48  sun.text.normalizer.NormalizerBase$QuickCheckResult
1140:             1             40  [Lcom.sun.org.apache.xerces.internal.util.Status;
1141:             1             40  [Ljavax.servlet.DispatcherType;
1142:             1             40  [Lorg.apache.lucene.index.DocValuesType;
1143:             1             40  [Lorg.apache.lucene.index.IndexOptions;
1144:             1             40  [Lorg.apache.solr.schema.TrieField$TrieTypes;
1145:             1             40  [Lorg.eclipse.jetty.webapp.Configuration;
1146:             2             40  [Lsun.reflect.generics.tree.FieldTypeSignature;
1147:             2             40  [Lsun.reflect.generics.tree.FormalTypeParameter;
1148:             1             40  [Lsun.security.jca.ServiceId;
1149:             1             40  [Lsun.security.util.DisabledAlgorithmConstraints$KeySizeConstraint$Operator;
1150:             1             40  [Lsun.util.locale.provider.LocaleProviderAdapter$Type;
1151:             1             40  [[Ljava.lang.invoke.LambdaForm$Name;
1152:             1             40  com.sun.beans.finder.MethodFinder$1
1153:             1             40  java.beans.WeakIdentityMap$Entry
1154:             1             40  java.io.BufferedInputStream
1155:             1             40  java.lang.invoke.DirectMethodHandle$Accessor
1156:             1             40  java.text.CollationElementIterator
1157:             1             40  java.text.RBCollationTables
1158:             1             40  java.util.ResourceBundle$1
1159:             1             40  java.util.ServiceLoader$LazyIterator
1160:             1             40  org.apache.log4j.helpers.CountingQuietWriter
1161:             1             40  org.apache.log4j.helpers.PatternParser$ClassNamePatternConverter
1162:             1             40  org.apache.log4j.helpers.PatternParser$DatePatternConverter
1163:             1             40  org.apache.log4j.spi.RootLogger
1164:             1             40  org.apache.lucene.analysis.core.LowerCaseFilter
1165:             1             40  org.apache.lucene.analysis.ja.JapanesePartOfSpeechStopFilterFactory
1166:             1             40  org.apache.lucene.analysis.miscellaneous.StemmerOverrideFilterFactory
1167:             1             40  org.apache.lucene.analysis.pattern.PatternReplaceFilterFactory
1168:             1             40  org.apache.lucene.analysis.payloads.DelimitedPayloadTokenFilterFactory
1169:             1             40  org.apache.lucene.index.BufferedUpdatesStream
1170:             1             40  org.apache.lucene.index.DocumentsWriterDeleteQueue
1171:             1             40  org.apache.solr.core.Config
1172:             1             40  org.apache.solr.core.CoreDescriptor
1173:             1             40  org.apache.solr.core.SolrConfig$UpdateHandlerInfo
1174:             1             40  org.apache.solr.handler.component.QueryElevationComponent
1175:             1             40  org.apache.solr.highlight.DefaultSolrHighlighter
1176:             1             40  org.apache.solr.rest.RestManager
1177:             1             40  org.apache.solr.rest.RestManager$RestManagerManagedResource
1178:             1             40  org.apache.solr.rest.schema.analysis.ManagedSynonymFilterFactory$SynonymManager
1179:             1             40  org.apache.solr.rest.schema.analysis.ManagedWordSetResource
1180:             1             40  org.apache.solr.schema.IndexSchema$SolrQueryAnalyzer
1181:             1             40  org.apache.solr.search.QueryResultKey
1182:             1             40  org.apache.solr.spelling.WordBreakSolrSpellChecker
1183:             1             40  org.apache.solr.update.UpdateLog$RecoveryInfo
1184:             1             40  org.apache.solr.util.ConcurrentLRUCache$CacheEntry
1185:             1             40  org.eclipse.jetty.server.session.HashSessionManager$2
1186:             1             40  org.eclipse.jetty.webapp.WebAppContext$Context
1187:             1             40  org.tartarus.snowball.ext.HungarianStemmer
1188:             1             40  sun.nio.ch.FileLockImpl
1189:             1             40  sun.nio.cs.StandardCharsets$Aliases
1190:             1             40  sun.nio.cs.StandardCharsets$Cache
1191:             1             40  sun.nio.cs.StandardCharsets$Classes
1192:             1             40  sun.security.provider.DSAPublicKeyImpl
1193:             1             40  sun.text.IntHashtable
1194:             1             40  sun.text.UCompactIntArray
1195:             1             32  [Lcom.google.common.cache.LocalCache$Strength;
1196:             1             32  [Lcom.sun.beans.util.Cache$Kind;
1197:             1             32  [Lcom.sun.org.apache.xalan.internal.utils.XMLSecurityManager$NameMap;
1198:             1             32  [Lcom.sun.org.apache.xerces.internal.utils.XMLSecurityManager$NameMap;
1199:             1             32  [Ljava.lang.OutOfMemoryError;
1200:             1             32  [Ljava.lang.ThreadGroup;
1201:             1             32  [Ljava.text.Normalizer$Form;
1202:             1             32  [Ljava.util.EventListener;
1203:             1             32  [Lorg.apache.lucene.analysis.synonym.SynonymFilter$PendingInput;
1204:             1             32  [Lorg.apache.lucene.analysis.synonym.SynonymFilter$PendingOutputs;
1205:             1             32  [Lorg.apache.lucene.index.IndexWriterConfig$OpenMode;
1206:             1             32  [Lorg.apache.lucene.index.StoredFieldVisitor$Status;
1207:             1             32  [Lorg.apache.lucene.index.TermsEnum$SeekStatus;
1208:             1             32  [Lorg.apache.lucene.search.BooleanClause$Occur;
1209:             1             32  [Lorg.apache.lucene.store.IOContext$Context;
1210:             1             32  [Lorg.apache.lucene.util.fst.FST$INPUT_TYPE;
1211:             1             32  [Lorg.apache.solr.common.params.CommonParams$EchoParamStyle;
1212:             1             32  [Lorg.apache.solr.search.SolrCache$State;
1213:             1             32  [Lorg.apache.solr.update.UpdateLog$State;
1214:             1             32  [Lorg.apache.solr.update.UpdateLog$SyncLevel;
1215:             1             32  [Lorg.apache.solr.update.processor.UpdateRequestProcessorFactory;
1216:             1             32  [Lorg.eclipse.jetty.io.Buffers$Type;
1217:             1             32  [Lorg.eclipse.jetty.security.UserDataConstraint;
1218:             1             32  [Lorg.eclipse.jetty.servlet.Holder$Source;
1219:             1             32  [Lorg.eclipse.jetty.util.Scanner$Notification;
1220:             1             32  [Lorg.eclipse.jetty.webapp.MetaDataComplete;
1221:             1             32  [Lsun.security.provider.NativePRNG$Variant;
1222:             1             32  [Lsun.text.normalizer.NormalizerBase$Mode;
1223:             1             32  [[Lcom.sun.org.apache.xerces.internal.impl.dtd.models.ContentModelValidator;
1224:             1             32  [[Lcom.sun.org.apache.xerces.internal.impl.dv.DatatypeValidator;
1225:             1             32  [[[Ljava.lang.String;
1226:             2             32  com.google.common.cache.LocalCache$LocalManualCache
1227:             1             32  com.google.common.util.concurrent.MoreExecutors$SameThreadExecutorService
1228:             2             32  com.sun.beans.WeakCache
1229:             1             32  com.sun.beans.finder.BeanInfoFinder
1230:             1             32  com.sun.org.apache.xalan.internal.utils.FeatureManager$Feature
1231:             1             32  com.sun.org.apache.xalan.internal.utils.XMLSecurityManager
1232:             2             32  com.sun.org.apache.xerces.internal.impl.XMLDocumentScannerImpl$PrologDriver
1233:             2             32  com.sun.org.apache.xerces.internal.impl.XMLDocumentScannerImpl$TrailingMiscDriver
1234:             2             32  com.sun.org.apache.xerces.internal.impl.XMLDocumentScannerImpl$XMLDeclDriver
1235:             1             32  com.sun.org.apache.xerces.internal.impl.XMLEntityScanner$1
1236:             2             32  com.sun.org.apache.xerces.internal.impl.dv.dtd.DTDDVFactoryImpl
1237:             2             32  com.sun.org.apache.xerces.internal.impl.dv.dtd.ENTITYDatatypeValidator
1238:             2             32  com.sun.org.apache.xerces.internal.parsers.AbstractSAXParser$AttributesProxy
1239:             2             32  com.sun.org.apache.xerces.internal.util.EntityResolverWrapper
1240:             2             32  com.sun.org.apache.xerces.internal.util.ErrorHandlerWrapper
1241:             1             32  com.sun.org.apache.xml.internal.utils.XMLReaderManager
1242:             1             32  com.sun.org.apache.xpath.internal.jaxp.XPathFactoryImpl
1243:             1             32  java.beans.ThreadGroupContext
1244:             1             32  java.beans.ThreadGroupContext$1
1245:             1             32  java.io.RandomAccessFile
1246:             1             32  java.io.UnixFileSystem
1247:             1             32  java.lang.ArithmeticException
1248:             1             32  java.lang.ArrayIndexOutOfBoundsException
1249:             2             32  java.lang.Boolean
1250:             1             32  java.lang.NullPointerException
1251:             2             32  java.lang.Shutdown$Lock
1252:             1             32  java.lang.reflect.WeakCache
1253:             2             32  java.nio.ByteOrder
1254:             1             32  java.nio.channels.Channels$1
1255:             1             32  java.security.BasicPermissionCollection
1256:             1             32  java.security.MessageDigest$Delegate
1257:             1             32  java.text.DontCareFieldPosition
1258:             2             32  java.util.Collections$SingletonSet
1259:             2             32  java.util.Hashtable$EntrySet
1260:             1             32  java.util.ServiceLoader
1261:             2             32  java.util.concurrent.ConcurrentHashMap$ValuesView
1262:             1             32  java.util.concurrent.ThreadLocalRandom
1263:             1             32  java.util.logging.LogManager$SystemLoggerContext
1264:             2             32  javax.xml.xpath.SecuritySupport
1265:             2             32  org.apache.http.conn.scheme.PlainSocketFactory
1266:             2             32  org.apache.http.conn.scheme.SchemeRegistry
1267:             2             32  org.apache.http.impl.conn.HttpConnPool$InternalConnFactory
1268:             2             32  org.apache.http.params.SyncBasicHttpParams
1269:             1             32  org.apache.log4j.PatternLayout
1270:             1             32  org.apache.lucene.analysis.cjk.CJKBigramFilterFactory
1271:             1             32  org.apache.lucene.analysis.id.IndonesianStemFilterFactory
1272:             1             32  org.apache.lucene.analysis.ja.JapaneseKatakanaStemFilterFactory
1273:             1             32  org.apache.lucene.analysis.miscellaneous.TrimFilterFactory
1274:             1             32  org.apache.lucene.analysis.phonetic.DoubleMetaphoneFilterFactory
1275:             2             32  org.apache.lucene.codecs.lucene40.Lucene40DocValuesFormat
1276:             2             32  org.apache.lucene.codecs.lucene40.Lucene40FieldInfosFormat
1277:             2             32  org.apache.lucene.codecs.lucene40.Lucene40NormsFormat
1278:             2             32  org.apache.lucene.codecs.lucene40.Lucene40TermVectorsFormat
1279:             2             32  org.apache.lucene.codecs.lucene42.Lucene42FieldInfosFormat
1280:             2             32  org.apache.lucene.codecs.lucene50.Lucene50CompoundFormat
1281:             2             32  org.apache.lucene.codecs.lucene50.Lucene50FieldInfosFormat
1282:             2             32  org.apache.lucene.codecs.lucene50.Lucene50LiveDocsFormat
1283:             2             32  org.apache.lucene.codecs.lucene50.Lucene50NormsFormat
1284:             2             32  org.apache.lucene.codecs.lucene50.Lucene50SegmentInfoFormat
1285:             2             32  org.apache.lucene.codecs.lucene50.Lucene50StoredFieldsFormat
1286:             2             32  org.apache.lucene.codecs.simpletext.SimpleTextDocValuesFormat
1287:             2             32  org.apache.lucene.codecs.simpletext.SimpleTextPostingsFormat
1288:             1             32  org.apache.lucene.index.DocumentsWriterPerThreadPool
1289:             1             32  org.apache.lucene.index.FieldInfos$FieldNumbers
1290:             2             32  org.apache.lucene.search.MatchAllDocsQuery
1291:             2             32  org.apache.lucene.search.similarities.DefaultSimilarity
1292:             1             32  org.apache.lucene.search.spell.WordBreakSpellChecker
1293:             1             32  org.apache.lucene.store.NativeFSLockFactory$NativeFSLock
1294:             2             32  org.apache.lucene.store.SingleInstanceLockFactory
1295:             1             32  org.apache.lucene.util.AttributeFactory$DefaultAttributeFactory$1
1296:             1             32  org.apache.solr.core.ConfigOverlay
1297:             1             32  org.apache.solr.core.ConfigSolrXml
1298:             1             32  org.apache.solr.core.IndexDeletionPolicyWrapper
1299:             1             32  org.apache.solr.core.SolrConfig$HttpCachingConfig
1300:             1             32  org.apache.solr.core.SolrConfig$JmxConfiguration
1301:             1             32  org.apache.solr.core.SolrCore$8
1302:             1             32  org.apache.solr.core.SolrCore$LazyQueryResponseWriterWrapper
1303:             1             32  org.apache.solr.core.SolrCores
1304:             1             32  org.apache.solr.core.ZkContainer
1305:             1             32  org.apache.solr.handler.component.SpellCheckComponent
1306:             1             32  org.apache.solr.highlight.RegexFragmenter
1307:             1             32  org.apache.solr.logging.CircularList
1308:             1             32  org.apache.solr.logging.log4j.Log4jWatcher
1309:             2             32  org.apache.solr.response.JSONResponseWriter
1310:             1             32  org.apache.solr.rest.RestManager$Registry
1311:             1             32  org.apache.solr.rest.schema.analysis.ManagedStopFilterFactory
1312:             1             32  org.apache.solr.rest.schema.analysis.ManagedSynonymFilterFactory
1313:             2             32  org.apache.solr.schema.AbstractSpatialFieldType$1
1314:             1             32  org.apache.solr.schema.BoolField$1
1315:             1             32  org.apache.solr.schema.IndexSchema$SolrIndexAnalyzer
1316:             1             32  org.apache.solr.servlet.SolrDispatchFilter
1317:             2             32  org.apache.solr.servlet.SolrRequestParsers$FormDataRequestParser
1318:             2             32  org.apache.solr.servlet.SolrRequestParsers$MultipartRequestParser
1319:             2             32  org.apache.solr.servlet.SolrRequestParsers$RawRequestParser
1320:             2             32  org.apache.solr.servlet.SolrRequestParsers$SimpleRequestParser
1321:             1             32  org.apache.solr.spelling.DirectSolrSpellChecker
1322:             1             32  org.apache.solr.update.SolrIndexConfig$DelayedSchemaAnalyzer
1323:             1             32  org.eclipse.jetty.continuation.ContinuationThrowable
1324:             1             32  org.eclipse.jetty.deploy.App
1325:             1             32  org.eclipse.jetty.deploy.DeploymentManager$AppEntry
1326:             1             32  org.eclipse.jetty.security.ConstraintMapping
1327:             1             32  org.eclipse.jetty.servlet.FilterMapping
1328:             1             32  org.eclipse.jetty.util.Scanner$TimeNSize
1329:             1             32  org.eclipse.jetty.util.security.Constraint
1330:             1             32  org.opensextant.solrtexttagger.ConcatenateFilterFactory
1331:             1             32  sun.nio.ch.FileKey
1332:             1             32  sun.nio.ch.SharedFileLockTable$FileLockReference
1333:             1             32  sun.nio.cs.StandardCharsets
1334:             1             32  sun.nio.fs.LinuxFileSystem
1335:             2             32  sun.reflect.BootstrapConstructorAccessorImpl
1336:             1             32  sun.reflect.generics.reflectiveObjects.TypeVariableImpl
1337:             2             32  sun.security.provider.NativePRNG
1338:             1             32  sun.security.provider.SecureRandom
1339:             2             32  sun.security.ssl.SSLSocketFactoryImpl
1340:             1             32  sun.security.ssl.X509TrustManagerImpl
1341:             2             32  sun.security.util.DisabledAlgorithmConstraints$KeySizeConstraints
1342:             1             32  sun.security.x509.IssuerAlternativeNameExtension
1343:             2             32  sun.text.normalizer.CharTrie$FriendAgent
1344:             1             24  [Lcom.google.common.base.Functions$ToStringFunction;
1345:             1             24  [Lcom.google.common.cache.CacheBuilder$NullListener;
1346:             1             24  [Lcom.google.common.cache.CacheBuilder$OneWeigher;
1347:             1             24  [Lcom.sun.org.apache.xalan.internal.utils.FeatureManager$Feature;
1348:             1             24  [Lcom.sun.org.apache.xalan.internal.utils.XMLSecurityPropertyManager$Property;
1349:             1             24  [Lcom.sun.org.apache.xerces.internal.utils.XMLSecurityPropertyManager$Property;
1350:             1             24  [Ljava.io.File$PathStatus;
1351:             1             24  [Ljava.lang.reflect.TypeVariable;
1352:             1             24  [Ljava.net.InetAddress$Cache$Type;
1353:             1             24  [Ljava.nio.file.LinkOption;
1354:             1             24  [Ljava.util.Locale$Category;
1355:             1             24  [Ljavax.net.ssl.KeyManager;
1356:             1             24  [Ljavax.net.ssl.TrustManager;
1357:             1             24  [Lorg.apache.lucene.search.TermQuery;
1358:             1             24  [Lorg.apache.lucene.search.spell.WordBreakSpellChecker$BreakSuggestionSortMethod;
1359:             1             24  [Lorg.apache.lucene.util.packed.PackedInts$Format;
1360:             1             24  [Lorg.apache.solr.client.solrj.SolrQuery$ORDER;
1361:             1             24  [Lorg.apache.solr.core.DirectoryFactory$DirContext;
1362:             1             24  [Lorg.apache.solr.parser.QueryParser$Operator;
1363:             1             24  [Lorg.apache.solr.schema.IndexSchema$DynamicCopy;
1364:             1             24  [Lorg.apache.solr.search.CacheConfig;
1365:             1             24  [Lorg.apache.solr.util.stats.Histogram$SampleType;
1366:             1             24  [Lorg.eclipse.jetty.server.Connector;
1367:             1             24  [Lorg.eclipse.jetty.servlet.FilterHolder;
1368:             1             24  [Lorg.eclipse.jetty.servlet.FilterMapping;
1369:             1             24  [Lsun.launcher.LauncherHelper;
1370:             1             24  [Lsun.security.ssl.EphemeralKeyManager$EphemeralKeyPair;
1371:             1             24  com.google.common.base.Functions$ToStringFunction
1372:             1             24  com.google.common.base.Joiner$1
1373:             1             24  com.google.common.base.Joiner$MapJoiner
1374:             1             24  com.google.common.cache.CacheBuilder$NullListener
1375:             1             24  com.google.common.cache.CacheBuilder$OneWeigher
1376:             1             24  com.google.common.cache.LocalCache$EntryFactory$1
1377:             1             24  com.google.common.cache.LocalCache$EntryFactory$2
1378:             1             24  com.google.common.cache.LocalCache$EntryFactory$3
1379:             1             24  com.google.common.cache.LocalCache$EntryFactory$4
1380:             1             24  com.google.common.cache.LocalCache$EntryFactory$5
1381:             1             24  com.google.common.cache.LocalCache$EntryFactory$6
1382:             1             24  com.google.common.cache.LocalCache$EntryFactory$7
1383:             1             24  com.google.common.cache.LocalCache$EntryFactory$8
1384:             1             24  com.google.common.cache.LocalCache$Strength$1
1385:             1             24  com.google.common.cache.LocalCache$Strength$2
1386:             1             24  com.google.common.cache.LocalCache$Strength$3
1387:             1             24  com.google.common.collect.ImmutableMapKeySet
1388:             1             24  com.google.common.collect.ImmutableMapKeySet$1
1389:             1             24  com.google.common.collect.SingletonImmutableSet
1390:             1             24  com.sun.beans.util.Cache$Kind$1
1391:             1             24  com.sun.beans.util.Cache$Kind$2
1392:             1             24  com.sun.beans.util.Cache$Kind$3
1393:             1             24  com.sun.org.apache.xalan.internal.utils.FeatureManager
1394:             1             24  com.sun.org.apache.xerces.internal.impl.Constants$ArrayEnumeration
1395:             1             24  com.sun.org.apache.xerces.internal.impl.dtd.XMLContentSpec
1396:             1             24  com.sun.org.apache.xpath.internal.objects.XString
1397:             1             24  java.io.StringWriter
1398:             1             24  java.lang.invoke.Invokers
1399:             1             24  java.lang.invoke.MethodHandleImpl$4
1400:             1             24  java.lang.invoke.MethodType$ConcurrentWeakInternSet
1401:             1             24  java.math.MutableBigInteger
1402:             1             24  java.net.Inet4AddressImpl
1403:             1             24  java.nio.file.LinkOption
1404:             1             24  java.util.Collections$EmptyMap
1405:             1             24  java.util.Locale$Cache
1406:             1             24  java.util.ResourceBundle$Control$CandidateListCache
1407:             1             24  java.util.TaskQueue
1408:             1             24  java.util.Timer
1409:             1             24  java.util.concurrent.ConcurrentHashMap$KeySetView
1410:             1             24  java.util.concurrent.TimeUnit$1
1411:             1             24  java.util.concurrent.TimeUnit$2
1412:             1             24  java.util.concurrent.TimeUnit$3
1413:             1             24  java.util.concurrent.TimeUnit$4
1414:             1             24  java.util.concurrent.TimeUnit$5
1415:             1             24  java.util.concurrent.TimeUnit$6
1416:             1             24  java.util.concurrent.TimeUnit$7
1417:             1             24  java.util.jar.Manifest
1418:             1             24  java.util.logging.LogManager$LoggerContext
1419:             1             24  java.util.logging.LoggingPermission
1420:             1             24  java.util.regex.Pattern$7
1421:             1             24  java.util.regex.Pattern$Bound
1422:             1             24  java.util.regex.Pattern$Neg
1423:             1             24  javax.net.ssl.SSLContext
1424:             1             24  org.apache.commons.logging.impl.SLF4JLogFactory
1425:             1             24  org.apache.log4j.helpers.FormattingInfo
1426:             1             24  org.apache.lucene.analysis.Tokenizer$1
1427:             1             24  org.apache.lucene.analysis.ar.ArabicStemFilterFactory
1428:             1             24  org.apache.lucene.analysis.bg.BulgarianStemFilterFactory
1429:             1             24  org.apache.lucene.analysis.ckb.SoraniNormalizationFilterFactory
1430:             1             24  org.apache.lucene.analysis.ckb.SoraniStemFilterFactory
1431:             1             24  org.apache.lucene.analysis.cz.CzechStemFilterFactory
1432:             1             24  org.apache.lucene.analysis.de.GermanLightStemFilterFactory
1433:             1             24  org.apache.lucene.analysis.de.GermanNormalizationFilterFactory
1434:             1             24  org.apache.lucene.analysis.el.GreekLowerCaseFilterFactory
1435:             1             24  org.apache.lucene.analysis.el.GreekStemFilterFactory
1436:             1             24  org.apache.lucene.analysis.en.EnglishMinimalStemFilterFactory
1437:             1             24  org.apache.lucene.analysis.es.SpanishLightStemFilterFactory
1438:             1             24  org.apache.lucene.analysis.fa.PersianCharFilterFactory
1439:             1             24  org.apache.lucene.analysis.fa.PersianNormalizationFilterFactory
1440:             1             24  org.apache.lucene.analysis.fr.FrenchLightStemFilterFactory
1441:             1             24  org.apache.lucene.analysis.ga.IrishLowerCaseFilterFactory
1442:             1             24  org.apache.lucene.analysis.gl.GalicianStemFilterFactory
1443:             1             24  org.apache.lucene.analysis.hi.HindiNormalizationFilterFactory
1444:             1             24  org.apache.lucene.analysis.hi.HindiStemFilterFactory
1445:             1             24  org.apache.lucene.analysis.in.IndicNormalizationFilterFactory
1446:             1             24  org.apache.lucene.analysis.it.ItalianLightStemFilterFactory
1447:             1             24  org.apache.lucene.analysis.ja.JapaneseBaseFormFilterFactory
1448:             1             24  org.apache.lucene.analysis.lv.LatvianStemFilterFactory
1449:             1             24  org.apache.lucene.analysis.miscellaneous.RemoveDuplicatesTokenFilterFactory
1450:             1             24  org.apache.lucene.analysis.miscellaneous.StemmerOverrideFilter$StemmerOverrideMap
1451:             1             24  org.apache.lucene.analysis.pt.PortugueseLightStemFilterFactory
1452:             1             24  org.apache.lucene.analysis.th.ThaiTokenizerFactory
1453:             1             24  org.apache.lucene.analysis.tr.ApostropheFilterFactory
1454:             1             24  org.apache.lucene.analysis.tr.TurkishLowerCaseFilterFactory
1455:             1             24  org.apache.lucene.codecs.blocktreeords.BlockTreeOrdsPostingsFormat
1456:             1             24  org.apache.lucene.codecs.bloom.BloomFilteringPostingsFormat
1457:             1             24  org.apache.lucene.codecs.lucene40.Lucene40Codec$1
1458:             1             24  org.apache.lucene.codecs.lucene41.Lucene41Codec$1
1459:             1             24  org.apache.lucene.codecs.lucene410.Lucene410Codec$1
1460:             1             24  org.apache.lucene.codecs.lucene410.Lucene410Codec$2
1461:             1             24  org.apache.lucene.codecs.lucene42.Lucene42Codec$1
1462:             1             24  org.apache.lucene.codecs.lucene42.Lucene42Codec$2
1463:             1             24  org.apache.lucene.codecs.lucene42.Lucene42Codec$3
1464:             1             24  org.apache.lucene.codecs.lucene42.Lucene42DocValuesFormat
1465:             1             24  org.apache.lucene.codecs.lucene45.Lucene45Codec$1
1466:             1             24  org.apache.lucene.codecs.lucene45.Lucene45Codec$2
1467:             1             24  org.apache.lucene.codecs.lucene45.Lucene45Codec$3
1468:             1             24  org.apache.lucene.codecs.lucene46.Lucene46Codec$1
1469:             1             24  org.apache.lucene.codecs.lucene46.Lucene46Codec$2
1470:             1             24  org.apache.lucene.codecs.lucene46.Lucene46Codec$3
1471:             1             24  org.apache.lucene.codecs.lucene49.Lucene49Codec$1
1472:             1             24  org.apache.lucene.codecs.lucene49.Lucene49Codec$2
1473:             1             24  org.apache.lucene.codecs.lucene50.Lucene50PostingsFormat
1474:             1             24  org.apache.lucene.codecs.memory.DirectPostingsFormat
1475:             1             24  org.apache.lucene.codecs.memory.MemoryDocValuesFormat
1476:             1             24  org.apache.lucene.codecs.memory.MemoryPostingsFormat
1477:             1             24  org.apache.lucene.index.DocumentsWriterDeleteQueue$DeleteSlice
1478:             1             24  org.apache.lucene.index.DocumentsWriterDeleteQueue$Node
1479:             1             24  org.apache.lucene.index.DocumentsWriterFlushQueue
1480:             1             24  org.apache.lucene.index.DocumentsWriterStallControl
1481:             1             24  org.apache.lucene.index.FlushByRamOrCountsPolicy
1482:             1             24  org.apache.lucene.index.IndexWriter$1
1483:             1             24  org.apache.lucene.index.IndexWriter$ReaderPool
1484:             1             24  org.apache.lucene.index.MultiBits
1485:             1             24  org.apache.lucene.index.MultiFields
1486:             1             24  org.apache.lucene.index.MultiTerms
1487:             1             24  org.apache.lucene.search.BooleanClause$Occur$1
1488:             1             24  org.apache.lucene.search.BooleanClause$Occur$2
1489:             1             24  org.apache.lucene.search.BooleanClause$Occur$3
1490:             1             24  org.apache.lucene.search.TopDocs
1491:             1             24  org.apache.lucene.spatial.prefix.tree.GeohashPrefixTree
1492:             1             24  org.apache.lucene.store.FlushInfo
1493:             1             24  org.apache.lucene.uninverting.FieldCacheImpl
1494:             1             24  org.apache.lucene.uninverting.FieldCacheImpl$BinaryDocValuesCache
1495:             1             24  org.apache.lucene.uninverting.FieldCacheImpl$DocTermOrdsCache
1496:             1             24  org.apache.lucene.uninverting.FieldCacheImpl$DocsWithFieldCache
1497:             1             24  org.apache.lucene.uninverting.FieldCacheImpl$LongCache
1498:             1             24  org.apache.lucene.uninverting.FieldCacheImpl$SortedDocValuesCache
1499:             1             24  org.apache.lucene.util.AttributeFactory$1
1500:             1             24  org.apache.lucene.util.AttributeSource$2
1501:             1             24  org.apache.lucene.util.SetOnce
1502:             1             24  org.apache.lucene.util.packed.PackedInts$Format$1
1503:             1             24  org.apache.lucene.util.packed.PackedInts$Format$2
1504:             1             24  org.apache.solr.client.solrj.SolrQuery
1505:             1             24  org.apache.solr.client.solrj.SolrQuery$SortClause
1506:             1             24  org.apache.solr.common.SolrInputDocument
1507:             1             24  org.apache.solr.common.util.SolrjNamedThreadFactory
1508:             1             24  org.apache.solr.core.ConfigSetService$Default
1509:             1             24  org.apache.solr.core.JarRepository
1510:             1             24  org.apache.solr.core.RequestHandlers
1511:             1             24  org.apache.solr.core.RequestParams
1512:             1             24  org.apache.solr.core.SchemaCodecFactory
1513:             1             24  org.apache.solr.core.SolrDeletionPolicy
1514:             1             24  org.apache.solr.handler.ReplicationHandler$3
1515:             1             24  org.apache.solr.handler.component.ExpandComponent
1516:             1             24  org.apache.solr.handler.component.FacetComponent
1517:             1             24  org.apache.solr.handler.component.HighlightComponent
1518:             1             24  org.apache.solr.handler.component.TermVectorComponent
1519:             1             24  org.apache.solr.highlight.BreakIteratorBoundaryScanner
1520:             1             24  org.apache.solr.highlight.DefaultEncoder
1521:             1             24  org.apache.solr.highlight.GapFragmenter
1522:             1             24  org.apache.solr.highlight.HtmlEncoder
1523:             1             24  org.apache.solr.highlight.HtmlFormatter
1524:             1             24  org.apache.solr.highlight.SimpleBoundaryScanner
1525:             1             24  org.apache.solr.highlight.SimpleFragListBuilder
1526:             1             24  org.apache.solr.highlight.SingleFragListBuilder
1527:             1             24  org.apache.solr.highlight.WeightedFragListBuilder
1528:             1             24  org.apache.solr.response.transform.ExplainAugmenterFactory
1529:             1             24  org.apache.solr.response.transform.ValueAugmenterFactory
1530:             1             24  org.apache.solr.schema.FileExchangeRateProvider
1531:             1             24  org.apache.solr.schema.TrieDateField$ThreadLocalDateFormat
1532:             1             24  org.apache.solr.search.BitDocSet
1533:             1             24  org.apache.solr.search.similarities.DefaultSimilarityFactory
1534:             1             24  org.apache.solr.spelling.SpellingQueryConverter
1535:             1             24  org.apache.solr.update.DefaultSolrCoreState$1
1536:             1             24  org.apache.solr.update.UpdateShardHandler
1537:             1             24  org.apache.solr.update.processor.LogUpdateProcessorFactory
1538:             1             24  org.apache.solr.update.processor.UpdateRequestProcessorChain
1539:             1             24  org.apache.solr.util.stats.Histogram$SampleType$1
1540:             1             24  org.apache.solr.util.stats.Histogram$SampleType$2
1541:             1             24  org.eclipse.jetty.deploy.AppLifeCycle
1542:             1             24  org.eclipse.jetty.http.HttpFields$DateGenerator
1543:             1             24  org.eclipse.jetty.http.HttpHeaderValues
1544:             1             24  org.eclipse.jetty.http.HttpHeaders
1545:             1             24  org.eclipse.jetty.server.AbstractConnector$Acceptor
1546:             1             24  org.eclipse.jetty.servlet.FilterHolder$Config
1547:             1             24  org.eclipse.jetty.servlet.NoJspServlet
1548:             1             24  org.eclipse.jetty.util.IO$NullWrite
1549:             1             24  org.eclipse.jetty.util.MultiMap
1550:             1             24  org.noggit.NullCharArr
1551:             1             24  org.slf4j.helpers.FormattingTuple
1552:             1             24  sun.launcher.LauncherHelper
1553:             1             24  sun.management.VMManagementImpl
1554:             1             24  sun.misc.JarIndex
1555:             1             24  sun.misc.URLClassPath$FileLoader
1556:             1             24  sun.net.ProgressMonitor
1557:             1             24  sun.net.sdp.SdpProvider
1558:             1             24  sun.nio.ch.SharedFileLockTable
1559:             1             24  sun.nio.cs.ISO_8859_1
1560:             1             24  sun.nio.cs.US_ASCII
1561:             1             24  sun.nio.cs.UTF_16
1562:             1             24  sun.nio.cs.UTF_16BE
1563:             1             24  sun.nio.cs.UTF_16LE
1564:             1             24  sun.nio.cs.UTF_8
1565:             1             24  sun.reflect.generics.factory.CoreReflectionFactory
1566:             1             24  sun.reflect.generics.scope.ClassScope
1567:             1             24  sun.reflect.generics.tree.FormalTypeParameter
1568:             1             24  sun.security.provider.DSAParameters
1569:             1             24  sun.security.ssl.SSLAlgorithmConstraints$TLSDisabledAlgConstraints
1570:             1             24  sun.security.ssl.SSLAlgorithmConstraints$X509DisabledAlgConstraints
1571:             1             24  sun.security.ssl.SunX509KeyManagerImpl
1572:             1             24  sun.security.util.DisabledAlgorithmConstraints$KeySizeConstraint
1573:             1             24  sun.text.normalizer.ReplaceableUCharacterIterator
1574:             1             24  sun.util.locale.BaseLocale$Cache
1575:             1             24  sun.util.locale.provider.CalendarDataProviderImpl
1576:             1             24  sun.util.locale.provider.CalendarProviderImpl
1577:             1             24  sun.util.locale.provider.CollatorProviderImpl
1578:             1             24  sun.util.locale.provider.CurrencyNameProviderImpl
1579:             1             24  sun.util.locale.provider.DateFormatSymbolsProviderImpl
1580:             1             24  sun.util.locale.provider.DecimalFormatSymbolsProviderImpl
1581:             1             24  sun.util.locale.provider.NumberFormatProviderImpl
1582:             1             16  [Ljava.beans.EventSetDescriptor;
1583:             1             16  [Ljava.lang.Enum;
1584:             1             16  [Ljava.lang.Throwable;
1585:             1             16  [Ljava.nio.file.attribute.FileAttribute;
1586:             1             16  [Ljava.security.Provider;
1587:             1             16  [Ljava.text.FieldPosition;
1588:             1             16  [Ljava.util.logging.Handler;
1589:             1             16  [Lorg.apache.lucene.codecs.PostingsFormat;
1590:             1             16  [Lorg.apache.lucene.search.ScoreDoc;
1591:             1             16  [Lorg.apache.lucene.search.SortField;
1592:             1             16  [Lorg.apache.solr.client.solrj.impl.LBHttpSolrClient$ServerWrapper;
1593:             1             16  com.google.common.base.Equivalence$Equals
1594:             1             16  com.google.common.base.Joiner
1595:             1             16  com.google.common.base.Suppliers$SupplierOfInstance
1596:             1             16  com.google.common.base.Ticker$1
1597:             1             16  com.google.common.cache.CacheBuilder$1
1598:             1             16  com.google.common.cache.CacheBuilder$2
1599:             1             16  com.google.common.cache.CacheBuilder$3
1600:             1             16  com.google.common.cache.LocalCache$1
1601:             1             16  com.google.common.cache.LocalCache$2
1602:             1             16  com.google.common.collect.ImmutableCollection$EmptyImmutableCollection
1603:             1             16  com.google.common.collect.Iterators$1
1604:             1             16  com.google.common.collect.Iterators$2
1605:             1             16  com.sun.naming.internal.VersionHelper12
1606:             1             16  com.sun.org.apache.xalan.internal.utils.SecuritySupport
1607:             1             16  com.sun.org.apache.xerces.internal.dom.CharacterDataImpl$1
1608:             1             16  com.sun.org.apache.xerces.internal.impl.XMLDocumentScannerImpl$DTDDriver
1609:             1             16  com.sun.org.apache.xerces.internal.impl.dv.dtd.IDDatatypeValidator
1610:             1             16  com.sun.org.apache.xerces.internal.impl.dv.dtd.IDREFDatatypeValidator
1611:             1             16  com.sun.org.apache.xerces.internal.impl.dv.dtd.NMTOKENDatatypeValidator
1612:             1             16  com.sun.org.apache.xerces.internal.impl.dv.dtd.NOTATIONDatatypeValidator
1613:             1             16  com.sun.org.apache.xerces.internal.impl.dv.dtd.StringDatatypeValidator
1614:             1             16  com.sun.org.apache.xerces.internal.utils.SecuritySupport
1615:             1             16  com.sun.org.apache.xpath.internal.objects.EqualComparator
1616:             1             16  com.sun.org.apache.xpath.internal.objects.GreaterThanComparator
1617:             1             16  com.sun.org.apache.xpath.internal.objects.GreaterThanOrEqualComparator
1618:             1             16  com.sun.org.apache.xpath.internal.objects.LessThanComparator
1619:             1             16  com.sun.org.apache.xpath.internal.objects.LessThanOrEqualComparator
1620:             1             16  com.sun.org.apache.xpath.internal.objects.NotEqualComparator
1621:             1             16  com.sun.org.apache.xpath.internal.objects.XMLStringFactoryImpl
1622:             1             16  java.io.FileDescriptor$1
1623:             1             16  java.lang.ApplicationShutdownHooks$1
1624:             1             16  java.lang.CharacterData00
1625:             1             16  java.lang.CharacterDataLatin1
1626:             1             16  java.lang.InheritableThreadLocal
1627:             1             16  java.lang.Runtime
1628:             1             16  java.lang.String$CaseInsensitiveComparator
1629:             1             16  java.lang.System$2
1630:             1             16  java.lang.Terminator$1
1631:             1             16  java.lang.invoke.MemberName$Factory
1632:             1             16  java.lang.invoke.MethodHandleImpl$2
1633:             1             16  java.lang.invoke.MethodHandleImpl$3
1634:             1             16  java.lang.management.PlatformComponent$1
1635:             1             16  java.lang.management.PlatformComponent$10
1636:             1             16  java.lang.management.PlatformComponent$11
1637:             1             16  java.lang.management.PlatformComponent$12
1638:             1             16  java.lang.management.PlatformComponent$13
1639:             1             16  java.lang.management.PlatformComponent$14
1640:             1             16  java.lang.management.PlatformComponent$15
1641:             1             16  java.lang.management.PlatformComponent$2
1642:             1             16  java.lang.management.PlatformComponent$3
1643:             1             16  java.lang.management.PlatformComponent$4
1644:             1             16  java.lang.management.PlatformComponent$5
1645:             1             16  java.lang.management.PlatformComponent$6
1646:             1             16  java.lang.management.PlatformComponent$7
1647:             1             16  java.lang.management.PlatformComponent$8
1648:             1             16  java.lang.management.PlatformComponent$9
1649:             1             16  java.lang.ref.Reference$Lock
1650:             1             16  java.lang.reflect.Proxy$KeyFactory
1651:             1             16  java.lang.reflect.Proxy$ProxyClassFactory
1652:             1             16  java.lang.reflect.ReflectAccess
1653:             1             16  java.net.InetAddress$2
1654:             1             16  java.net.URLClassLoader$7
1655:             1             16  java.nio.Bits$1
1656:             1             16  java.nio.channels.spi.AbstractInterruptibleChannel$1
1657:             1             16  java.nio.charset.CoderResult$1
1658:             1             16  java.nio.charset.CoderResult$2
1659:             1             16  java.security.ProtectionDomain$1
1660:             1             16  java.security.ProtectionDomain$3
1661:             1             16  java.text.DontCareFieldPosition$1
1662:             1             16  java.util.Collections$EmptyEnumeration
1663:             1             16  java.util.Collections$EmptyIterator
1664:             1             16  java.util.Collections$EmptyList
1665:             1             16  java.util.Collections$EmptySet
1666:             1             16  java.util.Collections$UnmodifiableMap$UnmodifiableEntrySet
1667:             1             16  java.util.Currency$CurrencyNameGetter
1668:             1             16  java.util.Hashtable$KeySet
1669:             1             16  java.util.ResourceBundle$Control
1670:             1             16  java.util.Timer$1
1671:             1             16  java.util.concurrent.ConcurrentHashMap$EntrySetView
1672:             1             16  java.util.concurrent.ConcurrentSkipListMap$KeySet
1673:             1             16  java.util.concurrent.Executors$FinalizableDelegatedExecutorService
1674:             1             16  java.util.concurrent.ThreadPoolExecutor$AbortPolicy
1675:             1             16  java.util.jar.JavaUtilJarAccessImpl
1676:             1             16  java.util.logging.LoggingProxyImpl
1677:             1             16  java.util.regex.Pattern$4
1678:             1             16  java.util.regex.Pattern$Begin
1679:             1             16  java.util.regex.Pattern$CharPropertyNames$10
1680:             1             16  java.util.regex.Pattern$CharPropertyNames$11
1681:             1             16  java.util.regex.Pattern$CharPropertyNames$12
1682:             1             16  java.util.regex.Pattern$CharPropertyNames$13
1683:             1             16  java.util.regex.Pattern$CharPropertyNames$14
1684:             1             16  java.util.regex.Pattern$CharPropertyNames$15
1685:             1             16  java.util.regex.Pattern$CharPropertyNames$16
1686:             1             16  java.util.regex.Pattern$CharPropertyNames$17
1687:             1             16  java.util.regex.Pattern$CharPropertyNames$18
1688:             1             16  java.util.regex.Pattern$CharPropertyNames$19
1689:             1             16  java.util.regex.Pattern$CharPropertyNames$20
1690:             1             16  java.util.regex.Pattern$CharPropertyNames$21
1691:             1             16  java.util.regex.Pattern$CharPropertyNames$22
1692:             1             16  java.util.regex.Pattern$CharPropertyNames$23
1693:             1             16  java.util.regex.Pattern$CharPropertyNames$5
1694:             1             16  java.util.regex.Pattern$CharPropertyNames$6
1695:             1             16  java.util.regex.Pattern$CharPropertyNames$7
1696:             1             16  java.util.regex.Pattern$CharPropertyNames$8
1697:             1             16  java.util.regex.Pattern$CharPropertyNames$9
1698:             1             16  java.util.regex.Pattern$LastNode
1699:             1             16  java.util.regex.Pattern$Node
1700:             1             16  java.util.zip.ZipFile$1
1701:             1             16  javax.xml.parsers.SecuritySupport
1702:             1             16  javax.xml.stream.SecuritySupport
1703:             1             16  javax.xml.transform.SecuritySupport
1704:             1             16  org.apache.http.conn.ssl.AllowAllHostnameVerifier
1705:             1             16  org.apache.http.conn.ssl.BrowserCompatHostnameVerifier
1706:             1             16  org.apache.http.conn.ssl.StrictHostnameVerifier
1707:             1             16  org.apache.log4j.DefaultCategoryFactory
1708:             1             16  org.apache.log4j.helpers.AppenderAttachableImpl
1709:             1             16  org.apache.log4j.or.DefaultRenderer
1710:             1             16  org.apache.log4j.or.RendererMap
1711:             1             16  org.apache.log4j.spi.DefaultRepositorySelector
1712:             1             16  org.apache.lucene.analysis.Analyzer$1
1713:             1             16  org.apache.lucene.analysis.Analyzer$2
1714:             1             16  org.apache.lucene.analysis.payloads.FloatEncoder
1715:             1             16  org.apache.lucene.analysis.util.CharacterUtils$Java4CharacterUtils
1716:             1             16  org.apache.lucene.analysis.util.CharacterUtils$Java5CharacterUtils
1717:             1             16  org.apache.lucene.codecs.bloom.DefaultBloomFilterFactory
1718:             1             16  org.apache.lucene.codecs.compressing.CompressionMode$1
1719:             1             16  org.apache.lucene.codecs.compressing.CompressionMode$2
1720:             1             16  org.apache.lucene.codecs.compressing.CompressionMode$3
1721:             1             16  org.apache.lucene.codecs.compressing.CompressionMode$4
1722:             1             16  org.apache.lucene.codecs.lucene40.Lucene40PostingsFormat
1723:             1             16  org.apache.lucene.codecs.lucene40.Lucene40StoredFieldsFormat
1724:             1             16  org.apache.lucene.codecs.lucene41.Lucene41PostingsFormat
1725:             1             16  org.apache.lucene.codecs.lucene410.Lucene410Codec$3
1726:             1             16  org.apache.lucene.codecs.lucene410.Lucene410DocValuesFormat
1727:             1             16  org.apache.lucene.codecs.lucene45.Lucene45DocValuesFormat
1728:             1             16  org.apache.lucene.codecs.lucene49.Lucene49Codec$3
1729:             1             16  org.apache.lucene.codecs.lucene49.Lucene49DocValuesFormat
1730:             1             16  org.apache.lucene.codecs.lucene50.Lucene50DocValuesFormat
1731:             1             16  org.apache.lucene.codecs.memory.DirectDocValuesFormat
1732:             1             16  org.apache.lucene.codecs.memory.FSTOrdPostingsFormat
1733:             1             16  org.apache.lucene.codecs.memory.FSTPostingsFormat
1734:             1             16  org.apache.lucene.codecs.simpletext.SimpleTextCompoundFormat
1735:             1             16  org.apache.lucene.codecs.simpletext.SimpleTextFieldInfosFormat
1736:             1             16  org.apache.lucene.codecs.simpletext.SimpleTextLiveDocsFormat
1737:             1             16  org.apache.lucene.codecs.simpletext.SimpleTextNormsFormat
1738:             1             16  org.apache.lucene.codecs.simpletext.SimpleTextSegmentInfoFormat
1739:             1             16  org.apache.lucene.codecs.simpletext.SimpleTextStoredFieldsFormat
1740:             1             16  org.apache.lucene.codecs.simpletext.SimpleTextTermVectorsFormat
1741:             1             16  org.apache.lucene.index.BufferedUpdatesStream$1
1742:             1             16  org.apache.lucene.index.DocumentsWriterPerThread$1
1743:             1             16  org.apache.lucene.index.TermsEnum$2
1744:             1             16  org.apache.lucene.search.MultiTermQuery$1
1745:             1             16  org.apache.lucene.search.ScoringRewrite$1
1746:             1             16  org.apache.lucene.search.ScoringRewrite$2
1747:             1             16  org.apache.lucene.search.spell.LuceneLevenshteinDistance
1748:             1             16  org.apache.lucene.search.spell.SuggestWordScoreComparator
1749:             1             16  org.apache.lucene.store.MMapDirectory$1
1750:             1             16  org.apache.lucene.store.NativeFSLockFactory
1751:             1             16  org.apache.lucene.uninverting.FieldCache$1
1752:             1             16  org.apache.lucene.uninverting.FieldCache$2
1753:             1             16  org.apache.lucene.uninverting.FieldCache$3
1754:             1             16  org.apache.lucene.uninverting.FieldCache$4
1755:             1             16  org.apache.lucene.uninverting.FieldCacheImpl$1
1756:             1             16  org.apache.lucene.util.ArrayUtil$NaturalComparator
1757:             1             16  org.apache.lucene.util.AttributeFactory$DefaultAttributeFactory
1758:             1             16  org.apache.lucene.util.BytesRef$UTF8SortedAsUTF16Comparator
1759:             1             16  org.apache.lucene.util.BytesRef$UTF8SortedAsUnicodeComparator
1760:             1             16  org.apache.lucene.util.CharsRef$UTF16SortedAsUTF8Comparator
1761:             1             16  org.apache.lucene.util.InfoStream$NoOutput
1762:             1             16  org.apache.lucene.util.LongValues$1
1763:             1             16  org.apache.lucene.util.fst.ByteSequenceOutputs
1764:             1             16  org.apache.lucene.util.packed.PackedInts$NullReader
1765:             1             16  org.apache.solr.client.solrj.impl.BinaryResponseParser
1766:             1             16  org.apache.solr.client.solrj.impl.HttpClientConfigurer
1767:             1             16  org.apache.solr.core.ConfigSolrXml$1
1768:             1             16  org.apache.solr.core.ConfigSolrXml$2
1769:             1             16  org.apache.solr.core.ConfigSolrXml$3
1770:             1             16  org.apache.solr.core.CorePropertiesLocator
1771:             1             16  org.apache.solr.core.SolrCore$9
1772:             1             16  org.apache.solr.core.StandardIndexReaderFactory
1773:             1             16  org.apache.solr.handler.ReplicationHandler$2
1774:             1             16  org.apache.solr.handler.component.DebugComponent
1775:             1             16  org.apache.solr.handler.component.MoreLikeThisComponent
1776:             1             16  org.apache.solr.handler.component.QueryComponent
1777:             1             16  org.apache.solr.handler.component.RealTimeGetComponent
1778:             1             16  org.apache.solr.handler.component.StatsComponent
1779:             1             16  org.apache.solr.handler.component.TermsComponent
1780:             1             16  org.apache.solr.response.BinaryResponseWriter
1781:             1             16  org.apache.solr.response.CSVResponseWriter
1782:             1             16  org.apache.solr.response.PHPResponseWriter
1783:             1             16  org.apache.solr.response.PHPSerializedResponseWriter
1784:             1             16  org.apache.solr.response.PythonResponseWriter
1785:             1             16  org.apache.solr.response.RawResponseWriter
1786:             1             16  org.apache.solr.response.RubyResponseWriter
1787:             1             16  org.apache.solr.response.SchemaXmlResponseWriter
1788:             1             16  org.apache.solr.response.SortingResponseWriter
1789:             1             16  org.apache.solr.response.XMLResponseWriter
1790:             1             16  org.apache.solr.response.XSLTResponseWriter
1791:             1             16  org.apache.solr.response.transform.ChildDocTransformerFactory
1792:             1             16  org.apache.solr.response.transform.DocIdAugmenterFactory
1793:             1             16  org.apache.solr.response.transform.ElevatedMarkerFactory
1794:             1             16  org.apache.solr.response.transform.ExcludedMarkerFactory
1795:             1             16  org.apache.solr.response.transform.ShardAugmenterFactory
1796:             1             16  org.apache.solr.rest.ManagedResourceStorage$FileStorageIO
1797:             1             16  org.apache.solr.schema.RandomSortField$1
1798:             1             16  org.apache.solr.search.BoostQParserPlugin
1799:             1             16  org.apache.solr.search.CollapsingQParserPlugin
1800:             1             16  org.apache.solr.search.ComplexPhraseQParserPlugin
1801:             1             16  org.apache.solr.search.DateValueSourceParser
1802:             1             16  org.apache.solr.search.DisMaxQParserPlugin
1803:             1             16  org.apache.solr.search.ExportQParserPlugin
1804:             1             16  org.apache.solr.search.ExtendedDismaxQParserPlugin
1805:             1             16  org.apache.solr.search.FieldQParserPlugin
1806:             1             16  org.apache.solr.search.FunctionQParserPlugin
1807:             1             16  org.apache.solr.search.FunctionRangeQParserPlugin
1808:             1             16  org.apache.solr.search.JoinQParserPlugin
1809:             1             16  org.apache.solr.search.LuceneQParserPlugin
1810:             1             16  org.apache.solr.search.MaxScoreQParserPlugin
1811:             1             16  org.apache.solr.search.NestedQParserPlugin
1812:             1             16  org.apache.solr.search.NoOpRegenerator
1813:             1             16  org.apache.solr.search.OldLuceneQParserPlugin
1814:             1             16  org.apache.solr.search.PrefixQParserPlugin
1815:             1             16  org.apache.solr.search.RawQParserPlugin
1816:             1             16  org.apache.solr.search.ReRankQParserPlugin
1817:             1             16  org.apache.solr.search.SimpleQParserPlugin
1818:             1             16  org.apache.solr.search.SolrFieldCacheMBean
1819:             1             16  org.apache.solr.search.SolrIndexSearcher$1
1820:             1             16  org.apache.solr.search.SolrIndexSearcher$2
1821:             1             16  org.apache.solr.search.SolrIndexSearcher$3
1822:             1             16  org.apache.solr.search.SolrIndexSearcher$4
1823:             1             16  org.apache.solr.search.SolrQueryTimeoutImpl
1824:             1             16  org.apache.solr.search.SolrQueryTimeoutImpl$1
1825:             1             16  org.apache.solr.search.SpatialBoxQParserPlugin
1826:             1             16  org.apache.solr.search.SpatialFilterQParserPlugin
1827:             1             16  org.apache.solr.search.SurroundQParserPlugin
1828:             1             16  org.apache.solr.search.SwitchQParserPlugin
1829:             1             16  org.apache.solr.search.TermQParserPlugin
1830:             1             16  org.apache.solr.search.TermsQParserPlugin
1831:             1             16  org.apache.solr.search.ValueSourceParser$1
1832:             1             16  org.apache.solr.search.ValueSourceParser$10
1833:             1             16  org.apache.solr.search.ValueSourceParser$11
1834:             1             16  org.apache.solr.search.ValueSourceParser$12
1835:             1             16  org.apache.solr.search.ValueSourceParser$13
1836:             1             16  org.apache.solr.search.ValueSourceParser$14
1837:             1             16  org.apache.solr.search.ValueSourceParser$15
1838:             1             16  org.apache.solr.search.ValueSourceParser$16
1839:             1             16  org.apache.solr.search.ValueSourceParser$17
1840:             1             16  org.apache.solr.search.ValueSourceParser$18
1841:             1             16  org.apache.solr.search.ValueSourceParser$19
1842:             1             16  org.apache.solr.search.ValueSourceParser$2
1843:             1             16  org.apache.solr.search.ValueSourceParser$20
1844:             1             16  org.apache.solr.search.ValueSourceParser$21
1845:             1             16  org.apache.solr.search.ValueSourceParser$22
1846:             1             16  org.apache.solr.search.ValueSourceParser$23
1847:             1             16  org.apache.solr.search.ValueSourceParser$24
1848:             1             16  org.apache.solr.search.ValueSourceParser$25
1849:             1             16  org.apache.solr.search.ValueSourceParser$26
1850:             1             16  org.apache.solr.search.ValueSourceParser$27
1851:             1             16  org.apache.solr.search.ValueSourceParser$28
1852:             1             16  org.apache.solr.search.ValueSourceParser$29
1853:             1             16  org.apache.solr.search.ValueSourceParser$3
1854:             1             16  org.apache.solr.search.ValueSourceParser$30
1855:             1             16  org.apache.solr.search.ValueSourceParser$31
1856:             1             16  org.apache.solr.search.ValueSourceParser$32
1857:             1             16  org.apache.solr.search.ValueSourceParser$33
1858:             1             16  org.apache.solr.search.ValueSourceParser$34
1859:             1             16  org.apache.solr.search.ValueSourceParser$35
1860:             1             16  org.apache.solr.search.ValueSourceParser$36
1861:             1             16  org.apache.solr.search.ValueSourceParser$37
1862:             1             16  org.apache.solr.search.ValueSourceParser$38
1863:             1             16  org.apache.solr.search.ValueSourceParser$39
1864:             1             16  org.apache.solr.search.ValueSourceParser$4
1865:             1             16  org.apache.solr.search.ValueSourceParser$40
1866:             1             16  org.apache.solr.search.ValueSourceParser$41
1867:             1             16  org.apache.solr.search.ValueSourceParser$42
1868:             1             16  org.apache.solr.search.ValueSourceParser$43
1869:             1             16  org.apache.solr.search.ValueSourceParser$44
1870:             1             16  org.apache.solr.search.ValueSourceParser$45
1871:             1             16  org.apache.solr.search.ValueSourceParser$46
1872:             1             16  org.apache.solr.search.ValueSourceParser$47
1873:             1             16  org.apache.solr.search.ValueSourceParser$48
1874:             1             16  org.apache.solr.search.ValueSourceParser$49
1875:             1             16  org.apache.solr.search.ValueSourceParser$5
1876:             1             16  org.apache.solr.search.ValueSourceParser$50
1877:             1             16  org.apache.solr.search.ValueSourceParser$51
1878:             1             16  org.apache.solr.search.ValueSourceParser$52
1879:             1             16  org.apache.solr.search.ValueSourceParser$53
1880:             1             16  org.apache.solr.search.ValueSourceParser$54
1881:             1             16  org.apache.solr.search.ValueSourceParser$55
1882:             1             16  org.apache.solr.search.ValueSourceParser$56
1883:             1             16  org.apache.solr.search.ValueSourceParser$57
1884:             1             16  org.apache.solr.search.ValueSourceParser$58
1885:             1             16  org.apache.solr.search.ValueSourceParser$59
1886:             1             16  org.apache.solr.search.ValueSourceParser$6
1887:             1             16  org.apache.solr.search.ValueSourceParser$60
1888:             1             16  org.apache.solr.search.ValueSourceParser$61
1889:             1             16  org.apache.solr.search.ValueSourceParser$62
1890:             1             16  org.apache.solr.search.ValueSourceParser$63
1891:             1             16  org.apache.solr.search.ValueSourceParser$64
1892:             1             16  org.apache.solr.search.ValueSourceParser$65
1893:             1             16  org.apache.solr.search.ValueSourceParser$66
1894:             1             16  org.apache.solr.search.ValueSourceParser$67
1895:             1             16  org.apache.solr.search.ValueSourceParser$68
1896:             1             16  org.apache.solr.search.ValueSourceParser$69
1897:             1             16  org.apache.solr.search.ValueSourceParser$7
1898:             1             16  org.apache.solr.search.ValueSourceParser$70
1899:             1             16  org.apache.solr.search.ValueSourceParser$71
1900:             1             16  org.apache.solr.search.ValueSourceParser$72
1901:             1             16  org.apache.solr.search.ValueSourceParser$73
1902:             1             16  org.apache.solr.search.ValueSourceParser$74
1903:             1             16  org.apache.solr.search.ValueSourceParser$8
1904:             1             16  org.apache.solr.search.ValueSourceParser$9
1905:             1             16  org.apache.solr.search.function.distance.GeoDistValueSourceParser
1906:             1             16  org.apache.solr.search.grouping.endresulttransformer.MainEndResultTransformer
1907:             1             16  org.apache.solr.search.grouping.endresulttransformer.SimpleEndResultTransformer
1908:             1             16  org.apache.solr.search.join.BlockJoinChildQParserPlugin
1909:             1             16  org.apache.solr.search.join.BlockJoinParentQParserPlugin
1910:             1             16  org.apache.solr.search.mlt.MLTQParserPlugin
1911:             1             16  org.apache.solr.search.stats.LocalStatsCache
1912:             1             16  org.apache.solr.update.LoggingInfoStream
1913:             1             16  org.apache.solr.update.TransactionLog$1
1914:             1             16  org.apache.solr.update.processor.DistributedUpdateProcessorFactory
1915:             1             16  org.apache.solr.update.processor.RunUpdateProcessorFactory
1916:             1             16  org.apache.solr.util.EmptyEntityResolver$1
1917:             1             16  org.apache.solr.util.EmptyEntityResolver$2
1918:             1             16  org.apache.solr.util.stats.Clock$UserTimeClock
1919:             1             16  org.eclipse.jetty.deploy.bindings.StandardDeployer
1920:             1             16  org.eclipse.jetty.deploy.bindings.StandardStarter
1921:             1             16  org.eclipse.jetty.deploy.bindings.StandardStopper
1922:             1             16  org.eclipse.jetty.deploy.bindings.StandardUndeployer
1923:             1             16  org.eclipse.jetty.deploy.providers.ContextProvider$1
1924:             1             16  org.eclipse.jetty.deploy.providers.ScanningAppProvider$1
1925:             1             16  org.eclipse.jetty.http.HttpFields$1
1926:             1             16  org.eclipse.jetty.http.HttpFields$2
1927:             1             16  org.eclipse.jetty.http.MimeTypes
1928:             1             16  org.eclipse.jetty.security.DefaultAuthenticatorFactory
1929:             1             16  org.eclipse.jetty.security.SecurityHandler$1
1930:             1             16  org.eclipse.jetty.security.SecurityHandler$2
1931:             1             16  org.eclipse.jetty.security.SecurityHandler$3
1932:             1             16  org.eclipse.jetty.server.Authentication$1
1933:             1             16  org.eclipse.jetty.server.Authentication$2
1934:             1             16  org.eclipse.jetty.server.Authentication$3
1935:             1             16  org.eclipse.jetty.server.Authentication$4
1936:             1             16  org.eclipse.jetty.server.Authentication$5
1937:             1             16  org.eclipse.jetty.server.handler.ContextHandler$ApproveNonExistentDirectoryAliases
1938:             1             16  org.eclipse.jetty.server.session.AbstractSessionManager$1
1939:             1             16  org.eclipse.jetty.server.session.AbstractSessionManager$2
1940:             1             16  org.eclipse.jetty.servlet.listener.ELContextCleaner
1941:             1             16  org.eclipse.jetty.servlet.listener.IntrospectorCleaner
1942:             1             16  org.eclipse.jetty.start.FilenameComparator
1943:             1             16  org.eclipse.jetty.util.IO$ClosedIS
1944:             1             16  org.eclipse.jetty.util.IO$NullOS
1945:             1             16  org.eclipse.jetty.util.StringMap$NullEntry
1946:             1             16  org.eclipse.jetty.util.component.Container
1947:             1             16  org.eclipse.jetty.util.thread.QueuedThreadPool$3
1948:             1             16  org.eclipse.jetty.webapp.FragmentConfiguration
1949:             1             16  org.eclipse.jetty.webapp.JettyWebXmlConfiguration
1950:             1             16  org.eclipse.jetty.webapp.MetaInfConfiguration
1951:             1             16  org.eclipse.jetty.webapp.StandardDescriptorProcessor
1952:             1             16  org.eclipse.jetty.webapp.WebInfConfiguration
1953:             1             16  org.eclipse.jetty.webapp.WebXmlConfiguration
1954:             1             16  org.opensextant.solrtexttagger.TagClusterReducer$1
1955:             1             16  org.opensextant.solrtexttagger.TagClusterReducer$2
1956:             1             16  org.opensextant.solrtexttagger.TagClusterReducer$3
1957:             1             16  org.slf4j.helpers.NOPLoggerFactory
1958:             1             16  org.slf4j.helpers.SubstituteLoggerFactory
1959:             1             16  org.slf4j.impl.Log4jLoggerFactory
1960:             1             16  org.slf4j.impl.StaticLoggerBinder
1961:             1             16  sun.management.HotSpotDiagnostic
1962:             1             16  sun.misc.ASCIICaseInsensitiveComparator
1963:             1             16  sun.misc.FloatingDecimal$1
1964:             1             16  sun.misc.Launcher
1965:             1             16  sun.misc.Launcher$Factory
1966:             1             16  sun.misc.Perf
1967:             1             16  sun.misc.Unsafe
1968:             1             16  sun.net.DefaultProgressMeteringPolicy
1969:             1             16  sun.net.www.protocol.file.Handler
1970:             1             16  sun.net.www.protocol.jar.JarFileFactory
1971:             1             16  sun.nio.ch.Util$1
1972:             1             16  sun.nio.fs.LinuxFileSystemProvider
1973:             1             16  sun.reflect.GeneratedConstructorAccessor13
1974:             1             16  sun.reflect.GeneratedConstructorAccessor8
1975:             1             16  sun.reflect.GeneratedMethodAccessor1
1976:             1             16  sun.reflect.GeneratedMethodAccessor2
1977:             1             16  sun.reflect.GeneratedMethodAccessor3
1978:             1             16  sun.reflect.GeneratedMethodAccessor4
1979:             1             16  sun.reflect.GeneratedMethodAccessor5
1980:             1             16  sun.reflect.GeneratedMethodAccessor6
1981:             1             16  sun.reflect.ReflectionFactory
1982:             1             16  sun.reflect.generics.tree.BottomSignature
1983:             1             16  sun.security.rsa.RSAKeyFactory
1984:             1             16  sun.security.ssl.EphemeralKeyManager
1985:             1             16  sun.security.util.ByteArrayLexOrder
1986:             1             16  sun.security.util.ByteArrayTagOrder
1987:             1             16  sun.text.normalizer.NormalizerBase$Mode
1988:             1             16  sun.text.normalizer.NormalizerBase$NFCMode
1989:             1             16  sun.text.normalizer.NormalizerBase$NFDMode
1990:             1             16  sun.text.normalizer.NormalizerBase$NFKCMode
1991:             1             16  sun.text.normalizer.NormalizerBase$NFKDMode
1992:             1             16  sun.text.normalizer.NormalizerImpl
1993:             1             16  sun.text.normalizer.NormalizerImpl$AuxTrieImpl
1994:             1             16  sun.text.normalizer.NormalizerImpl$FCDTrieImpl
1995:             1             16  sun.text.normalizer.NormalizerImpl$NormTrieImpl
1996:             1             16  sun.text.normalizer.ReplaceableString
1997:             1             16  sun.util.calendar.Gregorian
1998:             1             16  sun.util.locale.provider.AuxLocaleProviderAdapter$NullProvider
1999:             1             16  sun.util.locale.provider.CalendarDataUtility$CalendarWeekParameterGetter
2000:             1             16  sun.util.locale.provider.SPILocaleProviderAdapter
2001:             1             16  sun.util.resources.LocaleData
2002:             1             16  sun.util.resources.LocaleData$LocaleDataResourceBundleControl
Total      46461158     4700296144

 num     #instances         #bytes  class name
----------------------------------------------
   1:      36602411     3674354776  [C
   2:        356724     1418042080  [B
   3:      36584129      878019096  java.lang.String
   4:         31530      740732520  [J
   5:          8714      294111912  [I
   6:        266952      167275608  [Ljava.lang.Object;
   7:        569835       41028120  org.apache.lucene.util.fst.FST$Arc
   8:        108239       11000800  [Lorg.apache.lucene.util.fst.FST$Arc;
   9:         56606        8086848  [Ljava.util.HashMap$Node;
  10:        224742        5393808  org.apache.lucene.util.BytesRef
  11:        122706        3926592  java.util.HashMap$Node
  12:        148897        3573528  java.util.ArrayList
  13:         73729        2949160  java.util.LinkedHashMap$Entry
  14:         97953        2350872  org.apache.lucene.util.fst.ReverseBytesReader
  15:         52712        2108480  org.apache.lucene.document.FieldType
  16:         51589        2063560  sun.nio.cs.UTF_8$Decoder
  17:         39061        1874928  java.util.HashMap
  18:         52710        1686720  org.apache.lucene.document.Field
  19:         52710        1686720  org.apache.lucene.document.LazyDocument$LazyField
  20:         42015        1344480  org.apache.lucene.store.ByteArrayDataInput
  21:         22620        1266720  org.apache.lucene.codecs.memory.MemoryPostingsFormat$FSTTermsEnum
  22:         22620        1266720  org.apache.lucene.util.fst.BytesRefFSTEnum
  23:         18573        1040088  java.util.LinkedHashMap
  24:         39624         950976  org.apache.lucene.index.MultiDocsEnum$EnumWithSlice
  25:         14684         822304  org.eclipse.jetty.io.ByteArrayBuffer
  26:         20353         814120  org.apache.lucene.util.packed.Packed64
  27:         22619         723808  org.apache.lucene.index.MultiTermsEnum$TermsEnumWithSlice
  28:         36870         589920  java.lang.Integer
  29:          5037         567440  java.lang.Class
  30:         17570         562240  org.apache.lucene.document.LazyDocument
  31:         22620         542880  org.apache.lucene.index.ExitableDirectoryReader$ExitableTermsEnum
  32:         22620         542880  org.apache.lucene.util.fst.BytesRefFSTEnum$InputOutput
  33:         22594         542256  org.apache.lucene.index.MultiDocsAndPositionsEnum$EnumWithSlice
  34:         22542         541008  org.apache.lucene.index.MultiTermsEnum$TermsEnumIndex
  35:          8624         482944  org.apache.lucene.util.packed.PackedReaderIterator
  36:         18112         434688  org.apache.solr.common.SolrDocument
  37:         17046         409104  org.apache.lucene.codecs.compressing.CompressingStoredFieldsReader$SerializedDocument
  38:         17046         409104  org.apache.solr.search.SolrIndexSearcher$SetNonLazyFieldSelector
  39:          2607         312840  [Lorg.apache.lucene.index.MultiTermsEnum$TermsEnumWithSlice;
  40:          9761         312352  java.lang.StackTraceElement
  41:         18301         292816  java.util.HashSet
  42:         18124         289984  java.util.LinkedHashMap$LinkedEntrySet
  43:          1831         282064  [S
  44:         17569         281104  org.apache.lucene.document.Document
  45:          7346         235072  java.util.concurrent.ConcurrentHashMap$Node
  46:          8624         206976  org.apache.lucene.util.LongsRef
  47:          1524         182880  [Lorg.apache.lucene.index.MultiDocsEnum$EnumWithSlice;
  48:          3797         182256  java.nio.HeapCharBuffer
  49:          2348         150272  org.apache.lucene.codecs.memory.MemoryPostingsFormat$FSTDocsEnum
  50:          3185         144504  [Ljava.lang.String;
  51:            24         127808  [[B
  52:          2462         118176  java.nio.HeapByteBuffer
  53:          4773         114552  java.util.LinkedList$Node
  54:          2240         107520  org.apache.solr.parser.Token
  55:           869         104280  [Lorg.apache.lucene.index.MultiDocsAndPositionsEnum$EnumWithSlice;
  56:           868         104056  [Lorg.apache.lucene.index.MultiTermsEnum$TermsEnumIndex;
  57:            66         101256  [Lorg.apache.lucene.util.packed.PackedInts$Reader;
  58:          3149         100768  org.apache.lucene.util.WeakIdentityMap$IdentityWeakReference
  59:            17          99656  [F
  60:           456          87200  [Ljava.lang.StackTraceElement;
  61:          2161          86440  org.tartarus.snowball.Among
  62:           655          78600  [Lorg.apache.lucene.index.DocsEnum;
  63:           104          63008  [Ljava.util.concurrent.ConcurrentHashMap$Node;
  64:          3725          59600  java.lang.Object
  65:          2405          57720  org.apache.lucene.util.packed.Direct8
  66:          1802          57664  java.util.Hashtable$Entry
  67:          2389          57336  org.apache.lucene.index.BitsSlice
  68:           869          55616  org.apache.lucene.index.MultiTermsEnum
  69:          1369          54760  java.util.TreeMap$Entry
  70:          2005          48120  org.apache.lucene.util.packed.Packed64SingleBlock$Packed64SingleBlock4
  71:          2957          47312  org.apache.lucene.util.BytesRefBuilder
  72:           511          43696  [Ljava.util.WeakHashMap$Entry;
  73:           155          43488  [[C
  74:          1280          40960  org.apache.solr.schema.StrFieldSource$1
  75:           823          39504  org.opensextant.solrtexttagger.TagLL
  76:           699          39144  org.eclipse.jetty.io.ByteArrayBuffer$CaseInsensitive
  77:           790          37920  org.opensextant.solrtexttagger.TermPrefixCursor
  78:          1492          35808  java.util.concurrent.ConcurrentSkipListMap$Node
  79:          1481          35544  java.lang.Long
  80:          1428          34272  org.eclipse.jetty.http.HttpFields$Field
  81:           824          32960  java.util.WeakHashMap$Entry
  82:           224          32256  org.apache.solr.search.SolrQueryParser
  83:           498          31872  java.nio.DirectByteBufferR
  84:           655          31440  org.apache.lucene.index.MultiDocsEnum
  85:           782          31280  com.sun.org.apache.xerces.internal.dom.TextImpl
  86:           778          31120  com.sun.org.apache.xerces.internal.dom.DeferredTextImpl
  87:          1287          30888  java.lang.Double
  88:          1287          30888  org.apache.lucene.util.CharsRef
  89:          1282          30768  org.apache.lucene.uninverting.FieldCacheImpl$SortedDocValuesImpl$1
  90:          1281          30744  org.apache.lucene.util.mutable.MutableValueStr
  91:          1277          30648  org.apache.lucene.uninverting.FieldCacheImpl$CacheKey
  92:           943          30176  java.lang.ThreadLocal$ThreadLocalMap$Entry
  93:           937          29984  java.lang.ref.WeakReference
  94:           698          27920  java.lang.ref.SoftReference
  95:           862          27584  sun.security.util.DerInputBuffer
  96:           862          27584  sun.security.util.DerValue
  97:           227          27240  [Lorg.apache.lucene.queries.function.FunctionValues;
  98:           677          27080  java.math.BigInteger
  99:           241          25064  org.apache.lucene.util.fst.FST
 100:           508          24384  java.util.WeakHashMap
 101:           226          23504  org.opensextant.solrtexttagger.TaggerRequestHandler$1
 102:           477          22896  org.apache.lucene.index.FieldInfo
 103:           354          22656  java.net.URL
 104:           291          20952  com.sun.org.apache.xerces.internal.dom.DeferredElementNSImpl
 105:           869          20856  org.apache.lucene.index.MultiTermsEnum$TermMergeQueue
 106:           649          20768  java.util.Collections$UnmodifiableMap
 107:          1294          20704  java.lang.Float
 108:           862          20688  sun.security.util.DerInputStream
 109:           857          20568  [Lsun.security.x509.AVA;
 110:           857          20568  sun.security.x509.AVA
 111:           857          20568  sun.security.x509.RDN
 112:          1285          20560  org.apache.lucene.util.CharsRefBuilder
 113:           609          19488  java.lang.ref.ReferenceQueue
 114:           303          19392  com.sun.org.apache.xerces.internal.dom.ElementNSImpl
 115:           288          18432  org.apache.lucene.store.ByteBufferIndexInput$SingleBufferImpl
 116:           208          18304  org.apache.lucene.codecs.blocktree.FieldReader
 117:           226          18080  java.lang.reflect.Constructor
 118:           449          17960  java.util.HashMap$KeyIterator
 119:           448          17920  java.io.StringReader
 120:           448          17920  org.apache.solr.parser.FastCharStream
 121:            74          17744  [Ljava.util.Hashtable$Entry;
 122:           705          16920  org.apache.lucene.util.IntsRef
 123:           352          16896  com.sun.org.apache.xerces.internal.dom.AttrNSImpl
 124:           694          16656  java.lang.StringBuilder
 125:           341          16368  com.sun.org.apache.xerces.internal.dom.DeferredAttrNSImpl
 126:           227          16344  org.apache.log4j.spi.LoggingEvent
 127:          1009          16144  org.apache.solr.common.util.NamedList
 128:           251          16064  java.util.concurrent.ConcurrentHashMap
 129:           384          15360  java.lang.ref.Finalizer
 130:           956          15296  org.apache.solr.common.util.SimpleOrderedMap
 131:           236          15104  org.apache.lucene.codecs.compressing.CompressingStoredFieldsReader
 132:           236          15104  org.eclipse.jetty.io.BufferCache$CachedBuffer
 133:           377          15080  org.eclipse.jetty.util.StringMap$Node
 134:           471          15072  sun.security.util.ObjectIdentifier
 135:           233          14912  java.text.DateFormatSymbols
 136:           462          14784  org.apache.lucene.search.TermQuery
 137:           448          14336  java.io.IOException
 138:           448          14336  java.util.ArrayList$ListItr
 139:           448          14336  org.apache.solr.parser.QueryParser$JJCalls
 140:           571          13704  com.sun.org.apache.xerces.internal.dom.AttributeMap
 141:           237          13272  java.lang.Package
 142:           237          13272  org.apache.solr.servlet.SolrRequestParsers$1
 143:           236          13216  org.apache.lucene.codecs.compressing.CompressingStoredFieldsReader$BlockState
 144:           540          12960  java.util.concurrent.atomic.AtomicLong
 145:           392          12544  java.util.LinkedList
 146:           224          12544  org.apache.solr.parser.QueryParserTokenManager
 147:           224          12544  org.apache.solr.search.LuceneQParser
 148:           511          12264  java.util.concurrent.ConcurrentSkipListMap$Index
 149:           507          12168  java.util.concurrent.ConcurrentLinkedQueue$Node
 150:           130          11440  [Lorg.eclipse.jetty.util.StringMap$Node;
 151:           119          11424  java.util.jar.JarFile$JarFileEntry
 152:           237          11376  org.apache.solr.response.SolrQueryResponse
 153:           235          11280  org.apache.solr.common.util.JavaBinCodec
 154:           464          11136  java.lang.StringBuffer
 155:           232          11136  java.util.TreeMap
 156:           463          11112  org.apache.lucene.index.Term
 157:           461          11064  org.apache.lucene.search.BooleanClause
 158:           229          10992  sun.nio.cs.StreamDecoder
 159:           341          10912  sun.misc.FDBigInteger
 160:           446          10704  java.io.ByteArrayOutputStream
 161:           261          10440  org.eclipse.jetty.xml.XmlParser$Node
 162:            91          10216  [Lorg.tartarus.snowball.Among;
 163:           319          10208  java.util.concurrent.locks.ReentrantLock$NonfairSync
 164:           211          10128  sun.security.x509.X500Name
 165:           104           9984  org.apache.lucene.index.SegmentCommitInfo
 166:            39           9840  [Ljava.lang.ThreadLocal$ThreadLocalMap$Entry;
 167:           611           9776  java.lang.ref.ReferenceQueue$Lock
 168:           243           9720  org.apache.solr.search.DocSlice
 169:           241           9640  org.apache.lucene.util.fst.BytesStore
 170:           298           9536  sun.security.x509.AlgorithmId
 171:           238           9520  org.apache.solr.search.SolrReturnFields
 172:            25           9400  java.lang.Thread
 173:           235           9400  org.apache.solr.request.SolrRequestInfo
 174:           292           9344  org.apache.lucene.util.Version
 175:           233           9320  java.util.IdentityHashMap
 176:           263           9264  [D
 177:           227           9080  org.opensextant.solrtexttagger.ValueSourceAccessor
 178:           157           8792  sun.nio.cs.UTF_8$Encoder
 179:           209           8360  com.sun.org.apache.xerces.internal.dom.CommentImpl
 180:           209           8360  com.sun.org.apache.xerces.internal.dom.DeferredCommentImpl
 181:           124           7936  java.util.jar.JarFile
 182:            99           7920  sun.security.x509.X509CertImpl
 183:           239           7648  org.apache.solr.servlet.SolrRequestParsers$HttpRequestContentStream
 184:           477           7632  java.util.HashMap$EntrySet
 185:           236           7552  org.apache.solr.common.util.FastOutputStream
 186:           235           7520  org.apache.solr.response.BinaryResponseWriter$Resolver
 187:           211           7344  [Lsun.security.x509.RDN;
 188:           458           7328  java.util.concurrent.atomic.AtomicInteger
 189:           229           7328  org.apache.lucene.search.BooleanQuery
 190:           228           7296  org.apache.log4j.spi.LocationInfo
 191:           227           7264  java.lang.Throwable
 192:           227           7264  org.apache.solr.util.stats.TimerContext
 193:           224           7168  org.apache.solr.parser.QueryParser$LookaheadSuccess
 194:           288           6912  [Ljava.nio.ByteBuffer;
 195:           117           6880  [Z
 196:           277           6648  java.util.concurrent.CopyOnWriteArrayList
 197:            75           6600  java.lang.reflect.Method
 198:           164           6560  org.apache.log4j.Logger
 199:           200           6400  com.sun.org.apache.xerces.internal.xni.QName
 200:           133           6384  java.util.zip.Inflater
 201:           133           6384  org.apache.lucene.index.LeafReaderContext
 202:           133           6384  sun.misc.URLClassPath$JarLoader
 203:           256           6144  org.apache.solr.update.VersionBucket
 204:           381           6096  java.util.HashMap$KeySet
 205:           359           5744  java.util.LinkedHashSet
 206:           239           5736  org.apache.solr.common.params.DefaultSolrParams
 207:           235           5640  org.noggit.CharArr
 208:            99           5544  sun.security.util.MemoryCache$SoftCacheEntry
 209:            99           5544  sun.security.x509.X509CertInfo
 210:           230           5520  org.apache.lucene.util.FixedBitSet
 211:           230           5520  org.apache.lucene.util.packed.Packed64SingleBlock$Packed64SingleBlock2
 212:           230           5520  org.apache.solr.search.DocSlice$1
 213:           229           5496  java.io.InputStreamReader
 214:           227           5448  [Lorg.opensextant.solrtexttagger.TagLL;
 215:           227           5448  org.apache.solr.common.util.NamedList$1
 216:           227           5448  org.apache.solr.response.ResultContext
 217:           226           5424  org.apache.solr.search.QueryParsing$StrParser
 218:           224           5376  [Lorg.apache.solr.parser.QueryParser$JJCalls;
 219:           224           5376  org.eclipse.jetty.security.RoleInfo
 220:           223           5352  java.security.Provider$ServiceKey
 221:           223           5352  org.apache.solr.servlet.SolrRequestParsers$2
 222:            95           5320  java.security.Provider$Service
 223:           221           5304  org.apache.log4j.CategoryKey
 224:           212           5088  java.util.Date
 225:           211           5064  org.apache.lucene.index.IndexFileDeleter$RefCount
 226:           306           4896  java.util.concurrent.locks.ReentrantLock
 227:           202           4848  java.util.Collections$SynchronizedSet
 228:           210           4696  [Ljava.lang.Class;
 229:           140           4480  java.util.zip.ZipCoder
 230:           276           4416  java.lang.ThreadLocal
 231:           273           4368  java.lang.Byte
 232:           181           4344  java.lang.Class$AnnotationData
 233:            90           4320  org.apache.solr.util.stats.EWMA
 234:           259           4184  [Lorg.eclipse.jetty.xml.XmlParser$Attribute;
 235:             1           4112  [Lcom.sun.org.apache.xpath.internal.objects.XObject;
 236:           256           4096  java.lang.Short
 237:            26           3952  [Lorg.apache.lucene.util.packed.PackedInts$Decoder;
 238:            26           3952  [Lorg.apache.lucene.util.packed.PackedInts$Encoder;
 239:           162           3888  org.slf4j.impl.Log4jLoggerAdapter
 240:            97           3880  org.apache.solr.analysis.TokenizerChain
 241:           240           3840  org.apache.solr.common.params.MultiMapSolrParams
 242:           238           3808  [Ljavax.servlet.http.Cookie;
 243:            94           3760  sun.security.rsa.RSAPublicKeyImpl
 244:           229           3664  org.apache.solr.schema.StrFieldSource
 245:           226           3616  org.apache.solr.response.transform.DocTransformers
 246:           225           3600  java.util.concurrent.CopyOnWriteArraySet
 247:           111           3552  java.io.FileDescriptor
 248:            63           3528  java.lang.invoke.MemberName
 249:            62           3472  java.beans.MethodDescriptor
 250:            56           3360  [Ljava.lang.ref.SoftReference;
 251:           140           3360  java.util.ArrayDeque
 252:            45           3240  org.apache.solr.schema.TextField
 253:           133           3192  java.util.zip.ZStreamRef
 254:           132           3168  java.util.jar.Attributes$Name
 255:            78           3120  sun.misc.Cleaner
 256:            78           3120  sun.nio.ch.FileChannelImpl$Unmapper
 257:           127           3048  org.apache.lucene.util.CloseableThreadLocal
 258:            95           3040  java.util.Collections$SynchronizedMap
 259:            16           2944  org.eclipse.jetty.server.Request
 260:            61           2928  java.util.WeakHashMap$KeyIterator
 261:            52           2912  org.apache.lucene.index.SegmentInfo
 262:            10           2848  [Lcom.sun.org.apache.xerces.internal.xni.QName;
 263:            71           2840  org.apache.solr.schema.SchemaField
 264:           118           2832  java.beans.MethodRef
 265:            86           2752  sun.security.x509.BasicConstraintsExtension
 266:            83           2656  com.sun.org.apache.xerces.internal.util.SymbolTable$Entry
 267:            97           2648  [Lorg.apache.lucene.analysis.util.TokenFilterFactory;
 268:           108           2592  sun.reflect.NativeConstructorAccessorImpl
 269:           161           2576  java.util.HashMap$Values
 270:            64           2560  org.apache.solr.core.PluginInfo
 271:            53           2544  org.eclipse.jetty.util.resource.FileResource
 272:            79           2528  java.io.File
 273:            79           2528  sun.security.x509.SubjectKeyIdentifierExtension
 274:            78           2496  java.lang.invoke.LambdaForm$Name
 275:            60           2400  java.security.ProtectionDomain
 276:            50           2400  java.util.Hashtable
 277:            50           2400  org.apache.lucene.analysis.util.CharArrayMap
 278:            99           2376  sun.security.util.BitArray
 279:            99           2376  sun.security.util.Cache$EqualByteArray
 280:            99           2376  sun.security.x509.CertificateValidity
 281:            74           2368  sun.security.x509.KeyUsageExtension
 282:            98           2352  org.eclipse.jetty.webapp.MetaData$OriginInfo
 283:             2           2256  [Lorg.eclipse.jetty.http.HttpStatus$Code;
 284:            20           2240  java.net.SocksSocketImpl
 285:            11           2200  [[Ljava.lang.Object;
 286:            87           2088  sun.security.x509.CertificateExtensions
 287:             1           2048  [Lorg.eclipse.jetty.http.HttpGenerator$Status;
 288:           128           2048  java.lang.Character
 289:           128           2048  java.util.WeakHashMap$KeySet
 290:            85           2040  java.util.Collections$SetFromMap
 291:            28           2016  java.beans.PropertyDescriptor
 292:            84           2016  java.security.Provider$UString
 293:            28           2016  org.apache.lucene.index.SegmentReader
 294:            83           1992  java.util.Collections$SingletonList
 295:            64           1952  [Ljava.security.cert.Certificate;
 296:            60           1920  java.security.CodeSource
 297:            40           1920  org.apache.lucene.util.packed.BulkOperationPacked
 298:            78           1872  org.apache.lucene.util.WeakIdentityMap
 299:            39           1872  sun.util.locale.LocaleObjectCache$CacheEntry
 300:            46           1840  sun.security.ec.NamedCurve
 301:            57           1824  org.apache.log4j.ProvisionNode
 302:            32           1792  org.eclipse.jetty.io.View$CaseInsensitive
 303:           112           1792  sun.security.x509.KeyIdentifier
 304:           110           1760  sun.reflect.DelegatingConstructorAccessorImpl
 305:           110           1760  sun.security.x509.SerialNumber
 306:            31           1736  org.eclipse.jetty.io.View
 307:            54           1728  java.util.Vector
 308:            24           1728  java.util.regex.Pattern
 309:            17           1712  [[I
 310:            53           1696  org.apache.lucene.index.FieldInfos
 311:            21           1680  java.net.URI
 312:           105           1680  java.util.jar.Attributes
 313:            30           1680  org.apache.solr.util.stats.ExponentiallyDecayingSample
 314:            30           1680  org.apache.solr.util.stats.Meter
 315:            16           1664  org.eclipse.jetty.server.BlockingHttpConnection
 316:            41           1640  java.io.ObjectStreamField
 317:            41           1640  java.lang.invoke.MethodType
 318:            40           1600  org.apache.lucene.analysis.core.StopFilterFactory
 319:            99           1584  sun.security.x509.CertificateAlgorithmId
 320:            99           1584  sun.security.x509.CertificateSerialNumber
 321:            99           1584  sun.security.x509.CertificateVersion
 322:            99           1584  sun.security.x509.CertificateX509Key
 323:            28           1568  java.lang.invoke.MethodTypeForm
 324:            14           1544  [[Ljava.lang.String;
 325:            16           1536  org.eclipse.jetty.http.HttpParser
 326:            47           1504  org.eclipse.jetty.http.HttpStatus$Code
 327:             3           1480  [Ljava.lang.Integer;
 328:            46           1472  java.security.spec.EllipticCurve
 329:            26           1456  org.apache.lucene.index.SegmentCoreReaders
 330:            45           1440  java.io.FilePermission
 331:            45           1440  java.security.Permissions
 332:            30           1440  java.util.concurrent.ConcurrentSkipListMap
 333:            30           1440  java.util.concurrent.locks.ReentrantReadWriteLock$NonfairSync
 334:             2           1424  [Lcom.sun.org.apache.xerces.internal.util.SymbolTable$Entry;
 335:            16           1408  org.eclipse.jetty.http.HttpGenerator
 336:            15           1376  [Ljava.lang.Byte;
 337:             1           1376  [Lsun.misc.FDBigInteger;
 338:            43           1376  java.lang.invoke.MethodType$ConcurrentWeakInternSet$WeakEntry
 339:            34           1360  sun.security.x509.AuthorityKeyIdentifierExtension
 340:            24           1344  java.util.ResourceBundle$CacheKey
 341:             9           1296  [Ljava.lang.invoke.MethodHandle;
 342:             9           1296  java.text.DecimalFormat
 343:            40           1280  java.util.concurrent.ConcurrentSkipListMap$HeadIndex
 344:            40           1280  java.util.regex.Pattern$Curly
 345:            16           1280  sun.net.www.protocol.jar.URLJarFile
 346:            39           1248  org.apache.lucene.analysis.standard.StandardTokenizerFactory
 347:            26           1248  org.apache.lucene.codecs.blocktree.BlockTreeTermsReader
 348:            26           1248  org.apache.lucene.codecs.memory.MemoryPostingsFormat$TermsReader
 349:            26           1248  org.apache.lucene.index.ReadersAndUpdates
 350:            26           1248  org.apache.lucene.uninverting.UninvertingReader
 351:            31           1240  java.security.AccessControlContext
 352:            51           1224  java.security.spec.ECPoint
 353:            30           1200  org.apache.solr.util.stats.Histogram
 354:            38           1184  [Ljava.math.BigInteger;
 355:            49           1176  com.sun.org.apache.xerces.internal.util.XMLStringBuffer
 356:            24           1152  java.util.ResourceBundle$BundleReference
 357:            16           1152  org.apache.lucene.analysis.standard.StandardTokenizerImpl
 358:            16           1152  org.eclipse.jetty.http.HttpURI
 359:            46           1104  org.eclipse.jetty.http.HttpGenerator$Status
 360:            45           1080  java.io.FilePermissionCollection
 361:            44           1056  com.sun.org.apache.xerces.internal.xni.XMLString
 362:            66           1056  org.eclipse.jetty.util.log.JettyAwareLogger
 363:            66           1056  org.eclipse.jetty.util.log.Slf4jLog
 364:             1           1040  [Lcom.sun.org.apache.xerces.internal.impl.dtd.models.ContentModelValidator;
 365:             1           1040  [Lcom.sun.org.apache.xerces.internal.impl.dv.DatatypeValidator;
 366:             1           1040  [Ljava.lang.Long;
 367:             1           1040  [Ljava.lang.Short;
 368:             1           1040  [Lorg.apache.solr.update.VersionBucket;
 369:             1           1040  [Lsun.text.normalizer.UnicodeSet;
 370:            26           1040  org.apache.lucene.codecs.compressing.CompressingStoredFieldsIndexReader
 371:            26           1040  org.apache.lucene.index.ExitableDirectoryReader$ExitableFilterAtomicReader
 372:            32           1024  java.util.Random
 373:            16           1024  org.apache.lucene.analysis.standard.StandardTokenizer
 374:            16           1024  org.eclipse.jetty.server.AsyncContinuation
 375:             8           1024  org.eclipse.jetty.servlet.ServletHolder
 376:            21           1008  java.lang.invoke.LambdaForm
 377:            25           1000  org.apache.solr.schema.FieldType$DefaultAnalyzer
 378:            60            960  [Ljava.security.Principal;
 379:            20            960  com.sun.org.apache.xerces.internal.util.XMLAttributesImpl$Attribute
 380:            60            960  java.security.ProtectionDomain$Key
 381:            30            960  java.security.Provider$EngineDescription
 382:            30            960  org.apache.solr.util.stats.Timer
 383:            39            936  java.lang.ThreadLocal$ThreadLocalMap
 384:            39            936  java.util.Currency
 385:            39            936  org.apache.lucene.analysis.core.LowerCaseFilterFactory
 386:            57            912  java.util.Collections$UnmodifiableCollection
 387:            38            912  java.util.regex.Pattern$5
 388:            26            896  [Ljava.lang.invoke.LambdaForm$Name;
 389:            28            896  org.apache.lucene.index.CodecReader$1
 390:            28            896  org.apache.lucene.index.CodecReader$2
 391:            28            896  org.apache.lucene.index.CodecReader$3
 392:            16            896  org.eclipse.jetty.server.Response
 393:            16            896  org.eclipse.jetty.server.bio.SocketConnector$ConnectorEndPoint
 394:            37            888  java.lang.invoke.LambdaForm$NamedFunction
 395:            37            888  java.net.InetAddress$InetAddressHolder
 396:             7            880  [Ljava.beans.MethodDescriptor;
 397:            55            880  java.util.TreeMap$Values
 398:            53            864  [Lorg.apache.lucene.analysis.util.CharFilterFactory;
 399:            18            864  java.util.Properties
 400:            21            840  com.sun.org.apache.xerces.internal.impl.dtd.XMLSimpleType
 401:            35            840  java.net.Inet4Address
 402:            15            840  org.apache.lucene.analysis.miscellaneous.ASCIIFoldingFilter
 403:            26            832  org.apache.lucene.codecs.lucene50.ForUtil
 404:            26            832  org.apache.lucene.codecs.lucene50.Lucene50PostingsReader
 405:            26            832  org.apache.lucene.index.SegmentCoreReaders$1
 406:            26            832  org.apache.lucene.index.SegmentCoreReaders$2
 407:            34            816  java.util.regex.Pattern$GroupHead
 408:            34            816  java.util.regex.Pattern$GroupTail
 409:            17            816  org.apache.lucene.analysis.tokenattributes.PackedTokenAttributeImpl
 410:            51            816  org.apache.lucene.analysis.util.CharArraySet
 411:            32            768  java.net.InetSocketAddress$InetSocketAddressHolder
 412:            16            768  java.net.SocketInputStream
 413:            16            768  java.net.SocketOutputStream
 414:            24            768  java.util.ResourceBundle$LoaderReference
 415:            32            768  org.apache.lucene.util.AttributeSource$State
 416:            32            768  org.apache.solr.schema.IndexSchema$DynamicField
 417:            32            768  org.eclipse.jetty.http.HttpFields
 418:            16            768  org.eclipse.jetty.util.StringMap
 419:            24            768  sun.security.x509.OIDMap$OIDInfo
 420:            19            760  sun.util.locale.BaseLocale$Key
 421:            31            744  java.util.concurrent.locks.ReentrantReadWriteLock
 422:            31            744  org.apache.solr.core.ConfigSolr$CfgProp
 423:            15            720  java.lang.management.PlatformComponent
 424:            15            720  org.eclipse.jetty.server.AbstractHttpConnection$Output
 425:             2            704  com.sun.org.apache.xerces.internal.impl.XMLNSDocumentScannerImpl
 426:            22            704  com.sun.org.apache.xerces.internal.util.AugmentationsImpl$SmallContainer
 427:            12            672  com.sun.org.apache.xerces.internal.dom.DeferredElementImpl
 428:             6            672  java.util.GregorianCalendar
 429:            28            672  java.util.regex.Pattern$Ctype
 430:            14            672  org.apache.lucene.util.packed.MonotonicLongValues
 431:            21            672  sun.security.x509.URIName
 432:            27            648  java.util.Collections$UnmodifiableRandomAccessList
 433:            27            648  org.apache.solr.schema.IndexSchema$DynamicReplacement$DynamicPattern$NameEndsWith
 434:             8            640  com.google.common.cache.LocalCache$Segment
 435:            20            640  java.util.RegularEnumSet
 436:            18            632  [Ljava.security.ProtectionDomain;
 437:             3            624  [Ljava.lang.invoke.LambdaForm;
 438:            26            624  java.security.spec.ECFieldF2m
 439:            39            624  java.util.regex.Pattern$CharPropertyNames$1
 440:            26            624  org.apache.lucene.codecs.memory.MemoryPostingsFormat$1
 441:            26            624  org.apache.lucene.codecs.perfield.PerFieldPostingsFormat$FieldsReader
 442:            26            624  org.apache.lucene.index.ExitableDirectoryReader$ExitableFields
 443:            26            624  org.apache.lucene.index.ExitableDirectoryReader$ExitableTerms
 444:            26            624  org.apache.lucene.index.ReaderSlice
 445:            19            608  java.util.Locale
 446:            19            608  sun.util.locale.BaseLocale
 447:            15            600  org.apache.lucene.analysis.en.EnglishPossessiveFilter
 448:            37            592  sun.security.x509.GeneralName
 449:            18            576  java.net.Socket
 450:             9            576  java.text.DecimalFormatSymbols
 451:            24            576  java.util.regex.Pattern$Start
 452:            18            576  org.eclipse.jetty.http.PathMap$Entry
 453:             8            576  sun.reflect.DelegatingClassLoader
 454:            18            576  sun.security.x509.DistributionPoint
 455:             6            576  sun.util.calendar.Gregorian$Date
 456:            14            560  org.apache.lucene.util.PagedBytes$Reader
 457:            10            560  sun.invoke.util.Wrapper
 458:            10            560  sun.util.calendar.ZoneInfo
 459:            17            544  com.sun.org.apache.xerces.internal.impl.dtd.XMLElementDecl
 460:            17            544  java.util.regex.Pattern$Branch
 461:            17            544  sun.security.x509.CRLDistributionPointsExtension
 462:             1            528  [Ljava.lang.Character;
 463:             1            528  [Ljava.util.TimerTask;
 464:            22            528  java.util.regex.Pattern$1
 465:            22            528  java.util.regex.Pattern$Slice
 466:            33            528  sun.security.x509.GeneralNames
 467:            13            520  org.apache.lucene.analysis.snowball.SnowballPorterFilterFactory
 468:            32            512  java.net.InetSocketAddress
 469:            32            512  org.apache.solr.common.params.MapSolrParams
 470:            16            512  org.eclipse.jetty.util.Utf8StringBuilder
 471:            21            504  org.eclipse.jetty.webapp.ClasspathPattern$Entry
 472:            21            504  sun.security.x509.AVAKeyword
 473:            31            496  java.util.concurrent.locks.ReentrantReadWriteLock$ReadLock
 474:            31            496  java.util.concurrent.locks.ReentrantReadWriteLock$Sync$ThreadLocalHoldCounter
 475:            31            496  java.util.concurrent.locks.ReentrantReadWriteLock$WriteLock
 476:             4            480  com.ctc.wstx.api.ReaderConfig
 477:            15            480  java.lang.StringCoding$StringEncoder
 478:            15            480  java.lang.invoke.DirectMethodHandle
 479:            30            480  java.util.concurrent.atomic.AtomicReference
 480:            20            480  java.util.regex.Pattern$Single
 481:            15            480  org.eclipse.jetty.server.CookieCutter
 482:            10            480  sun.util.locale.provider.LocaleResources$ResourceReference
 483:            17            464  [Ljava.util.regex.Pattern$Node;
 484:            16            456  [Ljava.io.ObjectStreamField;
 485:             4            456  [Ljava.lang.ClassValue$Entry;
 486:            19            456  java.util.Locale$LocaleKey
 487:            14            448  com.sun.org.apache.xml.internal.dtm.ref.ExtendedType
 488:            14            448  org.apache.lucene.uninverting.FieldCacheImpl$SortedDocValuesImpl
 489:            14            448  org.apache.lucene.util.packed.BulkOperationPackedSingleBlock
 490:            11            440  com.sun.org.apache.xerces.internal.dom.DeferredAttrImpl
 491:             1            432  [[[C
 492:            18            432  com.google.common.collect.RegularImmutableMap$TerminalEntry
 493:            18            432  java.text.DateFormat$Field
 494:             6            432  java.util.concurrent.ThreadPoolExecutor
 495:            18            432  java.util.concurrent.locks.AbstractQueuedSynchronizer$ConditionObject
 496:            18            432  org.apache.solr.core.SolrConfig$SolrPluginInfo
 497:             2            416  [Lorg.apache.lucene.util.packed.BulkOperation;
 498:            26            416  org.apache.lucene.index.SegmentDocValues
 499:            17            408  [Lorg.apache.lucene.util.AttributeSource$State;
 500:            17            408  org.apache.lucene.analysis.Analyzer$TokenStreamComponents
 501:             2            400  com.sun.org.apache.xerces.internal.dom.DeferredDocumentImpl
 502:             2            400  com.sun.org.apache.xerces.internal.impl.XMLDTDScannerImpl
 503:            25            400  java.util.Collections$UnmodifiableSet
 504:             1            392  org.apache.solr.core.CloserThread
 505:             1            392  org.eclipse.jetty.server.ShutdownMonitor
 506:             2            384  com.sun.org.apache.xerces.internal.parsers.XIncludeAwareParserConfiguration
 507:             1            384  java.lang.ref.Finalizer$FinalizerThread
 508:             6            384  java.nio.DirectByteBuffer
 509:            12            384  java.security.cert.PolicyQualifierInfo
 510:            12            384  java.util.Stack
 511:             1            384  java.util.TimerThread
 512:             1            384  java.util.logging.LogManager$Cleaner
 513:             8            384  java.util.logging.LogManager$LoggerWeakRef
 514:             1            384  org.eclipse.jetty.util.thread.ShutdownThread
 515:             1            376  java.lang.ref.Reference$ReferenceHandler
 516:             7            360  [Ljava.beans.PropertyDescriptor;
 517:             9            360  java.text.DigitList
 518:            15            360  org.eclipse.jetty.server.HttpInput
 519:            15            360  sun.misc.MetaIndex
 520:             2            352  com.sun.org.apache.xerces.internal.impl.dtd.XMLNSDTDValidator
 521:            22            352  com.sun.org.apache.xerces.internal.util.AugmentationsImpl
 522:             7            336  java.beans.BeanDescriptor
 523:             6            336  java.nio.DirectLongBufferU
 524:            14            336  java.util.concurrent.ConcurrentLinkedQueue
 525:            14            336  java.util.regex.Pattern$BitClass
 526:             6            336  org.apache.lucene.util.BytesRefHash
 527:            14            336  org.apache.solr.schema.CopyField
 528:             7            336  sun.misc.URLClassPath
 529:            21            336  sun.security.x509.DNSName
 530:            16            328  [Ljava.lang.management.PlatformComponent;
 531:            10            320  java.lang.OutOfMemoryError
 532:            20            320  java.security.spec.ECFieldFp
 533:            20            320  java.util.LinkedHashMap$LinkedValues
 534:            10            320  java.util.logging.LogManager$LogNode
 535:             4            320  org.apache.solr.schema.TrieDateField
 536:            10            320  sun.security.x509.CertificatePoliciesExtension
 537:            13            312  org.apache.log4j.Level
 538:            19            304  org.eclipse.jetty.util.AttributesMap
 539:             6            296  [Lcom.google.common.collect.RegularImmutableMap$LinkedEntry;
 540:             4            296  [Lsun.invoke.util.Wrapper;
 541:             1            296  org.eclipse.jetty.webapp.WebAppContext
 542:             7            288  [[S
 543:            12            288  java.lang.invoke.SimpleMethodHandle
 544:             9            288  java.util.logging.Level
 545:            18            288  java.util.regex.Pattern$CharPropertyNames$4
 546:             9            288  jdk.internal.org.objectweb.asm.Type
 547:             4            288  org.apache.solr.handler.UpdateRequestHandler
 548:             4            288  org.apache.solr.handler.component.SearchHandler
 549:             9            288  sun.security.jca.ProviderConfig
 550:             9            288  sun.security.x509.NetscapeCertTypeExtension
 551:             7            280  com.sun.org.apache.xalan.internal.utils.XMLSecurityManager$Limit
 552:             7            280  com.sun.org.apache.xerces.internal.utils.XMLSecurityManager$Limit
 553:             7            280  java.beans.GenericBeanInfo
 554:             5            280  org.apache.lucene.analysis.synonym.SynonymFilterFactory
 555:             1            272  [Lcom.ctc.wstx.util.SymbolTable$Bucket;
 556:             2            272  com.sun.org.apache.xerces.internal.dom.DocumentImpl
 557:             1            272  com.sun.org.apache.xerces.internal.impl.dtd.DTDGrammar
 558:            17            272  java.util.regex.Pattern$BranchConn
 559:             3            264  java.util.jar.JarVerifier
 560:            11            264  org.apache.lucene.uninverting.UninvertingReader$Type
 561:            11            264  org.apache.lucene.util.packed.Direct16
 562:            11            264  sun.security.x509.Extension
 563:             3            256  [Lorg.apache.lucene.index.ReaderSlice;
 564:             2            256  com.google.common.cache.LocalCache
 565:             2            256  com.sun.org.apache.xerces.internal.impl.XMLEntityManager
 566:             4            256  java.text.SimpleDateFormat
 567:             8            256  org.apache.lucene.index.DocumentsWriterPerThreadPool$ThreadState
 568:            16            256  org.eclipse.jetty.server.AbstractHttpConnection$RequestHandler
 569:            16            256  sun.reflect.DelegatingMethodAccessorImpl
 570:             8            256  sun.security.x509.ExtendedKeyUsageExtension
 571:             8            248  [Ljava.lang.Boolean;
 572:             2            240  [Lorg.apache.lucene.index.IndexReaderContext;
 573:             2            240  [Lorg.apache.lucene.index.LeafReader;
 574:             2            240  com.sun.org.apache.xerces.internal.jaxp.SAXParserImpl$JAXPSAXParser
 575:            10            240  com.sun.xml.internal.stream.Entity$InternalEntity
 576:            10            240  java.nio.file.StandardOpenOption
 577:            10            240  java.security.CryptoPrimitive
 578:            10            240  java.util.Arrays$ArrayList
 579:             5            240  org.apache.lucene.analysis.miscellaneous.KeywordMarkerFilterFactory
 580:             6            240  org.apache.lucene.util.ByteBlockPool
 581:             3            240  org.apache.solr.schema.TrieDoubleField
 582:             3            240  org.apache.solr.schema.TrieLongField
 583:             3            240  org.apache.solr.search.LRUCache
 584:             3            240  org.eclipse.jetty.http.PathMap
 585:            15            240  org.opensextant.solrtexttagger.TaggingAttributeImpl
 586:            10            240  sun.reflect.NativeMethodAccessorImpl
 587:            10            240  sun.security.x509.PolicyInformation
 588:             7            224  java.io.FileInputStream
 589:             7            224  java.lang.ClassValue$Entry
 590:             7            224  org.apache.solr.core.RequestHandlers$LazyRequestHandlerWrapper
 591:            14            224  sun.security.x509.CertificatePolicyId
 592:             9            216  java.util.logging.Level$KnownLevel
 593:             3            216  java.util.logging.Logger
 594:             9            216  org.apache.lucene.util.packed.Packed8ThreeBlocks
 595:             9            216  org.eclipse.jetty.servlet.ServletMapping
 596:             9            216  sun.util.logging.PlatformLogger$Level
 597:             1            208  org.apache.solr.update.SolrIndexWriter
 598:             2            208  sun.net.www.protocol.file.FileURLConnection
 599:             3            200  [Ljava.lang.Thread;
 600:             2            200  [Ljava.text.DateFormat$Field;
 601:             5            200  com.sun.org.apache.xerces.internal.impl.dtd.XMLEntityDecl
 602:             5            200  java.lang.ClassLoader$NativeLibrary
 603:             1            200  org.apache.solr.core.SolrCore
 604:             5            200  org.apache.solr.search.CacheConfig
 605:            12            192  com.sun.org.apache.xerces.internal.dom.DeferredDocumentImpl$RefCount
 606:             2            192  com.sun.org.apache.xerces.internal.impl.dtd.XMLDTDProcessor
 607:             6            192  com.sun.org.apache.xerces.internal.util.XMLResourceIdentifierImpl
 608:             3            192  java.lang.ClassValue$ClassValueMap
 609:             6            192  java.lang.invoke.LambdaForm$BasicType
 610:             8            192  java.lang.invoke.MethodHandleImpl$Intrinsic
 611:             8            192  java.math.RoundingMode
 612:             2            192  org.apache.http.impl.client.SystemDefaultHttpClient
 613:             3            192  org.apache.solr.schema.StrField
 614:             3            192  org.apache.solr.search.LRUCache$1
 615:             8            192  org.eclipse.jetty.deploy.graph.Edge
 616:             8            192  org.eclipse.jetty.servlet.ServletHolder$Config
 617:             3            192  sun.security.provider.NativePRNG$RandomIO
 618:             2            192  sun.security.provider.Sun
 619:             6            192  sun.security.util.MemoryCache
 620:             1            184  org.eclipse.jetty.server.bio.SocketConnector
 621:             1            184  org.eclipse.jetty.server.session.HashSessionManager
 622:             2            176  java.net.FactoryURLClassLoader
 623:            11            176  java.text.NumberFormat$Field
 624:             8            168  [Ljava.security.CodeSigner;
 625:             1            168  [[Ljava.math.BigInteger;
 626:             7            168  com.sun.management.VMOption$Origin
 627:             7            168  com.sun.org.apache.xerces.internal.util.FeatureState
 628:             7            168  org.apache.commons.logging.impl.SLF4JLocationAwareLog
 629:             3            168  org.apache.lucene.index.SegmentInfos
 630:             7            168  org.apache.solr.util.DefaultSolrThreadFactory
 631:             7            168  org.eclipse.jetty.webapp.Origin
 632:             7            168  org.eclipse.jetty.xml.XmlParser$Attribute
 633:             7            168  sun.reflect.generics.tree.SimpleClassTypeSignature
 634:             7            168  sun.security.x509.NetscapeCertTypeExtension$MapEntry
 635:             5            160  [Ljava.lang.invoke.LambdaForm$BasicType;
 636:             2            160  [Ljava.util.concurrent.RunnableScheduledFuture;
 637:             5            160  com.google.common.collect.RegularImmutableList
 638:             4            160  com.sun.org.apache.xerces.internal.dom.DeferredCDATASectionImpl
 639:             5            160  com.sun.org.apache.xpath.internal.objects.XNumber
 640:             5            160  java.security.AlgorithmParameters
 641:            10            160  java.util.Formatter$Flags
 642:             2            160  java.util.concurrent.ScheduledThreadPoolExecutor
 643:             4            160  org.apache.lucene.analysis.util.ElisionFilterFactory
 644:             2            160  org.apache.solr.schema.TrieFloatField
 645:             2            160  org.apache.solr.schema.TrieIntField
 646:             5            160  org.apache.solr.search.SolrCacheBase$AutoWarmCountRef
 647:             4            160  org.apache.solr.util.ConcurrentLRUCache$Stats
 648:             4            160  org.apache.solr.util.DistanceUnits
 649:             4            160  sun.security.ec.ECPublicKeyImpl
 650:             5            160  sun.util.locale.provider.LocaleProviderAdapter$Type
 651:             1            152  org.apache.solr.core.SolrConfig
 652:             1            152  org.apache.solr.search.SolrIndexSearcher
 653:             4            144  [Lcom.sun.org.apache.xerces.internal.util.XMLAttributesImpl$Attribute;
 654:             3            144  [Ljava.util.Map;
 655:             1            144  [Ljava.util.Queue;
 656:             1            144  [Ljava.util.concurrent.ConcurrentMap;
 657:             1            144  [Lorg.apache.solr.core.ConfigSolr$CfgProp;
 658:             3            144  com.spatial4j.core.shape.impl.RectangleImpl
 659:             6            144  com.sun.org.apache.xerces.internal.util.Status
 660:             6            144  com.sun.org.apache.xml.internal.utils.NSInfo
 661:             2            144  java.lang.reflect.Field
 662:             6            144  java.util.Collections$SynchronizedRandomAccessList
 663:             3            144  java.util.concurrent.LinkedBlockingQueue
 664:             6            144  java.util.regex.Pattern$CharPropertyNames$2
 665:             2            144  org.apache.http.impl.conn.HttpConnPool
 666:             3            144  org.apache.lucene.analysis.miscellaneous.WordDelimiterFilterFactory
 667:             3            144  org.apache.lucene.analysis.synonym.SynonymFilter$PendingOutputs
 668:             6            144  org.apache.lucene.analysis.synonym.SynonymMap
 669:             6            144  org.apache.lucene.index.DocValuesType
 670:             6            144  org.apache.lucene.util.BytesRefHash$DirectBytesStartArray
 671:             6            144  org.apache.lucene.util.Counter$SerialCounter
 672:             2            144  org.apache.solr.handler.admin.SystemInfoHandler
 673:             1            144  org.apache.solr.update.UpdateLog
 674:             1            144  org.eclipse.jetty.servlet.ServletHandler
 675:             6            144  org.eclipse.jetty.util.component.AggregateLifeCycle$Bean
 676:             6            144  sun.misc.PerfCounter
 677:             3            144  sun.nio.cs.StreamEncoder
 678:             6            144  sun.security.ssl.ProtocolVersion
 679:             6            144  sun.security.util.DisabledAlgorithmConstraints$KeySizeConstraint$Operator
 680:             3            136  [Lcom.sun.org.apache.xerces.internal.utils.XMLSecurityManager$State;
 681:             2            136  [Lorg.apache.lucene.index.Fields;
 682:             2            136  [Lorg.apache.lucene.index.Terms;
 683:             1            136  [Lorg.apache.solr.schema.IndexSchema$DynamicField;
 684:             1            136  org.apache.lucene.index.DocumentsWriterFlushControl
 685:             4            128  [Lcom.sun.org.apache.xerces.internal.impl.XMLEntityManager$CharacterBuffer;
 686:             4            128  com.ctc.wstx.stax.WstxInputFactory
 687:             4            128  com.sun.org.apache.xerces.internal.jaxp.SAXParserFactoryImpl
 688:             2            128  java.io.ExpiringCache$1
 689:             4            128  java.io.FileOutputStream
 690:             2            128  java.security.SecureRandom
 691:             8            128  java.util.concurrent.atomic.AtomicReferenceArray
 692:             8            128  java.util.regex.Pattern$CharPropertyNames$3
 693:             4            128  org.apache.http.conn.scheme.Scheme
 694:             4            128  org.apache.log4j.helpers.PatternParser$LiteralPatternConverter
 695:             4            128  org.apache.lucene.store.IOContext
 696:             2            128  org.apache.solr.handler.admin.LoggingHandler
 697:             2            128  org.apache.solr.handler.admin.PropertiesRequestHandler
 698:             2            128  org.apache.solr.handler.admin.ThreadDumpHandler
 699:             1            128  org.eclipse.jetty.util.BlockingArrayQueue
 700:             2            128  sun.nio.ch.FileChannelImpl
 701:             4            128  sun.nio.fs.UnixPath
 702:             3            120  [Ljava.lang.invoke.BoundMethodHandle$SpeciesData;
 703:             4            120  [Ljava.lang.invoke.LambdaForm$NamedFunction;
 704:             1            120  [Lorg.apache.lucene.index.SegmentReader;
 705:             1            120  [Lorg.apache.lucene.util.Bits;
 706:             3            120  com.google.common.collect.RegularImmutableMap
 707:             5            120  com.sun.org.apache.xalan.internal.utils.FeaturePropertyBase$State
 708:             5            120  com.sun.org.apache.xalan.internal.utils.XMLSecurityManager$State
 709:             3            120  com.sun.org.apache.xerces.internal.impl.dtd.XMLDTDDescription
 710:             5            120  com.sun.org.apache.xerces.internal.util.PropertyState
 711:             3            120  com.sun.org.apache.xerces.internal.utils.XMLLimitAnalyzer
 712:             5            120  com.sun.org.apache.xerces.internal.utils.XMLSecurityManager$State
 713:             5            120  com.sun.org.apache.xerces.internal.utils.XMLSecurityPropertyManager$State
 714:             5            120  java.util.regex.Pattern$Category
 715:             3            120  javax.net.ssl.SSLParameters
 716:             5            120  javax.servlet.DispatcherType
 717:             5            120  javax.xml.namespace.QName
 718:             5            120  org.apache.lucene.analysis.core.KeywordTokenizerFactory
 719:             5            120  org.apache.lucene.analysis.core.WhitespaceTokenizerFactory
 720:             1            120  org.apache.lucene.analysis.synonym.SynonymFilter
 721:             5            120  org.apache.lucene.index.IndexOptions
 722:             1            120  org.apache.solr.handler.ReplicationHandler
 723:             5            120  org.apache.solr.schema.TrieField$TrieTypes
 724:             5            120  sun.misc.FloatingDecimal$PreparedASCIIToBinaryBuffer
 725:             5            120  sun.security.jca.ServiceId
 726:             5            120  sun.security.provider.certpath.X509CertPath
 727:             2            112  [Ljava.nio.file.StandardOpenOption;
 728:             2            112  [Ljava.security.CryptoPrimitive;
 729:             7            112  [Lsun.reflect.generics.tree.TypeArgument;
 730:             2            112  com.sun.org.apache.xerces.internal.impl.XMLEntityScanner
 731:             2            112  com.sun.org.apache.xerces.internal.jaxp.SAXParserImpl
 732:             7            112  java.util.TreeMap$KeySet
 733:             7            112  org.apache.lucene.codecs.lucene40.Lucene40CompoundFormat
 734:             7            112  org.apache.lucene.codecs.lucene40.Lucene40LiveDocsFormat
 735:             1            112  org.apache.solr.schema.IndexSchema
 736:             2            112  org.apache.solr.search.FastLRUCache
 737:             2            112  org.apache.solr.update.CommitTracker
 738:             1            112  org.apache.solr.update.DirectUpdateHandler2
 739:             2            112  org.apache.solr.util.ConcurrentLRUCache
 740:             7            112  org.eclipse.jetty.deploy.graph.Node
 741:             2            112  org.eclipse.jetty.io.PooledBuffers
 742:             1            112  org.eclipse.jetty.security.ConstraintSecurityHandler
 743:             7            112  sun.reflect.generics.tree.ClassTypeSignature
 744:             1            104  org.apache.lucene.index.IndexWriterConfig
 745:             1            104  org.apache.solr.schema.BBoxField
 746:             1            104  org.apache.solr.schema.SpatialRecursivePrefixTreeFieldType
 747:             1            104  org.eclipse.jetty.util.thread.QueuedThreadPool
 748:             1            104  org.eclipse.jetty.webapp.WebAppClassLoader
 749:             2             96  [Lcom.google.common.cache.LocalCache$EntryFactory;
 750:             1             96  [Ljava.lang.invoke.MethodType;
 751:             2             96  [Lorg.apache.lucene.index.DocumentsWriterPerThreadPool$ThreadState;
 752:             3             96  com.spatial4j.core.context.SpatialContext
 753:             1             96  com.sun.net.ssl.internal.ssl.Provider
 754:             3             96  com.sun.org.apache.xalan.internal.utils.XMLSecurityManager$NameMap
 755:             3             96  com.sun.org.apache.xerces.internal.dom.NodeListCache
 756:             2             96  com.sun.org.apache.xerces.internal.impl.XMLDocumentFragmentScannerImpl$ElementStack
 757:             2             96  com.sun.org.apache.xerces.internal.util.XMLAttributesIteratorImpl
 758:             3             96  com.sun.org.apache.xerces.internal.utils.XMLSecurityManager$NameMap
 759:             4             96  java.lang.RuntimePermission
 760:             2             96  java.lang.ThreadGroup
 761:             4             96  java.text.EntryPair
 762:             4             96  java.text.Normalizer$Form
 763:             6             96  java.util.TreeSet
 764:             3             96  java.util.concurrent.SynchronousQueue
 765:             3             96  java.util.concurrent.atomic.AtomicReferenceFieldUpdater$AtomicReferenceFieldUpdaterImpl
 766:             3             96  java.util.concurrent.locks.AbstractQueuedSynchronizer$Node
 767:             3             96  java.util.concurrent.locks.ReentrantLock$FairSync
 768:             6             96  java.util.regex.Pattern$Dot
 769:             1             96  org.apache.http.impl.client.DefaultHttpClient
 770:             4             96  org.apache.lucene.analysis.en.EnglishPossessiveFilterFactory
 771:             4             96  org.apache.lucene.analysis.en.PorterStemFilterFactory
 772:             3             96  org.apache.lucene.analysis.synonym.SynonymFilter$PendingInput
 773:             6             96  org.apache.lucene.codecs.lucene41.Lucene41StoredFieldsFormat
 774:             4             96  org.apache.lucene.store.IOContext$Context
 775:             6             96  org.apache.lucene.util.ByteBlockPool$DirectAllocator
 776:             4             96  org.apache.lucene.util.RamUsageEstimator$JvmFeature
 777:             4             96  org.apache.lucene.util.packed.Direct32
 778:             4             96  org.apache.lucene.util.packed.Packed64SingleBlock$Packed64SingleBlock1
 779:             1             96  org.apache.solr.core.CoreContainer
 780:             4             96  org.apache.solr.core.SolrConfig$PluginOpts
 781:             2             96  org.apache.solr.core.SolrResourceLoader
 782:             2             96  org.apache.solr.handler.component.QueryElevationComponent$ElevationObj
 783:             4             96  org.apache.solr.handler.loader.XMLLoader
 784:             4             96  org.apache.solr.schema.IndexSchema$DynamicReplacement$DynamicPattern$NameEquals
 785:             1             96  org.apache.solr.schema.PointType
 786:             3             96  org.apache.solr.search.LRUCache$CumulativeStats
 787:             4             96  org.apache.solr.search.SolrCache$State
 788:             4             96  org.apache.solr.servlet.cache.Method
 789:             4             96  org.apache.solr.update.UpdateLog$State
 790:             1             96  org.eclipse.jetty.server.Server
 791:             4             96  org.eclipse.jetty.servlet.Holder$Source
 792:             1             96  org.eclipse.jetty.util.Scanner
 793:             3             96  org.eclipse.jetty.util.statistic.SampleStatistic
 794:             1             96  sun.misc.Launcher$AppClassLoader
 795:             1             96  sun.net.www.protocol.jar.URLJarFile$URLJarFileEntry
 796:             1             96  sun.security.ec.SunEC
 797:             1             96  sun.security.jca.ProviderList$1
 798:             1             96  sun.security.rsa.SunRsaSign
 799:             3             96  sun.security.x509.SubjectAlternativeNameExtension
 800:             2             96  sun.text.normalizer.CharTrie
 801:             2             88  [Lcom.sun.org.apache.xalan.internal.utils.XMLSecurityManager$State;
 802:             3             88  [Lcom.sun.org.apache.xerces.internal.utils.XMLSecurityPropertyManager$State;
 803:             1             88  [Lsun.security.util.ObjectIdentifier;
 804:             1             88  [[Ljava.lang.Byte;
 805:             1             88  org.apache.log4j.RollingFileAppender
 806:             1             88  org.apache.solr.schema.CurrencyField
 807:             1             88  org.apache.solr.schema.LatLonType
 808:             1             88  org.eclipse.jetty.http.HttpBuffersImpl
 809:             1             88  org.eclipse.jetty.io.BufferDateCache
 810:             1             88  org.eclipse.jetty.servlet.FilterHolder
 811:             1             88  org.eclipse.jetty.start.Classpath$Loader
 812:             1             88  sun.misc.Launcher$ExtClassLoader
 813:             1             80  [[Z
 814:             2             80  com.ctc.wstx.util.SymbolTable
 815:             2             80  com.google.common.collect.SingletonImmutableBiMap
 816:             2             80  com.sun.org.apache.xerces.internal.impl.XMLDocumentFragmentScannerImpl$ElementStack2
 817:             2             80  com.sun.org.apache.xerces.internal.impl.XMLEntityManager$CharacterBufferPool
 818:             2             80  com.sun.org.apache.xerces.internal.impl.XMLErrorReporter
 819:             2             80  com.sun.org.apache.xerces.internal.impl.XMLVersionDetector
 820:             2             80  com.sun.org.apache.xerces.internal.impl.validation.ValidationState
 821:             2             80  com.sun.org.apache.xerces.internal.util.XMLAttributesImpl
 822:             2             80  com.sun.org.apache.xerces.internal.utils.XMLSecurityManager
 823:             2             80  com.sun.xml.internal.stream.XMLEntityStorage
 824:             2             80  java.io.BufferedWriter
 825:             2             80  java.io.ExpiringCache
 826:             2             80  java.io.PrintWriter
 827:             2             80  java.lang.invoke.BoundMethodHandle$SpeciesData
 828:             2             80  java.lang.invoke.DirectMethodHandle$Constructor
 829:             2             80  java.util.Locale$Category
 830:             2             80  java.util.PropertyResourceBundle
 831:             2             80  java.util.regex.Pattern$Loop
 832:             2             80  org.apache.lucene.analysis.path.PathHierarchyTokenizerFactory
 833:             5             80  org.apache.lucene.codecs.lucene42.Lucene42TermVectorsFormat
 834:             2             80  org.apache.lucene.index.CompositeReaderContext
 835:             1             80  org.apache.lucene.index.TieredMergePolicy
 836:             2             80  org.apache.lucene.store.NRTCachingDirectory
 837:             2             80  org.apache.solr.core.CachingDirectoryFactory$CacheValue
 838:             1             80  org.apache.solr.core.JmxMonitoredMap
 839:             1             80  org.apache.solr.handler.admin.InfoHandler
 840:             1             80  org.apache.solr.update.TransactionLog
 841:             1             80  org.eclipse.jetty.deploy.DeploymentManager
 842:             1             80  org.eclipse.jetty.deploy.providers.ContextProvider
 843:             1             80  org.eclipse.jetty.servlet.ErrorPageErrorHandler
 844:             2             80  org.eclipse.jetty.xml.XmlParser
 845:             2             80  sun.misc.FloatingDecimal$BinaryToASCIIBuffer
 846:             1             72  [Lcom.sun.org.apache.xml.internal.dtm.ref.ExtendedType;
 847:             3             72  [Lorg.apache.lucene.util.CharsRefBuilder;
 848:             2             72  [Lsun.security.jca.ProviderConfig;
 849:             3             72  com.sun.org.apache.xerces.internal.impl.dtd.XMLAttributeDecl
 850:             3             72  java.io.OutputStreamWriter
 851:             3             72  java.lang.ClassValue$Version
 852:             3             72  java.security.CodeSigner
 853:             3             72  java.util.Base64$Encoder
 854:             1             72  java.util.ResourceBundle$RBClassLoader
 855:             3             72  java.util.concurrent.LinkedBlockingQueue$Node
 856:             1             72  java.util.logging.LogManager$RootLogger
 857:             3             72  java.util.regex.Pattern$CharProperty$1
 858:             3             72  javax.servlet.SessionTrackingMode
 859:             3             72  org.apache.http.HttpVersion
 860:             3             72  org.apache.lucene.analysis.DelegatingAnalyzerWrapper$DelegatingReuseStrategy
 861:             3             72  org.apache.lucene.analysis.ja.JapaneseTokenizer$Mode
 862:             3             72  org.apache.lucene.analysis.util.AnalysisSPILoader
 863:             3             72  org.apache.lucene.index.IndexWriterConfig$OpenMode
 864:             1             72  org.apache.lucene.index.StandardDirectoryReader
 865:             3             72  org.apache.lucene.index.StoredFieldVisitor$Status
 866:             3             72  org.apache.lucene.index.TermsEnum$SeekStatus
 867:             3             72  org.apache.lucene.util.NamedSPILoader
 868:             3             72  org.apache.lucene.util.fst.FST$INPUT_TYPE
 869:             3             72  org.apache.solr.common.params.CommonParams$EchoParamStyle
 870:             3             72  org.apache.solr.core.SolrConfig$HttpCachingConfig$LastModFrom
 871:             1             72  org.apache.solr.handler.PingRequestHandler
 872:             1             72  org.apache.solr.handler.RealTimeGetHandler
 873:             1             72  org.apache.solr.handler.admin.CoreAdminHandler
 874:             1             72  org.apache.solr.handler.component.HttpShardHandlerFactory
 875:             3             72  org.apache.solr.rest.ManagedResourceStorage$JsonStorage
 876:             3             72  org.apache.solr.schema.IndexSchema$DynamicReplacement$DynamicPattern$NameStartsWith
 877:             1             72  org.apache.solr.schema.TrieDateField$ISO8601CanonicalDateFormat
 878:             1             72  org.apache.solr.update.SolrIndexConfig
 879:             3             72  org.apache.solr.update.UpdateLog$SyncLevel
 880:             3             72  org.eclipse.jetty.io.BufferCache
 881:             3             72  org.eclipse.jetty.io.Buffers$Type
 882:             3             72  org.eclipse.jetty.security.UserDataConstraint
 883:             1             72  org.eclipse.jetty.server.handler.ContextHandlerCollection
 884:             1             72  org.eclipse.jetty.server.handler.DefaultHandler
 885:             1             72  org.eclipse.jetty.server.session.HashSessionIdManager
 886:             1             72  org.eclipse.jetty.server.session.SessionHandler
 887:             1             72  org.eclipse.jetty.servlet.DefaultServlet
 888:             3             72  org.eclipse.jetty.util.Scanner$Notification
 889:             1             72  org.eclipse.jetty.util.resource.JarFileResource
 890:             1             72  org.eclipse.jetty.webapp.MetaData
 891:             3             72  org.eclipse.jetty.webapp.MetaDataComplete
 892:             3             72  sun.misc.FloatingDecimal$ExceptionalBinaryToASCIIBuffer
 893:             3             72  sun.misc.Signal
 894:             3             72  sun.security.provider.NativePRNG$Variant
 895:             3             72  sun.security.x509.AccessDescription
 896:             1             72  sun.util.locale.provider.JRELocaleProviderAdapter
 897:             2             64  [Lcom.google.common.cache.LocalCache$Segment;
 898:             2             64  [Lcom.sun.org.apache.xalan.internal.utils.FeaturePropertyBase$State;
 899:             2             64  [Ljavax.servlet.SessionTrackingMode;
 900:             2             64  [Lorg.apache.lucene.analysis.ja.JapaneseTokenizer$Mode;
 901:             1             64  [Lorg.apache.lucene.uninverting.UninvertingReader$Type;
 902:             2             64  [Lorg.apache.lucene.util.RamUsageEstimator$JvmFeature;
 903:             2             64  [Lorg.apache.solr.core.SolrConfig$HttpCachingConfig$LastModFrom;
 904:             2             64  [Lorg.apache.solr.core.SolrConfig$PluginOpts;
 905:             2             64  [Lorg.apache.solr.servlet.cache.Method;
 906:             2             64  [[Lcom.sun.org.apache.xerces.internal.xni.QName;
 907:             1             64  com.google.common.cache.CacheStats
 908:             2             64  com.sun.org.apache.xalan.internal.utils.XMLSecurityPropertyManager$Property
 909:             2             64  com.sun.org.apache.xerces.internal.impl.XMLNSDocumentScannerImpl$NSContentDriver
 910:             2             64  com.sun.org.apache.xerces.internal.util.NamespaceSupport
 911:             2             64  com.sun.org.apache.xerces.internal.utils.XMLSecurityPropertyManager$Property
 912:             2             64  com.sun.org.apache.xpath.internal.objects.XBooleanStatic
 913:             2             64  java.io.PrintStream
 914:             2             64  java.lang.VirtualMachineError
 915:             2             64  java.lang.invoke.BoundMethodHandle$Species_L
 916:             2             64  java.lang.ref.ReferenceQueue$Null
 917:             4             64  java.util.LinkedHashMap$LinkedKeySet
 918:             2             64  java.util.concurrent.ScheduledThreadPoolExecutor$DelayedWorkQueue
 919:             4             64  java.util.concurrent.atomic.AtomicBoolean
 920:             2             64  org.apache.http.conn.ssl.SSLSocketFactory
 921:             2             64  org.apache.http.impl.conn.PoolingClientConnectionManager
 922:             2             64  org.apache.log4j.helpers.PatternParser$BasicPatternConverter
 923:             2             64  org.apache.lucene.analysis.ReusableStringReader
 924:             2             64  org.apache.lucene.analysis.miscellaneous.ASCIIFoldingFilterFactory
 925:             4             64  org.apache.lucene.codecs.lucene40.Lucene40SegmentInfoFormat
 926:             1             64  org.apache.lucene.codecs.lucene410.Lucene410Codec
 927:             1             64  org.apache.lucene.codecs.lucene42.Lucene42Codec
 928:             1             64  org.apache.lucene.codecs.lucene45.Lucene45Codec
 929:             1             64  org.apache.lucene.codecs.lucene46.Lucene46Codec
 930:             1             64  org.apache.lucene.codecs.lucene49.Lucene49Codec
 931:             1             64  org.apache.lucene.codecs.lucene50.Lucene50Codec
 932:             2             64  org.apache.lucene.codecs.lucene50.Lucene50TermVectorsFormat
 933:             1             64  org.apache.lucene.index.DocumentsWriter
 934:             1             64  org.apache.lucene.index.ExitableDirectoryReader
 935:             2             64  org.apache.lucene.store.MMapDirectory
 936:             2             64  org.apache.lucene.store.RAMDirectory
 937:             1             64  org.apache.lucene.uninverting.UninvertingReader$UninvertingDirectoryReader
 938:             1             64  org.apache.solr.client.solrj.impl.LBHttpSolrClient
 939:             2             64  org.apache.solr.cloud.ActionThrottle
 940:             2             64  org.apache.solr.core.InitParams
 941:             1             64  org.apache.solr.core.NRTCachingDirectoryFactory
 942:             1             64  org.apache.solr.core.SchemaCodecFactory$1
 943:             1             64  org.apache.solr.handler.DumpRequestHandler
 944:             1             64  org.apache.solr.handler.SchemaHandler
 945:             1             64  org.apache.solr.handler.SolrConfigHandler
 946:             4             64  org.apache.solr.handler.UpdateRequestHandler$1
 947:             1             64  org.apache.solr.handler.admin.CollectionsHandler
 948:             1             64  org.apache.solr.handler.admin.LukeRequestHandler
 949:             1             64  org.apache.solr.handler.admin.PluginInfoHandler
 950:             1             64  org.apache.solr.handler.admin.ShowFileRequestHandler
 951:             1             64  org.apache.solr.handler.admin.SolrInfoMBeanHandler
 952:             4             64  org.apache.solr.handler.loader.CSVLoader
 953:             4             64  org.apache.solr.handler.loader.JavabinLoader
 954:             4             64  org.apache.solr.handler.loader.JsonLoader
 955:             1             64  org.apache.solr.rest.schema.analysis.ManagedSynonymFilterFactory$1
 956:             1             64  org.apache.solr.schema.BinaryField
 957:             1             64  org.apache.solr.schema.BoolField
 958:             2             64  org.apache.solr.schema.IndexSchema$DynamicCopy
 959:             1             64  org.apache.solr.schema.RandomSortField
 960:             2             64  org.apache.solr.servlet.SolrRequestParsers
 961:             1             64  org.apache.solr.update.DefaultSolrCoreState
 962:             1             64  org.apache.solr.update.UpdateLog$1
 963:             1             64  org.eclipse.jetty.server.handler.HandlerCollection
 964:             1             64  org.eclipse.jetty.server.handler.RequestLogHandler
 965:             2             64  org.eclipse.jetty.servlet.ServletHandler$CachedChain
 966:             2             64  org.eclipse.jetty.xml.XmlParser$Handler
 967:             1             64  org.opensextant.solrtexttagger.TaggerRequestHandler
 968:             4             64  sun.net.www.protocol.jar.Handler
 969:             2             64  sun.reflect.generics.repository.ClassRepository
 970:             4             64  sun.security.ec.ECParameters
 971:             2             64  sun.security.ssl.EphemeralKeyManager$EphemeralKeyPair
 972:             1             64  sun.security.ssl.SSLContextImpl$DefaultSSLContext
 973:             2             64  sun.security.ssl.SSLSessionContextImpl
 974:             2             64  sun.security.x509.AuthorityInfoAccessExtension
 975:             2             64  sun.security.x509.PolicyMappingsExtension
 976:             2             64  sun.security.x509.PrivateKeyUsageExtension
 977:             2             64  sun.util.locale.provider.LocaleResources
 978:             2             64  sun.util.locale.provider.LocaleServiceProviderPool
 979:             1             56  [Ljava.lang.Runnable;
 980:             2             56  [Lorg.apache.solr.search.SolrCache;
 981:             2             56  [Lorg.eclipse.jetty.server.Handler;
 982:             1             56  [Lorg.eclipse.jetty.servlet.ServletMapping;
 983:             1             56  [Lsun.util.logging.PlatformLogger$Level;
 984:             1             56  java.util.logging.LogManager
 985:             1             56  org.apache.lucene.codecs.lucene40.Lucene40Codec
 986:             1             56  org.apache.lucene.codecs.lucene41.Lucene41Codec
 987:             1             56  org.apache.lucene.codecs.simpletext.SimpleTextCodec
 988:             1             56  org.apache.lucene.index.BufferedUpdates
 989:             1             56  org.apache.lucene.index.ConcurrentMergeScheduler
 990:             1             56  org.apache.lucene.index.IndexFileDeleter
 991:             1             56  org.apache.lucene.index.SlowCompositeReaderWrapper
 992:             1             56  org.apache.lucene.search.spell.DirectSpellChecker
 993:             1             56  org.apache.solr.schema.FieldType$DefaultAnalyzer$1
 994:             1             56  org.apache.solr.update.VersionInfo
 995:             1             56  org.eclipse.jetty.server.ResourceCache
 996:             1             56  org.eclipse.jetty.webapp.DefaultsDescriptor
 997:             1             56  org.eclipse.jetty.webapp.WebDescriptor
 998:             1             56  org.tartarus.snowball.ext.FinnishStemmer
 999:             1             56  org.tartarus.snowball.ext.RomanianStemmer
1000:             1             56  sun.security.provider.SHA
1001:             1             48  [Lcom.sun.beans.util.Cache$CacheEntry;
1002:             1             48  [Lcom.sun.management.VMOption$Origin;
1003:             1             48  [Lcom.sun.org.apache.xalan.internal.utils.XMLSecurityManager$Limit;
1004:             1             48  [Lcom.sun.org.apache.xerces.internal.utils.XMLSecurityManager$Limit;
1005:             1             48  [Ljava.beans.WeakIdentityMap$Entry;
1006:             3             48  [Ljava.lang.annotation.Annotation;
1007:             1             48  [Ljava.lang.invoke.MethodHandleImpl$Intrinsic;
1008:             1             48  [Ljava.math.RoundingMode;
1009:             2             48  [Ljava.net.InetAddress;
1010:             1             48  [Ljava.util.concurrent.TimeUnit;
1011:             2             48  [Lorg.apache.lucene.codecs.lucene50.Lucene50StoredFieldsFormat$Mode;
1012:             1             48  [Lorg.eclipse.jetty.servlet.ServletHolder;
1013:             1             48  [Lorg.eclipse.jetty.webapp.Origin;
1014:             2             48  [Lsun.reflect.generics.tree.ClassTypeSignature;
1015:             1             48  [Lsun.security.x509.NetscapeCertTypeExtension$MapEntry;
1016:             3             48  com.ctc.wstx.api.WstxInputProperties$ParsingMode
1017:             2             48  com.ctc.wstx.util.SymbolTable$Bucket
1018:             2             48  com.google.common.collect.RegularImmutableAsList
1019:             2             48  com.google.common.collect.RegularImmutableMap$EntrySet
1020:             2             48  com.google.common.collect.RegularImmutableMap$NonTerminalEntry
1021:             3             48  com.spatial4j.core.distance.GeodesicSphereDistCalc$Haversine
1022:             3             48  com.spatial4j.core.io.BinaryCodec
1023:             3             48  com.spatial4j.core.io.WktShapeParser
1024:             3             48  com.sun.org.apache.xerces.internal.impl.dtd.DTDGrammar$QNameHashtable
1025:             2             48  com.sun.org.apache.xerces.internal.impl.dtd.DTDGrammarBucket
1026:             3             48  com.sun.org.apache.xerces.internal.impl.dv.dtd.ListDatatypeValidator
1027:             2             48  com.sun.org.apache.xerces.internal.impl.msg.XMLMessageFormatter
1028:             2             48  com.sun.org.apache.xerces.internal.impl.validation.ValidationManager
1029:             2             48  com.sun.org.apache.xerces.internal.util.SymbolTable
1030:             2             48  com.sun.org.apache.xerces.internal.utils.XMLSecurityPropertyManager
1031:             2             48  java.io.BufferedOutputStream
1032:             2             48  java.io.File$PathStatus
1033:             3             48  java.lang.ClassValue$Identity
1034:             2             48  java.lang.invoke.MethodHandles$Lookup
1035:             2             48  java.lang.reflect.ReflectPermission
1036:             2             48  java.net.InetAddress
1037:             2             48  java.net.InetAddress$Cache
1038:             2             48  java.net.InetAddress$Cache$Type
1039:             2             48  java.net.InetAddress$CacheEntry
1040:             2             48  java.net.ServerSocket
1041:             3             48  java.nio.channels.FileChannel$MapMode
1042:             2             48  java.nio.charset.CoderResult
1043:             3             48  java.nio.charset.CodingErrorAction
1044:             2             48  java.security.Timestamp
1045:             3             48  java.text.AttributedCharacterIterator$Attribute
1046:             1             48  java.text.RuleBasedCollator
1047:             3             48  java.util.Base64$Decoder
1048:             2             48  java.util.BitSet
1049:             3             48  java.util.concurrent.SynchronousQueue$TransferStack
1050:             1             48  java.util.concurrent.ThreadPoolExecutor$Worker
1051:             1             48  java.util.concurrent.locks.ReentrantReadWriteLock$FairSync
1052:             3             48  java.util.jar.JarVerifier$3
1053:             2             48  java.util.logging.Logger$LoggerBundle
1054:             2             48  java.util.regex.Pattern$Dollar
1055:             2             48  java.util.regex.Pattern$Prolog
1056:             3             48  org.apache.http.impl.client.BasicCredentialsProvider
1057:             2             48  org.apache.http.impl.client.DefaultHttpRequestRetryHandler
1058:             2             48  org.apache.http.impl.conn.DefaultClientConnectionOperator
1059:             3             48  org.apache.http.impl.conn.SystemDefaultDnsResolver
1060:             1             48  org.apache.log4j.Hierarchy
1061:             2             48  org.apache.log4j.helpers.OnlyOnceErrorHandler
1062:             1             48  org.apache.log4j.helpers.PatternParser
1063:             2             48  org.apache.lucene.analysis.ar.ArabicNormalizationFilterFactory
1064:             2             48  org.apache.lucene.analysis.cjk.CJKWidthFilterFactory
1065:             1             48  org.apache.lucene.analysis.core.StopFilter
1066:             1             48  org.apache.lucene.analysis.ja.JapaneseTokenizerFactory
1067:             1             48  org.apache.lucene.analysis.util.CharArrayMap$EmptyCharArrayMap
1068:             3             48  org.apache.lucene.codecs.lucene46.Lucene46FieldInfosFormat
1069:             3             48  org.apache.lucene.codecs.lucene46.Lucene46SegmentInfoFormat
1070:             2             48  org.apache.lucene.codecs.lucene50.Lucene50Codec$1
1071:             2             48  org.apache.lucene.codecs.lucene50.Lucene50Codec$2
1072:             2             48  org.apache.lucene.codecs.lucene50.Lucene50StoredFieldsFormat$Mode
1073:             1             48  org.apache.lucene.index.IndexFileDeleter$CommitPoint
1074:             2             48  org.apache.lucene.search.spell.WordBreakSpellChecker$BreakSuggestionSortMethod
1075:             1             48  org.apache.lucene.util.packed.BulkOperationPacked1
1076:             1             48  org.apache.lucene.util.packed.BulkOperationPacked10
1077:             1             48  org.apache.lucene.util.packed.BulkOperationPacked11
1078:             1             48  org.apache.lucene.util.packed.BulkOperationPacked12
1079:             1             48  org.apache.lucene.util.packed.BulkOperationPacked13
1080:             1             48  org.apache.lucene.util.packed.BulkOperationPacked14
1081:             1             48  org.apache.lucene.util.packed.BulkOperationPacked15
1082:             1             48  org.apache.lucene.util.packed.BulkOperationPacked16
1083:             1             48  org.apache.lucene.util.packed.BulkOperationPacked17
1084:             1             48  org.apache.lucene.util.packed.BulkOperationPacked18
1085:             1             48  org.apache.lucene.util.packed.BulkOperationPacked19
1086:             1             48  org.apache.lucene.util.packed.BulkOperationPacked2
1087:             1             48  org.apache.lucene.util.packed.BulkOperationPacked20
1088:             1             48  org.apache.lucene.util.packed.BulkOperationPacked21
1089:             1             48  org.apache.lucene.util.packed.BulkOperationPacked22
1090:             1             48  org.apache.lucene.util.packed.BulkOperationPacked23
1091:             1             48  org.apache.lucene.util.packed.BulkOperationPacked24
1092:             1             48  org.apache.lucene.util.packed.BulkOperationPacked3
1093:             1             48  org.apache.lucene.util.packed.BulkOperationPacked4
1094:             1             48  org.apache.lucene.util.packed.BulkOperationPacked5
1095:             1             48  org.apache.lucene.util.packed.BulkOperationPacked6
1096:             1             48  org.apache.lucene.util.packed.BulkOperationPacked7
1097:             1             48  org.apache.lucene.util.packed.BulkOperationPacked8
1098:             1             48  org.apache.lucene.util.packed.BulkOperationPacked9
1099:             1             48  org.apache.solr.analysis.ReversedWildcardFilterFactory
1100:             2             48  org.apache.solr.client.solrj.SolrQuery$ORDER
1101:             2             48  org.apache.solr.client.solrj.impl.HttpClientUtil$1
1102:             3             48  org.apache.solr.common.util.XMLErrorLogger
1103:             2             48  org.apache.solr.core.DirectoryFactory$DirContext
1104:             2             48  org.apache.solr.core.QuerySenderListener
1105:             2             48  org.apache.solr.handler.component.SpellCheckComponent$SpellCheckerListener
1106:             2             48  org.apache.solr.highlight.ScoreOrderFragmentsBuilder
1107:             1             48  org.apache.solr.logging.log4j.EventAppender
1108:             2             48  org.apache.solr.parser.QueryParser$Operator
1109:             2             48  org.apache.solr.rest.RestManager$ManagedResourceRegistration
1110:             3             48  org.apache.solr.rest.schema.analysis.ManagedSynonymFilterFactory$CasePreservedSynonymMappings
1111:             2             48  org.apache.solr.servlet.SolrRequestParsers$StandardRequestParser
1112:             2             48  org.eclipse.jetty.servlet.ServletHolder$Registration
1113:             2             48  org.eclipse.jetty.util.statistic.CounterStatistic
1114:             2             48  org.eclipse.jetty.webapp.ClasspathPattern
1115:             2             48  org.eclipse.jetty.xml.XmlParser$NoopHandler
1116:             1             48  org.tartarus.snowball.ext.ArmenianStemmer
1117:             1             48  org.tartarus.snowball.ext.BasqueStemmer
1118:             1             48  org.tartarus.snowball.ext.CatalanStemmer
1119:             1             48  org.tartarus.snowball.ext.DanishStemmer
1120:             1             48  org.tartarus.snowball.ext.DutchStemmer
1121:             1             48  org.tartarus.snowball.ext.IrishStemmer
1122:             1             48  org.tartarus.snowball.ext.NorwegianStemmer
1123:             1             48  org.tartarus.snowball.ext.RussianStemmer
1124:             1             48  org.tartarus.snowball.ext.SwedishStemmer
1125:             1             48  org.tartarus.snowball.ext.TurkishStemmer
1126:             2             48  sun.misc.NativeSignalHandler
1127:             2             48  sun.net.www.MessageHeader
1128:             3             48  sun.nio.ch.FileDispatcherImpl
1129:             2             48  sun.nio.ch.NativeThreadSet
1130:             2             48  sun.reflect.generics.tree.ClassSignature
1131:             2             48  sun.security.jca.ProviderList
1132:             2             48  sun.security.jca.ProviderList$3
1133:             2             48  sun.security.ssl.SSLAlgorithmConstraints
1134:             2             48  sun.security.x509.CertificatePolicyMap
1135:             3             48  sun.security.x509.RFC822Name
1136:             1             48  sun.text.normalizer.IntTrie
1137:             1             48  sun.text.normalizer.NormalizerBase
1138:             3             48  sun.text.normalizer.NormalizerBase$QuickCheckResult
1139:             1             40  [Lcom.sun.org.apache.xerces.internal.util.Status;
1140:             1             40  [Ljavax.servlet.DispatcherType;
1141:             1             40  [Lorg.apache.lucene.index.DocValuesType;
1142:             1             40  [Lorg.apache.lucene.index.IndexOptions;
1143:             1             40  [Lorg.apache.solr.schema.TrieField$TrieTypes;
1144:             1             40  [Lorg.eclipse.jetty.webapp.Configuration;
1145:             2             40  [Lsun.reflect.generics.tree.FieldTypeSignature;
1146:             2             40  [Lsun.reflect.generics.tree.FormalTypeParameter;
1147:             1             40  [Lsun.security.jca.ServiceId;
1148:             1             40  [Lsun.security.util.DisabledAlgorithmConstraints$KeySizeConstraint$Operator;
1149:             1             40  [Lsun.util.locale.provider.LocaleProviderAdapter$Type;
1150:             1             40  [[Ljava.lang.invoke.LambdaForm$Name;
1151:             1             40  com.sun.beans.finder.MethodFinder$1
1152:             1             40  java.beans.WeakIdentityMap$Entry
1153:             1             40  java.io.BufferedInputStream
1154:             1             40  java.lang.invoke.DirectMethodHandle$Accessor
1155:             1             40  java.text.CollationElementIterator
1156:             1             40  java.text.RBCollationTables
1157:             1             40  java.util.ResourceBundle$1
1158:             1             40  java.util.ServiceLoader$LazyIterator
1159:             1             40  org.apache.log4j.helpers.CountingQuietWriter
1160:             1             40  org.apache.log4j.helpers.PatternParser$ClassNamePatternConverter
1161:             1             40  org.apache.log4j.helpers.PatternParser$DatePatternConverter
1162:             1             40  org.apache.log4j.spi.RootLogger
1163:             1             40  org.apache.lucene.analysis.core.LowerCaseFilter
1164:             1             40  org.apache.lucene.analysis.ja.JapanesePartOfSpeechStopFilterFactory
1165:             1             40  org.apache.lucene.analysis.miscellaneous.StemmerOverrideFilterFactory
1166:             1             40  org.apache.lucene.analysis.pattern.PatternReplaceFilterFactory
1167:             1             40  org.apache.lucene.analysis.payloads.DelimitedPayloadTokenFilterFactory
1168:             1             40  org.apache.lucene.index.BufferedUpdatesStream
1169:             1             40  org.apache.lucene.index.DocumentsWriterDeleteQueue
1170:             1             40  org.apache.solr.core.Config
1171:             1             40  org.apache.solr.core.CoreDescriptor
1172:             1             40  org.apache.solr.core.SolrConfig$UpdateHandlerInfo
1173:             1             40  org.apache.solr.handler.component.QueryElevationComponent
1174:             1             40  org.apache.solr.highlight.DefaultSolrHighlighter
1175:             1             40  org.apache.solr.rest.RestManager
1176:             1             40  org.apache.solr.rest.RestManager$RestManagerManagedResource
1177:             1             40  org.apache.solr.rest.schema.analysis.ManagedSynonymFilterFactory$SynonymManager
1178:             1             40  org.apache.solr.rest.schema.analysis.ManagedWordSetResource
1179:             1             40  org.apache.solr.schema.IndexSchema$SolrQueryAnalyzer
1180:             1             40  org.apache.solr.search.QueryResultKey
1181:             1             40  org.apache.solr.spelling.WordBreakSolrSpellChecker
1182:             1             40  org.apache.solr.update.UpdateLog$RecoveryInfo
1183:             1             40  org.apache.solr.util.ConcurrentLRUCache$CacheEntry
1184:             1             40  org.eclipse.jetty.server.session.HashSessionManager$2
1185:             1             40  org.eclipse.jetty.webapp.WebAppContext$Context
1186:             1             40  org.tartarus.snowball.ext.HungarianStemmer
1187:             1             40  sun.nio.ch.FileLockImpl
1188:             1             40  sun.nio.cs.StandardCharsets$Aliases
1189:             1             40  sun.nio.cs.StandardCharsets$Cache
1190:             1             40  sun.nio.cs.StandardCharsets$Classes
1191:             1             40  sun.security.provider.DSAPublicKeyImpl
1192:             1             40  sun.text.IntHashtable
1193:             1             40  sun.text.UCompactIntArray
1194:             1             32  [Lcom.google.common.cache.LocalCache$Strength;
1195:             1             32  [Lcom.sun.beans.util.Cache$Kind;
1196:             1             32  [Lcom.sun.org.apache.xalan.internal.utils.XMLSecurityManager$NameMap;
1197:             1             32  [Lcom.sun.org.apache.xerces.internal.utils.XMLSecurityManager$NameMap;
1198:             1             32  [Ljava.lang.OutOfMemoryError;
1199:             1             32  [Ljava.lang.ThreadGroup;
1200:             1             32  [Ljava.text.Normalizer$Form;
1201:             1             32  [Ljava.util.EventListener;
1202:             1             32  [Lorg.apache.lucene.analysis.synonym.SynonymFilter$PendingInput;
1203:             1             32  [Lorg.apache.lucene.analysis.synonym.SynonymFilter$PendingOutputs;
1204:             1             32  [Lorg.apache.lucene.index.IndexWriterConfig$OpenMode;
1205:             1             32  [Lorg.apache.lucene.index.StoredFieldVisitor$Status;
1206:             1             32  [Lorg.apache.lucene.index.TermsEnum$SeekStatus;
1207:             1             32  [Lorg.apache.lucene.search.BooleanClause$Occur;
1208:             1             32  [Lorg.apache.lucene.store.IOContext$Context;
1209:             1             32  [Lorg.apache.lucene.util.fst.FST$INPUT_TYPE;
1210:             1             32  [Lorg.apache.solr.common.params.CommonParams$EchoParamStyle;
1211:             1             32  [Lorg.apache.solr.search.SolrCache$State;
1212:             1             32  [Lorg.apache.solr.update.UpdateLog$State;
1213:             1             32  [Lorg.apache.solr.update.UpdateLog$SyncLevel;
1214:             1             32  [Lorg.apache.solr.update.processor.UpdateRequestProcessorFactory;
1215:             1             32  [Lorg.eclipse.jetty.io.Buffers$Type;
1216:             1             32  [Lorg.eclipse.jetty.security.UserDataConstraint;
1217:             1             32  [Lorg.eclipse.jetty.servlet.Holder$Source;
1218:             1             32  [Lorg.eclipse.jetty.util.Scanner$Notification;
1219:             1             32  [Lorg.eclipse.jetty.webapp.MetaDataComplete;
1220:             1             32  [Lsun.security.provider.NativePRNG$Variant;
1221:             1             32  [Lsun.text.normalizer.NormalizerBase$Mode;
1222:             1             32  [[Lcom.sun.org.apache.xerces.internal.impl.dtd.models.ContentModelValidator;
1223:             1             32  [[Lcom.sun.org.apache.xerces.internal.impl.dv.DatatypeValidator;
1224:             1             32  [[[Ljava.lang.String;
1225:             2             32  com.google.common.cache.LocalCache$LocalManualCache
1226:             1             32  com.google.common.util.concurrent.MoreExecutors$SameThreadExecutorService
1227:             2             32  com.sun.beans.WeakCache
1228:             1             32  com.sun.beans.finder.BeanInfoFinder
1229:             1             32  com.sun.org.apache.xalan.internal.utils.FeatureManager$Feature
1230:             1             32  com.sun.org.apache.xalan.internal.utils.XMLSecurityManager
1231:             2             32  com.sun.org.apache.xerces.internal.impl.XMLDocumentScannerImpl$PrologDriver
1232:             2             32  com.sun.org.apache.xerces.internal.impl.XMLDocumentScannerImpl$TrailingMiscDriver
1233:             2             32  com.sun.org.apache.xerces.internal.impl.XMLDocumentScannerImpl$XMLDeclDriver
1234:             1             32  com.sun.org.apache.xerces.internal.impl.XMLEntityScanner$1
1235:             2             32  com.sun.org.apache.xerces.internal.impl.dv.dtd.DTDDVFactoryImpl
1236:             2             32  com.sun.org.apache.xerces.internal.impl.dv.dtd.ENTITYDatatypeValidator
1237:             2             32  com.sun.org.apache.xerces.internal.parsers.AbstractSAXParser$AttributesProxy
1238:             2             32  com.sun.org.apache.xerces.internal.util.EntityResolverWrapper
1239:             2             32  com.sun.org.apache.xerces.internal.util.ErrorHandlerWrapper
1240:             1             32  com.sun.org.apache.xml.internal.utils.XMLReaderManager
1241:             1             32  com.sun.org.apache.xpath.internal.jaxp.XPathFactoryImpl
1242:             1             32  java.beans.ThreadGroupContext
1243:             1             32  java.beans.ThreadGroupContext$1
1244:             1             32  java.io.RandomAccessFile
1245:             1             32  java.io.UnixFileSystem
1246:             1             32  java.lang.ArithmeticException
1247:             1             32  java.lang.ArrayIndexOutOfBoundsException
1248:             2             32  java.lang.Boolean
1249:             1             32  java.lang.NullPointerException
1250:             2             32  java.lang.Shutdown$Lock
1251:             1             32  java.lang.reflect.WeakCache
1252:             2             32  java.nio.ByteOrder
1253:             1             32  java.nio.channels.Channels$1
1254:             1             32  java.security.BasicPermissionCollection
1255:             1             32  java.security.MessageDigest$Delegate
1256:             1             32  java.text.DontCareFieldPosition
1257:             2             32  java.util.Collections$SingletonSet
1258:             2             32  java.util.Hashtable$EntrySet
1259:             1             32  java.util.ServiceLoader
1260:             2             32  java.util.concurrent.ConcurrentHashMap$ValuesView
1261:             1             32  java.util.concurrent.ThreadLocalRandom
1262:             1             32  java.util.logging.LogManager$SystemLoggerContext
1263:             2             32  javax.xml.xpath.SecuritySupport
1264:             2             32  org.apache.http.conn.scheme.PlainSocketFactory
1265:             2             32  org.apache.http.conn.scheme.SchemeRegistry
1266:             2             32  org.apache.http.impl.conn.HttpConnPool$InternalConnFactory
1267:             2             32  org.apache.http.params.SyncBasicHttpParams
1268:             1             32  org.apache.log4j.PatternLayout
1269:             1             32  org.apache.lucene.analysis.cjk.CJKBigramFilterFactory
1270:             1             32  org.apache.lucene.analysis.id.IndonesianStemFilterFactory
1271:             1             32  org.apache.lucene.analysis.ja.JapaneseKatakanaStemFilterFactory
1272:             1             32  org.apache.lucene.analysis.miscellaneous.TrimFilterFactory
1273:             1             32  org.apache.lucene.analysis.phonetic.DoubleMetaphoneFilterFactory
1274:             2             32  org.apache.lucene.codecs.lucene40.Lucene40DocValuesFormat
1275:             2             32  org.apache.lucene.codecs.lucene40.Lucene40FieldInfosFormat
1276:             2             32  org.apache.lucene.codecs.lucene40.Lucene40NormsFormat
1277:             2             32  org.apache.lucene.codecs.lucene40.Lucene40TermVectorsFormat
1278:             2             32  org.apache.lucene.codecs.lucene42.Lucene42FieldInfosFormat
1279:             2             32  org.apache.lucene.codecs.lucene50.Lucene50CompoundFormat
1280:             2             32  org.apache.lucene.codecs.lucene50.Lucene50FieldInfosFormat
1281:             2             32  org.apache.lucene.codecs.lucene50.Lucene50LiveDocsFormat
1282:             2             32  org.apache.lucene.codecs.lucene50.Lucene50NormsFormat
1283:             2             32  org.apache.lucene.codecs.lucene50.Lucene50SegmentInfoFormat
1284:             2             32  org.apache.lucene.codecs.lucene50.Lucene50StoredFieldsFormat
1285:             2             32  org.apache.lucene.codecs.simpletext.SimpleTextDocValuesFormat
1286:             2             32  org.apache.lucene.codecs.simpletext.SimpleTextPostingsFormat
1287:             1             32  org.apache.lucene.index.DocumentsWriterPerThreadPool
1288:             1             32  org.apache.lucene.index.FieldInfos$FieldNumbers
1289:             2             32  org.apache.lucene.search.MatchAllDocsQuery
1290:             2             32  org.apache.lucene.search.similarities.DefaultSimilarity
1291:             1             32  org.apache.lucene.search.spell.WordBreakSpellChecker
1292:             1             32  org.apache.lucene.store.NativeFSLockFactory$NativeFSLock
1293:             2             32  org.apache.lucene.store.SingleInstanceLockFactory
1294:             1             32  org.apache.lucene.util.AttributeFactory$DefaultAttributeFactory$1
1295:             1             32  org.apache.solr.core.ConfigOverlay
1296:             1             32  org.apache.solr.core.ConfigSolrXml
1297:             1             32  org.apache.solr.core.IndexDeletionPolicyWrapper
1298:             1             32  org.apache.solr.core.SolrConfig$HttpCachingConfig
1299:             1             32  org.apache.solr.core.SolrConfig$JmxConfiguration
1300:             1             32  org.apache.solr.core.SolrCore$8
1301:             1             32  org.apache.solr.core.SolrCore$LazyQueryResponseWriterWrapper
1302:             1             32  org.apache.solr.core.SolrCores
1303:             1             32  org.apache.solr.core.ZkContainer
1304:             1             32  org.apache.solr.handler.component.SpellCheckComponent
1305:             1             32  org.apache.solr.highlight.RegexFragmenter
1306:             1             32  org.apache.solr.logging.CircularList
1307:             1             32  org.apache.solr.logging.log4j.Log4jWatcher
1308:             2             32  org.apache.solr.response.JSONResponseWriter
1309:             1             32  org.apache.solr.rest.RestManager$Registry
1310:             1             32  org.apache.solr.rest.schema.analysis.ManagedStopFilterFactory
1311:             1             32  org.apache.solr.rest.schema.analysis.ManagedSynonymFilterFactory
1312:             2             32  org.apache.solr.schema.AbstractSpatialFieldType$1
1313:             1             32  org.apache.solr.schema.BoolField$1
1314:             1             32  org.apache.solr.schema.IndexSchema$SolrIndexAnalyzer
1315:             1             32  org.apache.solr.servlet.SolrDispatchFilter
1316:             2             32  org.apache.solr.servlet.SolrRequestParsers$FormDataRequestParser
1317:             2             32  org.apache.solr.servlet.SolrRequestParsers$MultipartRequestParser
1318:             2             32  org.apache.solr.servlet.SolrRequestParsers$RawRequestParser
1319:             2             32  org.apache.solr.servlet.SolrRequestParsers$SimpleRequestParser
1320:             1             32  org.apache.solr.spelling.DirectSolrSpellChecker
1321:             1             32  org.apache.solr.update.SolrIndexConfig$DelayedSchemaAnalyzer
1322:             1             32  org.eclipse.jetty.continuation.ContinuationThrowable
1323:             1             32  org.eclipse.jetty.deploy.App
1324:             1             32  org.eclipse.jetty.deploy.DeploymentManager$AppEntry
1325:             1             32  org.eclipse.jetty.security.ConstraintMapping
1326:             1             32  org.eclipse.jetty.servlet.FilterMapping
1327:             1             32  org.eclipse.jetty.util.Scanner$TimeNSize
1328:             1             32  org.eclipse.jetty.util.security.Constraint
1329:             1             32  org.opensextant.solrtexttagger.ConcatenateFilterFactory
1330:             1             32  sun.nio.ch.FileKey
1331:             1             32  sun.nio.ch.SharedFileLockTable$FileLockReference
1332:             1             32  sun.nio.cs.StandardCharsets
1333:             1             32  sun.nio.fs.LinuxFileSystem
1334:             2             32  sun.reflect.BootstrapConstructorAccessorImpl
1335:             1             32  sun.reflect.generics.reflectiveObjects.TypeVariableImpl
1336:             2             32  sun.security.provider.NativePRNG
1337:             1             32  sun.security.provider.SecureRandom
1338:             2             32  sun.security.ssl.SSLSocketFactoryImpl
1339:             1             32  sun.security.ssl.X509TrustManagerImpl
1340:             2             32  sun.security.util.DisabledAlgorithmConstraints$KeySizeConstraints
1341:             1             32  sun.security.x509.IssuerAlternativeNameExtension
1342:             2             32  sun.text.normalizer.CharTrie$FriendAgent
1343:             1             24  [Lcom.google.common.base.Functions$ToStringFunction;
1344:             1             24  [Lcom.google.common.cache.CacheBuilder$NullListener;
1345:             1             24  [Lcom.google.common.cache.CacheBuilder$OneWeigher;
1346:             1             24  [Lcom.sun.org.apache.xalan.internal.utils.FeatureManager$Feature;
1347:             1             24  [Lcom.sun.org.apache.xalan.internal.utils.XMLSecurityPropertyManager$Property;
1348:             1             24  [Lcom.sun.org.apache.xerces.internal.utils.XMLSecurityPropertyManager$Property;
1349:             1             24  [Ljava.io.File$PathStatus;
1350:             1             24  [Ljava.lang.reflect.TypeVariable;
1351:             1             24  [Ljava.net.InetAddress$Cache$Type;
1352:             1             24  [Ljava.nio.file.LinkOption;
1353:             1             24  [Ljava.util.Locale$Category;
1354:             1             24  [Ljavax.net.ssl.KeyManager;
1355:             1             24  [Ljavax.net.ssl.TrustManager;
1356:             1             24  [Lorg.apache.lucene.search.TermQuery;
1357:             1             24  [Lorg.apache.lucene.search.spell.WordBreakSpellChecker$BreakSuggestionSortMethod;
1358:             1             24  [Lorg.apache.lucene.util.packed.PackedInts$Format;
1359:             1             24  [Lorg.apache.solr.client.solrj.SolrQuery$ORDER;
1360:             1             24  [Lorg.apache.solr.core.DirectoryFactory$DirContext;
1361:             1             24  [Lorg.apache.solr.parser.QueryParser$Operator;
1362:             1             24  [Lorg.apache.solr.schema.IndexSchema$DynamicCopy;
1363:             1             24  [Lorg.apache.solr.search.CacheConfig;
1364:             1             24  [Lorg.apache.solr.util.stats.Histogram$SampleType;
1365:             1             24  [Lorg.eclipse.jetty.server.Connector;
1366:             1             24  [Lorg.eclipse.jetty.servlet.FilterHolder;
1367:             1             24  [Lorg.eclipse.jetty.servlet.FilterMapping;
1368:             1             24  [Lsun.launcher.LauncherHelper;
1369:             1             24  [Lsun.security.ssl.EphemeralKeyManager$EphemeralKeyPair;
1370:             1             24  com.google.common.base.Functions$ToStringFunction
1371:             1             24  com.google.common.base.Joiner$1
1372:             1             24  com.google.common.base.Joiner$MapJoiner
1373:             1             24  com.google.common.cache.CacheBuilder$NullListener
1374:             1             24  com.google.common.cache.CacheBuilder$OneWeigher
1375:             1             24  com.google.common.cache.LocalCache$EntryFactory$1
1376:             1             24  com.google.common.cache.LocalCache$EntryFactory$2
1377:             1             24  com.google.common.cache.LocalCache$EntryFactory$3
1378:             1             24  com.google.common.cache.LocalCache$EntryFactory$4
1379:             1             24  com.google.common.cache.LocalCache$EntryFactory$5
1380:             1             24  com.google.common.cache.LocalCache$EntryFactory$6
1381:             1             24  com.google.common.cache.LocalCache$EntryFactory$7
1382:             1             24  com.google.common.cache.LocalCache$EntryFactory$8
1383:             1             24  com.google.common.cache.LocalCache$Strength$1
1384:             1             24  com.google.common.cache.LocalCache$Strength$2
1385:             1             24  com.google.common.cache.LocalCache$Strength$3
1386:             1             24  com.google.common.collect.ImmutableMapKeySet
1387:             1             24  com.google.common.collect.ImmutableMapKeySet$1
1388:             1             24  com.google.common.collect.SingletonImmutableSet
1389:             1             24  com.sun.beans.util.Cache$Kind$1
1390:             1             24  com.sun.beans.util.Cache$Kind$2
1391:             1             24  com.sun.beans.util.Cache$Kind$3
1392:             1             24  com.sun.org.apache.xalan.internal.utils.FeatureManager
1393:             1             24  com.sun.org.apache.xerces.internal.impl.Constants$ArrayEnumeration
1394:             1             24  com.sun.org.apache.xerces.internal.impl.dtd.XMLContentSpec
1395:             1             24  com.sun.org.apache.xpath.internal.objects.XString
1396:             1             24  java.io.StringWriter
1397:             1             24  java.lang.invoke.Invokers
1398:             1             24  java.lang.invoke.MethodHandleImpl$4
1399:             1             24  java.lang.invoke.MethodType$ConcurrentWeakInternSet
1400:             1             24  java.math.MutableBigInteger
1401:             1             24  java.net.Inet4AddressImpl
1402:             1             24  java.nio.file.LinkOption
1403:             1             24  java.util.Collections$EmptyMap
1404:             1             24  java.util.Locale$Cache
1405:             1             24  java.util.ResourceBundle$Control$CandidateListCache
1406:             1             24  java.util.TaskQueue
1407:             1             24  java.util.Timer
1408:             1             24  java.util.concurrent.ConcurrentHashMap$KeySetView
1409:             1             24  java.util.concurrent.TimeUnit$1
1410:             1             24  java.util.concurrent.TimeUnit$2
1411:             1             24  java.util.concurrent.TimeUnit$3
1412:             1             24  java.util.concurrent.TimeUnit$4
1413:             1             24  java.util.concurrent.TimeUnit$5
1414:             1             24  java.util.concurrent.TimeUnit$6
1415:             1             24  java.util.concurrent.TimeUnit$7
1416:             1             24  java.util.concurrent.locks.ReentrantReadWriteLock$Sync$HoldCounter
1417:             1             24  java.util.jar.Manifest
1418:             1             24  java.util.logging.LogManager$LoggerContext
1419:             1             24  java.util.logging.LoggingPermission
1420:             1             24  java.util.regex.Pattern$7
1421:             1             24  java.util.regex.Pattern$Bound
1422:             1             24  java.util.regex.Pattern$Neg
1423:             1             24  javax.net.ssl.SSLContext
1424:             1             24  org.apache.commons.logging.impl.SLF4JLogFactory
1425:             1             24  org.apache.log4j.helpers.FormattingInfo
1426:             1             24  org.apache.lucene.analysis.Tokenizer$1
1427:             1             24  org.apache.lucene.analysis.ar.ArabicStemFilterFactory
1428:             1             24  org.apache.lucene.analysis.bg.BulgarianStemFilterFactory
1429:             1             24  org.apache.lucene.analysis.ckb.SoraniNormalizationFilterFactory
1430:             1             24  org.apache.lucene.analysis.ckb.SoraniStemFilterFactory
1431:             1             24  org.apache.lucene.analysis.cz.CzechStemFilterFactory
1432:             1             24  org.apache.lucene.analysis.de.GermanLightStemFilterFactory
1433:             1             24  org.apache.lucene.analysis.de.GermanNormalizationFilterFactory
1434:             1             24  org.apache.lucene.analysis.el.GreekLowerCaseFilterFactory
1435:             1             24  org.apache.lucene.analysis.el.GreekStemFilterFactory
1436:             1             24  org.apache.lucene.analysis.en.EnglishMinimalStemFilterFactory
1437:             1             24  org.apache.lucene.analysis.es.SpanishLightStemFilterFactory
1438:             1             24  org.apache.lucene.analysis.fa.PersianCharFilterFactory
1439:             1             24  org.apache.lucene.analysis.fa.PersianNormalizationFilterFactory
1440:             1             24  org.apache.lucene.analysis.fr.FrenchLightStemFilterFactory
1441:             1             24  org.apache.lucene.analysis.ga.IrishLowerCaseFilterFactory
1442:             1             24  org.apache.lucene.analysis.gl.GalicianStemFilterFactory
1443:             1             24  org.apache.lucene.analysis.hi.HindiNormalizationFilterFactory
1444:             1             24  org.apache.lucene.analysis.hi.HindiStemFilterFactory
1445:             1             24  org.apache.lucene.analysis.in.IndicNormalizationFilterFactory
1446:             1             24  org.apache.lucene.analysis.it.ItalianLightStemFilterFactory
1447:             1             24  org.apache.lucene.analysis.ja.JapaneseBaseFormFilterFactory
1448:             1             24  org.apache.lucene.analysis.lv.LatvianStemFilterFactory
1449:             1             24  org.apache.lucene.analysis.miscellaneous.RemoveDuplicatesTokenFilterFactory
1450:             1             24  org.apache.lucene.analysis.miscellaneous.StemmerOverrideFilter$StemmerOverrideMap
1451:             1             24  org.apache.lucene.analysis.pt.PortugueseLightStemFilterFactory
1452:             1             24  org.apache.lucene.analysis.th.ThaiTokenizerFactory
1453:             1             24  org.apache.lucene.analysis.tr.ApostropheFilterFactory
1454:             1             24  org.apache.lucene.analysis.tr.TurkishLowerCaseFilterFactory
1455:             1             24  org.apache.lucene.codecs.blocktreeords.BlockTreeOrdsPostingsFormat
1456:             1             24  org.apache.lucene.codecs.bloom.BloomFilteringPostingsFormat
1457:             1             24  org.apache.lucene.codecs.lucene40.Lucene40Codec$1
1458:             1             24  org.apache.lucene.codecs.lucene41.Lucene41Codec$1
1459:             1             24  org.apache.lucene.codecs.lucene410.Lucene410Codec$1
1460:             1             24  org.apache.lucene.codecs.lucene410.Lucene410Codec$2
1461:             1             24  org.apache.lucene.codecs.lucene42.Lucene42Codec$1
1462:             1             24  org.apache.lucene.codecs.lucene42.Lucene42Codec$2
1463:             1             24  org.apache.lucene.codecs.lucene42.Lucene42Codec$3
1464:             1             24  org.apache.lucene.codecs.lucene42.Lucene42DocValuesFormat
1465:             1             24  org.apache.lucene.codecs.lucene45.Lucene45Codec$1
1466:             1             24  org.apache.lucene.codecs.lucene45.Lucene45Codec$2
1467:             1             24  org.apache.lucene.codecs.lucene45.Lucene45Codec$3
1468:             1             24  org.apache.lucene.codecs.lucene46.Lucene46Codec$1
1469:             1             24  org.apache.lucene.codecs.lucene46.Lucene46Codec$2
1470:             1             24  org.apache.lucene.codecs.lucene46.Lucene46Codec$3
1471:             1             24  org.apache.lucene.codecs.lucene49.Lucene49Codec$1
1472:             1             24  org.apache.lucene.codecs.lucene49.Lucene49Codec$2
1473:             1             24  org.apache.lucene.codecs.lucene50.Lucene50PostingsFormat
1474:             1             24  org.apache.lucene.codecs.memory.DirectPostingsFormat
1475:             1             24  org.apache.lucene.codecs.memory.MemoryDocValuesFormat
1476:             1             24  org.apache.lucene.codecs.memory.MemoryPostingsFormat
1477:             1             24  org.apache.lucene.index.DocumentsWriterDeleteQueue$DeleteSlice
1478:             1             24  org.apache.lucene.index.DocumentsWriterDeleteQueue$Node
1479:             1             24  org.apache.lucene.index.DocumentsWriterFlushQueue
1480:             1             24  org.apache.lucene.index.DocumentsWriterStallControl
1481:             1             24  org.apache.lucene.index.FlushByRamOrCountsPolicy
1482:             1             24  org.apache.lucene.index.IndexWriter$1
1483:             1             24  org.apache.lucene.index.IndexWriter$ReaderPool
1484:             1             24  org.apache.lucene.index.MultiBits
1485:             1             24  org.apache.lucene.index.MultiFields
1486:             1             24  org.apache.lucene.index.MultiTerms
1487:             1             24  org.apache.lucene.search.BooleanClause$Occur$1
1488:             1             24  org.apache.lucene.search.BooleanClause$Occur$2
1489:             1             24  org.apache.lucene.search.BooleanClause$Occur$3
1490:             1             24  org.apache.lucene.search.TopDocs
1491:             1             24  org.apache.lucene.spatial.prefix.tree.GeohashPrefixTree
1492:             1             24  org.apache.lucene.store.FlushInfo
1493:             1             24  org.apache.lucene.uninverting.FieldCacheImpl
1494:             1             24  org.apache.lucene.uninverting.FieldCacheImpl$BinaryDocValuesCache
1495:             1             24  org.apache.lucene.uninverting.FieldCacheImpl$DocTermOrdsCache
1496:             1             24  org.apache.lucene.uninverting.FieldCacheImpl$DocsWithFieldCache
1497:             1             24  org.apache.lucene.uninverting.FieldCacheImpl$LongCache
1498:             1             24  org.apache.lucene.uninverting.FieldCacheImpl$SortedDocValuesCache
1499:             1             24  org.apache.lucene.util.AttributeFactory$1
1500:             1             24  org.apache.lucene.util.AttributeSource$2
1501:             1             24  org.apache.lucene.util.SetOnce
1502:             1             24  org.apache.lucene.util.packed.PackedInts$Format$1
1503:             1             24  org.apache.lucene.util.packed.PackedInts$Format$2
1504:             1             24  org.apache.solr.client.solrj.SolrQuery
1505:             1             24  org.apache.solr.client.solrj.SolrQuery$SortClause
1506:             1             24  org.apache.solr.common.SolrInputDocument
1507:             1             24  org.apache.solr.common.util.SolrjNamedThreadFactory
1508:             1             24  org.apache.solr.core.ConfigSetService$Default
1509:             1             24  org.apache.solr.core.JarRepository
1510:             1             24  org.apache.solr.core.RequestHandlers
1511:             1             24  org.apache.solr.core.RequestParams
1512:             1             24  org.apache.solr.core.SchemaCodecFactory
1513:             1             24  org.apache.solr.core.SolrDeletionPolicy
1514:             1             24  org.apache.solr.handler.ReplicationHandler$3
1515:             1             24  org.apache.solr.handler.component.ExpandComponent
1516:             1             24  org.apache.solr.handler.component.FacetComponent
1517:             1             24  org.apache.solr.handler.component.HighlightComponent
1518:             1             24  org.apache.solr.handler.component.TermVectorComponent
1519:             1             24  org.apache.solr.highlight.BreakIteratorBoundaryScanner
1520:             1             24  org.apache.solr.highlight.DefaultEncoder
1521:             1             24  org.apache.solr.highlight.GapFragmenter
1522:             1             24  org.apache.solr.highlight.HtmlEncoder
1523:             1             24  org.apache.solr.highlight.HtmlFormatter
1524:             1             24  org.apache.solr.highlight.SimpleBoundaryScanner
1525:             1             24  org.apache.solr.highlight.SimpleFragListBuilder
1526:             1             24  org.apache.solr.highlight.SingleFragListBuilder
1527:             1             24  org.apache.solr.highlight.WeightedFragListBuilder
1528:             1             24  org.apache.solr.response.transform.ExplainAugmenterFactory
1529:             1             24  org.apache.solr.response.transform.ValueAugmenterFactory
1530:             1             24  org.apache.solr.schema.FileExchangeRateProvider
1531:             1             24  org.apache.solr.schema.TrieDateField$ThreadLocalDateFormat
1532:             1             24  org.apache.solr.search.BitDocSet
1533:             1             24  org.apache.solr.search.similarities.DefaultSimilarityFactory
1534:             1             24  org.apache.solr.spelling.SpellingQueryConverter
1535:             1             24  org.apache.solr.update.DefaultSolrCoreState$1
1536:             1             24  org.apache.solr.update.UpdateShardHandler
1537:             1             24  org.apache.solr.update.processor.LogUpdateProcessorFactory
1538:             1             24  org.apache.solr.update.processor.UpdateRequestProcessorChain
1539:             1             24  org.apache.solr.util.stats.Histogram$SampleType$1
1540:             1             24  org.apache.solr.util.stats.Histogram$SampleType$2
1541:             1             24  org.eclipse.jetty.deploy.AppLifeCycle
1542:             1             24  org.eclipse.jetty.http.HttpFields$DateGenerator
1543:             1             24  org.eclipse.jetty.http.HttpHeaderValues
1544:             1             24  org.eclipse.jetty.http.HttpHeaders
1545:             1             24  org.eclipse.jetty.server.AbstractConnector$Acceptor
1546:             1             24  org.eclipse.jetty.servlet.FilterHolder$Config
1547:             1             24  org.eclipse.jetty.servlet.NoJspServlet
1548:             1             24  org.eclipse.jetty.util.IO$NullWrite
1549:             1             24  org.eclipse.jetty.util.MultiMap
1550:             1             24  org.noggit.NullCharArr
1551:             1             24  org.slf4j.helpers.FormattingTuple
1552:             1             24  sun.launcher.LauncherHelper
1553:             1             24  sun.management.VMManagementImpl
1554:             1             24  sun.misc.JarIndex
1555:             1             24  sun.misc.URLClassPath$FileLoader
1556:             1             24  sun.net.ProgressMonitor
1557:             1             24  sun.net.sdp.SdpProvider
1558:             1             24  sun.nio.ch.SharedFileLockTable
1559:             1             24  sun.nio.cs.ISO_8859_1
1560:             1             24  sun.nio.cs.US_ASCII
1561:             1             24  sun.nio.cs.UTF_16
1562:             1             24  sun.nio.cs.UTF_16BE
1563:             1             24  sun.nio.cs.UTF_16LE
1564:             1             24  sun.nio.cs.UTF_8
1565:             1             24  sun.reflect.generics.factory.CoreReflectionFactory
1566:             1             24  sun.reflect.generics.scope.ClassScope
1567:             1             24  sun.reflect.generics.tree.FormalTypeParameter
1568:             1             24  sun.security.provider.DSAParameters
1569:             1             24  sun.security.ssl.SSLAlgorithmConstraints$TLSDisabledAlgConstraints
1570:             1             24  sun.security.ssl.SSLAlgorithmConstraints$X509DisabledAlgConstraints
1571:             1             24  sun.security.ssl.SunX509KeyManagerImpl
1572:             1             24  sun.security.util.DisabledAlgorithmConstraints$KeySizeConstraint
1573:             1             24  sun.text.normalizer.ReplaceableUCharacterIterator
1574:             1             24  sun.util.locale.BaseLocale$Cache
1575:             1             24  sun.util.locale.provider.CalendarDataProviderImpl
1576:             1             24  sun.util.locale.provider.CalendarProviderImpl
1577:             1             24  sun.util.locale.provider.CollatorProviderImpl
1578:             1             24  sun.util.locale.provider.CurrencyNameProviderImpl
1579:             1             24  sun.util.locale.provider.DateFormatSymbolsProviderImpl
1580:             1             24  sun.util.locale.provider.DecimalFormatSymbolsProviderImpl
1581:             1             24  sun.util.locale.provider.NumberFormatProviderImpl
1582:             1             16  [Ljava.beans.EventSetDescriptor;
1583:             1             16  [Ljava.lang.Enum;
1584:             1             16  [Ljava.lang.Throwable;
1585:             1             16  [Ljava.nio.file.attribute.FileAttribute;
1586:             1             16  [Ljava.security.Provider;
1587:             1             16  [Ljava.text.FieldPosition;
1588:             1             16  [Ljava.util.logging.Handler;
1589:             1             16  [Lorg.apache.lucene.codecs.PostingsFormat;
1590:             1             16  [Lorg.apache.lucene.search.ScoreDoc;
1591:             1             16  [Lorg.apache.lucene.search.SortField;
1592:             1             16  [Lorg.apache.solr.client.solrj.impl.LBHttpSolrClient$ServerWrapper;
1593:             1             16  com.google.common.base.Equivalence$Equals
1594:             1             16  com.google.common.base.Joiner
1595:             1             16  com.google.common.base.Suppliers$SupplierOfInstance
1596:             1             16  com.google.common.base.Ticker$1
1597:             1             16  com.google.common.cache.CacheBuilder$1
1598:             1             16  com.google.common.cache.CacheBuilder$2
1599:             1             16  com.google.common.cache.CacheBuilder$3
1600:             1             16  com.google.common.cache.LocalCache$1
1601:             1             16  com.google.common.cache.LocalCache$2
1602:             1             16  com.google.common.collect.ImmutableCollection$EmptyImmutableCollection
1603:             1             16  com.google.common.collect.Iterators$1
1604:             1             16  com.google.common.collect.Iterators$2
1605:             1             16  com.sun.naming.internal.VersionHelper12
1606:             1             16  com.sun.org.apache.xalan.internal.utils.SecuritySupport
1607:             1             16  com.sun.org.apache.xerces.internal.dom.CharacterDataImpl$1
1608:             1             16  com.sun.org.apache.xerces.internal.impl.XMLDocumentScannerImpl$DTDDriver
1609:             1             16  com.sun.org.apache.xerces.internal.impl.dv.dtd.IDDatatypeValidator
1610:             1             16  com.sun.org.apache.xerces.internal.impl.dv.dtd.IDREFDatatypeValidator
1611:             1             16  com.sun.org.apache.xerces.internal.impl.dv.dtd.NMTOKENDatatypeValidator
1612:             1             16  com.sun.org.apache.xerces.internal.impl.dv.dtd.NOTATIONDatatypeValidator
1613:             1             16  com.sun.org.apache.xerces.internal.impl.dv.dtd.StringDatatypeValidator
1614:             1             16  com.sun.org.apache.xerces.internal.utils.SecuritySupport
1615:             1             16  com.sun.org.apache.xpath.internal.objects.EqualComparator
1616:             1             16  com.sun.org.apache.xpath.internal.objects.GreaterThanComparator
1617:             1             16  com.sun.org.apache.xpath.internal.objects.GreaterThanOrEqualComparator
1618:             1             16  com.sun.org.apache.xpath.internal.objects.LessThanComparator
1619:             1             16  com.sun.org.apache.xpath.internal.objects.LessThanOrEqualComparator
1620:             1             16  com.sun.org.apache.xpath.internal.objects.NotEqualComparator
1621:             1             16  com.sun.org.apache.xpath.internal.objects.XMLStringFactoryImpl
1622:             1             16  java.io.FileDescriptor$1
1623:             1             16  java.lang.ApplicationShutdownHooks$1
1624:             1             16  java.lang.CharacterData00
1625:             1             16  java.lang.CharacterDataLatin1
1626:             1             16  java.lang.InheritableThreadLocal
1627:             1             16  java.lang.Runtime
1628:             1             16  java.lang.String$CaseInsensitiveComparator
1629:             1             16  java.lang.System$2
1630:             1             16  java.lang.Terminator$1
1631:             1             16  java.lang.invoke.MemberName$Factory
1632:             1             16  java.lang.invoke.MethodHandleImpl$2
1633:             1             16  java.lang.invoke.MethodHandleImpl$3
1634:             1             16  java.lang.management.PlatformComponent$1
1635:             1             16  java.lang.management.PlatformComponent$10
1636:             1             16  java.lang.management.PlatformComponent$11
1637:             1             16  java.lang.management.PlatformComponent$12
1638:             1             16  java.lang.management.PlatformComponent$13
1639:             1             16  java.lang.management.PlatformComponent$14
1640:             1             16  java.lang.management.PlatformComponent$15
1641:             1             16  java.lang.management.PlatformComponent$2
1642:             1             16  java.lang.management.PlatformComponent$3
1643:             1             16  java.lang.management.PlatformComponent$4
1644:             1             16  java.lang.management.PlatformComponent$5
1645:             1             16  java.lang.management.PlatformComponent$6
1646:             1             16  java.lang.management.PlatformComponent$7
1647:             1             16  java.lang.management.PlatformComponent$8
1648:             1             16  java.lang.management.PlatformComponent$9
1649:             1             16  java.lang.ref.Reference$Lock
1650:             1             16  java.lang.reflect.Proxy$KeyFactory
1651:             1             16  java.lang.reflect.Proxy$ProxyClassFactory
1652:             1             16  java.lang.reflect.ReflectAccess
1653:             1             16  java.net.InetAddress$2
1654:             1             16  java.net.URLClassLoader$7
1655:             1             16  java.nio.Bits$1
1656:             1             16  java.nio.channels.spi.AbstractInterruptibleChannel$1
1657:             1             16  java.nio.charset.CoderResult$1
1658:             1             16  java.nio.charset.CoderResult$2
1659:             1             16  java.security.ProtectionDomain$1
1660:             1             16  java.security.ProtectionDomain$3
1661:             1             16  java.text.DontCareFieldPosition$1
1662:             1             16  java.util.Collections$EmptyEnumeration
1663:             1             16  java.util.Collections$EmptyIterator
1664:             1             16  java.util.Collections$EmptyList
1665:             1             16  java.util.Collections$EmptySet
1666:             1             16  java.util.Collections$UnmodifiableMap$UnmodifiableEntrySet
1667:             1             16  java.util.Currency$CurrencyNameGetter
1668:             1             16  java.util.Hashtable$KeySet
1669:             1             16  java.util.ResourceBundle$Control
1670:             1             16  java.util.Timer$1
1671:             1             16  java.util.concurrent.ConcurrentHashMap$EntrySetView
1672:             1             16  java.util.concurrent.ConcurrentSkipListMap$KeySet
1673:             1             16  java.util.concurrent.Executors$FinalizableDelegatedExecutorService
1674:             1             16  java.util.concurrent.ThreadPoolExecutor$AbortPolicy
1675:             1             16  java.util.jar.JavaUtilJarAccessImpl
1676:             1             16  java.util.logging.LoggingProxyImpl
1677:             1             16  java.util.regex.Pattern$4
1678:             1             16  java.util.regex.Pattern$Begin
1679:             1             16  java.util.regex.Pattern$CharPropertyNames$10
1680:             1             16  java.util.regex.Pattern$CharPropertyNames$11
1681:             1             16  java.util.regex.Pattern$CharPropertyNames$12
1682:             1             16  java.util.regex.Pattern$CharPropertyNames$13
1683:             1             16  java.util.regex.Pattern$CharPropertyNames$14
1684:             1             16  java.util.regex.Pattern$CharPropertyNames$15
1685:             1             16  java.util.regex.Pattern$CharPropertyNames$16
1686:             1             16  java.util.regex.Pattern$CharPropertyNames$17
1687:             1             16  java.util.regex.Pattern$CharPropertyNames$18
1688:             1             16  java.util.regex.Pattern$CharPropertyNames$19
1689:             1             16  java.util.regex.Pattern$CharPropertyNames$20
1690:             1             16  java.util.regex.Pattern$CharPropertyNames$21
1691:             1             16  java.util.regex.Pattern$CharPropertyNames$22
1692:             1             16  java.util.regex.Pattern$CharPropertyNames$23
1693:             1             16  java.util.regex.Pattern$CharPropertyNames$5
1694:             1             16  java.util.regex.Pattern$CharPropertyNames$6
1695:             1             16  java.util.regex.Pattern$CharPropertyNames$7
1696:             1             16  java.util.regex.Pattern$CharPropertyNames$8
1697:             1             16  java.util.regex.Pattern$CharPropertyNames$9
1698:             1             16  java.util.regex.Pattern$LastNode
1699:             1             16  java.util.regex.Pattern$Node
1700:             1             16  java.util.zip.ZipFile$1
1701:             1             16  javax.xml.parsers.SecuritySupport
1702:             1             16  javax.xml.stream.SecuritySupport
1703:             1             16  javax.xml.transform.SecuritySupport
1704:             1             16  org.apache.http.conn.ssl.AllowAllHostnameVerifier
1705:             1             16  org.apache.http.conn.ssl.BrowserCompatHostnameVerifier
1706:             1             16  org.apache.http.conn.ssl.StrictHostnameVerifier
1707:             1             16  org.apache.log4j.DefaultCategoryFactory
1708:             1             16  org.apache.log4j.helpers.AppenderAttachableImpl
1709:             1             16  org.apache.log4j.or.DefaultRenderer
1710:             1             16  org.apache.log4j.or.RendererMap
1711:             1             16  org.apache.log4j.spi.DefaultRepositorySelector
1712:             1             16  org.apache.lucene.analysis.Analyzer$1
1713:             1             16  org.apache.lucene.analysis.Analyzer$2
1714:             1             16  org.apache.lucene.analysis.payloads.FloatEncoder
1715:             1             16  org.apache.lucene.analysis.util.CharacterUtils$Java4CharacterUtils
1716:             1             16  org.apache.lucene.analysis.util.CharacterUtils$Java5CharacterUtils
1717:             1             16  org.apache.lucene.codecs.bloom.DefaultBloomFilterFactory
1718:             1             16  org.apache.lucene.codecs.compressing.CompressionMode$1
1719:             1             16  org.apache.lucene.codecs.compressing.CompressionMode$2
1720:             1             16  org.apache.lucene.codecs.compressing.CompressionMode$3
1721:             1             16  org.apache.lucene.codecs.compressing.CompressionMode$4
1722:             1             16  org.apache.lucene.codecs.lucene40.Lucene40PostingsFormat
1723:             1             16  org.apache.lucene.codecs.lucene40.Lucene40StoredFieldsFormat
1724:             1             16  org.apache.lucene.codecs.lucene41.Lucene41PostingsFormat
1725:             1             16  org.apache.lucene.codecs.lucene410.Lucene410Codec$3
1726:             1             16  org.apache.lucene.codecs.lucene410.Lucene410DocValuesFormat
1727:             1             16  org.apache.lucene.codecs.lucene45.Lucene45DocValuesFormat
1728:             1             16  org.apache.lucene.codecs.lucene49.Lucene49Codec$3
1729:             1             16  org.apache.lucene.codecs.lucene49.Lucene49DocValuesFormat
1730:             1             16  org.apache.lucene.codecs.lucene50.Lucene50DocValuesFormat
1731:             1             16  org.apache.lucene.codecs.memory.DirectDocValuesFormat
1732:             1             16  org.apache.lucene.codecs.memory.FSTOrdPostingsFormat
1733:             1             16  org.apache.lucene.codecs.memory.FSTPostingsFormat
1734:             1             16  org.apache.lucene.codecs.simpletext.SimpleTextCompoundFormat
1735:             1             16  org.apache.lucene.codecs.simpletext.SimpleTextFieldInfosFormat
1736:             1             16  org.apache.lucene.codecs.simpletext.SimpleTextLiveDocsFormat
1737:             1             16  org.apache.lucene.codecs.simpletext.SimpleTextNormsFormat
1738:             1             16  org.apache.lucene.codecs.simpletext.SimpleTextSegmentInfoFormat
1739:             1             16  org.apache.lucene.codecs.simpletext.SimpleTextStoredFieldsFormat
1740:             1             16  org.apache.lucene.codecs.simpletext.SimpleTextTermVectorsFormat
1741:             1             16  org.apache.lucene.index.BufferedUpdatesStream$1
1742:             1             16  org.apache.lucene.index.DocumentsWriterPerThread$1
1743:             1             16  org.apache.lucene.index.TermsEnum$2
1744:             1             16  org.apache.lucene.search.MultiTermQuery$1
1745:             1             16  org.apache.lucene.search.ScoringRewrite$1
1746:             1             16  org.apache.lucene.search.ScoringRewrite$2
1747:             1             16  org.apache.lucene.search.spell.LuceneLevenshteinDistance
1748:             1             16  org.apache.lucene.search.spell.SuggestWordScoreComparator
1749:             1             16  org.apache.lucene.store.MMapDirectory$1
1750:             1             16  org.apache.lucene.store.NativeFSLockFactory
1751:             1             16  org.apache.lucene.uninverting.FieldCache$1
1752:             1             16  org.apache.lucene.uninverting.FieldCache$2
1753:             1             16  org.apache.lucene.uninverting.FieldCache$3
1754:             1             16  org.apache.lucene.uninverting.FieldCache$4
1755:             1             16  org.apache.lucene.uninverting.FieldCacheImpl$1
1756:             1             16  org.apache.lucene.util.ArrayUtil$NaturalComparator
1757:             1             16  org.apache.lucene.util.AttributeFactory$DefaultAttributeFactory
1758:             1             16  org.apache.lucene.util.BytesRef$UTF8SortedAsUTF16Comparator
1759:             1             16  org.apache.lucene.util.BytesRef$UTF8SortedAsUnicodeComparator
1760:             1             16  org.apache.lucene.util.CharsRef$UTF16SortedAsUTF8Comparator
1761:             1             16  org.apache.lucene.util.InfoStream$NoOutput
1762:             1             16  org.apache.lucene.util.LongValues$1
1763:             1             16  org.apache.lucene.util.fst.ByteSequenceOutputs
1764:             1             16  org.apache.lucene.util.packed.PackedInts$NullReader
1765:             1             16  org.apache.solr.client.solrj.impl.BinaryResponseParser
1766:             1             16  org.apache.solr.client.solrj.impl.HttpClientConfigurer
1767:             1             16  org.apache.solr.core.ConfigSolrXml$1
1768:             1             16  org.apache.solr.core.ConfigSolrXml$2
1769:             1             16  org.apache.solr.core.ConfigSolrXml$3
1770:             1             16  org.apache.solr.core.CorePropertiesLocator
1771:             1             16  org.apache.solr.core.SolrCore$9
1772:             1             16  org.apache.solr.core.StandardIndexReaderFactory
1773:             1             16  org.apache.solr.handler.ReplicationHandler$2
1774:             1             16  org.apache.solr.handler.component.DebugComponent
1775:             1             16  org.apache.solr.handler.component.MoreLikeThisComponent
1776:             1             16  org.apache.solr.handler.component.QueryComponent
1777:             1             16  org.apache.solr.handler.component.RealTimeGetComponent
1778:             1             16  org.apache.solr.handler.component.StatsComponent
1779:             1             16  org.apache.solr.handler.component.TermsComponent
1780:             1             16  org.apache.solr.response.BinaryResponseWriter
1781:             1             16  org.apache.solr.response.CSVResponseWriter
1782:             1             16  org.apache.solr.response.PHPResponseWriter
1783:             1             16  org.apache.solr.response.PHPSerializedResponseWriter
1784:             1             16  org.apache.solr.response.PythonResponseWriter
1785:             1             16  org.apache.solr.response.RawResponseWriter
1786:             1             16  org.apache.solr.response.RubyResponseWriter
1787:             1             16  org.apache.solr.response.SchemaXmlResponseWriter
1788:             1             16  org.apache.solr.response.SortingResponseWriter
1789:             1             16  org.apache.solr.response.XMLResponseWriter
1790:             1             16  org.apache.solr.response.XSLTResponseWriter
1791:             1             16  org.apache.solr.response.transform.ChildDocTransformerFactory
1792:             1             16  org.apache.solr.response.transform.DocIdAugmenterFactory
1793:             1             16  org.apache.solr.response.transform.ElevatedMarkerFactory
1794:             1             16  org.apache.solr.response.transform.ExcludedMarkerFactory
1795:             1             16  org.apache.solr.response.transform.ShardAugmenterFactory
1796:             1             16  org.apache.solr.rest.ManagedResourceStorage$FileStorageIO
1797:             1             16  org.apache.solr.schema.RandomSortField$1
1798:             1             16  org.apache.solr.search.BoostQParserPlugin
1799:             1             16  org.apache.solr.search.CollapsingQParserPlugin
1800:             1             16  org.apache.solr.search.ComplexPhraseQParserPlugin
1801:             1             16  org.apache.solr.search.DateValueSourceParser
1802:             1             16  org.apache.solr.search.DisMaxQParserPlugin
1803:             1             16  org.apache.solr.search.ExportQParserPlugin
1804:             1             16  org.apache.solr.search.ExtendedDismaxQParserPlugin
1805:             1             16  org.apache.solr.search.FieldQParserPlugin
1806:             1             16  org.apache.solr.search.FunctionQParserPlugin
1807:             1             16  org.apache.solr.search.FunctionRangeQParserPlugin
1808:             1             16  org.apache.solr.search.JoinQParserPlugin
1809:             1             16  org.apache.solr.search.LuceneQParserPlugin
1810:             1             16  org.apache.solr.search.MaxScoreQParserPlugin
1811:             1             16  org.apache.solr.search.NestedQParserPlugin
1812:             1             16  org.apache.solr.search.NoOpRegenerator
1813:             1             16  org.apache.solr.search.OldLuceneQParserPlugin
1814:             1             16  org.apache.solr.search.PrefixQParserPlugin
1815:             1             16  org.apache.solr.search.RawQParserPlugin
1816:             1             16  org.apache.solr.search.ReRankQParserPlugin
1817:             1             16  org.apache.solr.search.SimpleQParserPlugin
1818:             1             16  org.apache.solr.search.SolrFieldCacheMBean
1819:             1             16  org.apache.solr.search.SolrIndexSearcher$1
1820:             1             16  org.apache.solr.search.SolrIndexSearcher$2
1821:             1             16  org.apache.solr.search.SolrIndexSearcher$3
1822:             1             16  org.apache.solr.search.SolrIndexSearcher$4
1823:             1             16  org.apache.solr.search.SolrQueryTimeoutImpl
1824:             1             16  org.apache.solr.search.SolrQueryTimeoutImpl$1
1825:             1             16  org.apache.solr.search.SpatialBoxQParserPlugin
1826:             1             16  org.apache.solr.search.SpatialFilterQParserPlugin
1827:             1             16  org.apache.solr.search.SurroundQParserPlugin
1828:             1             16  org.apache.solr.search.SwitchQParserPlugin
1829:             1             16  org.apache.solr.search.TermQParserPlugin
1830:             1             16  org.apache.solr.search.TermsQParserPlugin
1831:             1             16  org.apache.solr.search.ValueSourceParser$1
1832:             1             16  org.apache.solr.search.ValueSourceParser$10
1833:             1             16  org.apache.solr.search.ValueSourceParser$11
1834:             1             16  org.apache.solr.search.ValueSourceParser$12
1835:             1             16  org.apache.solr.search.ValueSourceParser$13
1836:             1             16  org.apache.solr.search.ValueSourceParser$14
1837:             1             16  org.apache.solr.search.ValueSourceParser$15
1838:             1             16  org.apache.solr.search.ValueSourceParser$16
1839:             1             16  org.apache.solr.search.ValueSourceParser$17
1840:             1             16  org.apache.solr.search.ValueSourceParser$18
1841:             1             16  org.apache.solr.search.ValueSourceParser$19
1842:             1             16  org.apache.solr.search.ValueSourceParser$2
1843:             1             16  org.apache.solr.search.ValueSourceParser$20
1844:             1             16  org.apache.solr.search.ValueSourceParser$21
1845:             1             16  org.apache.solr.search.ValueSourceParser$22
1846:             1             16  org.apache.solr.search.ValueSourceParser$23
1847:             1             16  org.apache.solr.search.ValueSourceParser$24
1848:             1             16  org.apache.solr.search.ValueSourceParser$25
1849:             1             16  org.apache.solr.search.ValueSourceParser$26
1850:             1             16  org.apache.solr.search.ValueSourceParser$27
1851:             1             16  org.apache.solr.search.ValueSourceParser$28
1852:             1             16  org.apache.solr.search.ValueSourceParser$29
1853:             1             16  org.apache.solr.search.ValueSourceParser$3
1854:             1             16  org.apache.solr.search.ValueSourceParser$30
1855:             1             16  org.apache.solr.search.ValueSourceParser$31
1856:             1             16  org.apache.solr.search.ValueSourceParser$32
1857:             1             16  org.apache.solr.search.ValueSourceParser$33
1858:             1             16  org.apache.solr.search.ValueSourceParser$34
1859:             1             16  org.apache.solr.search.ValueSourceParser$35
1860:             1             16  org.apache.solr.search.ValueSourceParser$36
1861:             1             16  org.apache.solr.search.ValueSourceParser$37
1862:             1             16  org.apache.solr.search.ValueSourceParser$38
1863:             1             16  org.apache.solr.search.ValueSourceParser$39
1864:             1             16  org.apache.solr.search.ValueSourceParser$4
1865:             1             16  org.apache.solr.search.ValueSourceParser$40
1866:             1             16  org.apache.solr.search.ValueSourceParser$41
1867:             1             16  org.apache.solr.search.ValueSourceParser$42
1868:             1             16  org.apache.solr.search.ValueSourceParser$43
1869:             1             16  org.apache.solr.search.ValueSourceParser$44
1870:             1             16  org.apache.solr.search.ValueSourceParser$45
1871:             1             16  org.apache.solr.search.ValueSourceParser$46
1872:             1             16  org.apache.solr.search.ValueSourceParser$47
1873:             1             16  org.apache.solr.search.ValueSourceParser$48
1874:             1             16  org.apache.solr.search.ValueSourceParser$49
1875:             1             16  org.apache.solr.search.ValueSourceParser$5
1876:             1             16  org.apache.solr.search.ValueSourceParser$50
1877:             1             16  org.apache.solr.search.ValueSourceParser$51
1878:             1             16  org.apache.solr.search.ValueSourceParser$52
1879:             1             16  org.apache.solr.search.ValueSourceParser$53
1880:             1             16  org.apache.solr.search.ValueSourceParser$54
1881:             1             16  org.apache.solr.search.ValueSourceParser$55
1882:             1             16  org.apache.solr.search.ValueSourceParser$56
1883:             1             16  org.apache.solr.search.ValueSourceParser$57
1884:             1             16  org.apache.solr.search.ValueSourceParser$58
1885:             1             16  org.apache.solr.search.ValueSourceParser$59
1886:             1             16  org.apache.solr.search.ValueSourceParser$6
1887:             1             16  org.apache.solr.search.ValueSourceParser$60
1888:             1             16  org.apache.solr.search.ValueSourceParser$61
1889:             1             16  org.apache.solr.search.ValueSourceParser$62
1890:             1             16  org.apache.solr.search.ValueSourceParser$63
1891:             1             16  org.apache.solr.search.ValueSourceParser$64
1892:             1             16  org.apache.solr.search.ValueSourceParser$65
1893:             1             16  org.apache.solr.search.ValueSourceParser$66
1894:             1             16  org.apache.solr.search.ValueSourceParser$67
1895:             1             16  org.apache.solr.search.ValueSourceParser$68
1896:             1             16  org.apache.solr.search.ValueSourceParser$69
1897:             1             16  org.apache.solr.search.ValueSourceParser$7
1898:             1             16  org.apache.solr.search.ValueSourceParser$70
1899:             1             16  org.apache.solr.search.ValueSourceParser$71
1900:             1             16  org.apache.solr.search.ValueSourceParser$72
1901:             1             16  org.apache.solr.search.ValueSourceParser$73
1902:             1             16  org.apache.solr.search.ValueSourceParser$74
1903:             1             16  org.apache.solr.search.ValueSourceParser$8
1904:             1             16  org.apache.solr.search.ValueSourceParser$9
1905:             1             16  org.apache.solr.search.function.distance.GeoDistValueSourceParser
1906:             1             16  org.apache.solr.search.grouping.endresulttransformer.MainEndResultTransformer
1907:             1             16  org.apache.solr.search.grouping.endresulttransformer.SimpleEndResultTransformer
1908:             1             16  org.apache.solr.search.join.BlockJoinChildQParserPlugin
1909:             1             16  org.apache.solr.search.join.BlockJoinParentQParserPlugin
1910:             1             16  org.apache.solr.search.mlt.MLTQParserPlugin
1911:             1             16  org.apache.solr.search.stats.LocalStatsCache
1912:             1             16  org.apache.solr.update.LoggingInfoStream
1913:             1             16  org.apache.solr.update.TransactionLog$1
1914:             1             16  org.apache.solr.update.processor.DistributedUpdateProcessorFactory
1915:             1             16  org.apache.solr.update.processor.RunUpdateProcessorFactory
1916:             1             16  org.apache.solr.util.EmptyEntityResolver$1
1917:             1             16  org.apache.solr.util.EmptyEntityResolver$2
1918:             1             16  org.apache.solr.util.stats.Clock$UserTimeClock
1919:             1             16  org.eclipse.jetty.deploy.bindings.StandardDeployer
1920:             1             16  org.eclipse.jetty.deploy.bindings.StandardStarter
1921:             1             16  org.eclipse.jetty.deploy.bindings.StandardStopper
1922:             1             16  org.eclipse.jetty.deploy.bindings.StandardUndeployer
1923:             1             16  org.eclipse.jetty.deploy.providers.ContextProvider$1
1924:             1             16  org.eclipse.jetty.deploy.providers.ScanningAppProvider$1
1925:             1             16  org.eclipse.jetty.http.HttpFields$1
1926:             1             16  org.eclipse.jetty.http.HttpFields$2
1927:             1             16  org.eclipse.jetty.http.MimeTypes
1928:             1             16  org.eclipse.jetty.security.DefaultAuthenticatorFactory
1929:             1             16  org.eclipse.jetty.security.SecurityHandler$1
1930:             1             16  org.eclipse.jetty.security.SecurityHandler$2
1931:             1             16  org.eclipse.jetty.security.SecurityHandler$3
1932:             1             16  org.eclipse.jetty.server.Authentication$1
1933:             1             16  org.eclipse.jetty.server.Authentication$2
1934:             1             16  org.eclipse.jetty.server.Authentication$3
1935:             1             16  org.eclipse.jetty.server.Authentication$4
1936:             1             16  org.eclipse.jetty.server.Authentication$5
1937:             1             16  org.eclipse.jetty.server.handler.ContextHandler$ApproveNonExistentDirectoryAliases
1938:             1             16  org.eclipse.jetty.server.session.AbstractSessionManager$1
1939:             1             16  org.eclipse.jetty.server.session.AbstractSessionManager$2
1940:             1             16  org.eclipse.jetty.servlet.listener.ELContextCleaner
1941:             1             16  org.eclipse.jetty.servlet.listener.IntrospectorCleaner
1942:             1             16  org.eclipse.jetty.start.FilenameComparator
1943:             1             16  org.eclipse.jetty.util.IO$ClosedIS
1944:             1             16  org.eclipse.jetty.util.IO$NullOS
1945:             1             16  org.eclipse.jetty.util.StringMap$NullEntry
1946:             1             16  org.eclipse.jetty.util.component.Container
1947:             1             16  org.eclipse.jetty.util.thread.QueuedThreadPool$3
1948:             1             16  org.eclipse.jetty.webapp.FragmentConfiguration
1949:             1             16  org.eclipse.jetty.webapp.JettyWebXmlConfiguration
1950:             1             16  org.eclipse.jetty.webapp.MetaInfConfiguration
1951:             1             16  org.eclipse.jetty.webapp.StandardDescriptorProcessor
1952:             1             16  org.eclipse.jetty.webapp.WebInfConfiguration
1953:             1             16  org.eclipse.jetty.webapp.WebXmlConfiguration
1954:             1             16  org.opensextant.solrtexttagger.TagClusterReducer$1
1955:             1             16  org.opensextant.solrtexttagger.TagClusterReducer$2
1956:             1             16  org.opensextant.solrtexttagger.TagClusterReducer$3
1957:             1             16  org.slf4j.helpers.NOPLoggerFactory
1958:             1             16  org.slf4j.helpers.SubstituteLoggerFactory
1959:             1             16  org.slf4j.impl.Log4jLoggerFactory
1960:             1             16  org.slf4j.impl.StaticLoggerBinder
1961:             1             16  sun.management.HotSpotDiagnostic
1962:             1             16  sun.misc.ASCIICaseInsensitiveComparator
1963:             1             16  sun.misc.FloatingDecimal$1
1964:             1             16  sun.misc.Launcher
1965:             1             16  sun.misc.Launcher$Factory
1966:             1             16  sun.misc.Perf
1967:             1             16  sun.misc.Unsafe
1968:             1             16  sun.net.DefaultProgressMeteringPolicy
1969:             1             16  sun.net.www.protocol.file.Handler
1970:             1             16  sun.net.www.protocol.jar.JarFileFactory
1971:             1             16  sun.nio.ch.Util$1
1972:             1             16  sun.nio.fs.LinuxFileSystemProvider
1973:             1             16  sun.reflect.GeneratedConstructorAccessor13
1974:             1             16  sun.reflect.GeneratedConstructorAccessor8
1975:             1             16  sun.reflect.GeneratedMethodAccessor1
1976:             1             16  sun.reflect.GeneratedMethodAccessor2
1977:             1             16  sun.reflect.GeneratedMethodAccessor3
1978:             1             16  sun.reflect.GeneratedMethodAccessor4
1979:             1             16  sun.reflect.GeneratedMethodAccessor5
1980:             1             16  sun.reflect.GeneratedMethodAccessor6
1981:             1             16  sun.reflect.ReflectionFactory
1982:             1             16  sun.reflect.generics.tree.BottomSignature
1983:             1             16  sun.security.rsa.RSAKeyFactory
1984:             1             16  sun.security.ssl.EphemeralKeyManager
1985:             1             16  sun.security.util.ByteArrayLexOrder
1986:             1             16  sun.security.util.ByteArrayTagOrder
1987:             1             16  sun.text.normalizer.NormalizerBase$Mode
1988:             1             16  sun.text.normalizer.NormalizerBase$NFCMode
1989:             1             16  sun.text.normalizer.NormalizerBase$NFDMode
1990:             1             16  sun.text.normalizer.NormalizerBase$NFKCMode
1991:             1             16  sun.text.normalizer.NormalizerBase$NFKDMode
1992:             1             16  sun.text.normalizer.NormalizerImpl
1993:             1             16  sun.text.normalizer.NormalizerImpl$AuxTrieImpl
1994:             1             16  sun.text.normalizer.NormalizerImpl$FCDTrieImpl
1995:             1             16  sun.text.normalizer.NormalizerImpl$NormTrieImpl
1996:             1             16  sun.text.normalizer.ReplaceableString
1997:             1             16  sun.util.calendar.Gregorian
1998:             1             16  sun.util.locale.provider.AuxLocaleProviderAdapter$NullProvider
1999:             1             16  sun.util.locale.provider.CalendarDataUtility$CalendarWeekParameterGetter
2000:             1             16  sun.util.locale.provider.SPILocaleProviderAdapter
2001:             1             16  sun.util.resources.LocaleData
2002:             1             16  sun.util.resources.LocaleData$LocaleDataResourceBundleControl
Total      76128793     7281596336

 num     #instances         #bytes  class name
----------------------------------------------
   1:      26119517     2623392512  [C
   2:        173994     1399705648  [B
   3:      26106775      626562600  java.lang.String
   4:         25446      343028784  [J
   5:          5970      216208232  [I
   6:         85258      112413120  [Ljava.lang.Object;
   7:        282035       20306520  org.apache.lucene.util.fst.FST$Arc
   8:         53817        5438328  [Lorg.apache.lucene.util.fst.FST$Arc;
   9:        112250        2694000  org.apache.lucene.util.BytesRef
  10:         10842        2434368  [Ljava.util.HashMap$Node;
  11:         47824        1147776  org.apache.lucene.util.fst.ReverseBytesReader
  12:         30686         981952  java.util.HashMap$Node
  13:         20353         814120  org.apache.lucene.util.packed.Packed64
  14:         11726         656656  org.apache.lucene.codecs.memory.MemoryPostingsFormat$FSTTermsEnum
  15:         11726         656656  org.apache.lucene.util.fst.BytesRefFSTEnum
  16:         25395         609480  java.util.ArrayList
  17:          5037         567440  java.lang.Class
  18:         19630         471120  org.apache.lucene.index.MultiDocsEnum$EnumWithSlice
  19:         14602         467264  org.apache.lucene.store.ByteArrayDataInput
  20:         11519         460760  java.util.LinkedHashMap$Entry
  21:          9202         441696  java.util.HashMap
  22:         11726         375232  org.apache.lucene.index.MultiTermsEnum$TermsEnumWithSlice
  23:          9302         372080  org.apache.lucene.document.FieldType
  24:          9300         297600  org.apache.lucene.document.Field
  25:          9300         297600  org.apache.lucene.document.LazyDocument$LazyField
  26:         11726         281424  org.apache.lucene.index.ExitableDirectoryReader$ExitableTermsEnum
  27:         11726         281424  org.apache.lucene.index.MultiDocsAndPositionsEnum$EnumWithSlice
  28:         11726         281424  org.apache.lucene.index.MultiTermsEnum$TermsEnumIndex
  29:         11726         281424  org.apache.lucene.util.fst.BytesRefFSTEnum$InputOutput
  30:          7346         235072  java.util.concurrent.ConcurrentHashMap$Node
  31:          5853         234120  sun.nio.cs.UTF_8$Decoder
  32:           793         199024  [S
  33:          1353         162360  [Lorg.apache.lucene.index.MultiTermsEnum$TermsEnumWithSlice;
  34:          2666         149296  org.apache.lucene.util.packed.PackedReaderIterator
  35:          2659         148904  java.util.LinkedHashMap
  36:            24         127808  [[B
  37:          3956         126592  java.lang.StackTraceElement
  38:          2029         113624  org.eclipse.jetty.io.ByteArrayBuffer
  39:            66         101256  [Lorg.apache.lucene.util.packed.PackedInts$Reader;
  40:          3149         100768  org.apache.lucene.util.WeakIdentityMap$IdentityWeakReference
  41:          6256         100096  java.lang.Integer
  42:            17          99656  [F
  43:          3101          99232  org.apache.lucene.document.LazyDocument
  44:           755          90600  [Lorg.apache.lucene.index.MultiDocsEnum$EnumWithSlice;
  45:          2161          86440  org.tartarus.snowball.Among
  46:          1587          80424  [Ljava.lang.String;
  47:          1555          74640  java.nio.HeapCharBuffer
  48:          2666          63984  org.apache.lucene.util.LongsRef
  49:           988          63232  org.apache.lucene.codecs.memory.MemoryPostingsFormat$FSTDocsEnum
  50:           104          63008  [Ljava.util.concurrent.ConcurrentHashMap$Node;
  51:          3724          59584  java.lang.Object
  52:          2405          57720  org.apache.lucene.util.packed.Direct8
  53:          1802          57664  java.util.Hashtable$Entry
  54:          3568          57088  java.util.HashSet
  55:          2331          55944  org.apache.solr.common.SolrDocument
  56:          1369          54760  java.util.TreeMap$Entry
  57:           452          54136  [Lorg.apache.lucene.index.MultiTermsEnum$TermsEnumIndex;
  58:           451          54120  [Lorg.apache.lucene.index.MultiDocsAndPositionsEnum$EnumWithSlice;
  59:          2093          50232  java.util.LinkedList$Node
  60:          3101          49616  org.apache.lucene.document.Document
  61:          2005          48120  org.apache.lucene.util.packed.Packed64SingleBlock$Packed64SingleBlock4
  62:           995          47760  java.nio.HeapByteBuffer
  63:           960          46080  org.apache.solr.parser.Token
  64:          1888          45312  org.apache.solr.search.SolrIndexSearcher$SetNonLazyFieldSelector
  65:          1887          45288  org.apache.lucene.codecs.compressing.CompressingStoredFieldsReader$SerializedDocument
  66:           511          43696  [Ljava.util.WeakHashMap$Entry;
  67:           155          43488  [[C
  68:          2342          37472  java.util.LinkedHashMap$LinkedEntrySet
  69:           304          36480  [Lorg.apache.lucene.index.DocsEnum;
  70:           186          35360  [Ljava.lang.StackTraceElement;
  71:          1469          35256  java.lang.Long
  72:           824          32960  java.util.WeakHashMap$Entry
  73:           498          31872  java.nio.DirectByteBufferR
  74:           782          31280  com.sun.org.apache.xerces.internal.dom.TextImpl
  75:           778          31120  com.sun.org.apache.xerces.internal.dom.DeferredTextImpl
  76:           937          29984  java.lang.ref.WeakReference
  77:           451          28864  org.apache.lucene.index.MultiTermsEnum
  78:          1187          28488  java.util.concurrent.ConcurrentSkipListMap$Node
  79:           698          27920  java.lang.ref.SoftReference
  80:           862          27584  sun.security.util.DerInputBuffer
  81:           862          27584  sun.security.util.DerValue
  82:          1135          27240  java.lang.Double
  83:           677          27080  java.math.BigInteger
  84:           815          26080  java.lang.ThreadLocal$ThreadLocalMap$Entry
  85:           241          25064  org.apache.lucene.util.fst.FST
  86:           508          24384  java.util.WeakHashMap
  87:           995          23880  org.apache.lucene.index.BitsSlice
  88:           477          22896  org.apache.lucene.index.FieldInfo
  89:           354          22656  java.net.URL
  90:          1377          22032  org.apache.lucene.util.BytesRefBuilder
  91:           291          20952  com.sun.org.apache.xerces.internal.dom.DeferredElementNSImpl
  92:           649          20768  java.util.Collections$UnmodifiableMap
  93:           862          20688  sun.security.util.DerInputStream
  94:           857          20568  [Lsun.security.x509.AVA;
  95:           857          20568  sun.security.x509.AVA
  96:           857          20568  sun.security.x509.RDN
  97:           609          19488  java.lang.ref.ReferenceQueue
  98:           303          19392  com.sun.org.apache.xerces.internal.dom.ElementNSImpl
  99:           288          18432  org.apache.lucene.store.ByteBufferIndexInput$SingleBufferImpl
 100:           208          18304  org.apache.lucene.codecs.blocktree.FieldReader
 101:           226          18080  java.lang.reflect.Constructor
 102:            74          17744  [Ljava.util.Hashtable$Entry;
 103:           369          17712  org.opensextant.solrtexttagger.TagLL
 104:           550          17600  org.apache.solr.schema.StrFieldSource$1
 105:           309          17304  org.eclipse.jetty.io.ByteArrayBuffer$CaseInsensitive
 106:           359          17232  org.opensextant.solrtexttagger.TermPrefixCursor
 107:           352          16896  com.sun.org.apache.xerces.internal.dom.AttrNSImpl
 108:           341          16368  com.sun.org.apache.xerces.internal.dom.DeferredAttrNSImpl
 109:           251          16064  java.util.concurrent.ConcurrentHashMap
 110:           651          15624  org.eclipse.jetty.http.HttpFields$Field
 111:           383          15320  java.lang.ref.Finalizer
 112:           236          15104  org.apache.lucene.codecs.compressing.CompressingStoredFieldsReader
 113:           236          15104  org.eclipse.jetty.io.BufferCache$CachedBuffer
 114:           377          15080  org.eclipse.jetty.util.StringMap$Node
 115:           471          15072  sun.security.util.ObjectIdentifier
 116:           304          14592  org.apache.lucene.index.MultiDocsEnum
 117:            96          13824  org.apache.solr.search.SolrQueryParser
 118:           571          13704  com.sun.org.apache.xerces.internal.dom.AttributeMap
 119:           556          13344  org.apache.lucene.util.CharsRef
 120:           237          13272  java.lang.Package
 121:           236          13216  org.apache.lucene.codecs.compressing.CompressingStoredFieldsReader$BlockState
 122:           550          13200  org.apache.lucene.uninverting.FieldCacheImpl$SortedDocValuesImpl$1
 123:           550          13200  org.apache.lucene.util.mutable.MutableValueStr
 124:           540          12960  java.util.concurrent.atomic.AtomicLong
 125:           530          12720  org.apache.lucene.uninverting.FieldCacheImpl$CacheKey
 126:            99          11880  [Lorg.apache.lucene.queries.function.FunctionValues;
 127:           130          11440  [Lorg.eclipse.jetty.util.StringMap$Node;
 128:           119          11424  java.util.jar.JarFile$JarFileEntry
 129:           232          11136  java.util.TreeMap
 130:           458          10992  java.util.concurrent.ConcurrentSkipListMap$Index
 131:           341          10912  sun.misc.FDBigInteger
 132:           451          10824  org.apache.lucene.index.MultiTermsEnum$TermMergeQueue
 133:           261          10440  org.eclipse.jetty.xml.XmlParser$Node
 134:            99          10296  org.opensextant.solrtexttagger.TaggerRequestHandler$1
 135:            91          10216  [Lorg.tartarus.snowball.Among;
 136:           211          10128  sun.security.x509.X500Name
 137:           104           9984  org.apache.lucene.index.SegmentCommitInfo
 138:            39           9840  [Ljava.lang.ThreadLocal$ThreadLocalMap$Entry;
 139:           611           9776  java.lang.ref.ReferenceQueue$Lock
 140:           241           9640  org.apache.lucene.util.fst.BytesStore
 141:           298           9536  sun.security.x509.AlgorithmId
 142:            25           9400  java.lang.Thread
 143:           292           9344  org.apache.lucene.util.Version
 144:           554           8864  org.apache.lucene.util.CharsRefBuilder
 145:           551           8816  org.apache.solr.common.util.NamedList
 146:           157           8792  sun.nio.cs.UTF_8$Encoder
 147:           547           8752  java.lang.Float
 148:           209           8360  com.sun.org.apache.xerces.internal.dom.CommentImpl
 149:           209           8360  com.sun.org.apache.xerces.internal.dom.DeferredCommentImpl
 150:           259           8288  java.util.LinkedList
 151:           124           7936  java.util.jar.JarFile
 152:            99           7920  sun.security.x509.X509CertImpl
 153:           192           7680  java.io.StringReader
 154:           192           7680  org.apache.solr.parser.FastCharStream
 155:           315           7560  org.apache.lucene.util.IntsRef
 156:           184           7360  java.util.HashMap$KeyIterator
 157:           211           7344  [Lsun.security.x509.RDN;
 158:           458           7328  java.util.concurrent.atomic.AtomicInteger
 159:           298           7152  java.lang.StringBuilder
 160:           288           6912  [Ljava.nio.ByteBuffer;
 161:            96           6912  org.apache.log4j.spi.LoggingEvent
 162:           117           6880  [Z
 163:           428           6848  org.apache.solr.common.util.SimpleOrderedMap
 164:            75           6600  java.lang.reflect.Method
 165:           206           6592  org.apache.lucene.search.TermQuery
 166:           164           6560  org.apache.log4j.Logger
 167:           200           6400  com.sun.org.apache.xerces.internal.xni.QName
 168:           133           6384  java.util.zip.Inflater
 169:           133           6384  org.apache.lucene.index.LeafReaderContext
 170:           133           6384  sun.misc.URLClassPath$JarLoader
 171:            99           6336  java.text.DateFormatSymbols
 172:           192           6144  java.io.IOException
 173:           192           6144  java.util.ArrayList$ListItr
 174:           192           6144  org.apache.solr.parser.QueryParser$JJCalls
 175:           256           6144  org.apache.solr.update.VersionBucket
 176:           107           5992  org.apache.solr.servlet.SolrRequestParsers$1
 177:           248           5952  java.util.concurrent.ConcurrentLinkedQueue$Node
 178:           185           5920  java.util.concurrent.locks.ReentrantLock$NonfairSync
 179:            99           5544  sun.security.util.MemoryCache$SoftCacheEntry
 180:            99           5544  sun.security.x509.X509CertInfo
 181:           345           5520  java.util.HashMap$EntrySet
 182:           230           5520  org.apache.lucene.util.packed.Packed64SingleBlock$Packed64SingleBlock2
 183:            96           5376  org.apache.solr.parser.QueryParserTokenManager
 184:            96           5376  org.apache.solr.search.LuceneQParser
 185:           223           5352  java.security.Provider$ServiceKey
 186:            95           5320  java.security.Provider$Service
 187:           221           5304  org.apache.log4j.CategoryKey
 188:           134           5136  [D
 189:           107           5136  org.apache.solr.response.SolrQueryResponse
 190:           212           5088  java.util.Date
 191:           211           5064  org.apache.lucene.index.IndexFileDeleter$RefCount
 192:           207           4968  org.apache.lucene.index.Term
 193:           205           4920  org.apache.lucene.search.BooleanClause
 194:           102           4896  sun.nio.cs.StreamDecoder
 195:           202           4848  java.util.Collections$SynchronizedSet
 196:            98           4704  org.apache.solr.common.util.JavaBinCodec
 197:           210           4696  [Ljava.lang.Class;
 198:           195           4680  java.lang.StringBuffer
 199:           140           4480  java.util.zip.ZipCoder
 200:           276           4416  java.lang.ThreadLocal
 201:           273           4368  java.lang.Byte
 202:           181           4344  java.lang.Class$AnnotationData
 203:            90           4320  org.apache.solr.util.stats.EWMA
 204:           107           4280  org.apache.solr.request.SolrRequestInfo
 205:           107           4280  org.apache.solr.search.DocSlice
 206:           178           4272  java.io.ByteArrayOutputStream
 207:           106           4240  org.apache.solr.search.SolrReturnFields
 208:           105           4200  java.util.IdentityHashMap
 209:           259           4184  [Lorg.eclipse.jetty.xml.XmlParser$Attribute;
 210:             1           4112  [Lcom.sun.org.apache.xpath.internal.objects.XObject;
 211:           256           4096  java.lang.Short
 212:           249           3984  java.util.HashMap$KeySet
 213:            99           3960  org.opensextant.solrtexttagger.ValueSourceAccessor
 214:            26           3952  [Lorg.apache.lucene.util.packed.PackedInts$Decoder;
 215:            26           3952  [Lorg.apache.lucene.util.packed.PackedInts$Encoder;
 216:           162           3888  org.slf4j.impl.Log4jLoggerAdapter
 217:            97           3880  org.apache.solr.analysis.TokenizerChain
 218:            94           3760  sun.security.rsa.RSAPublicKeyImpl
 219:           227           3632  java.util.LinkedHashSet
 220:            63           3528  java.lang.invoke.MemberName
 221:           110           3520  java.io.FileDescriptor
 222:            62           3472  java.beans.MethodDescriptor
 223:           143           3432  java.util.concurrent.CopyOnWriteArrayList
 224:           107           3424  org.apache.solr.servlet.SolrRequestParsers$HttpRequestContentStream
 225:            56           3360  [Ljava.lang.ref.SoftReference;
 226:           140           3360  java.util.ArrayDeque
 227:           103           3296  org.apache.solr.util.stats.TimerContext
 228:            45           3240  org.apache.solr.schema.TextField
 229:           101           3232  org.apache.lucene.search.BooleanQuery
 230:           133           3192  java.util.zip.ZStreamRef
 231:           132           3168  java.util.jar.Attributes$Name
 232:            99           3168  org.apache.solr.common.util.FastOutputStream
 233:            98           3136  org.apache.solr.response.BinaryResponseWriter$Resolver
 234:            78           3120  sun.misc.Cleaner
 235:            78           3120  sun.nio.ch.FileChannelImpl$Unmapper
 236:            96           3072  org.apache.solr.parser.QueryParser$LookaheadSuccess
 237:           127           3048  org.apache.lucene.util.CloseableThreadLocal
 238:            95           3040  java.util.Collections$SynchronizedMap
 239:            94           3008  org.apache.log4j.spi.LocationInfo
 240:            93           2976  java.lang.Throwable
 241:            16           2944  org.eclipse.jetty.server.Request
 242:            52           2912  org.apache.lucene.index.SegmentInfo
 243:            10           2848  [Lcom.sun.org.apache.xerces.internal.xni.QName;
 244:            71           2840  org.apache.solr.schema.SchemaField
 245:           118           2832  java.beans.MethodRef
 246:           172           2752  java.util.concurrent.locks.ReentrantLock
 247:            86           2752  sun.security.x509.BasicConstraintsExtension
 248:            83           2656  com.sun.org.apache.xerces.internal.util.SymbolTable$Entry
 249:            97           2648  [Lorg.apache.lucene.analysis.util.TokenFilterFactory;
 250:           108           2592  sun.reflect.NativeConstructorAccessorImpl
 251:           161           2576  java.util.HashMap$Values
 252:           107           2568  org.apache.solr.common.params.DefaultSolrParams
 253:            64           2560  org.apache.solr.core.PluginInfo
 254:            53           2544  org.eclipse.jetty.util.resource.FileResource
 255:            79           2528  java.io.File
 256:            79           2528  sun.security.x509.SubjectKeyIdentifierExtension
 257:           105           2520  org.apache.lucene.util.FixedBitSet
 258:            78           2496  java.lang.invoke.LambdaForm$Name
 259:           102           2448  java.io.InputStreamReader
 260:            60           2400  java.security.ProtectionDomain
 261:            50           2400  java.util.Hashtable
 262:            50           2400  org.apache.lucene.analysis.util.CharArrayMap
 263:            99           2376  [Lorg.opensextant.solrtexttagger.TagLL;
 264:            99           2376  sun.security.util.BitArray
 265:            99           2376  sun.security.util.Cache$EqualByteArray
 266:            99           2376  sun.security.x509.CertificateValidity
 267:            74           2368  sun.security.x509.KeyUsageExtension
 268:            98           2352  org.eclipse.jetty.webapp.MetaData$OriginInfo
 269:            98           2352  org.noggit.CharArr
 270:            96           2304  [Lorg.apache.solr.parser.QueryParser$JJCalls;
 271:            95           2280  org.apache.solr.search.QueryParsing$StrParser
 272:             2           2256  [Lorg.eclipse.jetty.http.HttpStatus$Code;
 273:            94           2256  org.apache.solr.search.DocSlice$1
 274:            20           2240  java.net.SocksSocketImpl
 275:            93           2232  org.apache.solr.response.ResultContext
 276:            92           2208  org.apache.solr.common.util.NamedList$1
 277:            11           2200  [[Ljava.lang.Object;
 278:            90           2160  org.eclipse.jetty.security.RoleInfo
 279:            89           2136  org.apache.solr.servlet.SolrRequestParsers$2
 280:            87           2088  sun.security.x509.CertificateExtensions
 281:             1           2048  [Lorg.eclipse.jetty.http.HttpGenerator$Status;
 282:           128           2048  java.lang.Character
 283:           128           2048  java.util.WeakHashMap$KeySet
 284:            85           2040  java.util.Collections$SetFromMap
 285:            28           2016  java.beans.PropertyDescriptor
 286:            84           2016  java.security.Provider$UString
 287:            28           2016  org.apache.lucene.index.SegmentReader
 288:            83           1992  java.util.Collections$SingletonList
 289:            64           1952  [Ljava.security.cert.Certificate;
 290:            60           1920  java.security.CodeSource
 291:            40           1920  org.apache.lucene.util.packed.BulkOperationPacked
 292:            78           1872  org.apache.lucene.util.WeakIdentityMap
 293:            39           1872  sun.util.locale.LocaleObjectCache$CacheEntry
 294:           115           1840  [Ljavax.servlet.http.Cookie;
 295:            46           1840  sun.security.ec.NamedCurve
 296:            57           1824  org.apache.log4j.ProvisionNode
 297:            32           1792  org.eclipse.jetty.io.View$CaseInsensitive
 298:           112           1792  sun.security.x509.KeyIdentifier
 299:           110           1760  sun.reflect.DelegatingConstructorAccessorImpl
 300:           110           1760  sun.security.x509.SerialNumber
 301:            31           1736  org.eclipse.jetty.io.View
 302:            54           1728  java.util.Vector
 303:            24           1728  java.util.regex.Pattern
 304:           108           1728  org.apache.solr.common.params.MultiMapSolrParams
 305:            17           1712  [[I
 306:            53           1696  org.apache.lucene.index.FieldInfos
 307:            21           1680  java.net.URI
 308:           105           1680  java.util.jar.Attributes
 309:            30           1680  org.apache.solr.util.stats.ExponentiallyDecayingSample
 310:            30           1680  org.apache.solr.util.stats.Meter
 311:            16           1664  org.eclipse.jetty.server.BlockingHttpConnection
 312:            41           1640  java.io.ObjectStreamField
 313:            41           1640  java.lang.invoke.MethodType
 314:            40           1600  org.apache.lucene.analysis.core.StopFilterFactory
 315:            99           1584  org.apache.solr.schema.StrFieldSource
 316:            99           1584  sun.security.x509.CertificateAlgorithmId
 317:            99           1584  sun.security.x509.CertificateSerialNumber
 318:            99           1584  sun.security.x509.CertificateVersion
 319:            99           1584  sun.security.x509.CertificateX509Key
 320:            28           1568  java.lang.invoke.MethodTypeForm
 321:            14           1544  [[Ljava.lang.String;
 322:            16           1536  org.eclipse.jetty.http.HttpParser
 323:            95           1520  org.apache.solr.response.transform.DocTransformers
 324:            47           1504  org.eclipse.jetty.http.HttpStatus$Code
 325:             3           1480  [Ljava.lang.Integer;
 326:            46           1472  java.security.spec.EllipticCurve
 327:            91           1456  java.util.concurrent.CopyOnWriteArraySet
 328:            26           1456  org.apache.lucene.index.SegmentCoreReaders
 329:            45           1440  java.io.FilePermission
 330:            45           1440  java.security.Permissions
 331:            30           1440  java.util.concurrent.ConcurrentSkipListMap
 332:            30           1440  java.util.concurrent.locks.ReentrantReadWriteLock$NonfairSync
 333:             2           1424  [Lcom.sun.org.apache.xerces.internal.util.SymbolTable$Entry;
 334:            16           1408  org.eclipse.jetty.http.HttpGenerator
 335:            15           1376  [Ljava.lang.Byte;
 336:             1           1376  [Lsun.misc.FDBigInteger;
 337:            43           1376  java.lang.invoke.MethodType$ConcurrentWeakInternSet$WeakEntry
 338:            34           1360  sun.security.x509.AuthorityKeyIdentifierExtension
 339:            24           1344  java.util.ResourceBundle$CacheKey
 340:             9           1296  [Ljava.lang.invoke.MethodHandle;
 341:             9           1296  java.text.DecimalFormat
 342:            40           1280  java.util.regex.Pattern$Curly
 343:            16           1280  sun.net.www.protocol.jar.URLJarFile
 344:            39           1248  java.util.concurrent.ConcurrentSkipListMap$HeadIndex
 345:            39           1248  org.apache.lucene.analysis.standard.StandardTokenizerFactory
 346:            26           1248  org.apache.lucene.codecs.blocktree.BlockTreeTermsReader
 347:            26           1248  org.apache.lucene.codecs.memory.MemoryPostingsFormat$TermsReader
 348:            26           1248  org.apache.lucene.index.ReadersAndUpdates
 349:            26           1248  org.apache.lucene.uninverting.UninvertingReader
 350:            31           1240  java.security.AccessControlContext
 351:            51           1224  java.security.spec.ECPoint
 352:            30           1200  org.apache.solr.util.stats.Histogram
 353:            38           1184  [Ljava.math.BigInteger;
 354:            49           1176  com.sun.org.apache.xerces.internal.util.XMLStringBuffer
 355:            24           1152  java.util.ResourceBundle$BundleReference
 356:            16           1152  org.apache.lucene.analysis.standard.StandardTokenizerImpl
 357:            16           1152  org.eclipse.jetty.http.HttpURI
 358:            46           1104  org.eclipse.jetty.http.HttpGenerator$Status
 359:            45           1080  java.io.FilePermissionCollection
 360:            44           1056  com.sun.org.apache.xerces.internal.xni.XMLString
 361:            66           1056  org.eclipse.jetty.util.log.JettyAwareLogger
 362:            66           1056  org.eclipse.jetty.util.log.Slf4jLog
 363:             1           1040  [Lcom.sun.org.apache.xerces.internal.impl.dtd.models.ContentModelValidator;
 364:             1           1040  [Lcom.sun.org.apache.xerces.internal.impl.dv.DatatypeValidator;
 365:             1           1040  [Ljava.lang.Long;
 366:             1           1040  [Ljava.lang.Short;
 367:             1           1040  [Lorg.apache.solr.update.VersionBucket;
 368:             1           1040  [Lsun.text.normalizer.UnicodeSet;
 369:            26           1040  org.apache.lucene.codecs.compressing.CompressingStoredFieldsIndexReader
 370:            26           1040  org.apache.lucene.index.ExitableDirectoryReader$ExitableFilterAtomicReader
 371:            32           1024  java.util.Random
 372:            16           1024  org.apache.lucene.analysis.standard.StandardTokenizer
 373:            16           1024  org.eclipse.jetty.server.AsyncContinuation
 374:             8           1024  org.eclipse.jetty.servlet.ServletHolder
 375:            21           1008  java.lang.invoke.LambdaForm
 376:            25           1000  org.apache.solr.schema.FieldType$DefaultAnalyzer
 377:            60            960  [Ljava.security.Principal;
 378:            20            960  com.sun.org.apache.xerces.internal.util.XMLAttributesImpl$Attribute
 379:            60            960  java.security.ProtectionDomain$Key
 380:            30            960  java.security.Provider$EngineDescription
 381:            30            960  org.apache.solr.util.stats.Timer
 382:            39            936  java.lang.ThreadLocal$ThreadLocalMap
 383:            39            936  java.util.Currency
 384:            39            936  org.apache.lucene.analysis.core.LowerCaseFilterFactory
 385:            57            912  java.util.Collections$UnmodifiableCollection
 386:            38            912  java.util.regex.Pattern$5
 387:            26            896  [Ljava.lang.invoke.LambdaForm$Name;
 388:            28            896  org.apache.lucene.index.CodecReader$1
 389:            28            896  org.apache.lucene.index.CodecReader$2
 390:            28            896  org.apache.lucene.index.CodecReader$3
 391:            16            896  org.eclipse.jetty.server.Response
 392:            16            896  org.eclipse.jetty.server.bio.SocketConnector$ConnectorEndPoint
 393:            37            888  java.lang.invoke.LambdaForm$NamedFunction
 394:            37            888  java.net.InetAddress$InetAddressHolder
 395:             7            880  [Ljava.beans.MethodDescriptor;
 396:            55            880  java.util.TreeMap$Values
 397:            53            864  [Lorg.apache.lucene.analysis.util.CharFilterFactory;
 398:            18            864  java.util.Properties
 399:            21            840  com.sun.org.apache.xerces.internal.impl.dtd.XMLSimpleType
 400:            35            840  java.net.Inet4Address
 401:            15            840  org.apache.lucene.analysis.miscellaneous.ASCIIFoldingFilter
 402:            26            832  org.apache.lucene.codecs.lucene50.ForUtil
 403:            26            832  org.apache.lucene.codecs.lucene50.Lucene50PostingsReader
 404:            26            832  org.apache.lucene.index.SegmentCoreReaders$1
 405:            26            832  org.apache.lucene.index.SegmentCoreReaders$2
 406:            34            816  java.util.regex.Pattern$GroupHead
 407:            34            816  java.util.regex.Pattern$GroupTail
 408:            17            816  org.apache.lucene.analysis.tokenattributes.PackedTokenAttributeImpl
 409:            51            816  org.apache.lucene.analysis.util.CharArraySet
 410:            32            768  java.net.InetSocketAddress$InetSocketAddressHolder
 411:            16            768  java.net.SocketInputStream
 412:            16            768  java.net.SocketOutputStream
 413:            24            768  java.util.ResourceBundle$LoaderReference
 414:            32            768  org.apache.lucene.util.AttributeSource$State
 415:            32            768  org.apache.solr.schema.IndexSchema$DynamicField
 416:            32            768  org.eclipse.jetty.http.HttpFields
 417:            16            768  org.eclipse.jetty.util.StringMap
 418:            24            768  sun.security.x509.OIDMap$OIDInfo
 419:            19            760  sun.util.locale.BaseLocale$Key
 420:            31            744  java.util.concurrent.locks.ReentrantReadWriteLock
 421:            31            744  org.apache.solr.core.ConfigSolr$CfgProp
 422:            15            720  java.lang.management.PlatformComponent
 423:            15            720  org.eclipse.jetty.server.AbstractHttpConnection$Output
 424:             2            704  com.sun.org.apache.xerces.internal.impl.XMLNSDocumentScannerImpl
 425:            22            704  com.sun.org.apache.xerces.internal.util.AugmentationsImpl$SmallContainer
 426:            12            672  com.sun.org.apache.xerces.internal.dom.DeferredElementImpl
 427:             6            672  java.util.GregorianCalendar
 428:            28            672  java.util.regex.Pattern$Ctype
 429:            14            672  org.apache.lucene.util.packed.MonotonicLongValues
 430:            21            672  sun.security.x509.URIName
 431:            27            648  java.util.Collections$UnmodifiableRandomAccessList
 432:            27            648  org.apache.solr.schema.IndexSchema$DynamicReplacement$DynamicPattern$NameEndsWith
 433:             8            640  com.google.common.cache.LocalCache$Segment
 434:            20            640  java.util.RegularEnumSet
 435:            18            632  [Ljava.security.ProtectionDomain;
 436:             3            624  [Ljava.lang.invoke.LambdaForm;
 437:            26            624  java.security.spec.ECFieldF2m
 438:            39            624  java.util.regex.Pattern$CharPropertyNames$1
 439:            26            624  org.apache.lucene.codecs.memory.MemoryPostingsFormat$1
 440:            26            624  org.apache.lucene.codecs.perfield.PerFieldPostingsFormat$FieldsReader
 441:            26            624  org.apache.lucene.index.ExitableDirectoryReader$ExitableFields
 442:            26            624  org.apache.lucene.index.ExitableDirectoryReader$ExitableTerms
 443:            26            624  org.apache.lucene.index.ReaderSlice
 444:            19            608  java.util.Locale
 445:            19            608  sun.util.locale.BaseLocale
 446:            15            600  org.apache.lucene.analysis.en.EnglishPossessiveFilter
 447:            37            592  sun.security.x509.GeneralName
 448:            18            576  java.net.Socket
 449:             9            576  java.text.DecimalFormatSymbols
 450:            24            576  java.util.regex.Pattern$Start
 451:            18            576  org.eclipse.jetty.http.PathMap$Entry
 452:             8            576  sun.reflect.DelegatingClassLoader
 453:            18            576  sun.security.x509.DistributionPoint
 454:             6            576  sun.util.calendar.Gregorian$Date
 455:            14            560  org.apache.lucene.util.PagedBytes$Reader
 456:            10            560  sun.invoke.util.Wrapper
 457:            10            560  sun.util.calendar.ZoneInfo
 458:            17            544  com.sun.org.apache.xerces.internal.impl.dtd.XMLElementDecl
 459:            17            544  java.util.regex.Pattern$Branch
 460:            17            544  sun.security.x509.CRLDistributionPointsExtension
 461:             1            528  [Ljava.lang.Character;
 462:             1            528  [Ljava.util.TimerTask;
 463:            22            528  java.util.regex.Pattern$1
 464:            22            528  java.util.regex.Pattern$Slice
 465:            33            528  sun.security.x509.GeneralNames
 466:            13            520  org.apache.lucene.analysis.snowball.SnowballPorterFilterFactory
 467:            32            512  java.net.InetSocketAddress
 468:            32            512  org.apache.solr.common.params.MapSolrParams
 469:            16            512  org.eclipse.jetty.util.Utf8StringBuilder
 470:            21            504  org.eclipse.jetty.webapp.ClasspathPattern$Entry
 471:            21            504  sun.security.x509.AVAKeyword
 472:            31            496  java.util.concurrent.locks.ReentrantReadWriteLock$ReadLock
 473:            31            496  java.util.concurrent.locks.ReentrantReadWriteLock$Sync$ThreadLocalHoldCounter
 474:            31            496  java.util.concurrent.locks.ReentrantReadWriteLock$WriteLock
 475:             4            480  com.ctc.wstx.api.ReaderConfig
 476:            15            480  java.lang.StringCoding$StringEncoder
 477:            15            480  java.lang.invoke.DirectMethodHandle
 478:            30            480  java.util.concurrent.atomic.AtomicReference
 479:            20            480  java.util.regex.Pattern$Single
 480:            15            480  org.eclipse.jetty.server.CookieCutter
 481:            10            480  sun.util.locale.provider.LocaleResources$ResourceReference
 482:            17            464  [Ljava.util.regex.Pattern$Node;
 483:            16            456  [Ljava.io.ObjectStreamField;
 484:             4            456  [Ljava.lang.ClassValue$Entry;
 485:            19            456  java.util.Locale$LocaleKey
 486:            14            448  com.sun.org.apache.xml.internal.dtm.ref.ExtendedType
 487:            14            448  org.apache.lucene.uninverting.FieldCacheImpl$SortedDocValuesImpl
 488:            14            448  org.apache.lucene.util.packed.BulkOperationPackedSingleBlock
 489:            11            440  com.sun.org.apache.xerces.internal.dom.DeferredAttrImpl
 490:             1            432  [[[C
 491:            18            432  com.google.common.collect.RegularImmutableMap$TerminalEntry
 492:            18            432  java.text.DateFormat$Field
 493:             9            432  java.util.WeakHashMap$KeyIterator
 494:             6            432  java.util.concurrent.ThreadPoolExecutor
 495:            18            432  java.util.concurrent.locks.AbstractQueuedSynchronizer$ConditionObject
 496:            18            432  org.apache.solr.core.SolrConfig$SolrPluginInfo
 497:             2            416  [Lorg.apache.lucene.util.packed.BulkOperation;
 498:            26            416  org.apache.lucene.index.SegmentDocValues
 499:            17            408  [Lorg.apache.lucene.util.AttributeSource$State;
 500:            17            408  org.apache.lucene.analysis.Analyzer$TokenStreamComponents
 501:             2            400  com.sun.org.apache.xerces.internal.dom.DeferredDocumentImpl
 502:             2            400  com.sun.org.apache.xerces.internal.impl.XMLDTDScannerImpl
 503:            25            400  java.util.Collections$UnmodifiableSet
 504:             1            392  org.apache.solr.core.CloserThread
 505:             1            392  org.eclipse.jetty.server.ShutdownMonitor
 506:             2            384  com.sun.org.apache.xerces.internal.parsers.XIncludeAwareParserConfiguration
 507:             1            384  java.lang.ref.Finalizer$FinalizerThread
 508:             6            384  java.nio.DirectByteBuffer
 509:            12            384  java.security.cert.PolicyQualifierInfo
 510:            12            384  java.util.Stack
 511:             1            384  java.util.TimerThread
 512:             1            384  java.util.logging.LogManager$Cleaner
 513:             8            384  java.util.logging.LogManager$LoggerWeakRef
 514:             1            384  org.eclipse.jetty.util.thread.ShutdownThread
 515:             1            376  java.lang.ref.Reference$ReferenceHandler
 516:             7            360  [Ljava.beans.PropertyDescriptor;
 517:             9            360  java.text.DigitList
 518:            15            360  org.eclipse.jetty.server.HttpInput
 519:            15            360  sun.misc.MetaIndex
 520:             2            352  com.sun.org.apache.xerces.internal.impl.dtd.XMLNSDTDValidator
 521:            22            352  com.sun.org.apache.xerces.internal.util.AugmentationsImpl
 522:             7            336  java.beans.BeanDescriptor
 523:             6            336  java.nio.DirectLongBufferU
 524:            14            336  java.util.concurrent.ConcurrentLinkedQueue
 525:            14            336  java.util.regex.Pattern$BitClass
 526:             6            336  org.apache.lucene.util.BytesRefHash
 527:            14            336  org.apache.solr.schema.CopyField
 528:             7            336  sun.misc.URLClassPath
 529:            21            336  sun.security.x509.DNSName
 530:            16            328  [Ljava.lang.management.PlatformComponent;
 531:            10            320  java.lang.OutOfMemoryError
 532:            20            320  java.security.spec.ECFieldFp
 533:            20            320  java.util.LinkedHashMap$LinkedValues
 534:            10            320  java.util.logging.LogManager$LogNode
 535:             4            320  org.apache.solr.schema.TrieDateField
 536:            10            320  sun.security.x509.CertificatePoliciesExtension
 537:            13            312  org.apache.log4j.Level
 538:            19            304  org.eclipse.jetty.util.AttributesMap
 539:             6            296  [Lcom.google.common.collect.RegularImmutableMap$LinkedEntry;
 540:             4            296  [Lsun.invoke.util.Wrapper;
 541:             1            296  org.eclipse.jetty.webapp.WebAppContext
 542:             7            288  [[S
 543:            12            288  java.lang.invoke.SimpleMethodHandle
 544:             9            288  java.util.logging.Level
 545:            18            288  java.util.regex.Pattern$CharPropertyNames$4
 546:             9            288  jdk.internal.org.objectweb.asm.Type
 547:             4            288  org.apache.solr.handler.UpdateRequestHandler
 548:             4            288  org.apache.solr.handler.component.SearchHandler
 549:             9            288  sun.security.jca.ProviderConfig
 550:             9            288  sun.security.x509.NetscapeCertTypeExtension
 551:             7            280  com.sun.org.apache.xalan.internal.utils.XMLSecurityManager$Limit
 552:             7            280  com.sun.org.apache.xerces.internal.utils.XMLSecurityManager$Limit
 553:             7            280  java.beans.GenericBeanInfo
 554:             5            280  org.apache.lucene.analysis.synonym.SynonymFilterFactory
 555:             1            272  [Lcom.ctc.wstx.util.SymbolTable$Bucket;
 556:             2            272  com.sun.org.apache.xerces.internal.dom.DocumentImpl
 557:             1            272  com.sun.org.apache.xerces.internal.impl.dtd.DTDGrammar
 558:            17            272  java.util.regex.Pattern$BranchConn
 559:             3            264  java.util.jar.JarVerifier
 560:            11            264  org.apache.lucene.uninverting.UninvertingReader$Type
 561:            11            264  org.apache.lucene.util.packed.Direct16
 562:            11            264  sun.security.x509.Extension
 563:             3            256  [Lorg.apache.lucene.index.ReaderSlice;
 564:             2            256  com.google.common.cache.LocalCache
 565:             2            256  com.sun.org.apache.xerces.internal.impl.XMLEntityManager
 566:             4            256  java.text.SimpleDateFormat
 567:             8            256  org.apache.lucene.index.DocumentsWriterPerThreadPool$ThreadState
 568:            16            256  org.eclipse.jetty.server.AbstractHttpConnection$RequestHandler
 569:            16            256  sun.reflect.DelegatingMethodAccessorImpl
 570:             8            256  sun.security.x509.ExtendedKeyUsageExtension
 571:             8            248  [Ljava.lang.Boolean;
 572:             2            240  [Lorg.apache.lucene.index.IndexReaderContext;
 573:             2            240  [Lorg.apache.lucene.index.LeafReader;
 574:             2            240  com.sun.org.apache.xerces.internal.jaxp.SAXParserImpl$JAXPSAXParser
 575:            10            240  com.sun.xml.internal.stream.Entity$InternalEntity
 576:            10            240  java.nio.file.StandardOpenOption
 577:            10            240  java.security.CryptoPrimitive
 578:            10            240  java.util.Arrays$ArrayList
 579:             5            240  org.apache.lucene.analysis.miscellaneous.KeywordMarkerFilterFactory
 580:             6            240  org.apache.lucene.util.ByteBlockPool
 581:             3            240  org.apache.solr.schema.TrieDoubleField
 582:             3            240  org.apache.solr.schema.TrieLongField
 583:             3            240  org.apache.solr.search.LRUCache
 584:             3            240  org.eclipse.jetty.http.PathMap
 585:            15            240  org.opensextant.solrtexttagger.TaggingAttributeImpl
 586:            10            240  sun.reflect.NativeMethodAccessorImpl
 587:            10            240  sun.security.x509.PolicyInformation
 588:             7            224  java.io.FileInputStream
 589:             7            224  java.lang.ClassValue$Entry
 590:             7            224  org.apache.solr.core.RequestHandlers$LazyRequestHandlerWrapper
 591:            14            224  sun.security.x509.CertificatePolicyId
 592:             9            216  java.util.logging.Level$KnownLevel
 593:             3            216  java.util.logging.Logger
 594:             9            216  org.apache.lucene.util.packed.Packed8ThreeBlocks
 595:             9            216  org.eclipse.jetty.servlet.ServletMapping
 596:             9            216  sun.util.logging.PlatformLogger$Level
 597:             1            208  org.apache.solr.update.SolrIndexWriter
 598:             2            208  sun.net.www.protocol.file.FileURLConnection
 599:             3            200  [Ljava.lang.Thread;
 600:             2            200  [Ljava.text.DateFormat$Field;
 601:             5            200  com.sun.org.apache.xerces.internal.impl.dtd.XMLEntityDecl
 602:             5            200  java.lang.ClassLoader$NativeLibrary
 603:             1            200  org.apache.solr.core.SolrCore
 604:             5            200  org.apache.solr.search.CacheConfig
 605:            12            192  com.sun.org.apache.xerces.internal.dom.DeferredDocumentImpl$RefCount
 606:             2            192  com.sun.org.apache.xerces.internal.impl.dtd.XMLDTDProcessor
 607:             6            192  com.sun.org.apache.xerces.internal.util.XMLResourceIdentifierImpl
 608:             3            192  java.lang.ClassValue$ClassValueMap
 609:             6            192  java.lang.invoke.LambdaForm$BasicType
 610:             8            192  java.lang.invoke.MethodHandleImpl$Intrinsic
 611:             8            192  java.math.RoundingMode
 612:             2            192  org.apache.http.impl.client.SystemDefaultHttpClient
 613:             3            192  org.apache.solr.schema.StrField
 614:             3            192  org.apache.solr.search.LRUCache$1
 615:             8            192  org.eclipse.jetty.deploy.graph.Edge
 616:             8            192  org.eclipse.jetty.servlet.ServletHolder$Config
 617:             3            192  sun.security.provider.NativePRNG$RandomIO
 618:             2            192  sun.security.provider.Sun
 619:             6            192  sun.security.util.MemoryCache
 620:             1            184  org.eclipse.jetty.server.bio.SocketConnector
 621:             1            184  org.eclipse.jetty.server.session.HashSessionManager
 622:             2            176  java.net.FactoryURLClassLoader
 623:            11            176  java.text.NumberFormat$Field
 624:             8            168  [Ljava.security.CodeSigner;
 625:             1            168  [[Ljava.math.BigInteger;
 626:             7            168  com.sun.management.VMOption$Origin
 627:             7            168  com.sun.org.apache.xerces.internal.util.FeatureState
 628:             7            168  org.apache.commons.logging.impl.SLF4JLocationAwareLog
 629:             3            168  org.apache.lucene.index.SegmentInfos
 630:             7            168  org.apache.solr.util.DefaultSolrThreadFactory
 631:             7            168  org.eclipse.jetty.webapp.Origin
 632:             7            168  org.eclipse.jetty.xml.XmlParser$Attribute
 633:             7            168  sun.reflect.generics.tree.SimpleClassTypeSignature
 634:             7            168  sun.security.x509.NetscapeCertTypeExtension$MapEntry
 635:             5            160  [Ljava.lang.invoke.LambdaForm$BasicType;
 636:             2            160  [Ljava.util.concurrent.RunnableScheduledFuture;
 637:             5            160  com.google.common.collect.RegularImmutableList
 638:             4            160  com.sun.org.apache.xerces.internal.dom.DeferredCDATASectionImpl
 639:             5            160  com.sun.org.apache.xpath.internal.objects.XNumber
 640:             5            160  java.security.AlgorithmParameters
 641:            10            160  java.util.Formatter$Flags
 642:             2            160  java.util.concurrent.ScheduledThreadPoolExecutor
 643:             4            160  org.apache.lucene.analysis.util.ElisionFilterFactory
 644:             2            160  org.apache.solr.schema.TrieFloatField
 645:             2            160  org.apache.solr.schema.TrieIntField
 646:             5            160  org.apache.solr.search.SolrCacheBase$AutoWarmCountRef
 647:             4            160  org.apache.solr.util.ConcurrentLRUCache$Stats
 648:             4            160  org.apache.solr.util.DistanceUnits
 649:             4            160  sun.security.ec.ECPublicKeyImpl
 650:             5            160  sun.util.locale.provider.LocaleProviderAdapter$Type
 651:             1            152  org.apache.solr.core.SolrConfig
 652:             1            152  org.apache.solr.search.SolrIndexSearcher
 653:             4            144  [Lcom.sun.org.apache.xerces.internal.util.XMLAttributesImpl$Attribute;
 654:             3            144  [Ljava.util.Map;
 655:             1            144  [Ljava.util.Queue;
 656:             1            144  [Ljava.util.concurrent.ConcurrentMap;
 657:             1            144  [Lorg.apache.solr.core.ConfigSolr$CfgProp;
 658:             3            144  com.spatial4j.core.shape.impl.RectangleImpl
 659:             6            144  com.sun.org.apache.xerces.internal.util.Status
 660:             6            144  com.sun.org.apache.xml.internal.utils.NSInfo
 661:             2            144  java.lang.reflect.Field
 662:             6            144  java.util.Collections$SynchronizedRandomAccessList
 663:             3            144  java.util.concurrent.LinkedBlockingQueue
 664:             6            144  java.util.regex.Pattern$CharPropertyNames$2
 665:             2            144  org.apache.http.impl.conn.HttpConnPool
 666:             3            144  org.apache.lucene.analysis.miscellaneous.WordDelimiterFilterFactory
 667:             3            144  org.apache.lucene.analysis.synonym.SynonymFilter$PendingOutputs
 668:             6            144  org.apache.lucene.analysis.synonym.SynonymMap
 669:             6            144  org.apache.lucene.index.DocValuesType
 670:             6            144  org.apache.lucene.util.BytesRefHash$DirectBytesStartArray
 671:             6            144  org.apache.lucene.util.Counter$SerialCounter
 672:             2            144  org.apache.solr.handler.admin.SystemInfoHandler
 673:             1            144  org.apache.solr.update.UpdateLog
 674:             1            144  org.eclipse.jetty.servlet.ServletHandler
 675:             6            144  org.eclipse.jetty.util.component.AggregateLifeCycle$Bean
 676:             6            144  sun.misc.PerfCounter
 677:             3            144  sun.nio.cs.StreamEncoder
 678:             6            144  sun.security.ssl.ProtocolVersion
 679:             6            144  sun.security.util.DisabledAlgorithmConstraints$KeySizeConstraint$Operator
 680:             3            136  [Lcom.sun.org.apache.xerces.internal.utils.XMLSecurityManager$State;
 681:             2            136  [Lorg.apache.lucene.index.Fields;
 682:             2            136  [Lorg.apache.lucene.index.Terms;
 683:             1            136  [Lorg.apache.solr.schema.IndexSchema$DynamicField;
 684:             1            136  org.apache.lucene.index.DocumentsWriterFlushControl
 685:             4            128  [Lcom.sun.org.apache.xerces.internal.impl.XMLEntityManager$CharacterBuffer;
 686:             4            128  com.ctc.wstx.stax.WstxInputFactory
 687:             4            128  com.sun.org.apache.xerces.internal.jaxp.SAXParserFactoryImpl
 688:             2            128  java.io.ExpiringCache$1
 689:             2            128  java.security.SecureRandom
 690:             8            128  java.util.concurrent.atomic.AtomicReferenceArray
 691:             8            128  java.util.regex.Pattern$CharPropertyNames$3
 692:             4            128  org.apache.http.conn.scheme.Scheme
 693:             4            128  org.apache.log4j.helpers.PatternParser$LiteralPatternConverter
 694:             4            128  org.apache.lucene.store.IOContext
 695:             2            128  org.apache.solr.handler.admin.LoggingHandler
 696:             2            128  org.apache.solr.handler.admin.PropertiesRequestHandler
 697:             2            128  org.apache.solr.handler.admin.ThreadDumpHandler
 698:             1            128  org.eclipse.jetty.util.BlockingArrayQueue
 699:             2            128  sun.nio.ch.FileChannelImpl
 700:             4            128  sun.nio.fs.UnixPath
 701:             3            120  [Ljava.lang.invoke.BoundMethodHandle$SpeciesData;
 702:             4            120  [Ljava.lang.invoke.LambdaForm$NamedFunction;
 703:             1            120  [Lorg.apache.lucene.index.SegmentReader;
 704:             1            120  [Lorg.apache.lucene.util.Bits;
 705:             3            120  com.google.common.collect.RegularImmutableMap
 706:             5            120  com.sun.org.apache.xalan.internal.utils.FeaturePropertyBase$State
 707:             5            120  com.sun.org.apache.xalan.internal.utils.XMLSecurityManager$State
 708:             3            120  com.sun.org.apache.xerces.internal.impl.dtd.XMLDTDDescription
 709:             5            120  com.sun.org.apache.xerces.internal.util.PropertyState
 710:             3            120  com.sun.org.apache.xerces.internal.utils.XMLLimitAnalyzer
 711:             5            120  com.sun.org.apache.xerces.internal.utils.XMLSecurityManager$State
 712:             5            120  com.sun.org.apache.xerces.internal.utils.XMLSecurityPropertyManager$State
 713:             5            120  java.util.regex.Pattern$Category
 714:             3            120  javax.net.ssl.SSLParameters
 715:             5            120  javax.servlet.DispatcherType
 716:             5            120  javax.xml.namespace.QName
 717:             5            120  org.apache.lucene.analysis.core.KeywordTokenizerFactory
 718:             5            120  org.apache.lucene.analysis.core.WhitespaceTokenizerFactory
 719:             1            120  org.apache.lucene.analysis.synonym.SynonymFilter
 720:             5            120  org.apache.lucene.index.IndexOptions
 721:             1            120  org.apache.solr.handler.ReplicationHandler
 722:             5            120  org.apache.solr.schema.TrieField$TrieTypes
 723:             5            120  sun.misc.FloatingDecimal$PreparedASCIIToBinaryBuffer
 724:             5            120  sun.security.jca.ServiceId
 725:             5            120  sun.security.provider.certpath.X509CertPath
 726:             2            112  [Ljava.nio.file.StandardOpenOption;
 727:             2            112  [Ljava.security.CryptoPrimitive;
 728:             7            112  [Lsun.reflect.generics.tree.TypeArgument;
 729:             2            112  com.sun.org.apache.xerces.internal.impl.XMLEntityScanner
 730:             2            112  com.sun.org.apache.xerces.internal.jaxp.SAXParserImpl
 731:             7            112  java.util.TreeMap$KeySet
 732:             7            112  org.apache.lucene.codecs.lucene40.Lucene40CompoundFormat
 733:             7            112  org.apache.lucene.codecs.lucene40.Lucene40LiveDocsFormat
 734:             1            112  org.apache.solr.schema.IndexSchema
 735:             2            112  org.apache.solr.search.FastLRUCache
 736:             2            112  org.apache.solr.update.CommitTracker
 737:             1            112  org.apache.solr.update.DirectUpdateHandler2
 738:             2            112  org.apache.solr.util.ConcurrentLRUCache
 739:             7            112  org.eclipse.jetty.deploy.graph.Node
 740:             2            112  org.eclipse.jetty.io.PooledBuffers
 741:             1            112  org.eclipse.jetty.security.ConstraintSecurityHandler
 742:             7            112  sun.reflect.generics.tree.ClassTypeSignature
 743:             1            104  org.apache.lucene.index.IndexWriterConfig
 744:             1            104  org.apache.solr.schema.BBoxField
 745:             1            104  org.apache.solr.schema.SpatialRecursivePrefixTreeFieldType
 746:             1            104  org.eclipse.jetty.util.thread.QueuedThreadPool
 747:             1            104  org.eclipse.jetty.webapp.WebAppClassLoader
 748:             2             96  [Lcom.google.common.cache.LocalCache$EntryFactory;
 749:             1             96  [Ljava.lang.invoke.MethodType;
 750:             2             96  [Lorg.apache.lucene.index.DocumentsWriterPerThreadPool$ThreadState;
 751:             3             96  com.spatial4j.core.context.SpatialContext
 752:             1             96  com.sun.net.ssl.internal.ssl.Provider
 753:             3             96  com.sun.org.apache.xalan.internal.utils.XMLSecurityManager$NameMap
 754:             3             96  com.sun.org.apache.xerces.internal.dom.NodeListCache
 755:             2             96  com.sun.org.apache.xerces.internal.impl.XMLDocumentFragmentScannerImpl$ElementStack
 756:             2             96  com.sun.org.apache.xerces.internal.util.XMLAttributesIteratorImpl
 757:             3             96  com.sun.org.apache.xerces.internal.utils.XMLSecurityManager$NameMap
 758:             3             96  java.io.FileOutputStream
 759:             4             96  java.lang.RuntimePermission
 760:             2             96  java.lang.ThreadGroup
 761:             4             96  java.text.EntryPair
 762:             4             96  java.text.Normalizer$Form
 763:             6             96  java.util.TreeSet
 764:             3             96  java.util.concurrent.SynchronousQueue
 765:             3             96  java.util.concurrent.atomic.AtomicReferenceFieldUpdater$AtomicReferenceFieldUpdaterImpl
 766:             3             96  java.util.concurrent.locks.AbstractQueuedSynchronizer$Node
 767:             3             96  java.util.concurrent.locks.ReentrantLock$FairSync
 768:             6             96  java.util.regex.Pattern$Dot
 769:             1             96  org.apache.http.impl.client.DefaultHttpClient
 770:             4             96  org.apache.lucene.analysis.en.EnglishPossessiveFilterFactory
 771:             4             96  org.apache.lucene.analysis.en.PorterStemFilterFactory
 772:             3             96  org.apache.lucene.analysis.synonym.SynonymFilter$PendingInput
 773:             6             96  org.apache.lucene.codecs.lucene41.Lucene41StoredFieldsFormat
 774:             4             96  org.apache.lucene.store.IOContext$Context
 775:             6             96  org.apache.lucene.util.ByteBlockPool$DirectAllocator
 776:             4             96  org.apache.lucene.util.RamUsageEstimator$JvmFeature
 777:             4             96  org.apache.lucene.util.packed.Direct32
 778:             4             96  org.apache.lucene.util.packed.Packed64SingleBlock$Packed64SingleBlock1
 779:             1             96  org.apache.solr.core.CoreContainer
 780:             4             96  org.apache.solr.core.SolrConfig$PluginOpts
 781:             2             96  org.apache.solr.core.SolrResourceLoader
 782:             2             96  org.apache.solr.handler.component.QueryElevationComponent$ElevationObj
 783:             4             96  org.apache.solr.handler.loader.XMLLoader
 784:             4             96  org.apache.solr.schema.IndexSchema$DynamicReplacement$DynamicPattern$NameEquals
 785:             1             96  org.apache.solr.schema.PointType
 786:             3             96  org.apache.solr.search.LRUCache$CumulativeStats
 787:             4             96  org.apache.solr.search.SolrCache$State
 788:             4             96  org.apache.solr.servlet.cache.Method
 789:             4             96  org.apache.solr.update.UpdateLog$State
 790:             1             96  org.eclipse.jetty.server.Server
 791:             4             96  org.eclipse.jetty.servlet.Holder$Source
 792:             1             96  org.eclipse.jetty.util.Scanner
 793:             3             96  org.eclipse.jetty.util.statistic.SampleStatistic
 794:             1             96  sun.misc.Launcher$AppClassLoader
 795:             1             96  sun.net.www.protocol.jar.URLJarFile$URLJarFileEntry
 796:             1             96  sun.security.ec.SunEC
 797:             1             96  sun.security.jca.ProviderList$1
 798:             1             96  sun.security.rsa.SunRsaSign
 799:             3             96  sun.security.x509.SubjectAlternativeNameExtension
 800:             2             96  sun.text.normalizer.CharTrie
 801:             2             88  [Lcom.sun.org.apache.xalan.internal.utils.XMLSecurityManager$State;
 802:             3             88  [Lcom.sun.org.apache.xerces.internal.utils.XMLSecurityPropertyManager$State;
 803:             1             88  [Lsun.security.util.ObjectIdentifier;
 804:             1             88  [[Ljava.lang.Byte;
 805:             1             88  org.apache.log4j.RollingFileAppender
 806:             1             88  org.apache.solr.schema.CurrencyField
 807:             1             88  org.apache.solr.schema.LatLonType
 808:             1             88  org.eclipse.jetty.http.HttpBuffersImpl
 809:             1             88  org.eclipse.jetty.io.BufferDateCache
 810:             1             88  org.eclipse.jetty.servlet.FilterHolder
 811:             1             88  org.eclipse.jetty.start.Classpath$Loader
 812:             1             88  sun.misc.Launcher$ExtClassLoader
 813:             1             80  [[Z
 814:             2             80  com.ctc.wstx.util.SymbolTable
 815:             2             80  com.google.common.collect.SingletonImmutableBiMap
 816:             2             80  com.sun.org.apache.xerces.internal.impl.XMLDocumentFragmentScannerImpl$ElementStack2
 817:             2             80  com.sun.org.apache.xerces.internal.impl.XMLEntityManager$CharacterBufferPool
 818:             2             80  com.sun.org.apache.xerces.internal.impl.XMLErrorReporter
 819:             2             80  com.sun.org.apache.xerces.internal.impl.XMLVersionDetector
 820:             2             80  com.sun.org.apache.xerces.internal.impl.validation.ValidationState
 821:             2             80  com.sun.org.apache.xerces.internal.util.XMLAttributesImpl
 822:             2             80  com.sun.org.apache.xerces.internal.utils.XMLSecurityManager
 823:             2             80  com.sun.xml.internal.stream.XMLEntityStorage
 824:             2             80  java.io.BufferedWriter
 825:             2             80  java.io.ExpiringCache
 826:             2             80  java.io.PrintWriter
 827:             2             80  java.lang.invoke.BoundMethodHandle$SpeciesData
 828:             2             80  java.lang.invoke.DirectMethodHandle$Constructor
 829:             2             80  java.util.Locale$Category
 830:             2             80  java.util.PropertyResourceBundle
 831:             2             80  java.util.regex.Pattern$Loop
 832:             2             80  org.apache.lucene.analysis.path.PathHierarchyTokenizerFactory
 833:             5             80  org.apache.lucene.codecs.lucene42.Lucene42TermVectorsFormat
 834:             2             80  org.apache.lucene.index.CompositeReaderContext
 835:             1             80  org.apache.lucene.index.TieredMergePolicy
 836:             2             80  org.apache.lucene.store.NRTCachingDirectory
 837:             2             80  org.apache.solr.core.CachingDirectoryFactory$CacheValue
 838:             1             80  org.apache.solr.core.JmxMonitoredMap
 839:             1             80  org.apache.solr.handler.admin.InfoHandler
 840:             1             80  org.apache.solr.update.TransactionLog
 841:             1             80  org.eclipse.jetty.deploy.DeploymentManager
 842:             1             80  org.eclipse.jetty.deploy.providers.ContextProvider
 843:             1             80  org.eclipse.jetty.servlet.ErrorPageErrorHandler
 844:             2             80  org.eclipse.jetty.xml.XmlParser
 845:             2             80  sun.misc.FloatingDecimal$BinaryToASCIIBuffer
 846:             1             72  [Lcom.sun.org.apache.xml.internal.dtm.ref.ExtendedType;
 847:             3             72  [Lorg.apache.lucene.util.CharsRefBuilder;
 848:             2             72  [Lsun.security.jca.ProviderConfig;
 849:             3             72  com.sun.org.apache.xerces.internal.impl.dtd.XMLAttributeDecl
 850:             3             72  java.io.OutputStreamWriter
 851:             3             72  java.lang.ClassValue$Version
 852:             3             72  java.security.CodeSigner
 853:             3             72  java.util.Base64$Encoder
 854:             1             72  java.util.ResourceBundle$RBClassLoader
 855:             3             72  java.util.concurrent.LinkedBlockingQueue$Node
 856:             1             72  java.util.logging.LogManager$RootLogger
 857:             3             72  java.util.regex.Pattern$CharProperty$1
 858:             3             72  javax.servlet.SessionTrackingMode
 859:             3             72  org.apache.http.HttpVersion
 860:             3             72  org.apache.lucene.analysis.DelegatingAnalyzerWrapper$DelegatingReuseStrategy
 861:             3             72  org.apache.lucene.analysis.ja.JapaneseTokenizer$Mode
 862:             3             72  org.apache.lucene.analysis.util.AnalysisSPILoader
 863:             3             72  org.apache.lucene.index.IndexWriterConfig$OpenMode
 864:             1             72  org.apache.lucene.index.StandardDirectoryReader
 865:             3             72  org.apache.lucene.index.StoredFieldVisitor$Status
 866:             3             72  org.apache.lucene.index.TermsEnum$SeekStatus
 867:             3             72  org.apache.lucene.util.NamedSPILoader
 868:             3             72  org.apache.lucene.util.fst.FST$INPUT_TYPE
 869:             3             72  org.apache.solr.common.params.CommonParams$EchoParamStyle
 870:             3             72  org.apache.solr.core.SolrConfig$HttpCachingConfig$LastModFrom
 871:             1             72  org.apache.solr.handler.PingRequestHandler
 872:             1             72  org.apache.solr.handler.RealTimeGetHandler
 873:             1             72  org.apache.solr.handler.admin.CoreAdminHandler
 874:             1             72  org.apache.solr.handler.component.HttpShardHandlerFactory
 875:             3             72  org.apache.solr.rest.ManagedResourceStorage$JsonStorage
 876:             3             72  org.apache.solr.schema.IndexSchema$DynamicReplacement$DynamicPattern$NameStartsWith
 877:             1             72  org.apache.solr.schema.TrieDateField$ISO8601CanonicalDateFormat
 878:             1             72  org.apache.solr.update.SolrIndexConfig
 879:             3             72  org.apache.solr.update.UpdateLog$SyncLevel
 880:             3             72  org.eclipse.jetty.io.BufferCache
 881:             3             72  org.eclipse.jetty.io.Buffers$Type
 882:             3             72  org.eclipse.jetty.security.UserDataConstraint
 883:             1             72  org.eclipse.jetty.server.handler.ContextHandlerCollection
 884:             1             72  org.eclipse.jetty.server.handler.DefaultHandler
 885:             1             72  org.eclipse.jetty.server.session.HashSessionIdManager
 886:             1             72  org.eclipse.jetty.server.session.SessionHandler
 887:             1             72  org.eclipse.jetty.servlet.DefaultServlet
 888:             3             72  org.eclipse.jetty.util.Scanner$Notification
 889:             1             72  org.eclipse.jetty.util.resource.JarFileResource
 890:             1             72  org.eclipse.jetty.webapp.MetaData
 891:             3             72  org.eclipse.jetty.webapp.MetaDataComplete
 892:             3             72  sun.misc.FloatingDecimal$ExceptionalBinaryToASCIIBuffer
 893:             3             72  sun.misc.Signal
 894:             3             72  sun.security.provider.NativePRNG$Variant
 895:             3             72  sun.security.x509.AccessDescription
 896:             1             72  sun.util.locale.provider.JRELocaleProviderAdapter
 897:             2             64  [Lcom.google.common.cache.LocalCache$Segment;
 898:             2             64  [Lcom.sun.org.apache.xalan.internal.utils.FeaturePropertyBase$State;
 899:             2             64  [Ljavax.servlet.SessionTrackingMode;
 900:             2             64  [Lorg.apache.lucene.analysis.ja.JapaneseTokenizer$Mode;
 901:             1             64  [Lorg.apache.lucene.uninverting.UninvertingReader$Type;
 902:             2             64  [Lorg.apache.lucene.util.RamUsageEstimator$JvmFeature;
 903:             2             64  [Lorg.apache.solr.core.SolrConfig$HttpCachingConfig$LastModFrom;
 904:             2             64  [Lorg.apache.solr.core.SolrConfig$PluginOpts;
 905:             2             64  [Lorg.apache.solr.servlet.cache.Method;
 906:             2             64  [[Lcom.sun.org.apache.xerces.internal.xni.QName;
 907:             1             64  com.google.common.cache.CacheStats
 908:             2             64  com.sun.org.apache.xalan.internal.utils.XMLSecurityPropertyManager$Property
 909:             2             64  com.sun.org.apache.xerces.internal.impl.XMLNSDocumentScannerImpl$NSContentDriver
 910:             2             64  com.sun.org.apache.xerces.internal.util.NamespaceSupport
 911:             2             64  com.sun.org.apache.xerces.internal.utils.XMLSecurityPropertyManager$Property
 912:             2             64  com.sun.org.apache.xpath.internal.objects.XBooleanStatic
 913:             2             64  java.io.PrintStream
 914:             2             64  java.lang.VirtualMachineError
 915:             2             64  java.lang.invoke.BoundMethodHandle$Species_L
 916:             2             64  java.lang.ref.ReferenceQueue$Null
 917:             4             64  java.util.LinkedHashMap$LinkedKeySet
 918:             2             64  java.util.concurrent.ScheduledThreadPoolExecutor$DelayedWorkQueue
 919:             4             64  java.util.concurrent.atomic.AtomicBoolean
 920:             2             64  org.apache.http.conn.ssl.SSLSocketFactory
 921:             2             64  org.apache.http.impl.conn.PoolingClientConnectionManager
 922:             2             64  org.apache.log4j.helpers.PatternParser$BasicPatternConverter
 923:             2             64  org.apache.lucene.analysis.ReusableStringReader
 924:             2             64  org.apache.lucene.analysis.miscellaneous.ASCIIFoldingFilterFactory
 925:             4             64  org.apache.lucene.codecs.lucene40.Lucene40SegmentInfoFormat
 926:             1             64  org.apache.lucene.codecs.lucene410.Lucene410Codec
 927:             1             64  org.apache.lucene.codecs.lucene42.Lucene42Codec
 928:             1             64  org.apache.lucene.codecs.lucene45.Lucene45Codec
 929:             1             64  org.apache.lucene.codecs.lucene46.Lucene46Codec
 930:             1             64  org.apache.lucene.codecs.lucene49.Lucene49Codec
 931:             1             64  org.apache.lucene.codecs.lucene50.Lucene50Codec
 932:             2             64  org.apache.lucene.codecs.lucene50.Lucene50TermVectorsFormat
 933:             1             64  org.apache.lucene.index.DocumentsWriter
 934:             1             64  org.apache.lucene.index.ExitableDirectoryReader
 935:             2             64  org.apache.lucene.store.MMapDirectory
 936:             2             64  org.apache.lucene.store.RAMDirectory
 937:             1             64  org.apache.lucene.uninverting.UninvertingReader$UninvertingDirectoryReader
 938:             1             64  org.apache.solr.client.solrj.impl.LBHttpSolrClient
 939:             2             64  org.apache.solr.cloud.ActionThrottle
 940:             2             64  org.apache.solr.core.InitParams
 941:             1             64  org.apache.solr.core.NRTCachingDirectoryFactory
 942:             1             64  org.apache.solr.core.SchemaCodecFactory$1
 943:             1             64  org.apache.solr.handler.DumpRequestHandler
 944:             1             64  org.apache.solr.handler.SchemaHandler
 945:             1             64  org.apache.solr.handler.SolrConfigHandler
 946:             4             64  org.apache.solr.handler.UpdateRequestHandler$1
 947:             1             64  org.apache.solr.handler.admin.CollectionsHandler
 948:             1             64  org.apache.solr.handler.admin.LukeRequestHandler
 949:             1             64  org.apache.solr.handler.admin.PluginInfoHandler
 950:             1             64  org.apache.solr.handler.admin.ShowFileRequestHandler
 951:             1             64  org.apache.solr.handler.admin.SolrInfoMBeanHandler
 952:             4             64  org.apache.solr.handler.loader.CSVLoader
 953:             4             64  org.apache.solr.handler.loader.JavabinLoader
 954:             4             64  org.apache.solr.handler.loader.JsonLoader
 955:             1             64  org.apache.solr.rest.schema.analysis.ManagedSynonymFilterFactory$1
 956:             1             64  org.apache.solr.schema.BinaryField
 957:             1             64  org.apache.solr.schema.BoolField
 958:             2             64  org.apache.solr.schema.IndexSchema$DynamicCopy
 959:             1             64  org.apache.solr.schema.RandomSortField
 960:             2             64  org.apache.solr.servlet.SolrRequestParsers
 961:             1             64  org.apache.solr.update.DefaultSolrCoreState
 962:             1             64  org.apache.solr.update.UpdateLog$1
 963:             1             64  org.eclipse.jetty.server.handler.HandlerCollection
 964:             1             64  org.eclipse.jetty.server.handler.RequestLogHandler
 965:             2             64  org.eclipse.jetty.servlet.ServletHandler$CachedChain
 966:             2             64  org.eclipse.jetty.xml.XmlParser$Handler
 967:             1             64  org.opensextant.solrtexttagger.TaggerRequestHandler
 968:             4             64  sun.net.www.protocol.jar.Handler
 969:             2             64  sun.reflect.generics.repository.ClassRepository
 970:             4             64  sun.security.ec.ECParameters
 971:             2             64  sun.security.ssl.EphemeralKeyManager$EphemeralKeyPair
 972:             1             64  sun.security.ssl.SSLContextImpl$DefaultSSLContext
 973:             2             64  sun.security.ssl.SSLSessionContextImpl
 974:             2             64  sun.security.x509.AuthorityInfoAccessExtension
 975:             2             64  sun.security.x509.PolicyMappingsExtension
 976:             2             64  sun.security.x509.PrivateKeyUsageExtension
 977:             2             64  sun.util.locale.provider.LocaleResources
 978:             2             64  sun.util.locale.provider.LocaleServiceProviderPool
 979:             1             56  [Ljava.lang.Runnable;
 980:             2             56  [Lorg.apache.solr.search.SolrCache;
 981:             2             56  [Lorg.eclipse.jetty.server.Handler;
 982:             1             56  [Lorg.eclipse.jetty.servlet.ServletMapping;
 983:             1             56  [Lsun.util.logging.PlatformLogger$Level;
 984:             1             56  java.util.logging.LogManager
 985:             1             56  org.apache.lucene.codecs.lucene40.Lucene40Codec
 986:             1             56  org.apache.lucene.codecs.lucene41.Lucene41Codec
 987:             1             56  org.apache.lucene.codecs.simpletext.SimpleTextCodec
 988:             1             56  org.apache.lucene.index.BufferedUpdates
 989:             1             56  org.apache.lucene.index.ConcurrentMergeScheduler
 990:             1             56  org.apache.lucene.index.IndexFileDeleter
 991:             1             56  org.apache.lucene.index.SlowCompositeReaderWrapper
 992:             1             56  org.apache.lucene.search.spell.DirectSpellChecker
 993:             1             56  org.apache.solr.schema.FieldType$DefaultAnalyzer$1
 994:             1             56  org.apache.solr.update.VersionInfo
 995:             1             56  org.eclipse.jetty.server.ResourceCache
 996:             1             56  org.eclipse.jetty.webapp.DefaultsDescriptor
 997:             1             56  org.eclipse.jetty.webapp.WebDescriptor
 998:             1             56  org.tartarus.snowball.ext.FinnishStemmer
 999:             1             56  org.tartarus.snowball.ext.RomanianStemmer
1000:             1             56  sun.security.provider.SHA
1001:             1             48  [Lcom.sun.beans.util.Cache$CacheEntry;
1002:             1             48  [Lcom.sun.management.VMOption$Origin;
1003:             1             48  [Lcom.sun.org.apache.xalan.internal.utils.XMLSecurityManager$Limit;
1004:             1             48  [Lcom.sun.org.apache.xerces.internal.utils.XMLSecurityManager$Limit;
1005:             1             48  [Ljava.beans.WeakIdentityMap$Entry;
1006:             3             48  [Ljava.lang.annotation.Annotation;
1007:             1             48  [Ljava.lang.invoke.MethodHandleImpl$Intrinsic;
1008:             1             48  [Ljava.math.RoundingMode;
1009:             2             48  [Ljava.net.InetAddress;
1010:             1             48  [Ljava.util.concurrent.TimeUnit;
1011:             2             48  [Lorg.apache.lucene.codecs.lucene50.Lucene50StoredFieldsFormat$Mode;
1012:             1             48  [Lorg.eclipse.jetty.servlet.ServletHolder;
1013:             1             48  [Lorg.eclipse.jetty.webapp.Origin;
1014:             2             48  [Lsun.reflect.generics.tree.ClassTypeSignature;
1015:             1             48  [Lsun.security.x509.NetscapeCertTypeExtension$MapEntry;
1016:             3             48  com.ctc.wstx.api.WstxInputProperties$ParsingMode
1017:             2             48  com.ctc.wstx.util.SymbolTable$Bucket
1018:             2             48  com.google.common.collect.RegularImmutableAsList
1019:             2             48  com.google.common.collect.RegularImmutableMap$EntrySet
1020:             2             48  com.google.common.collect.RegularImmutableMap$NonTerminalEntry
1021:             3             48  com.spatial4j.core.distance.GeodesicSphereDistCalc$Haversine
1022:             3             48  com.spatial4j.core.io.BinaryCodec
1023:             3             48  com.spatial4j.core.io.WktShapeParser
1024:             3             48  com.sun.org.apache.xerces.internal.impl.dtd.DTDGrammar$QNameHashtable
1025:             2             48  com.sun.org.apache.xerces.internal.impl.dtd.DTDGrammarBucket
1026:             3             48  com.sun.org.apache.xerces.internal.impl.dv.dtd.ListDatatypeValidator
1027:             2             48  com.sun.org.apache.xerces.internal.impl.msg.XMLMessageFormatter
1028:             2             48  com.sun.org.apache.xerces.internal.impl.validation.ValidationManager
1029:             2             48  com.sun.org.apache.xerces.internal.util.SymbolTable
1030:             2             48  com.sun.org.apache.xerces.internal.utils.XMLSecurityPropertyManager
1031:             2             48  java.io.BufferedOutputStream
1032:             2             48  java.io.File$PathStatus
1033:             3             48  java.lang.ClassValue$Identity
1034:             2             48  java.lang.invoke.MethodHandles$Lookup
1035:             2             48  java.lang.reflect.ReflectPermission
1036:             2             48  java.net.InetAddress
1037:             2             48  java.net.InetAddress$Cache
1038:             2             48  java.net.InetAddress$Cache$Type
1039:             2             48  java.net.InetAddress$CacheEntry
1040:             2             48  java.net.ServerSocket
1041:             3             48  java.nio.channels.FileChannel$MapMode
1042:             2             48  java.nio.charset.CoderResult
1043:             3             48  java.nio.charset.CodingErrorAction
1044:             2             48  java.security.Timestamp
1045:             3             48  java.text.AttributedCharacterIterator$Attribute
1046:             1             48  java.text.RuleBasedCollator
1047:             3             48  java.util.Base64$Decoder
1048:             2             48  java.util.BitSet
1049:             3             48  java.util.concurrent.SynchronousQueue$TransferStack
1050:             1             48  java.util.concurrent.ThreadPoolExecutor$Worker
1051:             1             48  java.util.concurrent.locks.ReentrantReadWriteLock$FairSync
1052:             2             48  java.util.concurrent.locks.ReentrantReadWriteLock$Sync$HoldCounter
1053:             3             48  java.util.jar.JarVerifier$3
1054:             2             48  java.util.logging.Logger$LoggerBundle
1055:             2             48  java.util.regex.Pattern$Dollar
1056:             2             48  java.util.regex.Pattern$Prolog
1057:             3             48  org.apache.http.impl.client.BasicCredentialsProvider
1058:             2             48  org.apache.http.impl.client.DefaultHttpRequestRetryHandler
1059:             2             48  org.apache.http.impl.conn.DefaultClientConnectionOperator
1060:             3             48  org.apache.http.impl.conn.SystemDefaultDnsResolver
1061:             1             48  org.apache.log4j.Hierarchy
1062:             2             48  org.apache.log4j.helpers.OnlyOnceErrorHandler
1063:             1             48  org.apache.log4j.helpers.PatternParser
1064:             2             48  org.apache.lucene.analysis.ar.ArabicNormalizationFilterFactory
1065:             2             48  org.apache.lucene.analysis.cjk.CJKWidthFilterFactory
1066:             1             48  org.apache.lucene.analysis.core.StopFilter
1067:             1             48  org.apache.lucene.analysis.ja.JapaneseTokenizerFactory
1068:             1             48  org.apache.lucene.analysis.util.CharArrayMap$EmptyCharArrayMap
1069:             3             48  org.apache.lucene.codecs.lucene46.Lucene46FieldInfosFormat
1070:             3             48  org.apache.lucene.codecs.lucene46.Lucene46SegmentInfoFormat
1071:             2             48  org.apache.lucene.codecs.lucene50.Lucene50Codec$1
1072:             2             48  org.apache.lucene.codecs.lucene50.Lucene50Codec$2
1073:             2             48  org.apache.lucene.codecs.lucene50.Lucene50StoredFieldsFormat$Mode
1074:             1             48  org.apache.lucene.index.IndexFileDeleter$CommitPoint
1075:             2             48  org.apache.lucene.search.spell.WordBreakSpellChecker$BreakSuggestionSortMethod
1076:             1             48  org.apache.lucene.util.packed.BulkOperationPacked1
1077:             1             48  org.apache.lucene.util.packed.BulkOperationPacked10
1078:             1             48  org.apache.lucene.util.packed.BulkOperationPacked11
1079:             1             48  org.apache.lucene.util.packed.BulkOperationPacked12
1080:             1             48  org.apache.lucene.util.packed.BulkOperationPacked13
1081:             1             48  org.apache.lucene.util.packed.BulkOperationPacked14
1082:             1             48  org.apache.lucene.util.packed.BulkOperationPacked15
1083:             1             48  org.apache.lucene.util.packed.BulkOperationPacked16
1084:             1             48  org.apache.lucene.util.packed.BulkOperationPacked17
1085:             1             48  org.apache.lucene.util.packed.BulkOperationPacked18
1086:             1             48  org.apache.lucene.util.packed.BulkOperationPacked19
1087:             1             48  org.apache.lucene.util.packed.BulkOperationPacked2
1088:             1             48  org.apache.lucene.util.packed.BulkOperationPacked20
1089:             1             48  org.apache.lucene.util.packed.BulkOperationPacked21
1090:             1             48  org.apache.lucene.util.packed.BulkOperationPacked22
1091:             1             48  org.apache.lucene.util.packed.BulkOperationPacked23
1092:             1             48  org.apache.lucene.util.packed.BulkOperationPacked24
1093:             1             48  org.apache.lucene.util.packed.BulkOperationPacked3
1094:             1             48  org.apache.lucene.util.packed.BulkOperationPacked4
1095:             1             48  org.apache.lucene.util.packed.BulkOperationPacked5
1096:             1             48  org.apache.lucene.util.packed.BulkOperationPacked6
1097:             1             48  org.apache.lucene.util.packed.BulkOperationPacked7
1098:             1             48  org.apache.lucene.util.packed.BulkOperationPacked8
1099:             1             48  org.apache.lucene.util.packed.BulkOperationPacked9
1100:             1             48  org.apache.solr.analysis.ReversedWildcardFilterFactory
1101:             2             48  org.apache.solr.client.solrj.SolrQuery$ORDER
1102:             2             48  org.apache.solr.client.solrj.impl.HttpClientUtil$1
1103:             3             48  org.apache.solr.common.util.XMLErrorLogger
1104:             2             48  org.apache.solr.core.DirectoryFactory$DirContext
1105:             2             48  org.apache.solr.core.QuerySenderListener
1106:             2             48  org.apache.solr.handler.component.SpellCheckComponent$SpellCheckerListener
1107:             2             48  org.apache.solr.highlight.ScoreOrderFragmentsBuilder
1108:             1             48  org.apache.solr.logging.log4j.EventAppender
1109:             2             48  org.apache.solr.parser.QueryParser$Operator
1110:             2             48  org.apache.solr.rest.RestManager$ManagedResourceRegistration
1111:             3             48  org.apache.solr.rest.schema.analysis.ManagedSynonymFilterFactory$CasePreservedSynonymMappings
1112:             2             48  org.apache.solr.servlet.SolrRequestParsers$StandardRequestParser
1113:             2             48  org.eclipse.jetty.servlet.ServletHolder$Registration
1114:             2             48  org.eclipse.jetty.util.statistic.CounterStatistic
1115:             2             48  org.eclipse.jetty.webapp.ClasspathPattern
1116:             2             48  org.eclipse.jetty.xml.XmlParser$NoopHandler
1117:             1             48  org.tartarus.snowball.ext.ArmenianStemmer
1118:             1             48  org.tartarus.snowball.ext.BasqueStemmer
1119:             1             48  org.tartarus.snowball.ext.CatalanStemmer
1120:             1             48  org.tartarus.snowball.ext.DanishStemmer
1121:             1             48  org.tartarus.snowball.ext.DutchStemmer
1122:             1             48  org.tartarus.snowball.ext.IrishStemmer
1123:             1             48  org.tartarus.snowball.ext.NorwegianStemmer
1124:             1             48  org.tartarus.snowball.ext.RussianStemmer
1125:             1             48  org.tartarus.snowball.ext.SwedishStemmer
1126:             1             48  org.tartarus.snowball.ext.TurkishStemmer
1127:             2             48  sun.misc.NativeSignalHandler
1128:             2             48  sun.net.www.MessageHeader
1129:             3             48  sun.nio.ch.FileDispatcherImpl
1130:             2             48  sun.nio.ch.NativeThreadSet
1131:             2             48  sun.reflect.generics.tree.ClassSignature
1132:             2             48  sun.security.jca.ProviderList
1133:             2             48  sun.security.jca.ProviderList$3
1134:             2             48  sun.security.ssl.SSLAlgorithmConstraints
1135:             2             48  sun.security.x509.CertificatePolicyMap
1136:             3             48  sun.security.x509.RFC822Name
1137:             1             48  sun.text.normalizer.IntTrie
1138:             1             48  sun.text.normalizer.NormalizerBase
1139:             3             48  sun.text.normalizer.NormalizerBase$QuickCheckResult
1140:             1             40  [Lcom.sun.org.apache.xerces.internal.util.Status;
1141:             1             40  [Ljavax.servlet.DispatcherType;
1142:             1             40  [Lorg.apache.lucene.index.DocValuesType;
1143:             1             40  [Lorg.apache.lucene.index.IndexOptions;
1144:             1             40  [Lorg.apache.solr.schema.TrieField$TrieTypes;
1145:             1             40  [Lorg.eclipse.jetty.webapp.Configuration;
1146:             2             40  [Lsun.reflect.generics.tree.FieldTypeSignature;
1147:             2             40  [Lsun.reflect.generics.tree.FormalTypeParameter;
1148:             1             40  [Lsun.security.jca.ServiceId;
1149:             1             40  [Lsun.security.util.DisabledAlgorithmConstraints$KeySizeConstraint$Operator;
1150:             1             40  [Lsun.util.locale.provider.LocaleProviderAdapter$Type;
1151:             1             40  [[Ljava.lang.invoke.LambdaForm$Name;
1152:             1             40  com.sun.beans.finder.MethodFinder$1
1153:             1             40  java.beans.WeakIdentityMap$Entry
1154:             1             40  java.io.BufferedInputStream
1155:             1             40  java.lang.invoke.DirectMethodHandle$Accessor
1156:             1             40  java.text.CollationElementIterator
1157:             1             40  java.text.RBCollationTables
1158:             1             40  java.util.ResourceBundle$1
1159:             1             40  java.util.ServiceLoader$LazyIterator
1160:             1             40  org.apache.log4j.helpers.CountingQuietWriter
1161:             1             40  org.apache.log4j.helpers.PatternParser$ClassNamePatternConverter
1162:             1             40  org.apache.log4j.helpers.PatternParser$DatePatternConverter
1163:             1             40  org.apache.log4j.spi.RootLogger
1164:             1             40  org.apache.lucene.analysis.core.LowerCaseFilter
1165:             1             40  org.apache.lucene.analysis.ja.JapanesePartOfSpeechStopFilterFactory
1166:             1             40  org.apache.lucene.analysis.miscellaneous.StemmerOverrideFilterFactory
1167:             1             40  org.apache.lucene.analysis.pattern.PatternReplaceFilterFactory
1168:             1             40  org.apache.lucene.analysis.payloads.DelimitedPayloadTokenFilterFactory
1169:             1             40  org.apache.lucene.index.BufferedUpdatesStream
1170:             1             40  org.apache.lucene.index.DocumentsWriterDeleteQueue
1171:             1             40  org.apache.solr.core.Config
1172:             1             40  org.apache.solr.core.CoreDescriptor
1173:             1             40  org.apache.solr.core.SolrConfig$UpdateHandlerInfo
1174:             1             40  org.apache.solr.handler.component.QueryElevationComponent
1175:             1             40  org.apache.solr.highlight.DefaultSolrHighlighter
1176:             1             40  org.apache.solr.rest.RestManager
1177:             1             40  org.apache.solr.rest.RestManager$RestManagerManagedResource
1178:             1             40  org.apache.solr.rest.schema.analysis.ManagedSynonymFilterFactory$SynonymManager
1179:             1             40  org.apache.solr.rest.schema.analysis.ManagedWordSetResource
1180:             1             40  org.apache.solr.schema.IndexSchema$SolrQueryAnalyzer
1181:             1             40  org.apache.solr.search.QueryResultKey
1182:             1             40  org.apache.solr.spelling.WordBreakSolrSpellChecker
1183:             1             40  org.apache.solr.update.UpdateLog$RecoveryInfo
1184:             1             40  org.apache.solr.util.ConcurrentLRUCache$CacheEntry
1185:             1             40  org.eclipse.jetty.server.session.HashSessionManager$2
1186:             1             40  org.eclipse.jetty.webapp.WebAppContext$Context
1187:             1             40  org.tartarus.snowball.ext.HungarianStemmer
1188:             1             40  sun.nio.ch.FileLockImpl
1189:             1             40  sun.nio.cs.StandardCharsets$Aliases
1190:             1             40  sun.nio.cs.StandardCharsets$Cache
1191:             1             40  sun.nio.cs.StandardCharsets$Classes
1192:             1             40  sun.security.provider.DSAPublicKeyImpl
1193:             1             40  sun.text.IntHashtable
1194:             1             40  sun.text.UCompactIntArray
1195:             1             32  [Lcom.google.common.cache.LocalCache$Strength;
1196:             1             32  [Lcom.sun.beans.util.Cache$Kind;
1197:             1             32  [Lcom.sun.org.apache.xalan.internal.utils.XMLSecurityManager$NameMap;
1198:             1             32  [Lcom.sun.org.apache.xerces.internal.utils.XMLSecurityManager$NameMap;
1199:             1             32  [Ljava.lang.OutOfMemoryError;
1200:             1             32  [Ljava.lang.ThreadGroup;
1201:             1             32  [Ljava.text.Normalizer$Form;
1202:             1             32  [Ljava.util.EventListener;
1203:             1             32  [Lorg.apache.lucene.analysis.synonym.SynonymFilter$PendingInput;
1204:             1             32  [Lorg.apache.lucene.analysis.synonym.SynonymFilter$PendingOutputs;
1205:             1             32  [Lorg.apache.lucene.index.IndexWriterConfig$OpenMode;
1206:             1             32  [Lorg.apache.lucene.index.StoredFieldVisitor$Status;
1207:             1             32  [Lorg.apache.lucene.index.TermsEnum$SeekStatus;
1208:             1             32  [Lorg.apache.lucene.search.BooleanClause$Occur;
1209:             1             32  [Lorg.apache.lucene.store.IOContext$Context;
1210:             1             32  [Lorg.apache.lucene.util.fst.FST$INPUT_TYPE;
1211:             1             32  [Lorg.apache.solr.common.params.CommonParams$EchoParamStyle;
1212:             1             32  [Lorg.apache.solr.search.SolrCache$State;
1213:             1             32  [Lorg.apache.solr.update.UpdateLog$State;
1214:             1             32  [Lorg.apache.solr.update.UpdateLog$SyncLevel;
1215:             1             32  [Lorg.apache.solr.update.processor.UpdateRequestProcessorFactory;
1216:             1             32  [Lorg.eclipse.jetty.io.Buffers$Type;
1217:             1             32  [Lorg.eclipse.jetty.security.UserDataConstraint;
1218:             1             32  [Lorg.eclipse.jetty.servlet.Holder$Source;
1219:             1             32  [Lorg.eclipse.jetty.util.Scanner$Notification;
1220:             1             32  [Lorg.eclipse.jetty.webapp.MetaDataComplete;
1221:             1             32  [Lsun.security.provider.NativePRNG$Variant;
1222:             1             32  [Lsun.text.normalizer.NormalizerBase$Mode;
1223:             1             32  [[Lcom.sun.org.apache.xerces.internal.impl.dtd.models.ContentModelValidator;
1224:             1             32  [[Lcom.sun.org.apache.xerces.internal.impl.dv.DatatypeValidator;
1225:             1             32  [[[Ljava.lang.String;
1226:             2             32  com.google.common.cache.LocalCache$LocalManualCache
1227:             1             32  com.google.common.util.concurrent.MoreExecutors$SameThreadExecutorService
1228:             2             32  com.sun.beans.WeakCache
1229:             1             32  com.sun.beans.finder.BeanInfoFinder
1230:             1             32  com.sun.org.apache.xalan.internal.utils.FeatureManager$Feature
1231:             1             32  com.sun.org.apache.xalan.internal.utils.XMLSecurityManager
1232:             2             32  com.sun.org.apache.xerces.internal.impl.XMLDocumentScannerImpl$PrologDriver
1233:             2             32  com.sun.org.apache.xerces.internal.impl.XMLDocumentScannerImpl$TrailingMiscDriver
1234:             2             32  com.sun.org.apache.xerces.internal.impl.XMLDocumentScannerImpl$XMLDeclDriver
1235:             1             32  com.sun.org.apache.xerces.internal.impl.XMLEntityScanner$1
1236:             2             32  com.sun.org.apache.xerces.internal.impl.dv.dtd.DTDDVFactoryImpl
1237:             2             32  com.sun.org.apache.xerces.internal.impl.dv.dtd.ENTITYDatatypeValidator
1238:             2             32  com.sun.org.apache.xerces.internal.parsers.AbstractSAXParser$AttributesProxy
1239:             2             32  com.sun.org.apache.xerces.internal.util.EntityResolverWrapper
1240:             2             32  com.sun.org.apache.xerces.internal.util.ErrorHandlerWrapper
1241:             1             32  com.sun.org.apache.xml.internal.utils.XMLReaderManager
1242:             1             32  com.sun.org.apache.xpath.internal.jaxp.XPathFactoryImpl
1243:             1             32  java.beans.ThreadGroupContext
1244:             1             32  java.beans.ThreadGroupContext$1
1245:             1             32  java.io.RandomAccessFile
1246:             1             32  java.io.UnixFileSystem
1247:             1             32  java.lang.ArithmeticException
1248:             1             32  java.lang.ArrayIndexOutOfBoundsException
1249:             2             32  java.lang.Boolean
1250:             1             32  java.lang.NullPointerException
1251:             2             32  java.lang.Shutdown$Lock
1252:             1             32  java.lang.reflect.WeakCache
1253:             2             32  java.nio.ByteOrder
1254:             1             32  java.nio.channels.Channels$1
1255:             1             32  java.security.BasicPermissionCollection
1256:             1             32  java.security.MessageDigest$Delegate
1257:             1             32  java.text.DontCareFieldPosition
1258:             2             32  java.util.Collections$SingletonSet
1259:             2             32  java.util.Hashtable$EntrySet
1260:             1             32  java.util.ServiceLoader
1261:             2             32  java.util.concurrent.ConcurrentHashMap$ValuesView
1262:             1             32  java.util.concurrent.ThreadLocalRandom
1263:             1             32  java.util.logging.LogManager$SystemLoggerContext
1264:             2             32  javax.xml.xpath.SecuritySupport
1265:             2             32  org.apache.http.conn.scheme.PlainSocketFactory
1266:             2             32  org.apache.http.conn.scheme.SchemeRegistry
1267:             2             32  org.apache.http.impl.conn.HttpConnPool$InternalConnFactory
1268:             2             32  org.apache.http.params.SyncBasicHttpParams
1269:             1             32  org.apache.log4j.PatternLayout
1270:             1             32  org.apache.lucene.analysis.cjk.CJKBigramFilterFactory
1271:             1             32  org.apache.lucene.analysis.id.IndonesianStemFilterFactory
1272:             1             32  org.apache.lucene.analysis.ja.JapaneseKatakanaStemFilterFactory
1273:             1             32  org.apache.lucene.analysis.miscellaneous.TrimFilterFactory
1274:             1             32  org.apache.lucene.analysis.phonetic.DoubleMetaphoneFilterFactory
1275:             2             32  org.apache.lucene.codecs.lucene40.Lucene40DocValuesFormat
1276:             2             32  org.apache.lucene.codecs.lucene40.Lucene40FieldInfosFormat
1277:             2             32  org.apache.lucene.codecs.lucene40.Lucene40NormsFormat
1278:             2             32  org.apache.lucene.codecs.lucene40.Lucene40TermVectorsFormat
1279:             2             32  org.apache.lucene.codecs.lucene42.Lucene42FieldInfosFormat
1280:             2             32  org.apache.lucene.codecs.lucene50.Lucene50CompoundFormat
1281:             2             32  org.apache.lucene.codecs.lucene50.Lucene50FieldInfosFormat
1282:             2             32  org.apache.lucene.codecs.lucene50.Lucene50LiveDocsFormat
1283:             2             32  org.apache.lucene.codecs.lucene50.Lucene50NormsFormat
1284:             2             32  org.apache.lucene.codecs.lucene50.Lucene50SegmentInfoFormat
1285:             2             32  org.apache.lucene.codecs.lucene50.Lucene50StoredFieldsFormat
1286:             2             32  org.apache.lucene.codecs.simpletext.SimpleTextDocValuesFormat
1287:             2             32  org.apache.lucene.codecs.simpletext.SimpleTextPostingsFormat
1288:             1             32  org.apache.lucene.index.DocumentsWriterPerThreadPool
1289:             1             32  org.apache.lucene.index.FieldInfos$FieldNumbers
1290:             2             32  org.apache.lucene.search.MatchAllDocsQuery
1291:             2             32  org.apache.lucene.search.similarities.DefaultSimilarity
1292:             1             32  org.apache.lucene.search.spell.WordBreakSpellChecker
1293:             1             32  org.apache.lucene.store.NativeFSLockFactory$NativeFSLock
1294:             2             32  org.apache.lucene.store.SingleInstanceLockFactory
1295:             1             32  org.apache.lucene.util.AttributeFactory$DefaultAttributeFactory$1
1296:             1             32  org.apache.solr.core.ConfigOverlay
1297:             1             32  org.apache.solr.core.ConfigSolrXml
1298:             1             32  org.apache.solr.core.IndexDeletionPolicyWrapper
1299:             1             32  org.apache.solr.core.SolrConfig$HttpCachingConfig
1300:             1             32  org.apache.solr.core.SolrConfig$JmxConfiguration
1301:             1             32  org.apache.solr.core.SolrCore$8
1302:             1             32  org.apache.solr.core.SolrCore$LazyQueryResponseWriterWrapper
1303:             1             32  org.apache.solr.core.SolrCores
1304:             1             32  org.apache.solr.core.ZkContainer
1305:             1             32  org.apache.solr.handler.component.SpellCheckComponent
1306:             1             32  org.apache.solr.highlight.RegexFragmenter
1307:             1             32  org.apache.solr.logging.CircularList
1308:             1             32  org.apache.solr.logging.log4j.Log4jWatcher
1309:             2             32  org.apache.solr.response.JSONResponseWriter
1310:             1             32  org.apache.solr.rest.RestManager$Registry
1311:             1             32  org.apache.solr.rest.schema.analysis.ManagedStopFilterFactory
1312:             1             32  org.apache.solr.rest.schema.analysis.ManagedSynonymFilterFactory
1313:             2             32  org.apache.solr.schema.AbstractSpatialFieldType$1
1314:             1             32  org.apache.solr.schema.BoolField$1
1315:             1             32  org.apache.solr.schema.IndexSchema$SolrIndexAnalyzer
1316:             1             32  org.apache.solr.servlet.SolrDispatchFilter
1317:             2             32  org.apache.solr.servlet.SolrRequestParsers$FormDataRequestParser
1318:             2             32  org.apache.solr.servlet.SolrRequestParsers$MultipartRequestParser
1319:             2             32  org.apache.solr.servlet.SolrRequestParsers$RawRequestParser
1320:             2             32  org.apache.solr.servlet.SolrRequestParsers$SimpleRequestParser
1321:             1             32  org.apache.solr.spelling.DirectSolrSpellChecker
1322:             1             32  org.apache.solr.update.SolrIndexConfig$DelayedSchemaAnalyzer
1323:             1             32  org.eclipse.jetty.continuation.ContinuationThrowable
1324:             1             32  org.eclipse.jetty.deploy.App
1325:             1             32  org.eclipse.jetty.deploy.DeploymentManager$AppEntry
1326:             1             32  org.eclipse.jetty.security.ConstraintMapping
1327:             1             32  org.eclipse.jetty.servlet.FilterMapping
1328:             1             32  org.eclipse.jetty.util.Scanner$TimeNSize
1329:             1             32  org.eclipse.jetty.util.security.Constraint
1330:             1             32  org.opensextant.solrtexttagger.ConcatenateFilterFactory
1331:             1             32  sun.nio.ch.FileKey
1332:             1             32  sun.nio.ch.SharedFileLockTable$FileLockReference
1333:             1             32  sun.nio.cs.StandardCharsets
1334:             1             32  sun.nio.fs.LinuxFileSystem
1335:             2             32  sun.reflect.BootstrapConstructorAccessorImpl
1336:             1             32  sun.reflect.generics.reflectiveObjects.TypeVariableImpl
1337:             2             32  sun.security.provider.NativePRNG
1338:             1             32  sun.security.provider.SecureRandom
1339:             2             32  sun.security.ssl.SSLSocketFactoryImpl
1340:             1             32  sun.security.ssl.X509TrustManagerImpl
1341:             2             32  sun.security.util.DisabledAlgorithmConstraints$KeySizeConstraints
1342:             1             32  sun.security.x509.IssuerAlternativeNameExtension
1343:             2             32  sun.text.normalizer.CharTrie$FriendAgent
1344:             1             24  [Lcom.google.common.base.Functions$ToStringFunction;
1345:             1             24  [Lcom.google.common.cache.CacheBuilder$NullListener;
1346:             1             24  [Lcom.google.common.cache.CacheBuilder$OneWeigher;
1347:             1             24  [Lcom.sun.org.apache.xalan.internal.utils.FeatureManager$Feature;
1348:             1             24  [Lcom.sun.org.apache.xalan.internal.utils.XMLSecurityPropertyManager$Property;
1349:             1             24  [Lcom.sun.org.apache.xerces.internal.utils.XMLSecurityPropertyManager$Property;
1350:             1             24  [Ljava.io.File$PathStatus;
1351:             1             24  [Ljava.lang.reflect.TypeVariable;
1352:             1             24  [Ljava.net.InetAddress$Cache$Type;
1353:             1             24  [Ljava.nio.file.LinkOption;
1354:             1             24  [Ljava.util.Locale$Category;
1355:             1             24  [Ljavax.net.ssl.KeyManager;
1356:             1             24  [Ljavax.net.ssl.TrustManager;
1357:             1             24  [Lorg.apache.lucene.search.TermQuery;
1358:             1             24  [Lorg.apache.lucene.search.spell.WordBreakSpellChecker$BreakSuggestionSortMethod;
1359:             1             24  [Lorg.apache.lucene.util.packed.PackedInts$Format;
1360:             1             24  [Lorg.apache.solr.client.solrj.SolrQuery$ORDER;
1361:             1             24  [Lorg.apache.solr.core.DirectoryFactory$DirContext;
1362:             1             24  [Lorg.apache.solr.parser.QueryParser$Operator;
1363:             1             24  [Lorg.apache.solr.schema.IndexSchema$DynamicCopy;
1364:             1             24  [Lorg.apache.solr.search.CacheConfig;
1365:             1             24  [Lorg.apache.solr.util.stats.Histogram$SampleType;
1366:             1             24  [Lorg.eclipse.jetty.server.Connector;
1367:             1             24  [Lorg.eclipse.jetty.servlet.FilterHolder;
1368:             1             24  [Lorg.eclipse.jetty.servlet.FilterMapping;
1369:             1             24  [Lsun.launcher.LauncherHelper;
1370:             1             24  [Lsun.security.ssl.EphemeralKeyManager$EphemeralKeyPair;
1371:             1             24  com.google.common.base.Functions$ToStringFunction
1372:             1             24  com.google.common.base.Joiner$1
1373:             1             24  com.google.common.base.Joiner$MapJoiner
1374:             1             24  com.google.common.cache.CacheBuilder$NullListener
1375:             1             24  com.google.common.cache.CacheBuilder$OneWeigher
1376:             1             24  com.google.common.cache.LocalCache$EntryFactory$1
1377:             1             24  com.google.common.cache.LocalCache$EntryFactory$2
1378:             1             24  com.google.common.cache.LocalCache$EntryFactory$3
1379:             1             24  com.google.common.cache.LocalCache$EntryFactory$4
1380:             1             24  com.google.common.cache.LocalCache$EntryFactory$5
1381:             1             24  com.google.common.cache.LocalCache$EntryFactory$6
1382:             1             24  com.google.common.cache.LocalCache$EntryFactory$7
1383:             1             24  com.google.common.cache.LocalCache$EntryFactory$8
1384:             1             24  com.google.common.cache.LocalCache$Strength$1
1385:             1             24  com.google.common.cache.LocalCache$Strength$2
1386:             1             24  com.google.common.cache.LocalCache$Strength$3
1387:             1             24  com.google.common.collect.ImmutableMapKeySet
1388:             1             24  com.google.common.collect.ImmutableMapKeySet$1
1389:             1             24  com.google.common.collect.SingletonImmutableSet
1390:             1             24  com.sun.beans.util.Cache$Kind$1
1391:             1             24  com.sun.beans.util.Cache$Kind$2
1392:             1             24  com.sun.beans.util.Cache$Kind$3
1393:             1             24  com.sun.org.apache.xalan.internal.utils.FeatureManager
1394:             1             24  com.sun.org.apache.xerces.internal.impl.Constants$ArrayEnumeration
1395:             1             24  com.sun.org.apache.xerces.internal.impl.dtd.XMLContentSpec
1396:             1             24  com.sun.org.apache.xpath.internal.objects.XString
1397:             1             24  java.io.StringWriter
1398:             1             24  java.lang.invoke.Invokers
1399:             1             24  java.lang.invoke.MethodHandleImpl$4
1400:             1             24  java.lang.invoke.MethodType$ConcurrentWeakInternSet
1401:             1             24  java.math.MutableBigInteger
1402:             1             24  java.net.Inet4AddressImpl
1403:             1             24  java.nio.file.LinkOption
1404:             1             24  java.util.Collections$EmptyMap
1405:             1             24  java.util.Locale$Cache
1406:             1             24  java.util.ResourceBundle$Control$CandidateListCache
1407:             1             24  java.util.TaskQueue
1408:             1             24  java.util.Timer
1409:             1             24  java.util.concurrent.ConcurrentHashMap$KeySetView
1410:             1             24  java.util.concurrent.TimeUnit$1
1411:             1             24  java.util.concurrent.TimeUnit$2
1412:             1             24  java.util.concurrent.TimeUnit$3
1413:             1             24  java.util.concurrent.TimeUnit$4
1414:             1             24  java.util.concurrent.TimeUnit$5
1415:             1             24  java.util.concurrent.TimeUnit$6
1416:             1             24  java.util.concurrent.TimeUnit$7
1417:             1             24  java.util.jar.Manifest
1418:             1             24  java.util.logging.LogManager$LoggerContext
1419:             1             24  java.util.logging.LoggingPermission
1420:             1             24  java.util.regex.Pattern$7
1421:             1             24  java.util.regex.Pattern$Bound
1422:             1             24  java.util.regex.Pattern$Neg
1423:             1             24  javax.net.ssl.SSLContext
1424:             1             24  org.apache.commons.logging.impl.SLF4JLogFactory
1425:             1             24  org.apache.log4j.helpers.FormattingInfo
1426:             1             24  org.apache.lucene.analysis.Tokenizer$1
1427:             1             24  org.apache.lucene.analysis.ar.ArabicStemFilterFactory
1428:             1             24  org.apache.lucene.analysis.bg.BulgarianStemFilterFactory
1429:             1             24  org.apache.lucene.analysis.ckb.SoraniNormalizationFilterFactory
1430:             1             24  org.apache.lucene.analysis.ckb.SoraniStemFilterFactory
1431:             1             24  org.apache.lucene.analysis.cz.CzechStemFilterFactory
1432:             1             24  org.apache.lucene.analysis.de.GermanLightStemFilterFactory
1433:             1             24  org.apache.lucene.analysis.de.GermanNormalizationFilterFactory
1434:             1             24  org.apache.lucene.analysis.el.GreekLowerCaseFilterFactory
1435:             1             24  org.apache.lucene.analysis.el.GreekStemFilterFactory
1436:             1             24  org.apache.lucene.analysis.en.EnglishMinimalStemFilterFactory
1437:             1             24  org.apache.lucene.analysis.es.SpanishLightStemFilterFactory
1438:             1             24  org.apache.lucene.analysis.fa.PersianCharFilterFactory
1439:             1             24  org.apache.lucene.analysis.fa.PersianNormalizationFilterFactory
1440:             1             24  org.apache.lucene.analysis.fr.FrenchLightStemFilterFactory
1441:             1             24  org.apache.lucene.analysis.ga.IrishLowerCaseFilterFactory
1442:             1             24  org.apache.lucene.analysis.gl.GalicianStemFilterFactory
1443:             1             24  org.apache.lucene.analysis.hi.HindiNormalizationFilterFactory
1444:             1             24  org.apache.lucene.analysis.hi.HindiStemFilterFactory
1445:             1             24  org.apache.lucene.analysis.in.IndicNormalizationFilterFactory
1446:             1             24  org.apache.lucene.analysis.it.ItalianLightStemFilterFactory
1447:             1             24  org.apache.lucene.analysis.ja.JapaneseBaseFormFilterFactory
1448:             1             24  org.apache.lucene.analysis.lv.LatvianStemFilterFactory
1449:             1             24  org.apache.lucene.analysis.miscellaneous.RemoveDuplicatesTokenFilterFactory
1450:             1             24  org.apache.lucene.analysis.miscellaneous.StemmerOverrideFilter$StemmerOverrideMap
1451:             1             24  org.apache.lucene.analysis.pt.PortugueseLightStemFilterFactory
1452:             1             24  org.apache.lucene.analysis.th.ThaiTokenizerFactory
1453:             1             24  org.apache.lucene.analysis.tr.ApostropheFilterFactory
1454:             1             24  org.apache.lucene.analysis.tr.TurkishLowerCaseFilterFactory
1455:             1             24  org.apache.lucene.codecs.blocktreeords.BlockTreeOrdsPostingsFormat
1456:             1             24  org.apache.lucene.codecs.bloom.BloomFilteringPostingsFormat
1457:             1             24  org.apache.lucene.codecs.lucene40.Lucene40Codec$1
1458:             1             24  org.apache.lucene.codecs.lucene41.Lucene41Codec$1
1459:             1             24  org.apache.lucene.codecs.lucene410.Lucene410Codec$1
1460:             1             24  org.apache.lucene.codecs.lucene410.Lucene410Codec$2
1461:             1             24  org.apache.lucene.codecs.lucene42.Lucene42Codec$1
1462:             1             24  org.apache.lucene.codecs.lucene42.Lucene42Codec$2
1463:             1             24  org.apache.lucene.codecs.lucene42.Lucene42Codec$3
1464:             1             24  org.apache.lucene.codecs.lucene42.Lucene42DocValuesFormat
1465:             1             24  org.apache.lucene.codecs.lucene45.Lucene45Codec$1
1466:             1             24  org.apache.lucene.codecs.lucene45.Lucene45Codec$2
1467:             1             24  org.apache.lucene.codecs.lucene45.Lucene45Codec$3
1468:             1             24  org.apache.lucene.codecs.lucene46.Lucene46Codec$1
1469:             1             24  org.apache.lucene.codecs.lucene46.Lucene46Codec$2
1470:             1             24  org.apache.lucene.codecs.lucene46.Lucene46Codec$3
1471:             1             24  org.apache.lucene.codecs.lucene49.Lucene49Codec$1
1472:             1             24  org.apache.lucene.codecs.lucene49.Lucene49Codec$2
1473:             1             24  org.apache.lucene.codecs.lucene50.Lucene50PostingsFormat
1474:             1             24  org.apache.lucene.codecs.memory.DirectPostingsFormat
1475:             1             24  org.apache.lucene.codecs.memory.MemoryDocValuesFormat
1476:             1             24  org.apache.lucene.codecs.memory.MemoryPostingsFormat
1477:             1             24  org.apache.lucene.index.DocumentsWriterDeleteQueue$DeleteSlice
1478:             1             24  org.apache.lucene.index.DocumentsWriterDeleteQueue$Node
1479:             1             24  org.apache.lucene.index.DocumentsWriterFlushQueue
1480:             1             24  org.apache.lucene.index.DocumentsWriterStallControl
1481:             1             24  org.apache.lucene.index.FlushByRamOrCountsPolicy
1482:             1             24  org.apache.lucene.index.IndexWriter$1
1483:             1             24  org.apache.lucene.index.IndexWriter$ReaderPool
1484:             1             24  org.apache.lucene.index.MultiBits
1485:             1             24  org.apache.lucene.index.MultiFields
1486:             1             24  org.apache.lucene.index.MultiTerms
1487:             1             24  org.apache.lucene.search.BooleanClause$Occur$1
1488:             1             24  org.apache.lucene.search.BooleanClause$Occur$2
1489:             1             24  org.apache.lucene.search.BooleanClause$Occur$3
1490:             1             24  org.apache.lucene.search.TopDocs
1491:             1             24  org.apache.lucene.spatial.prefix.tree.GeohashPrefixTree
1492:             1             24  org.apache.lucene.store.FlushInfo
1493:             1             24  org.apache.lucene.uninverting.FieldCacheImpl
1494:             1             24  org.apache.lucene.uninverting.FieldCacheImpl$BinaryDocValuesCache
1495:             1             24  org.apache.lucene.uninverting.FieldCacheImpl$DocTermOrdsCache
1496:             1             24  org.apache.lucene.uninverting.FieldCacheImpl$DocsWithFieldCache
1497:             1             24  org.apache.lucene.uninverting.FieldCacheImpl$LongCache
1498:             1             24  org.apache.lucene.uninverting.FieldCacheImpl$SortedDocValuesCache
1499:             1             24  org.apache.lucene.util.AttributeFactory$1
1500:             1             24  org.apache.lucene.util.AttributeSource$2
1501:             1             24  org.apache.lucene.util.SetOnce
1502:             1             24  org.apache.lucene.util.packed.PackedInts$Format$1
1503:             1             24  org.apache.lucene.util.packed.PackedInts$Format$2
1504:             1             24  org.apache.solr.client.solrj.SolrQuery
1505:             1             24  org.apache.solr.client.solrj.SolrQuery$SortClause
1506:             1             24  org.apache.solr.common.SolrInputDocument
1507:             1             24  org.apache.solr.common.util.SolrjNamedThreadFactory
1508:             1             24  org.apache.solr.core.ConfigSetService$Default
1509:             1             24  org.apache.solr.core.JarRepository
1510:             1             24  org.apache.solr.core.RequestHandlers
1511:             1             24  org.apache.solr.core.RequestParams
1512:             1             24  org.apache.solr.core.SchemaCodecFactory
1513:             1             24  org.apache.solr.core.SolrDeletionPolicy
1514:             1             24  org.apache.solr.handler.ReplicationHandler$3
1515:             1             24  org.apache.solr.handler.component.ExpandComponent
1516:             1             24  org.apache.solr.handler.component.FacetComponent
1517:             1             24  org.apache.solr.handler.component.HighlightComponent
1518:             1             24  org.apache.solr.handler.component.TermVectorComponent
1519:             1             24  org.apache.solr.highlight.BreakIteratorBoundaryScanner
1520:             1             24  org.apache.solr.highlight.DefaultEncoder
1521:             1             24  org.apache.solr.highlight.GapFragmenter
1522:             1             24  org.apache.solr.highlight.HtmlEncoder
1523:             1             24  org.apache.solr.highlight.HtmlFormatter
1524:             1             24  org.apache.solr.highlight.SimpleBoundaryScanner
1525:             1             24  org.apache.solr.highlight.SimpleFragListBuilder
1526:             1             24  org.apache.solr.highlight.SingleFragListBuilder
1527:             1             24  org.apache.solr.highlight.WeightedFragListBuilder
1528:             1             24  org.apache.solr.response.transform.ExplainAugmenterFactory
1529:             1             24  org.apache.solr.response.transform.ValueAugmenterFactory
1530:             1             24  org.apache.solr.schema.FileExchangeRateProvider
1531:             1             24  org.apache.solr.schema.TrieDateField$ThreadLocalDateFormat
1532:             1             24  org.apache.solr.search.BitDocSet
1533:             1             24  org.apache.solr.search.similarities.DefaultSimilarityFactory
1534:             1             24  org.apache.solr.spelling.SpellingQueryConverter
1535:             1             24  org.apache.solr.update.DefaultSolrCoreState$1
1536:             1             24  org.apache.solr.update.UpdateShardHandler
1537:             1             24  org.apache.solr.update.processor.LogUpdateProcessorFactory
1538:             1             24  org.apache.solr.update.processor.UpdateRequestProcessorChain
1539:             1             24  org.apache.solr.util.stats.Histogram$SampleType$1
1540:             1             24  org.apache.solr.util.stats.Histogram$SampleType$2
1541:             1             24  org.eclipse.jetty.deploy.AppLifeCycle
1542:             1             24  org.eclipse.jetty.http.HttpFields$DateGenerator
1543:             1             24  org.eclipse.jetty.http.HttpHeaderValues
1544:             1             24  org.eclipse.jetty.http.HttpHeaders
1545:             1             24  org.eclipse.jetty.server.AbstractConnector$Acceptor
1546:             1             24  org.eclipse.jetty.servlet.FilterHolder$Config
1547:             1             24  org.eclipse.jetty.servlet.NoJspServlet
1548:             1             24  org.eclipse.jetty.util.IO$NullWrite
1549:             1             24  org.eclipse.jetty.util.MultiMap
1550:             1             24  org.noggit.NullCharArr
1551:             1             24  org.slf4j.helpers.FormattingTuple
1552:             1             24  sun.launcher.LauncherHelper
1553:             1             24  sun.management.VMManagementImpl
1554:             1             24  sun.misc.JarIndex
1555:             1             24  sun.misc.URLClassPath$FileLoader
1556:             1             24  sun.net.ProgressMonitor
1557:             1             24  sun.net.sdp.SdpProvider
1558:             1             24  sun.nio.ch.SharedFileLockTable
1559:             1             24  sun.nio.cs.ISO_8859_1
1560:             1             24  sun.nio.cs.US_ASCII
1561:             1             24  sun.nio.cs.UTF_16
1562:             1             24  sun.nio.cs.UTF_16BE
1563:             1             24  sun.nio.cs.UTF_16LE
1564:             1             24  sun.nio.cs.UTF_8
1565:             1             24  sun.reflect.generics.factory.CoreReflectionFactory
1566:             1             24  sun.reflect.generics.scope.ClassScope
1567:             1             24  sun.reflect.generics.tree.FormalTypeParameter
1568:             1             24  sun.security.provider.DSAParameters
1569:             1             24  sun.security.ssl.SSLAlgorithmConstraints$TLSDisabledAlgConstraints
1570:             1             24  sun.security.ssl.SSLAlgorithmConstraints$X509DisabledAlgConstraints
1571:             1             24  sun.security.ssl.SunX509KeyManagerImpl
1572:             1             24  sun.security.util.DisabledAlgorithmConstraints$KeySizeConstraint
1573:             1             24  sun.text.normalizer.ReplaceableUCharacterIterator
1574:             1             24  sun.util.locale.BaseLocale$Cache
1575:             1             24  sun.util.locale.provider.CalendarDataProviderImpl
1576:             1             24  sun.util.locale.provider.CalendarProviderImpl
1577:             1             24  sun.util.locale.provider.CollatorProviderImpl
1578:             1             24  sun.util.locale.provider.CurrencyNameProviderImpl
1579:             1             24  sun.util.locale.provider.DateFormatSymbolsProviderImpl
1580:             1             24  sun.util.locale.provider.DecimalFormatSymbolsProviderImpl
1581:             1             24  sun.util.locale.provider.NumberFormatProviderImpl
1582:             1             16  [Ljava.beans.EventSetDescriptor;
1583:             1             16  [Ljava.lang.Enum;
1584:             1             16  [Ljava.lang.Throwable;
1585:             1             16  [Ljava.nio.file.attribute.FileAttribute;
1586:             1             16  [Ljava.security.Provider;
1587:             1             16  [Ljava.text.FieldPosition;
1588:             1             16  [Ljava.util.logging.Handler;
1589:             1             16  [Lorg.apache.lucene.codecs.PostingsFormat;
1590:             1             16  [Lorg.apache.lucene.search.ScoreDoc;
1591:             1             16  [Lorg.apache.lucene.search.SortField;
1592:             1             16  [Lorg.apache.solr.client.solrj.impl.LBHttpSolrClient$ServerWrapper;
1593:             1             16  com.google.common.base.Equivalence$Equals
1594:             1             16  com.google.common.base.Joiner
1595:             1             16  com.google.common.base.Suppliers$SupplierOfInstance
1596:             1             16  com.google.common.base.Ticker$1
1597:             1             16  com.google.common.cache.CacheBuilder$1
1598:             1             16  com.google.common.cache.CacheBuilder$2
1599:             1             16  com.google.common.cache.CacheBuilder$3
1600:             1             16  com.google.common.cache.LocalCache$1
1601:             1             16  com.google.common.cache.LocalCache$2
1602:             1             16  com.google.common.collect.ImmutableCollection$EmptyImmutableCollection
1603:             1             16  com.google.common.collect.Iterators$1
1604:             1             16  com.google.common.collect.Iterators$2
1605:             1             16  com.sun.naming.internal.VersionHelper12
1606:             1             16  com.sun.org.apache.xalan.internal.utils.SecuritySupport
1607:             1             16  com.sun.org.apache.xerces.internal.dom.CharacterDataImpl$1
1608:             1             16  com.sun.org.apache.xerces.internal.impl.XMLDocumentScannerImpl$DTDDriver
1609:             1             16  com.sun.org.apache.xerces.internal.impl.dv.dtd.IDDatatypeValidator
1610:             1             16  com.sun.org.apache.xerces.internal.impl.dv.dtd.IDREFDatatypeValidator
1611:             1             16  com.sun.org.apache.xerces.internal.impl.dv.dtd.NMTOKENDatatypeValidator
1612:             1             16  com.sun.org.apache.xerces.internal.impl.dv.dtd.NOTATIONDatatypeValidator
1613:             1             16  com.sun.org.apache.xerces.internal.impl.dv.dtd.StringDatatypeValidator
1614:             1             16  com.sun.org.apache.xerces.internal.utils.SecuritySupport
1615:             1             16  com.sun.org.apache.xpath.internal.objects.EqualComparator
1616:             1             16  com.sun.org.apache.xpath.internal.objects.GreaterThanComparator
1617:             1             16  com.sun.org.apache.xpath.internal.objects.GreaterThanOrEqualComparator
1618:             1             16  com.sun.org.apache.xpath.internal.objects.LessThanComparator
1619:             1             16  com.sun.org.apache.xpath.internal.objects.LessThanOrEqualComparator
1620:             1             16  com.sun.org.apache.xpath.internal.objects.NotEqualComparator
1621:             1             16  com.sun.org.apache.xpath.internal.objects.XMLStringFactoryImpl
1622:             1             16  java.io.FileDescriptor$1
1623:             1             16  java.lang.ApplicationShutdownHooks$1
1624:             1             16  java.lang.CharacterData00
1625:             1             16  java.lang.CharacterDataLatin1
1626:             1             16  java.lang.InheritableThreadLocal
1627:             1             16  java.lang.Runtime
1628:             1             16  java.lang.String$CaseInsensitiveComparator
1629:             1             16  java.lang.System$2
1630:             1             16  java.lang.Terminator$1
1631:             1             16  java.lang.invoke.MemberName$Factory
1632:             1             16  java.lang.invoke.MethodHandleImpl$2
1633:             1             16  java.lang.invoke.MethodHandleImpl$3
1634:             1             16  java.lang.management.PlatformComponent$1
1635:             1             16  java.lang.management.PlatformComponent$10
1636:             1             16  java.lang.management.PlatformComponent$11
1637:             1             16  java.lang.management.PlatformComponent$12
1638:             1             16  java.lang.management.PlatformComponent$13
1639:             1             16  java.lang.management.PlatformComponent$14
1640:             1             16  java.lang.management.PlatformComponent$15
1641:             1             16  java.lang.management.PlatformComponent$2
1642:             1             16  java.lang.management.PlatformComponent$3
1643:             1             16  java.lang.management.PlatformComponent$4
1644:             1             16  java.lang.management.PlatformComponent$5
1645:             1             16  java.lang.management.PlatformComponent$6
1646:             1             16  java.lang.management.PlatformComponent$7
1647:             1             16  java.lang.management.PlatformComponent$8
1648:             1             16  java.lang.management.PlatformComponent$9
1649:             1             16  java.lang.ref.Reference$Lock
1650:             1             16  java.lang.reflect.Proxy$KeyFactory
1651:             1             16  java.lang.reflect.Proxy$ProxyClassFactory
1652:             1             16  java.lang.reflect.ReflectAccess
1653:             1             16  java.net.InetAddress$2
1654:             1             16  java.net.URLClassLoader$7
1655:             1             16  java.nio.Bits$1
1656:             1             16  java.nio.channels.spi.AbstractInterruptibleChannel$1
1657:             1             16  java.nio.charset.CoderResult$1
1658:             1             16  java.nio.charset.CoderResult$2
1659:             1             16  java.security.ProtectionDomain$1
1660:             1             16  java.security.ProtectionDomain$3
1661:             1             16  java.text.DontCareFieldPosition$1
1662:             1             16  java.util.Collections$EmptyEnumeration
1663:             1             16  java.util.Collections$EmptyIterator
1664:             1             16  java.util.Collections$EmptyList
1665:             1             16  java.util.Collections$EmptySet
1666:             1             16  java.util.Collections$UnmodifiableMap$UnmodifiableEntrySet
1667:             1             16  java.util.Currency$CurrencyNameGetter
1668:             1             16  java.util.Hashtable$KeySet
1669:             1             16  java.util.ResourceBundle$Control
1670:             1             16  java.util.Timer$1
1671:             1             16  java.util.concurrent.ConcurrentHashMap$EntrySetView
1672:             1             16  java.util.concurrent.ConcurrentSkipListMap$KeySet
1673:             1             16  java.util.concurrent.Executors$FinalizableDelegatedExecutorService
1674:             1             16  java.util.concurrent.ThreadPoolExecutor$AbortPolicy
1675:             1             16  java.util.jar.JavaUtilJarAccessImpl
1676:             1             16  java.util.logging.LoggingProxyImpl
1677:             1             16  java.util.regex.Pattern$4
1678:             1             16  java.util.regex.Pattern$Begin
1679:             1             16  java.util.regex.Pattern$CharPropertyNames$10
1680:             1             16  java.util.regex.Pattern$CharPropertyNames$11
1681:             1             16  java.util.regex.Pattern$CharPropertyNames$12
1682:             1             16  java.util.regex.Pattern$CharPropertyNames$13
1683:             1             16  java.util.regex.Pattern$CharPropertyNames$14
1684:             1             16  java.util.regex.Pattern$CharPropertyNames$15
1685:             1             16  java.util.regex.Pattern$CharPropertyNames$16
1686:             1             16  java.util.regex.Pattern$CharPropertyNames$17
1687:             1             16  java.util.regex.Pattern$CharPropertyNames$18
1688:             1             16  java.util.regex.Pattern$CharPropertyNames$19
1689:             1             16  java.util.regex.Pattern$CharPropertyNames$20
1690:             1             16  java.util.regex.Pattern$CharPropertyNames$21
1691:             1             16  java.util.regex.Pattern$CharPropertyNames$22
1692:             1             16  java.util.regex.Pattern$CharPropertyNames$23
1693:             1             16  java.util.regex.Pattern$CharPropertyNames$5
1694:             1             16  java.util.regex.Pattern$CharPropertyNames$6
1695:             1             16  java.util.regex.Pattern$CharPropertyNames$7
1696:             1             16  java.util.regex.Pattern$CharPropertyNames$8
1697:             1             16  java.util.regex.Pattern$CharPropertyNames$9
1698:             1             16  java.util.regex.Pattern$LastNode
1699:             1             16  java.util.regex.Pattern$Node
1700:             1             16  java.util.zip.ZipFile$1
1701:             1             16  javax.xml.parsers.SecuritySupport
1702:             1             16  javax.xml.stream.SecuritySupport
1703:             1             16  javax.xml.transform.SecuritySupport
1704:             1             16  org.apache.http.conn.ssl.AllowAllHostnameVerifier
1705:             1             16  org.apache.http.conn.ssl.BrowserCompatHostnameVerifier
1706:             1             16  org.apache.http.conn.ssl.StrictHostnameVerifier
1707:             1             16  org.apache.log4j.DefaultCategoryFactory
1708:             1             16  org.apache.log4j.helpers.AppenderAttachableImpl
1709:             1             16  org.apache.log4j.or.DefaultRenderer
1710:             1             16  org.apache.log4j.or.RendererMap
1711:             1             16  org.apache.log4j.spi.DefaultRepositorySelector
1712:             1             16  org.apache.lucene.analysis.Analyzer$1
1713:             1             16  org.apache.lucene.analysis.Analyzer$2
1714:             1             16  org.apache.lucene.analysis.payloads.FloatEncoder
1715:             1             16  org.apache.lucene.analysis.util.CharacterUtils$Java4CharacterUtils
1716:             1             16  org.apache.lucene.analysis.util.CharacterUtils$Java5CharacterUtils
1717:             1             16  org.apache.lucene.codecs.bloom.DefaultBloomFilterFactory
1718:             1             16  org.apache.lucene.codecs.compressing.CompressionMode$1
1719:             1             16  org.apache.lucene.codecs.compressing.CompressionMode$2
1720:             1             16  org.apache.lucene.codecs.compressing.CompressionMode$3
1721:             1             16  org.apache.lucene.codecs.compressing.CompressionMode$4
1722:             1             16  org.apache.lucene.codecs.lucene40.Lucene40PostingsFormat
1723:             1             16  org.apache.lucene.codecs.lucene40.Lucene40StoredFieldsFormat
1724:             1             16  org.apache.lucene.codecs.lucene41.Lucene41PostingsFormat
1725:             1             16  org.apache.lucene.codecs.lucene410.Lucene410Codec$3
1726:             1             16  org.apache.lucene.codecs.lucene410.Lucene410DocValuesFormat
1727:             1             16  org.apache.lucene.codecs.lucene45.Lucene45DocValuesFormat
1728:             1             16  org.apache.lucene.codecs.lucene49.Lucene49Codec$3
1729:             1             16  org.apache.lucene.codecs.lucene49.Lucene49DocValuesFormat
1730:             1             16  org.apache.lucene.codecs.lucene50.Lucene50DocValuesFormat
1731:             1             16  org.apache.lucene.codecs.memory.DirectDocValuesFormat
1732:             1             16  org.apache.lucene.codecs.memory.FSTOrdPostingsFormat
1733:             1             16  org.apache.lucene.codecs.memory.FSTPostingsFormat
1734:             1             16  org.apache.lucene.codecs.simpletext.SimpleTextCompoundFormat
1735:             1             16  org.apache.lucene.codecs.simpletext.SimpleTextFieldInfosFormat
1736:             1             16  org.apache.lucene.codecs.simpletext.SimpleTextLiveDocsFormat
1737:             1             16  org.apache.lucene.codecs.simpletext.SimpleTextNormsFormat
1738:             1             16  org.apache.lucene.codecs.simpletext.SimpleTextSegmentInfoFormat
1739:             1             16  org.apache.lucene.codecs.simpletext.SimpleTextStoredFieldsFormat
1740:             1             16  org.apache.lucene.codecs.simpletext.SimpleTextTermVectorsFormat
1741:             1             16  org.apache.lucene.index.BufferedUpdatesStream$1
1742:             1             16  org.apache.lucene.index.DocumentsWriterPerThread$1
1743:             1             16  org.apache.lucene.index.TermsEnum$2
1744:             1             16  org.apache.lucene.search.MultiTermQuery$1
1745:             1             16  org.apache.lucene.search.ScoringRewrite$1
1746:             1             16  org.apache.lucene.search.ScoringRewrite$2
1747:             1             16  org.apache.lucene.search.spell.LuceneLevenshteinDistance
1748:             1             16  org.apache.lucene.search.spell.SuggestWordScoreComparator
1749:             1             16  org.apache.lucene.store.MMapDirectory$1
1750:             1             16  org.apache.lucene.store.NativeFSLockFactory
1751:             1             16  org.apache.lucene.uninverting.FieldCache$1
1752:             1             16  org.apache.lucene.uninverting.FieldCache$2
1753:             1             16  org.apache.lucene.uninverting.FieldCache$3
1754:             1             16  org.apache.lucene.uninverting.FieldCache$4
1755:             1             16  org.apache.lucene.uninverting.FieldCacheImpl$1
1756:             1             16  org.apache.lucene.util.ArrayUtil$NaturalComparator
1757:             1             16  org.apache.lucene.util.AttributeFactory$DefaultAttributeFactory
1758:             1             16  org.apache.lucene.util.BytesRef$UTF8SortedAsUTF16Comparator
1759:             1             16  org.apache.lucene.util.BytesRef$UTF8SortedAsUnicodeComparator
1760:             1             16  org.apache.lucene.util.CharsRef$UTF16SortedAsUTF8Comparator
1761:             1             16  org.apache.lucene.util.InfoStream$NoOutput
1762:             1             16  org.apache.lucene.util.LongValues$1
1763:             1             16  org.apache.lucene.util.fst.ByteSequenceOutputs
1764:             1             16  org.apache.lucene.util.packed.PackedInts$NullReader
1765:             1             16  org.apache.solr.client.solrj.impl.BinaryResponseParser
1766:             1             16  org.apache.solr.client.solrj.impl.HttpClientConfigurer
1767:             1             16  org.apache.solr.core.ConfigSolrXml$1
1768:             1             16  org.apache.solr.core.ConfigSolrXml$2
1769:             1             16  org.apache.solr.core.ConfigSolrXml$3
1770:             1             16  org.apache.solr.core.CorePropertiesLocator
1771:             1             16  org.apache.solr.core.SolrCore$9
1772:             1             16  org.apache.solr.core.StandardIndexReaderFactory
1773:             1             16  org.apache.solr.handler.ReplicationHandler$2
1774:             1             16  org.apache.solr.handler.component.DebugComponent
1775:             1             16  org.apache.solr.handler.component.MoreLikeThisComponent
1776:             1             16  org.apache.solr.handler.component.QueryComponent
1777:             1             16  org.apache.solr.handler.component.RealTimeGetComponent
1778:             1             16  org.apache.solr.handler.component.StatsComponent
1779:             1             16  org.apache.solr.handler.component.TermsComponent
1780:             1             16  org.apache.solr.response.BinaryResponseWriter
1781:             1             16  org.apache.solr.response.CSVResponseWriter
1782:             1             16  org.apache.solr.response.PHPResponseWriter
1783:             1             16  org.apache.solr.response.PHPSerializedResponseWriter
1784:             1             16  org.apache.solr.response.PythonResponseWriter
1785:             1             16  org.apache.solr.response.RawResponseWriter
1786:             1             16  org.apache.solr.response.RubyResponseWriter
1787:             1             16  org.apache.solr.response.SchemaXmlResponseWriter
1788:             1             16  org.apache.solr.response.SortingResponseWriter
1789:             1             16  org.apache.solr.response.XMLResponseWriter
1790:             1             16  org.apache.solr.response.XSLTResponseWriter
1791:             1             16  org.apache.solr.response.transform.ChildDocTransformerFactory
1792:             1             16  org.apache.solr.response.transform.DocIdAugmenterFactory
1793:             1             16  org.apache.solr.response.transform.ElevatedMarkerFactory
1794:             1             16  org.apache.solr.response.transform.ExcludedMarkerFactory
1795:             1             16  org.apache.solr.response.transform.ShardAugmenterFactory
1796:             1             16  org.apache.solr.rest.ManagedResourceStorage$FileStorageIO
1797:             1             16  org.apache.solr.schema.RandomSortField$1
1798:             1             16  org.apache.solr.search.BoostQParserPlugin
1799:             1             16  org.apache.solr.search.CollapsingQParserPlugin
1800:             1             16  org.apache.solr.search.ComplexPhraseQParserPlugin
1801:             1             16  org.apache.solr.search.DateValueSourceParser
1802:             1             16  org.apache.solr.search.DisMaxQParserPlugin
1803:             1             16  org.apache.solr.search.ExportQParserPlugin
1804:             1             16  org.apache.solr.search.ExtendedDismaxQParserPlugin
1805:             1             16  org.apache.solr.search.FieldQParserPlugin
1806:             1             16  org.apache.solr.search.FunctionQParserPlugin
1807:             1             16  org.apache.solr.search.FunctionRangeQParserPlugin
1808:             1             16  org.apache.solr.search.JoinQParserPlugin
1809:             1             16  org.apache.solr.search.LuceneQParserPlugin
1810:             1             16  org.apache.solr.search.MaxScoreQParserPlugin
1811:             1             16  org.apache.solr.search.NestedQParserPlugin
1812:             1             16  org.apache.solr.search.NoOpRegenerator
1813:             1             16  org.apache.solr.search.OldLuceneQParserPlugin
1814:             1             16  org.apache.solr.search.PrefixQParserPlugin
1815:             1             16  org.apache.solr.search.RawQParserPlugin
1816:             1             16  org.apache.solr.search.ReRankQParserPlugin
1817:             1             16  org.apache.solr.search.SimpleQParserPlugin
1818:             1             16  org.apache.solr.search.SolrFieldCacheMBean
1819:             1             16  org.apache.solr.search.SolrIndexSearcher$1
1820:             1             16  org.apache.solr.search.SolrIndexSearcher$2
1821:             1             16  org.apache.solr.search.SolrIndexSearcher$3
1822:             1             16  org.apache.solr.search.SolrIndexSearcher$4
1823:             1             16  org.apache.solr.search.SolrQueryTimeoutImpl
1824:             1             16  org.apache.solr.search.SolrQueryTimeoutImpl$1
1825:             1             16  org.apache.solr.search.SpatialBoxQParserPlugin
1826:             1             16  org.apache.solr.search.SpatialFilterQParserPlugin
1827:             1             16  org.apache.solr.search.SurroundQParserPlugin
1828:             1             16  org.apache.solr.search.SwitchQParserPlugin
1829:             1             16  org.apache.solr.search.TermQParserPlugin
1830:             1             16  org.apache.solr.search.TermsQParserPlugin
1831:             1             16  org.apache.solr.search.ValueSourceParser$1
1832:             1             16  org.apache.solr.search.ValueSourceParser$10
1833:             1             16  org.apache.solr.search.ValueSourceParser$11
1834:             1             16  org.apache.solr.search.ValueSourceParser$12
1835:             1             16  org.apache.solr.search.ValueSourceParser$13
1836:             1             16  org.apache.solr.search.ValueSourceParser$14
1837:             1             16  org.apache.solr.search.ValueSourceParser$15
1838:             1             16  org.apache.solr.search.ValueSourceParser$16
1839:             1             16  org.apache.solr.search.ValueSourceParser$17
1840:             1             16  org.apache.solr.search.ValueSourceParser$18
1841:             1             16  org.apache.solr.search.ValueSourceParser$19
1842:             1             16  org.apache.solr.search.ValueSourceParser$2
1843:             1             16  org.apache.solr.search.ValueSourceParser$20
1844:             1             16  org.apache.solr.search.ValueSourceParser$21
1845:             1             16  org.apache.solr.search.ValueSourceParser$22
1846:             1             16  org.apache.solr.search.ValueSourceParser$23
1847:             1             16  org.apache.solr.search.ValueSourceParser$24
1848:             1             16  org.apache.solr.search.ValueSourceParser$25
1849:             1             16  org.apache.solr.search.ValueSourceParser$26
1850:             1             16  org.apache.solr.search.ValueSourceParser$27
1851:             1             16  org.apache.solr.search.ValueSourceParser$28
1852:             1             16  org.apache.solr.search.ValueSourceParser$29
1853:             1             16  org.apache.solr.search.ValueSourceParser$3
1854:             1             16  org.apache.solr.search.ValueSourceParser$30
1855:             1             16  org.apache.solr.search.ValueSourceParser$31
1856:             1             16  org.apache.solr.search.ValueSourceParser$32
1857:             1             16  org.apache.solr.search.ValueSourceParser$33
1858:             1             16  org.apache.solr.search.ValueSourceParser$34
1859:             1             16  org.apache.solr.search.ValueSourceParser$35
1860:             1             16  org.apache.solr.search.ValueSourceParser$36
1861:             1             16  org.apache.solr.search.ValueSourceParser$37
1862:             1             16  org.apache.solr.search.ValueSourceParser$38
1863:             1             16  org.apache.solr.search.ValueSourceParser$39
1864:             1             16  org.apache.solr.search.ValueSourceParser$4
1865:             1             16  org.apache.solr.search.ValueSourceParser$40
1866:             1             16  org.apache.solr.search.ValueSourceParser$41
1867:             1             16  org.apache.solr.search.ValueSourceParser$42
1868:             1             16  org.apache.solr.search.ValueSourceParser$43
1869:             1             16  org.apache.solr.search.ValueSourceParser$44
1870:             1             16  org.apache.solr.search.ValueSourceParser$45
1871:             1             16  org.apache.solr.search.ValueSourceParser$46
1872:             1             16  org.apache.solr.search.ValueSourceParser$47
1873:             1             16  org.apache.solr.search.ValueSourceParser$48
1874:             1             16  org.apache.solr.search.ValueSourceParser$49
1875:             1             16  org.apache.solr.search.ValueSourceParser$5
1876:             1             16  org.apache.solr.search.ValueSourceParser$50
1877:             1             16  org.apache.solr.search.ValueSourceParser$51
1878:             1             16  org.apache.solr.search.ValueSourceParser$52
1879:             1             16  org.apache.solr.search.ValueSourceParser$53
1880:             1             16  org.apache.solr.search.ValueSourceParser$54
1881:             1             16  org.apache.solr.search.ValueSourceParser$55
1882:             1             16  org.apache.solr.search.ValueSourceParser$56
1883:             1             16  org.apache.solr.search.ValueSourceParser$57
1884:             1             16  org.apache.solr.search.ValueSourceParser$58
1885:             1             16  org.apache.solr.search.ValueSourceParser$59
1886:             1             16  org.apache.solr.search.ValueSourceParser$6
1887:             1             16  org.apache.solr.search.ValueSourceParser$60
1888:             1             16  org.apache.solr.search.ValueSourceParser$61
1889:             1             16  org.apache.solr.search.ValueSourceParser$62
1890:             1             16  org.apache.solr.search.ValueSourceParser$63
1891:             1             16  org.apache.solr.search.ValueSourceParser$64
1892:             1             16  org.apache.solr.search.ValueSourceParser$65
1893:             1             16  org.apache.solr.search.ValueSourceParser$66
1894:             1             16  org.apache.solr.search.ValueSourceParser$67
1895:             1             16  org.apache.solr.search.ValueSourceParser$68
1896:             1             16  org.apache.solr.search.ValueSourceParser$69
1897:             1             16  org.apache.solr.search.ValueSourceParser$7
1898:             1             16  org.apache.solr.search.ValueSourceParser$70
1899:             1             16  org.apache.solr.search.ValueSourceParser$71
1900:             1             16  org.apache.solr.search.ValueSourceParser$72
1901:             1             16  org.apache.solr.search.ValueSourceParser$73
1902:             1             16  org.apache.solr.search.ValueSourceParser$74
1903:             1             16  org.apache.solr.search.ValueSourceParser$8
1904:             1             16  org.apache.solr.search.ValueSourceParser$9
1905:             1             16  org.apache.solr.search.function.distance.GeoDistValueSourceParser
1906:             1             16  org.apache.solr.search.grouping.endresulttransformer.MainEndResultTransformer
1907:             1             16  org.apache.solr.search.grouping.endresulttransformer.SimpleEndResultTransformer
1908:             1             16  org.apache.solr.search.join.BlockJoinChildQParserPlugin
1909:             1             16  org.apache.solr.search.join.BlockJoinParentQParserPlugin
1910:             1             16  org.apache.solr.search.mlt.MLTQParserPlugin
1911:             1             16  org.apache.solr.search.stats.LocalStatsCache
1912:             1             16  org.apache.solr.update.LoggingInfoStream
1913:             1             16  org.apache.solr.update.TransactionLog$1
1914:             1             16  org.apache.solr.update.processor.DistributedUpdateProcessorFactory
1915:             1             16  org.apache.solr.update.processor.RunUpdateProcessorFactory
1916:             1             16  org.apache.solr.util.EmptyEntityResolver$1
1917:             1             16  org.apache.solr.util.EmptyEntityResolver$2
1918:             1             16  org.apache.solr.util.stats.Clock$UserTimeClock
1919:             1             16  org.eclipse.jetty.deploy.bindings.StandardDeployer
1920:             1             16  org.eclipse.jetty.deploy.bindings.StandardStarter
1921:             1             16  org.eclipse.jetty.deploy.bindings.StandardStopper
1922:             1             16  org.eclipse.jetty.deploy.bindings.StandardUndeployer
1923:             1             16  org.eclipse.jetty.deploy.providers.ContextProvider$1
1924:             1             16  org.eclipse.jetty.deploy.providers.ScanningAppProvider$1
1925:             1             16  org.eclipse.jetty.http.HttpFields$1
1926:             1             16  org.eclipse.jetty.http.HttpFields$2
1927:             1             16  org.eclipse.jetty.http.MimeTypes
1928:             1             16  org.eclipse.jetty.security.DefaultAuthenticatorFactory
1929:             1             16  org.eclipse.jetty.security.SecurityHandler$1
1930:             1             16  org.eclipse.jetty.security.SecurityHandler$2
1931:             1             16  org.eclipse.jetty.security.SecurityHandler$3
1932:             1             16  org.eclipse.jetty.server.Authentication$1
1933:             1             16  org.eclipse.jetty.server.Authentication$2
1934:             1             16  org.eclipse.jetty.server.Authentication$3
1935:             1             16  org.eclipse.jetty.server.Authentication$4
1936:             1             16  org.eclipse.jetty.server.Authentication$5
1937:             1             16  org.eclipse.jetty.server.handler.ContextHandler$ApproveNonExistentDirectoryAliases
1938:             1             16  org.eclipse.jetty.server.session.AbstractSessionManager$1
1939:             1             16  org.eclipse.jetty.server.session.AbstractSessionManager$2
1940:             1             16  org.eclipse.jetty.servlet.listener.ELContextCleaner
1941:             1             16  org.eclipse.jetty.servlet.listener.IntrospectorCleaner
1942:             1             16  org.eclipse.jetty.start.FilenameComparator
1943:             1             16  org.eclipse.jetty.util.IO$ClosedIS
1944:             1             16  org.eclipse.jetty.util.IO$NullOS
1945:             1             16  org.eclipse.jetty.util.StringMap$NullEntry
1946:             1             16  org.eclipse.jetty.util.component.Container
1947:             1             16  org.eclipse.jetty.util.thread.QueuedThreadPool$3
1948:             1             16  org.eclipse.jetty.webapp.FragmentConfiguration
1949:             1             16  org.eclipse.jetty.webapp.JettyWebXmlConfiguration
1950:             1             16  org.eclipse.jetty.webapp.MetaInfConfiguration
1951:             1             16  org.eclipse.jetty.webapp.StandardDescriptorProcessor
1952:             1             16  org.eclipse.jetty.webapp.WebInfConfiguration
1953:             1             16  org.eclipse.jetty.webapp.WebXmlConfiguration
1954:             1             16  org.opensextant.solrtexttagger.TagClusterReducer$1
1955:             1             16  org.opensextant.solrtexttagger.TagClusterReducer$2
1956:             1             16  org.opensextant.solrtexttagger.TagClusterReducer$3
1957:             1             16  org.slf4j.helpers.NOPLoggerFactory
1958:             1             16  org.slf4j.helpers.SubstituteLoggerFactory
1959:             1             16  org.slf4j.impl.Log4jLoggerFactory
1960:             1             16  org.slf4j.impl.StaticLoggerBinder
1961:             1             16  sun.management.HotSpotDiagnostic
1962:             1             16  sun.misc.ASCIICaseInsensitiveComparator
1963:             1             16  sun.misc.FloatingDecimal$1
1964:             1             16  sun.misc.Launcher
1965:             1             16  sun.misc.Launcher$Factory
1966:             1             16  sun.misc.Perf
1967:             1             16  sun.misc.Unsafe
1968:             1             16  sun.net.DefaultProgressMeteringPolicy
1969:             1             16  sun.net.www.protocol.file.Handler
1970:             1             16  sun.net.www.protocol.jar.JarFileFactory
1971:             1             16  sun.nio.ch.Util$1
1972:             1             16  sun.nio.fs.LinuxFileSystemProvider
1973:             1             16  sun.reflect.GeneratedConstructorAccessor13
1974:             1             16  sun.reflect.GeneratedConstructorAccessor8
1975:             1             16  sun.reflect.GeneratedMethodAccessor1
1976:             1             16  sun.reflect.GeneratedMethodAccessor2
1977:             1             16  sun.reflect.GeneratedMethodAccessor3
1978:             1             16  sun.reflect.GeneratedMethodAccessor4
1979:             1             16  sun.reflect.GeneratedMethodAccessor5
1980:             1             16  sun.reflect.GeneratedMethodAccessor6
1981:             1             16  sun.reflect.ReflectionFactory
1982:             1             16  sun.reflect.generics.tree.BottomSignature
1983:             1             16  sun.security.rsa.RSAKeyFactory
1984:             1             16  sun.security.ssl.EphemeralKeyManager
1985:             1             16  sun.security.util.ByteArrayLexOrder
1986:             1             16  sun.security.util.ByteArrayTagOrder
1987:             1             16  sun.text.normalizer.NormalizerBase$Mode
1988:             1             16  sun.text.normalizer.NormalizerBase$NFCMode
1989:             1             16  sun.text.normalizer.NormalizerBase$NFDMode
1990:             1             16  sun.text.normalizer.NormalizerBase$NFKCMode
1991:             1             16  sun.text.normalizer.NormalizerBase$NFKDMode
1992:             1             16  sun.text.normalizer.NormalizerImpl
1993:             1             16  sun.text.normalizer.NormalizerImpl$AuxTrieImpl
1994:             1             16  sun.text.normalizer.NormalizerImpl$FCDTrieImpl
1995:             1             16  sun.text.normalizer.NormalizerImpl$NormTrieImpl
1996:             1             16  sun.text.normalizer.ReplaceableString
1997:             1             16  sun.util.calendar.Gregorian
1998:             1             16  sun.util.locale.provider.AuxLocaleProviderAdapter$NullProvider
1999:             1             16  sun.util.locale.provider.CalendarDataUtility$CalendarWeekParameterGetter
2000:             1             16  sun.util.locale.provider.SPILocaleProviderAdapter
2001:             1             16  sun.util.resources.LocaleData
2002:             1             16  sun.util.resources.LocaleData$LocaleDataResourceBundleControl
Total      53416598     5367672240

 num     #instances         #bytes  class name
----------------------------------------------
   1:      20955302     2103903168  [C
   2:        357617     1430381504  [B
   3:         30369      838448792  [J
   4:      20935930      502462320  java.lang.String
   5:         10831      254806184  [I
   6:        247127      104718280  [Ljava.lang.Object;
   7:        609242       43865424  org.apache.lucene.util.fst.FST$Arc
   8:        115660       11780728  [Lorg.apache.lucene.util.fst.FST$Arc;
   9:         45701        7563952  [Ljava.util.HashMap$Node;
  10:        236721        5681304  org.apache.lucene.util.BytesRef
  11:         99809        3193888  java.util.HashMap$Node
  12:        121061        2905464  java.util.ArrayList
  13:        104027        2496648  org.apache.lucene.util.fst.ReverseBytesReader
  14:         60318        2412720  java.util.LinkedHashMap$Entry
  15:         40580        1623200  org.apache.lucene.document.FieldType
  16:         39519        1580760  sun.nio.cs.UTF_8$Decoder
  17:         31283        1501584  java.util.HashMap
  18:         24180        1354080  org.apache.lucene.codecs.memory.MemoryPostingsFormat$FSTTermsEnum
  19:         24180        1354080  org.apache.lucene.util.fst.BytesRefFSTEnum
  20:         40578        1298496  org.apache.lucene.document.Field
  21:         40578        1298496  org.apache.lucene.document.LazyDocument$LazyField
  22:         39575        1266400  org.apache.lucene.store.ByteArrayDataInput
  23:         41964        1007136  org.apache.lucene.index.MultiDocsEnum$EnumWithSlice
  24:         15465         866040  java.util.LinkedHashMap
  25:         20353         814120  org.apache.lucene.util.packed.Packed64
  26:         24180         773760  org.apache.lucene.index.MultiTermsEnum$TermsEnumWithSlice
  27:         24180         580320  org.apache.lucene.index.ExitableDirectoryReader$ExitableTermsEnum
  28:         24180         580320  org.apache.lucene.index.MultiDocsAndPositionsEnum$EnumWithSlice
  29:         24180         580320  org.apache.lucene.util.fst.BytesRefFSTEnum$InputOutput
  30:         24023         576552  org.apache.lucene.index.MultiTermsEnum$TermsEnumIndex
  31:          5037         567440  java.lang.Class
  32:         29783         476528  java.lang.Integer
  33:          8079         452424  org.eclipse.jetty.io.ByteArrayBuffer
  34:         13526         432832  org.apache.lucene.document.LazyDocument
  35:          7431         416136  org.apache.lucene.util.packed.PackedReaderIterator
  36:         14968         359232  org.apache.solr.common.SolrDocument
  37:         10776         344832  java.lang.StackTraceElement
  38:          2790         334800  [Lorg.apache.lucene.index.MultiTermsEnum$TermsEnumWithSlice;
  39:         12997         311928  org.apache.lucene.codecs.compressing.CompressingStoredFieldsReader$SerializedDocument
  40:         12997         311928  org.apache.solr.search.SolrIndexSearcher$SetNonLazyFieldSelector
  41:          2035         298384  [S
  42:         14979         239664  java.util.LinkedHashMap$LinkedEntrySet
  43:          7410         237120  java.util.concurrent.ConcurrentHashMap$Node
  44:         14331         229296  java.util.HashSet
  45:         13522         216352  org.apache.lucene.document.Document
  46:          4220         202560  java.nio.HeapCharBuffer
  47:          1614         193680  [Lorg.apache.lucene.index.MultiDocsEnum$EnumWithSlice;
  48:          7432         178368  org.apache.lucene.util.LongsRef
  49:          3759         164496  [Ljava.lang.String;
  50:          2395         153280  org.apache.lucene.codecs.memory.MemoryPostingsFormat$FSTDocsEnum
  51:          2763         132624  java.nio.HeapByteBuffer
  52:            24         127808  [[B
  53:          5276         126624  java.util.LinkedList$Node
  54:          2500         120000  org.apache.solr.parser.Token
  55:           930         111600  [Lorg.apache.lucene.index.MultiDocsAndPositionsEnum$EnumWithSlice;
  56:           924         110776  [Lorg.apache.lucene.index.MultiTermsEnum$TermsEnumIndex;
  57:            66         101256  [Lorg.apache.lucene.util.packed.PackedInts$Reader;
  58:          3149         100768  org.apache.lucene.util.WeakIdentityMap$IdentityWeakReference
  59:            17          99656  [F
  60:           502          96032  [Ljava.lang.StackTraceElement;
  61:          2161          86440  org.tartarus.snowball.Among
  62:           684          82080  [Lorg.apache.lucene.index.DocsEnum;
  63:           107          63696  [Ljava.util.concurrent.ConcurrentHashMap$Node;
  64:          3725          59600  java.lang.Object
  65:           925          59200  org.apache.lucene.index.MultiTermsEnum
  66:          2419          58056  org.apache.lucene.index.BitsSlice
  67:          2405          57720  org.apache.lucene.util.packed.Direct8
  68:          1802          57664  java.util.Hashtable$Entry
  69:          1369          54760  java.util.TreeMap$Entry
  70:          3199          51184  org.apache.lucene.util.BytesRefBuilder
  71:          2005          48120  org.apache.lucene.util.packed.Packed64SingleBlock$Packed64SingleBlock4
  72:          1419          45408  org.apache.solr.schema.StrFieldSource$1
  73:           793          44408  org.eclipse.jetty.io.ByteArrayBuffer$CaseInsensitive
  74:           511          43696  [Ljava.util.WeakHashMap$Entry;
  75:           155          43488  [[C
  76:          1782          42768  java.util.concurrent.ConcurrentSkipListMap$Node
  77:           866          41568  org.opensextant.solrtexttagger.TagLL
  78:          1661          39864  java.lang.Long
  79:           829          39792  org.opensextant.solrtexttagger.TermPrefixCursor
  80:          1560          37440  org.eclipse.jetty.http.HttpFields$Field
  81:           250          36000  org.apache.solr.search.SolrQueryParser
  82:          1432          34368  java.lang.Double
  83:          1425          34200  org.apache.lucene.util.CharsRef
  84:          1419          34056  org.apache.lucene.uninverting.FieldCacheImpl$SortedDocValuesImpl$1
  85:          1419          34056  org.apache.lucene.util.mutable.MutableValueStr
  86:           824          32960  java.util.WeakHashMap$Entry
  87:           683          32784  org.apache.lucene.index.MultiDocsEnum
  88:          1351          32424  org.apache.lucene.uninverting.FieldCacheImpl$CacheKey
  89:           498          31872  java.nio.DirectByteBufferR
  90:           782          31280  com.sun.org.apache.xerces.internal.dom.TextImpl
  91:           778          31120  com.sun.org.apache.xerces.internal.dom.DeferredTextImpl
  92:           258          30960  [Lorg.apache.lucene.queries.function.FunctionValues;
  93:           963          30816  java.lang.ThreadLocal$ThreadLocalMap$Entry
  94:           937          29984  java.lang.ref.WeakReference
  95:           698          27920  java.lang.ref.SoftReference
  96:           862          27584  sun.security.util.DerInputBuffer
  97:           862          27584  sun.security.util.DerValue
  98:           677          27080  java.math.BigInteger
  99:           254          26416  org.opensextant.solrtexttagger.TaggerRequestHandler$1
 100:           241          25064  org.apache.lucene.util.fst.FST
 101:           508          24384  java.util.WeakHashMap
 102:           477          22896  org.apache.lucene.index.FieldInfo
 103:          1423          22768  org.apache.lucene.util.CharsRefBuilder
 104:           354          22656  java.net.URL
 105:           930          22320  org.apache.lucene.index.MultiTermsEnum$TermMergeQueue
 106:          1368          21888  java.lang.Float
 107:           291          20952  com.sun.org.apache.xerces.internal.dom.DeferredElementNSImpl
 108:           649          20768  java.util.Collections$UnmodifiableMap
 109:           862          20688  sun.security.util.DerInputStream
 110:           857          20568  [Lsun.security.x509.AVA;
 111:           857          20568  sun.security.x509.AVA
 112:           857          20568  sun.security.x509.RDN
 113:           500          20000  java.io.StringReader
 114:           500          20000  org.apache.solr.parser.FastCharStream
 115:           498          19920  java.util.HashMap$KeyIterator
 116:           609          19488  java.lang.ref.ReferenceQueue
 117:           303          19392  com.sun.org.apache.xerces.internal.dom.ElementNSImpl
 118:          1207          19312  org.apache.solr.common.util.SimpleOrderedMap
 119:          1188          19008  org.apache.solr.common.util.NamedList
 120:           768          18432  java.lang.StringBuilder
 121:           288          18432  org.apache.lucene.store.ByteBufferIndexInput$SingleBufferImpl
 122:           208          18304  org.apache.lucene.codecs.blocktree.FieldReader
 123:           226          18080  java.lang.reflect.Constructor
 124:           250          18000  org.apache.log4j.spi.LoggingEvent
 125:           741          17784  org.apache.lucene.util.IntsRef
 126:            74          17744  [Ljava.util.Hashtable$Entry;
 127:           352          16896  com.sun.org.apache.xerces.internal.dom.AttrNSImpl
 128:           514          16448  org.apache.lucene.search.TermQuery
 129:           256          16384  java.text.DateFormatSymbols
 130:           341          16368  com.sun.org.apache.xerces.internal.dom.DeferredAttrNSImpl
 131:           254          16256  java.util.concurrent.ConcurrentHashMap
 132:           500          16000  java.io.IOException
 133:           500          16000  java.util.ArrayList$ListItr
 134:           500          16000  org.apache.solr.parser.QueryParser$JJCalls
 135:           384          15360  java.lang.ref.Finalizer
 136:           630          15120  java.util.concurrent.ConcurrentSkipListMap$Index
 137:           236          15104  org.apache.lucene.codecs.compressing.CompressingStoredFieldsReader
 138:           236          15104  org.eclipse.jetty.io.BufferCache$CachedBuffer
 139:           377          15080  org.eclipse.jetty.util.StringMap$Node
 140:           471          15072  sun.security.util.ObjectIdentifier
 141:           256          14336  org.apache.solr.servlet.SolrRequestParsers$1
 142:           250          14000  org.apache.solr.parser.QueryParserTokenManager
 143:           250          14000  org.apache.solr.search.LuceneQParser
 144:           571          13704  com.sun.org.apache.xerces.internal.dom.AttributeMap
 145:           280          13440  sun.nio.cs.StreamDecoder
 146:           418          13376  java.util.LinkedList
 147:           556          13344  java.util.concurrent.ConcurrentLinkedQueue$Node
 148:           237          13272  java.lang.Package
 149:           236          13216  org.apache.lucene.codecs.compressing.CompressingStoredFieldsReader$BlockState
 150:           540          12960  java.util.concurrent.atomic.AtomicLong
 151:           310          12400  org.apache.solr.search.DocSlice
 152:           515          12360  org.apache.lucene.index.Term
 153:           513          12312  org.apache.lucene.search.BooleanClause
 154:           510          12240  java.lang.StringBuffer
 155:           255          12240  org.apache.solr.common.util.JavaBinCodec
 156:           255          12240  org.apache.solr.response.SolrQueryResponse
 157:           496          11904  java.io.ByteArrayOutputStream
 158:           130          11440  [Lorg.eclipse.jetty.util.StringMap$Node;
 159:           119          11424  java.util.jar.JarFile$JarFileEntry
 160:           232          11136  java.util.TreeMap
 161:           344          11008  java.util.concurrent.locks.ReentrantLock$NonfairSync
 162:           275          11000  org.apache.solr.search.SolrReturnFields
 163:           341          10912  sun.misc.FDBigInteger
 164:           264          10560  java.util.IdentityHashMap
 165:           261          10440  org.eclipse.jetty.xml.XmlParser$Node
 166:           258          10320  org.opensextant.solrtexttagger.ValueSourceAccessor
 167:            91          10216  [Lorg.tartarus.snowball.Among;
 168:           255          10200  org.apache.solr.request.SolrRequestInfo
 169:           211          10128  sun.security.x509.X500Name
 170:           287          10032  [D
 171:           104           9984  org.apache.lucene.index.SegmentCommitInfo
 172:           309           9888  org.apache.solr.servlet.SolrRequestParsers$HttpRequestContentStream
 173:            39           9840  [Ljava.lang.ThreadLocal$ThreadLocalMap$Entry;
 174:           611           9776  java.lang.ref.ReferenceQueue$Lock
 175:           241           9640  org.apache.lucene.util.fst.BytesStore
 176:           298           9536  sun.security.x509.AlgorithmId
 177:            25           9400  java.lang.Thread
 178:           292           9344  org.apache.lucene.util.Version
 179:           547           8752  java.util.HashMap$EntrySet
 180:           263           8416  org.apache.solr.common.util.FastOutputStream
 181:           209           8360  com.sun.org.apache.xerces.internal.dom.CommentImpl
 182:           209           8360  com.sun.org.apache.xerces.internal.dom.DeferredCommentImpl
 183:           256           8192  org.apache.solr.response.BinaryResponseWriter$Resolver
 184:           255           8160  org.apache.lucene.search.BooleanQuery
 185:           254           8128  org.apache.solr.util.stats.TimerContext
 186:           251           8032  org.apache.log4j.spi.LocationInfo
 187:           143           8008  sun.nio.cs.UTF_8$Encoder
 188:           250           8000  java.lang.Throwable
 189:           250           8000  org.apache.solr.parser.QueryParser$LookaheadSuccess
 190:           124           7936  java.util.jar.JarFile
 191:            99           7920  sun.security.x509.X509CertImpl
 192:           308           7392  org.apache.solr.common.params.DefaultSolrParams
 193:           211           7344  [Lsun.security.x509.RDN;
 194:           458           7328  java.util.concurrent.atomic.AtomicInteger
 195:           302           7248  java.util.concurrent.CopyOnWriteArrayList
 196:           288           6912  [Ljava.nio.ByteBuffer;
 197:           117           6880  [Z
 198:           425           6800  java.util.HashMap$KeySet
 199:           280           6720  java.io.InputStreamReader
 200:            75           6600  java.lang.reflect.Method
 201:           164           6560  org.apache.log4j.Logger
 202:           200           6400  com.sun.org.apache.xerces.internal.xni.QName
 203:           133           6384  java.util.zip.Inflater
 204:           133           6384  org.apache.lucene.index.LeafReaderContext
 205:           133           6384  sun.misc.URLClassPath$JarLoader
 206:           396           6336  java.util.LinkedHashSet
 207:           263           6312  org.noggit.CharArr
 208:           257           6168  org.apache.lucene.util.FixedBitSet
 209:           256           6144  org.apache.solr.update.VersionBucket
 210:           255           6120  [Lorg.opensextant.solrtexttagger.TagLL;
 211:           252           6048  org.apache.solr.search.DocSlice$1
 212:           250           6000  [Lorg.apache.solr.parser.QueryParser$JJCalls;
 213:           250           6000  org.apache.solr.common.util.NamedList$1
 214:           250           6000  org.apache.solr.response.ResultContext
 215:           250           6000  org.apache.solr.search.QueryParsing$StrParser
 216:           249           5976  org.eclipse.jetty.security.RoleInfo
 217:           248           5952  org.apache.solr.servlet.SolrRequestParsers$2
 218:            99           5544  sun.security.util.MemoryCache$SoftCacheEntry
 219:            99           5544  sun.security.x509.X509CertInfo
 220:           230           5520  org.apache.lucene.util.packed.Packed64SingleBlock$Packed64SingleBlock2
 221:           223           5352  java.security.Provider$ServiceKey
 222:            95           5320  java.security.Provider$Service
 223:           221           5304  org.apache.log4j.CategoryKey
 224:           331           5296  java.util.concurrent.locks.ReentrantLock
 225:           212           5088  java.util.Date
 226:           211           5064  org.apache.lucene.index.IndexFileDeleter$RefCount
 227:           310           4960  org.apache.solr.common.params.MultiMapSolrParams
 228:           202           4848  java.util.Collections$SynchronizedSet
 229:           210           4696  [Ljava.lang.Class;
 230:           140           4480  java.util.zip.ZipCoder
 231:           276           4416  java.lang.ThreadLocal
 232:           273           4368  java.lang.Byte
 233:           181           4344  java.lang.Class$AnnotationData
 234:            90           4320  org.apache.solr.util.stats.EWMA
 235:           263           4208  [Ljavax.servlet.http.Cookie;
 236:           259           4184  [Lorg.eclipse.jetty.xml.XmlParser$Attribute;
 237:           258           4128  org.apache.solr.schema.StrFieldSource
 238:             1           4112  [Lcom.sun.org.apache.xpath.internal.objects.XObject;
 239:           256           4096  java.lang.Short
 240:           250           4000  java.util.concurrent.CopyOnWriteArraySet
 241:           250           4000  org.apache.solr.response.transform.DocTransformers
 242:            26           3952  [Lorg.apache.lucene.util.packed.PackedInts$Decoder;
 243:            26           3952  [Lorg.apache.lucene.util.packed.PackedInts$Encoder;
 244:           162           3888  org.slf4j.impl.Log4jLoggerAdapter
 245:            97           3880  org.apache.solr.analysis.TokenizerChain
 246:            94           3760  sun.security.rsa.RSAPublicKeyImpl
 247:           111           3552  java.io.FileDescriptor
 248:            63           3528  java.lang.invoke.MemberName
 249:            62           3472  java.beans.MethodDescriptor
 250:            56           3360  [Ljava.lang.ref.SoftReference;
 251:           140           3360  java.util.ArrayDeque
 252:            45           3240  org.apache.solr.schema.TextField
 253:           133           3192  java.util.zip.ZStreamRef
 254:           132           3168  java.util.jar.Attributes$Name
 255:            78           3120  sun.misc.Cleaner
 256:            78           3120  sun.nio.ch.FileChannelImpl$Unmapper
 257:           127           3048  org.apache.lucene.util.CloseableThreadLocal
 258:            95           3040  java.util.Collections$SynchronizedMap
 259:            16           2944  org.eclipse.jetty.server.Request
 260:            52           2912  org.apache.lucene.index.SegmentInfo
 261:            10           2848  [Lcom.sun.org.apache.xerces.internal.xni.QName;
 262:            71           2840  org.apache.solr.schema.SchemaField
 263:           118           2832  java.beans.MethodRef
 264:            86           2752  sun.security.x509.BasicConstraintsExtension
 265:            83           2656  com.sun.org.apache.xerces.internal.util.SymbolTable$Entry
 266:            97           2648  [Lorg.apache.lucene.analysis.util.TokenFilterFactory;
 267:           108           2592  sun.reflect.NativeConstructorAccessorImpl
 268:           161           2576  java.util.HashMap$Values
 269:            64           2560  org.apache.solr.core.PluginInfo
 270:            53           2544  org.eclipse.jetty.util.resource.FileResource
 271:            79           2528  java.io.File
 272:            79           2528  sun.security.x509.SubjectKeyIdentifierExtension
 273:            78           2496  java.lang.invoke.LambdaForm$Name
 274:            60           2400  java.security.ProtectionDomain
 275:            50           2400  java.util.Hashtable
 276:            50           2400  org.apache.lucene.analysis.util.CharArrayMap
 277:            99           2376  sun.security.util.BitArray
 278:            99           2376  sun.security.util.Cache$EqualByteArray
 279:            99           2376  sun.security.x509.CertificateValidity
 280:            74           2368  sun.security.x509.KeyUsageExtension
 281:            98           2352  org.eclipse.jetty.webapp.MetaData$OriginInfo
 282:             2           2256  [Lorg.eclipse.jetty.http.HttpStatus$Code;
 283:            20           2240  java.net.SocksSocketImpl
 284:            46           2208  java.util.WeakHashMap$KeyIterator
 285:            11           2200  [[Ljava.lang.Object;
 286:            87           2088  sun.security.x509.CertificateExtensions
 287:             1           2048  [Lorg.eclipse.jetty.http.HttpGenerator$Status;
 288:           128           2048  java.lang.Character
 289:           128           2048  java.util.WeakHashMap$KeySet
 290:            85           2040  java.util.Collections$SetFromMap
 291:            28           2016  java.beans.PropertyDescriptor
 292:            84           2016  java.security.Provider$UString
 293:            28           2016  org.apache.lucene.index.SegmentReader
 294:            83           1992  java.util.Collections$SingletonList
 295:            64           1952  [Ljava.security.cert.Certificate;
 296:            60           1920  java.security.CodeSource
 297:            40           1920  org.apache.lucene.util.packed.BulkOperationPacked
 298:            78           1872  org.apache.lucene.util.WeakIdentityMap
 299:            39           1872  sun.util.locale.LocaleObjectCache$CacheEntry
 300:            46           1840  sun.security.ec.NamedCurve
 301:            57           1824  org.apache.log4j.ProvisionNode
 302:            32           1792  org.eclipse.jetty.io.View$CaseInsensitive
 303:           112           1792  sun.security.x509.KeyIdentifier
 304:           110           1760  sun.reflect.DelegatingConstructorAccessorImpl
 305:           110           1760  sun.security.x509.SerialNumber
 306:            31           1736  org.eclipse.jetty.io.View
 307:            54           1728  java.util.Vector
 308:            24           1728  java.util.regex.Pattern
 309:            17           1712  [[I
 310:            53           1696  org.apache.lucene.index.FieldInfos
 311:            21           1680  java.net.URI
 312:           105           1680  java.util.jar.Attributes
 313:            30           1680  org.apache.solr.util.stats.ExponentiallyDecayingSample
 314:            30           1680  org.apache.solr.util.stats.Meter
 315:            16           1664  org.eclipse.jetty.server.BlockingHttpConnection
 316:            41           1640  java.io.ObjectStreamField
 317:            41           1640  java.lang.invoke.MethodType
 318:            40           1600  org.apache.lucene.analysis.core.StopFilterFactory
 319:            99           1584  sun.security.x509.CertificateAlgorithmId
 320:            99           1584  sun.security.x509.CertificateSerialNumber
 321:            99           1584  sun.security.x509.CertificateVersion
 322:            99           1584  sun.security.x509.CertificateX509Key
 323:            28           1568  java.lang.invoke.MethodTypeForm
 324:            14           1544  [[Ljava.lang.String;
 325:            16           1536  org.eclipse.jetty.http.HttpParser
 326:            47           1504  org.eclipse.jetty.http.HttpStatus$Code
 327:             3           1480  [Ljava.lang.Integer;
 328:            46           1472  java.security.spec.EllipticCurve
 329:            26           1456  org.apache.lucene.index.SegmentCoreReaders
 330:            45           1440  java.io.FilePermission
 331:            45           1440  java.security.Permissions
 332:            30           1440  java.util.concurrent.ConcurrentSkipListMap
 333:            30           1440  java.util.concurrent.locks.ReentrantReadWriteLock$NonfairSync
 334:             2           1424  [Lcom.sun.org.apache.xerces.internal.util.SymbolTable$Entry;
 335:            16           1408  org.eclipse.jetty.http.HttpGenerator
 336:            15           1376  [Ljava.lang.Byte;
 337:             1           1376  [Lsun.misc.FDBigInteger;
 338:            43           1376  java.lang.invoke.MethodType$ConcurrentWeakInternSet$WeakEntry
 339:            34           1360  sun.security.x509.AuthorityKeyIdentifierExtension
 340:             9           1296  [Ljava.lang.invoke.MethodHandle;
 341:             9           1296  java.text.DecimalFormat
 342:            40           1280  java.util.concurrent.ConcurrentSkipListMap$HeadIndex
 343:            40           1280  java.util.regex.Pattern$Curly
 344:            16           1280  sun.net.www.protocol.jar.URLJarFile
 345:            39           1248  org.apache.lucene.analysis.standard.StandardTokenizerFactory
 346:            26           1248  org.apache.lucene.codecs.blocktree.BlockTreeTermsReader
 347:            26           1248  org.apache.lucene.codecs.memory.MemoryPostingsFormat$TermsReader
 348:            26           1248  org.apache.lucene.index.ReadersAndUpdates
 349:            26           1248  org.apache.lucene.uninverting.UninvertingReader
 350:            31           1240  java.security.AccessControlContext
 351:            51           1224  java.security.spec.ECPoint
 352:            30           1200  org.apache.solr.util.stats.Histogram
 353:            38           1184  [Ljava.math.BigInteger;
 354:            49           1176  com.sun.org.apache.xerces.internal.util.XMLStringBuffer
 355:            16           1152  org.apache.lucene.analysis.standard.StandardTokenizerImpl
 356:            16           1152  org.eclipse.jetty.http.HttpURI
 357:            46           1104  org.eclipse.jetty.http.HttpGenerator$Status
 358:            45           1080  java.io.FilePermissionCollection
 359:            44           1056  com.sun.org.apache.xerces.internal.xni.XMLString
 360:            66           1056  org.eclipse.jetty.util.log.JettyAwareLogger
 361:            66           1056  org.eclipse.jetty.util.log.Slf4jLog
 362:             1           1040  [Lcom.sun.org.apache.xerces.internal.impl.dtd.models.ContentModelValidator;
 363:             1           1040  [Lcom.sun.org.apache.xerces.internal.impl.dv.DatatypeValidator;
 364:             1           1040  [Ljava.lang.Long;
 365:             1           1040  [Ljava.lang.Short;
 366:             1           1040  [Lorg.apache.solr.update.VersionBucket;
 367:             1           1040  [Lsun.text.normalizer.UnicodeSet;
 368:            26           1040  org.apache.lucene.codecs.compressing.CompressingStoredFieldsIndexReader
 369:            26           1040  org.apache.lucene.index.ExitableDirectoryReader$ExitableFilterAtomicReader
 370:            32           1024  java.util.Random
 371:            16           1024  org.apache.lucene.analysis.standard.StandardTokenizer
 372:            16           1024  org.eclipse.jetty.server.AsyncContinuation
 373:             8           1024  org.eclipse.jetty.servlet.ServletHolder
 374:            21           1008  java.lang.invoke.LambdaForm
 375:            25           1000  org.apache.solr.schema.FieldType$DefaultAnalyzer
 376:            60            960  [Ljava.security.Principal;
 377:            20            960  com.sun.org.apache.xerces.internal.util.XMLAttributesImpl$Attribute
 378:            60            960  java.security.ProtectionDomain$Key
 379:            30            960  java.security.Provider$EngineDescription
 380:            30            960  org.apache.solr.util.stats.Timer
 381:            17            952  java.util.ResourceBundle$CacheKey
 382:            39            936  java.lang.ThreadLocal$ThreadLocalMap
 383:            39            936  java.util.Currency
 384:            39            936  org.apache.lucene.analysis.core.LowerCaseFilterFactory
 385:            57            912  java.util.Collections$UnmodifiableCollection
 386:            38            912  java.util.regex.Pattern$5
 387:            26            896  [Ljava.lang.invoke.LambdaForm$Name;
 388:            28            896  org.apache.lucene.index.CodecReader$1
 389:            28            896  org.apache.lucene.index.CodecReader$2
 390:            28            896  org.apache.lucene.index.CodecReader$3
 391:            16            896  org.eclipse.jetty.server.Response
 392:            16            896  org.eclipse.jetty.server.bio.SocketConnector$ConnectorEndPoint
 393:            37            888  java.lang.invoke.LambdaForm$NamedFunction
 394:            37            888  java.net.InetAddress$InetAddressHolder
 395:             7            880  [Ljava.beans.MethodDescriptor;
 396:            55            880  java.util.TreeMap$Values
 397:            53            864  [Lorg.apache.lucene.analysis.util.CharFilterFactory;
 398:            18            864  java.util.Properties
 399:            21            840  com.sun.org.apache.xerces.internal.impl.dtd.XMLSimpleType
 400:            35            840  java.net.Inet4Address
 401:            15            840  org.apache.lucene.analysis.miscellaneous.ASCIIFoldingFilter
 402:            26            832  org.apache.lucene.codecs.lucene50.ForUtil
 403:            26            832  org.apache.lucene.codecs.lucene50.Lucene50PostingsReader
 404:            26            832  org.apache.lucene.index.SegmentCoreReaders$1
 405:            26            832  org.apache.lucene.index.SegmentCoreReaders$2
 406:            17            816  java.util.ResourceBundle$BundleReference
 407:            34            816  java.util.regex.Pattern$GroupHead
 408:            34            816  java.util.regex.Pattern$GroupTail
 409:            17            816  org.apache.lucene.analysis.tokenattributes.PackedTokenAttributeImpl
 410:            51            816  org.apache.lucene.analysis.util.CharArraySet
 411:            32            768  java.net.InetSocketAddress$InetSocketAddressHolder
 412:            16            768  java.net.SocketInputStream
 413:            16            768  java.net.SocketOutputStream
 414:            32            768  org.apache.lucene.util.AttributeSource$State
 415:            32            768  org.apache.solr.schema.IndexSchema$DynamicField
 416:            32            768  org.eclipse.jetty.http.HttpFields
 417:            16            768  org.eclipse.jetty.util.StringMap
 418:            24            768  sun.security.x509.OIDMap$OIDInfo
 419:            19            760  sun.util.locale.BaseLocale$Key
 420:            31            744  java.util.concurrent.locks.ReentrantReadWriteLock
 421:            31            744  org.apache.solr.core.ConfigSolr$CfgProp
 422:            15            720  java.lang.management.PlatformComponent
 423:            15            720  org.eclipse.jetty.server.AbstractHttpConnection$Output
 424:             2            704  com.sun.org.apache.xerces.internal.impl.XMLNSDocumentScannerImpl
 425:            22            704  com.sun.org.apache.xerces.internal.util.AugmentationsImpl$SmallContainer
 426:            12            672  com.sun.org.apache.xerces.internal.dom.DeferredElementImpl
 427:             6            672  java.util.GregorianCalendar
 428:            28            672  java.util.regex.Pattern$Ctype
 429:            14            672  org.apache.lucene.util.packed.MonotonicLongValues
 430:            21            672  sun.security.x509.URIName
 431:            27            648  java.util.Collections$UnmodifiableRandomAccessList
 432:            27            648  org.apache.solr.schema.IndexSchema$DynamicReplacement$DynamicPattern$NameEndsWith
 433:             8            640  com.google.common.cache.LocalCache$Segment
 434:            20            640  java.util.RegularEnumSet
 435:            18            632  [Ljava.security.ProtectionDomain;
 436:             3            624  [Ljava.lang.invoke.LambdaForm;
 437:            26            624  java.security.spec.ECFieldF2m
 438:            39            624  java.util.regex.Pattern$CharPropertyNames$1
 439:            26            624  org.apache.lucene.codecs.memory.MemoryPostingsFormat$1
 440:            26            624  org.apache.lucene.codecs.perfield.PerFieldPostingsFormat$FieldsReader
 441:            26            624  org.apache.lucene.index.ExitableDirectoryReader$ExitableFields
 442:            26            624  org.apache.lucene.index.ExitableDirectoryReader$ExitableTerms
 443:            26            624  org.apache.lucene.index.ReaderSlice
 444:            19            608  java.util.Locale
 445:            19            608  sun.util.locale.BaseLocale
 446:            15            600  org.apache.lucene.analysis.en.EnglishPossessiveFilter
 447:            37            592  sun.security.x509.GeneralName
 448:            18            576  java.net.Socket
 449:             9            576  java.text.DecimalFormatSymbols
 450:            24            576  java.util.regex.Pattern$Start
 451:            18            576  org.eclipse.jetty.http.PathMap$Entry
 452:             8            576  sun.reflect.DelegatingClassLoader
 453:            18            576  sun.security.x509.DistributionPoint
 454:             6            576  sun.util.calendar.Gregorian$Date
 455:            14            560  org.apache.lucene.util.PagedBytes$Reader
 456:            10            560  sun.invoke.util.Wrapper
 457:            10            560  sun.util.calendar.ZoneInfo
 458:            17            544  com.sun.org.apache.xerces.internal.impl.dtd.XMLElementDecl
 459:            17            544  java.util.ResourceBundle$LoaderReference
 460:            17            544  java.util.regex.Pattern$Branch
 461:            17            544  sun.security.x509.CRLDistributionPointsExtension
 462:             1            528  [Ljava.lang.Character;
 463:             1            528  [Ljava.util.TimerTask;
 464:            22            528  java.util.regex.Pattern$1
 465:            22            528  java.util.regex.Pattern$Slice
 466:            33            528  sun.security.x509.GeneralNames
 467:            13            520  org.apache.lucene.analysis.snowball.SnowballPorterFilterFactory
 468:            32            512  java.net.InetSocketAddress
 469:            32            512  org.apache.solr.common.params.MapSolrParams
 470:            16            512  org.eclipse.jetty.util.Utf8StringBuilder
 471:            21            504  org.eclipse.jetty.webapp.ClasspathPattern$Entry
 472:            21            504  sun.security.x509.AVAKeyword
 473:            31            496  java.util.concurrent.locks.ReentrantReadWriteLock$ReadLock
 474:            31            496  java.util.concurrent.locks.ReentrantReadWriteLock$Sync$ThreadLocalHoldCounter
 475:            31            496  java.util.concurrent.locks.ReentrantReadWriteLock$WriteLock
 476:             4            480  com.ctc.wstx.api.ReaderConfig
 477:            15            480  java.lang.invoke.DirectMethodHandle
 478:            30            480  java.util.concurrent.atomic.AtomicReference
 479:            20            480  java.util.regex.Pattern$Single
 480:            15            480  org.eclipse.jetty.server.CookieCutter
 481:            10            480  sun.util.locale.provider.LocaleResources$ResourceReference
 482:            17            464  [Ljava.util.regex.Pattern$Node;
 483:            16            456  [Ljava.io.ObjectStreamField;
 484:             4            456  [Ljava.lang.ClassValue$Entry;
 485:            19            456  java.util.Locale$LocaleKey
 486:            14            448  com.sun.org.apache.xml.internal.dtm.ref.ExtendedType
 487:            14            448  org.apache.lucene.uninverting.FieldCacheImpl$SortedDocValuesImpl
 488:            14            448  org.apache.lucene.util.packed.BulkOperationPackedSingleBlock
 489:            11            440  com.sun.org.apache.xerces.internal.dom.DeferredAttrImpl
 490:             1            432  [[[C
 491:            18            432  com.google.common.collect.RegularImmutableMap$TerminalEntry
 492:            18            432  java.text.DateFormat$Field
 493:             6            432  java.util.concurrent.ThreadPoolExecutor
 494:            18            432  java.util.concurrent.locks.AbstractQueuedSynchronizer$ConditionObject
 495:            18            432  org.apache.solr.core.SolrConfig$SolrPluginInfo
 496:             2            416  [Lorg.apache.lucene.util.packed.BulkOperation;
 497:            26            416  org.apache.lucene.index.SegmentDocValues
 498:            17            408  [Lorg.apache.lucene.util.AttributeSource$State;
 499:            17            408  org.apache.lucene.analysis.Analyzer$TokenStreamComponents
 500:             2            400  com.sun.org.apache.xerces.internal.dom.DeferredDocumentImpl
 501:             2            400  com.sun.org.apache.xerces.internal.impl.XMLDTDScannerImpl
 502:            25            400  java.util.Collections$UnmodifiableSet
 503:             1            392  org.apache.solr.core.CloserThread
 504:             1            392  org.eclipse.jetty.server.ShutdownMonitor
 505:             2            384  com.sun.org.apache.xerces.internal.parsers.XIncludeAwareParserConfiguration
 506:             1            384  java.lang.ref.Finalizer$FinalizerThread
 507:             6            384  java.nio.DirectByteBuffer
 508:            12            384  java.security.cert.PolicyQualifierInfo
 509:            12            384  java.util.Stack
 510:             1            384  java.util.TimerThread
 511:             1            384  java.util.logging.LogManager$Cleaner
 512:             8            384  java.util.logging.LogManager$LoggerWeakRef
 513:             1            384  org.eclipse.jetty.util.thread.ShutdownThread
 514:             1            376  java.lang.ref.Reference$ReferenceHandler
 515:             7            360  [Ljava.beans.PropertyDescriptor;
 516:             9            360  java.text.DigitList
 517:            15            360  org.eclipse.jetty.server.HttpInput
 518:            15            360  sun.misc.MetaIndex
 519:             2            352  com.sun.org.apache.xerces.internal.impl.dtd.XMLNSDTDValidator
 520:            22            352  com.sun.org.apache.xerces.internal.util.AugmentationsImpl
 521:             7            336  java.beans.BeanDescriptor
 522:             6            336  java.nio.DirectLongBufferU
 523:            14            336  java.util.concurrent.ConcurrentLinkedQueue
 524:            14            336  java.util.regex.Pattern$BitClass
 525:             6            336  org.apache.lucene.util.BytesRefHash
 526:            14            336  org.apache.solr.schema.CopyField
 527:             7            336  sun.misc.URLClassPath
 528:            21            336  sun.security.x509.DNSName
 529:            16            328  [Ljava.lang.management.PlatformComponent;
 530:            10            320  java.lang.OutOfMemoryError
 531:            20            320  java.security.spec.ECFieldFp
 532:            20            320  java.util.LinkedHashMap$LinkedValues
 533:            10            320  java.util.logging.LogManager$LogNode
 534:             4            320  org.apache.solr.schema.TrieDateField
 535:            10            320  sun.security.x509.CertificatePoliciesExtension
 536:            13            312  org.apache.log4j.Level
 537:            19            304  org.eclipse.jetty.util.AttributesMap
 538:             6            296  [Lcom.google.common.collect.RegularImmutableMap$LinkedEntry;
 539:             4            296  [Lsun.invoke.util.Wrapper;
 540:             1            296  org.eclipse.jetty.webapp.WebAppContext
 541:             7            288  [[S
 542:            12            288  java.lang.invoke.SimpleMethodHandle
 543:             9            288  java.util.logging.Level
 544:            18            288  java.util.regex.Pattern$CharPropertyNames$4
 545:             9            288  jdk.internal.org.objectweb.asm.Type
 546:             4            288  org.apache.solr.handler.UpdateRequestHandler
 547:             4            288  org.apache.solr.handler.component.SearchHandler
 548:             9            288  sun.security.jca.ProviderConfig
 549:             9            288  sun.security.x509.NetscapeCertTypeExtension
 550:             7            280  com.sun.org.apache.xalan.internal.utils.XMLSecurityManager$Limit
 551:             7            280  com.sun.org.apache.xerces.internal.utils.XMLSecurityManager$Limit
 552:             7            280  java.beans.GenericBeanInfo
 553:             5            280  org.apache.lucene.analysis.synonym.SynonymFilterFactory
 554:             1            272  [Lcom.ctc.wstx.util.SymbolTable$Bucket;
 555:             2            272  com.sun.org.apache.xerces.internal.dom.DocumentImpl
 556:             1            272  com.sun.org.apache.xerces.internal.impl.dtd.DTDGrammar
 557:            17            272  java.util.regex.Pattern$BranchConn
 558:             3            264  java.util.jar.JarVerifier
 559:            11            264  org.apache.lucene.uninverting.UninvertingReader$Type
 560:            11            264  org.apache.lucene.util.packed.Direct16
 561:            11            264  sun.security.x509.Extension
 562:             3            256  [Lorg.apache.lucene.index.ReaderSlice;
 563:             2            256  com.google.common.cache.LocalCache
 564:             2            256  com.sun.org.apache.xerces.internal.impl.XMLEntityManager
 565:             4            256  java.text.SimpleDateFormat
 566:             8            256  org.apache.lucene.index.DocumentsWriterPerThreadPool$ThreadState
 567:            16            256  org.eclipse.jetty.server.AbstractHttpConnection$RequestHandler
 568:            16            256  sun.reflect.DelegatingMethodAccessorImpl
 569:             8            256  sun.security.x509.ExtendedKeyUsageExtension
 570:             8            248  [Ljava.lang.Boolean;
 571:             2            240  [Lorg.apache.lucene.index.IndexReaderContext;
 572:             2            240  [Lorg.apache.lucene.index.LeafReader;
 573:             2            240  com.sun.org.apache.xerces.internal.jaxp.SAXParserImpl$JAXPSAXParser
 574:            10            240  com.sun.xml.internal.stream.Entity$InternalEntity
 575:            10            240  java.nio.file.StandardOpenOption
 576:            10            240  java.security.CryptoPrimitive
 577:            10            240  java.util.Arrays$ArrayList
 578:             5            240  org.apache.lucene.analysis.miscellaneous.KeywordMarkerFilterFactory
 579:             6            240  org.apache.lucene.util.ByteBlockPool
 580:             3            240  org.apache.solr.schema.TrieDoubleField
 581:             3            240  org.apache.solr.schema.TrieLongField
 582:             3            240  org.apache.solr.search.LRUCache
 583:             3            240  org.eclipse.jetty.http.PathMap
 584:            15            240  org.opensextant.solrtexttagger.TaggingAttributeImpl
 585:            10            240  sun.reflect.NativeMethodAccessorImpl
 586:            10            240  sun.security.x509.PolicyInformation
 587:             7            224  java.io.FileInputStream
 588:             7            224  java.lang.ClassValue$Entry
 589:             7            224  org.apache.solr.core.RequestHandlers$LazyRequestHandlerWrapper
 590:            14            224  sun.security.x509.CertificatePolicyId
 591:             9            216  java.util.logging.Level$KnownLevel
 592:             3            216  java.util.logging.Logger
 593:             9            216  org.apache.lucene.util.packed.Packed8ThreeBlocks
 594:             9            216  org.eclipse.jetty.servlet.ServletMapping
 595:             9            216  sun.util.logging.PlatformLogger$Level
 596:             1            208  org.apache.solr.update.SolrIndexWriter
 597:             2            208  sun.net.www.protocol.file.FileURLConnection
 598:             3            200  [Ljava.lang.Thread;
 599:             2            200  [Ljava.text.DateFormat$Field;
 600:             5            200  com.sun.org.apache.xerces.internal.impl.dtd.XMLEntityDecl
 601:             5            200  java.lang.ClassLoader$NativeLibrary
 602:             1            200  org.apache.solr.core.SolrCore
 603:             5            200  org.apache.solr.search.CacheConfig
 604:            12            192  com.sun.org.apache.xerces.internal.dom.DeferredDocumentImpl$RefCount
 605:             2            192  com.sun.org.apache.xerces.internal.impl.dtd.XMLDTDProcessor
 606:             6            192  com.sun.org.apache.xerces.internal.util.XMLResourceIdentifierImpl
 607:             3            192  java.lang.ClassValue$ClassValueMap
 608:             6            192  java.lang.invoke.LambdaForm$BasicType
 609:             8            192  java.lang.invoke.MethodHandleImpl$Intrinsic
 610:             8            192  java.math.RoundingMode
 611:             2            192  org.apache.http.impl.client.SystemDefaultHttpClient
 612:             3            192  org.apache.solr.schema.StrField
 613:             3            192  org.apache.solr.search.LRUCache$1
 614:             8            192  org.eclipse.jetty.deploy.graph.Edge
 615:             8            192  org.eclipse.jetty.servlet.ServletHolder$Config
 616:             3            192  sun.security.provider.NativePRNG$RandomIO
 617:             2            192  sun.security.provider.Sun
 618:             6            192  sun.security.util.MemoryCache
 619:             1            184  org.eclipse.jetty.server.bio.SocketConnector
 620:             1            184  org.eclipse.jetty.server.session.HashSessionManager
 621:             2            176  java.net.FactoryURLClassLoader
 622:            11            176  java.text.NumberFormat$Field
 623:             8            168  [Ljava.security.CodeSigner;
 624:             1            168  [[Ljava.math.BigInteger;
 625:             7            168  com.sun.management.VMOption$Origin
 626:             7            168  com.sun.org.apache.xerces.internal.util.FeatureState
 627:             7            168  org.apache.commons.logging.impl.SLF4JLocationAwareLog
 628:             3            168  org.apache.lucene.index.SegmentInfos
 629:             7            168  org.apache.solr.util.DefaultSolrThreadFactory
 630:             7            168  org.eclipse.jetty.webapp.Origin
 631:             7            168  org.eclipse.jetty.xml.XmlParser$Attribute
 632:             7            168  sun.reflect.generics.tree.SimpleClassTypeSignature
 633:             7            168  sun.security.x509.NetscapeCertTypeExtension$MapEntry
 634:             5            160  [Ljava.lang.invoke.LambdaForm$BasicType;
 635:             2            160  [Ljava.util.concurrent.RunnableScheduledFuture;
 636:             5            160  com.google.common.collect.RegularImmutableList
 637:             4            160  com.sun.org.apache.xerces.internal.dom.DeferredCDATASectionImpl
 638:             5            160  com.sun.org.apache.xpath.internal.objects.XNumber
 639:             5            160  java.security.AlgorithmParameters
 640:            10            160  java.util.Formatter$Flags
 641:             2            160  java.util.concurrent.ScheduledThreadPoolExecutor
 642:             4            160  org.apache.lucene.analysis.util.ElisionFilterFactory
 643:             2            160  org.apache.solr.schema.TrieFloatField
 644:             2            160  org.apache.solr.schema.TrieIntField
 645:             5            160  org.apache.solr.search.SolrCacheBase$AutoWarmCountRef
 646:             4            160  org.apache.solr.util.ConcurrentLRUCache$Stats
 647:             4            160  org.apache.solr.util.DistanceUnits
 648:             4            160  sun.security.ec.ECPublicKeyImpl
 649:             5            160  sun.util.locale.provider.LocaleProviderAdapter$Type
 650:             1            152  org.apache.solr.core.SolrConfig
 651:             1            152  org.apache.solr.search.SolrIndexSearcher
 652:             4            144  [Lcom.sun.org.apache.xerces.internal.util.XMLAttributesImpl$Attribute;
 653:             3            144  [Ljava.util.Map;
 654:             1            144  [Ljava.util.Queue;
 655:             1            144  [Ljava.util.concurrent.ConcurrentMap;
 656:             1            144  [Lorg.apache.solr.core.ConfigSolr$CfgProp;
 657:             3            144  com.spatial4j.core.shape.impl.RectangleImpl
 658:             6            144  com.sun.org.apache.xerces.internal.util.Status
 659:             6            144  com.sun.org.apache.xml.internal.utils.NSInfo
 660:             2            144  java.lang.reflect.Field
 661:             6            144  java.util.Collections$SynchronizedRandomAccessList
 662:             3            144  java.util.concurrent.LinkedBlockingQueue
 663:             6            144  java.util.regex.Pattern$CharPropertyNames$2
 664:             2            144  org.apache.http.impl.conn.HttpConnPool
 665:             3            144  org.apache.lucene.analysis.miscellaneous.WordDelimiterFilterFactory
 666:             3            144  org.apache.lucene.analysis.synonym.SynonymFilter$PendingOutputs
 667:             6            144  org.apache.lucene.analysis.synonym.SynonymMap
 668:             6            144  org.apache.lucene.index.DocValuesType
 669:             6            144  org.apache.lucene.util.BytesRefHash$DirectBytesStartArray
 670:             6            144  org.apache.lucene.util.Counter$SerialCounter
 671:             2            144  org.apache.solr.handler.admin.SystemInfoHandler
 672:             1            144  org.apache.solr.update.UpdateLog
 673:             1            144  org.eclipse.jetty.servlet.ServletHandler
 674:             6            144  org.eclipse.jetty.util.component.AggregateLifeCycle$Bean
 675:             6            144  sun.misc.PerfCounter
 676:             3            144  sun.nio.cs.StreamEncoder
 677:             6            144  sun.security.ssl.ProtocolVersion
 678:             6            144  sun.security.util.DisabledAlgorithmConstraints$KeySizeConstraint$Operator
 679:             3            136  [Lcom.sun.org.apache.xerces.internal.utils.XMLSecurityManager$State;
 680:             2            136  [Lorg.apache.lucene.index.Fields;
 681:             2            136  [Lorg.apache.lucene.index.Terms;
 682:             1            136  [Lorg.apache.solr.schema.IndexSchema$DynamicField;
 683:             1            136  org.apache.lucene.index.DocumentsWriterFlushControl
 684:             4            128  [Lcom.sun.org.apache.xerces.internal.impl.XMLEntityManager$CharacterBuffer;
 685:             4            128  com.ctc.wstx.stax.WstxInputFactory
 686:             4            128  com.sun.org.apache.xerces.internal.jaxp.SAXParserFactoryImpl
 687:             2            128  java.io.ExpiringCache$1
 688:             4            128  java.io.FileOutputStream
 689:             2            128  java.security.SecureRandom
 690:             8            128  java.util.concurrent.atomic.AtomicReferenceArray
 691:             8            128  java.util.regex.Pattern$CharPropertyNames$3
 692:             4            128  org.apache.http.conn.scheme.Scheme
 693:             4            128  org.apache.log4j.helpers.PatternParser$LiteralPatternConverter
 694:             4            128  org.apache.lucene.store.IOContext
 695:             2            128  org.apache.solr.handler.admin.LoggingHandler
 696:             2            128  org.apache.solr.handler.admin.PropertiesRequestHandler
 697:             2            128  org.apache.solr.handler.admin.ThreadDumpHandler
 698:             1            128  org.eclipse.jetty.util.BlockingArrayQueue
 699:             2            128  sun.nio.ch.FileChannelImpl
 700:             4            128  sun.nio.fs.UnixPath
 701:             3            120  [Ljava.lang.invoke.BoundMethodHandle$SpeciesData;
 702:             4            120  [Ljava.lang.invoke.LambdaForm$NamedFunction;
 703:             1            120  [Lorg.apache.lucene.index.SegmentReader;
 704:             1            120  [Lorg.apache.lucene.util.Bits;
 705:             3            120  com.google.common.collect.RegularImmutableMap
 706:             5            120  com.sun.org.apache.xalan.internal.utils.FeaturePropertyBase$State
 707:             5            120  com.sun.org.apache.xalan.internal.utils.XMLSecurityManager$State
 708:             3            120  com.sun.org.apache.xerces.internal.impl.dtd.XMLDTDDescription
 709:             5            120  com.sun.org.apache.xerces.internal.util.PropertyState
 710:             3            120  com.sun.org.apache.xerces.internal.utils.XMLLimitAnalyzer
 711:             5            120  com.sun.org.apache.xerces.internal.utils.XMLSecurityManager$State
 712:             5            120  com.sun.org.apache.xerces.internal.utils.XMLSecurityPropertyManager$State
 713:             5            120  java.util.regex.Pattern$Category
 714:             3            120  javax.net.ssl.SSLParameters
 715:             5            120  javax.servlet.DispatcherType
 716:             5            120  javax.xml.namespace.QName
 717:             5            120  org.apache.lucene.analysis.core.KeywordTokenizerFactory
 718:             5            120  org.apache.lucene.analysis.core.WhitespaceTokenizerFactory
 719:             1            120  org.apache.lucene.analysis.synonym.SynonymFilter
 720:             5            120  org.apache.lucene.index.IndexOptions
 721:             1            120  org.apache.solr.handler.ReplicationHandler
 722:             5            120  org.apache.solr.schema.TrieField$TrieTypes
 723:             5            120  sun.misc.FloatingDecimal$PreparedASCIIToBinaryBuffer
 724:             5            120  sun.security.jca.ServiceId
 725:             5            120  sun.security.provider.certpath.X509CertPath
 726:             2            112  [Ljava.nio.file.StandardOpenOption;
 727:             2            112  [Ljava.security.CryptoPrimitive;
 728:             7            112  [Lsun.reflect.generics.tree.TypeArgument;
 729:             2            112  com.sun.org.apache.xerces.internal.impl.XMLEntityScanner
 730:             2            112  com.sun.org.apache.xerces.internal.jaxp.SAXParserImpl
 731:             7            112  java.util.TreeMap$KeySet
 732:             7            112  org.apache.lucene.codecs.lucene40.Lucene40CompoundFormat
 733:             7            112  org.apache.lucene.codecs.lucene40.Lucene40LiveDocsFormat
 734:             1            112  org.apache.solr.schema.IndexSchema
 735:             2            112  org.apache.solr.search.FastLRUCache
 736:             2            112  org.apache.solr.update.CommitTracker
 737:             1            112  org.apache.solr.update.DirectUpdateHandler2
 738:             2            112  org.apache.solr.util.ConcurrentLRUCache
 739:             7            112  org.eclipse.jetty.deploy.graph.Node
 740:             2            112  org.eclipse.jetty.io.PooledBuffers
 741:             1            112  org.eclipse.jetty.security.ConstraintSecurityHandler
 742:             7            112  sun.reflect.generics.tree.ClassTypeSignature
 743:             1            104  org.apache.lucene.index.IndexWriterConfig
 744:             1            104  org.apache.solr.schema.BBoxField
 745:             1            104  org.apache.solr.schema.SpatialRecursivePrefixTreeFieldType
 746:             1            104  org.eclipse.jetty.util.thread.QueuedThreadPool
 747:             1            104  org.eclipse.jetty.webapp.WebAppClassLoader
 748:             2             96  [Lcom.google.common.cache.LocalCache$EntryFactory;
 749:             1             96  [Ljava.lang.invoke.MethodType;
 750:             2             96  [Lorg.apache.lucene.index.DocumentsWriterPerThreadPool$ThreadState;
 751:             3             96  com.spatial4j.core.context.SpatialContext
 752:             1             96  com.sun.net.ssl.internal.ssl.Provider
 753:             3             96  com.sun.org.apache.xalan.internal.utils.XMLSecurityManager$NameMap
 754:             3             96  com.sun.org.apache.xerces.internal.dom.NodeListCache
 755:             2             96  com.sun.org.apache.xerces.internal.impl.XMLDocumentFragmentScannerImpl$ElementStack
 756:             2             96  com.sun.org.apache.xerces.internal.util.XMLAttributesIteratorImpl
 757:             3             96  com.sun.org.apache.xerces.internal.utils.XMLSecurityManager$NameMap
 758:             4             96  java.lang.RuntimePermission
 759:             2             96  java.lang.ThreadGroup
 760:             4             96  java.text.EntryPair
 761:             4             96  java.text.Normalizer$Form
 762:             6             96  java.util.TreeSet
 763:             4             96  java.util.concurrent.ConcurrentHashMap$KeySetView
 764:             3             96  java.util.concurrent.SynchronousQueue
 765:             3             96  java.util.concurrent.atomic.AtomicReferenceFieldUpdater$AtomicReferenceFieldUpdaterImpl
 766:             3             96  java.util.concurrent.locks.AbstractQueuedSynchronizer$Node
 767:             3             96  java.util.concurrent.locks.ReentrantLock$FairSync
 768:             6             96  java.util.regex.Pattern$Dot
 769:             1             96  org.apache.http.impl.client.DefaultHttpClient
 770:             4             96  org.apache.lucene.analysis.en.EnglishPossessiveFilterFactory
 771:             4             96  org.apache.lucene.analysis.en.PorterStemFilterFactory
 772:             3             96  org.apache.lucene.analysis.synonym.SynonymFilter$PendingInput
 773:             6             96  org.apache.lucene.codecs.lucene41.Lucene41StoredFieldsFormat
 774:             4             96  org.apache.lucene.store.IOContext$Context
 775:             6             96  org.apache.lucene.util.ByteBlockPool$DirectAllocator
 776:             4             96  org.apache.lucene.util.RamUsageEstimator$JvmFeature
 777:             4             96  org.apache.lucene.util.packed.Direct32
 778:             4             96  org.apache.lucene.util.packed.Packed64SingleBlock$Packed64SingleBlock1
 779:             1             96  org.apache.solr.core.CoreContainer
 780:             4             96  org.apache.solr.core.SolrConfig$PluginOpts
 781:             2             96  org.apache.solr.core.SolrResourceLoader
 782:             2             96  org.apache.solr.handler.component.QueryElevationComponent$ElevationObj
 783:             4             96  org.apache.solr.handler.loader.XMLLoader
 784:             4             96  org.apache.solr.schema.IndexSchema$DynamicReplacement$DynamicPattern$NameEquals
 785:             1             96  org.apache.solr.schema.PointType
 786:             3             96  org.apache.solr.search.LRUCache$CumulativeStats
 787:             4             96  org.apache.solr.search.SolrCache$State
 788:             4             96  org.apache.solr.servlet.cache.Method
 789:             4             96  org.apache.solr.update.UpdateLog$State
 790:             1             96  org.eclipse.jetty.server.Server
 791:             4             96  org.eclipse.jetty.servlet.Holder$Source
 792:             1             96  org.eclipse.jetty.util.Scanner
 793:             3             96  org.eclipse.jetty.util.statistic.SampleStatistic
 794:             1             96  sun.misc.Launcher$AppClassLoader
 795:             1             96  sun.net.www.protocol.jar.URLJarFile$URLJarFileEntry
 796:             1             96  sun.security.ec.SunEC
 797:             1             96  sun.security.jca.ProviderList$1
 798:             1             96  sun.security.rsa.SunRsaSign
 799:             3             96  sun.security.x509.SubjectAlternativeNameExtension
 800:             2             96  sun.text.normalizer.CharTrie
 801:             2             88  [Lcom.sun.org.apache.xalan.internal.utils.XMLSecurityManager$State;
 802:             3             88  [Lcom.sun.org.apache.xerces.internal.utils.XMLSecurityPropertyManager$State;
 803:             1             88  [Lsun.security.util.ObjectIdentifier;
 804:             1             88  [[Ljava.lang.Byte;
 805:             1             88  org.apache.log4j.RollingFileAppender
 806:             1             88  org.apache.solr.schema.CurrencyField
 807:             1             88  org.apache.solr.schema.LatLonType
 808:             1             88  org.eclipse.jetty.http.HttpBuffersImpl
 809:             1             88  org.eclipse.jetty.io.BufferDateCache
 810:             1             88  org.eclipse.jetty.servlet.FilterHolder
 811:             1             88  org.eclipse.jetty.start.Classpath$Loader
 812:             1             88  sun.misc.Launcher$ExtClassLoader
 813:             1             80  [[Z
 814:             2             80  com.ctc.wstx.util.SymbolTable
 815:             2             80  com.google.common.collect.SingletonImmutableBiMap
 816:             2             80  com.sun.org.apache.xerces.internal.impl.XMLDocumentFragmentScannerImpl$ElementStack2
 817:             2             80  com.sun.org.apache.xerces.internal.impl.XMLEntityManager$CharacterBufferPool
 818:             2             80  com.sun.org.apache.xerces.internal.impl.XMLErrorReporter
 819:             2             80  com.sun.org.apache.xerces.internal.impl.XMLVersionDetector
 820:             2             80  com.sun.org.apache.xerces.internal.impl.validation.ValidationState
 821:             2             80  com.sun.org.apache.xerces.internal.util.XMLAttributesImpl
 822:             2             80  com.sun.org.apache.xerces.internal.utils.XMLSecurityManager
 823:             2             80  com.sun.xml.internal.stream.XMLEntityStorage
 824:             2             80  java.io.BufferedWriter
 825:             2             80  java.io.ExpiringCache
 826:             2             80  java.io.PrintWriter
 827:             2             80  java.lang.invoke.BoundMethodHandle$SpeciesData
 828:             2             80  java.lang.invoke.DirectMethodHandle$Constructor
 829:             2             80  java.util.Locale$Category
 830:             2             80  java.util.PropertyResourceBundle
 831:             2             80  java.util.regex.Pattern$Loop
 832:             2             80  org.apache.lucene.analysis.path.PathHierarchyTokenizerFactory
 833:             5             80  org.apache.lucene.codecs.lucene42.Lucene42TermVectorsFormat
 834:             2             80  org.apache.lucene.index.CompositeReaderContext
 835:             1             80  org.apache.lucene.index.TieredMergePolicy
 836:             2             80  org.apache.lucene.store.NRTCachingDirectory
 837:             2             80  org.apache.solr.core.CachingDirectoryFactory$CacheValue
 838:             1             80  org.apache.solr.core.JmxMonitoredMap
 839:             1             80  org.apache.solr.handler.admin.InfoHandler
 840:             1             80  org.apache.solr.update.TransactionLog
 841:             1             80  org.eclipse.jetty.deploy.DeploymentManager
 842:             1             80  org.eclipse.jetty.deploy.providers.ContextProvider
 843:             1             80  org.eclipse.jetty.servlet.ErrorPageErrorHandler
 844:             2             80  org.eclipse.jetty.xml.XmlParser
 845:             2             80  sun.misc.FloatingDecimal$BinaryToASCIIBuffer
 846:             1             72  [Lcom.sun.org.apache.xml.internal.dtm.ref.ExtendedType;
 847:             3             72  [Lorg.apache.lucene.util.CharsRefBuilder;
 848:             2             72  [Lsun.security.jca.ProviderConfig;
 849:             3             72  com.sun.org.apache.xerces.internal.impl.dtd.XMLAttributeDecl
 850:             3             72  java.io.OutputStreamWriter
 851:             3             72  java.lang.ClassValue$Version
 852:             3             72  java.security.CodeSigner
 853:             3             72  java.util.Base64$Encoder
 854:             1             72  java.util.ResourceBundle$RBClassLoader
 855:             3             72  java.util.concurrent.LinkedBlockingQueue$Node
 856:             3             72  java.util.concurrent.atomic.AtomicMarkableReference$Pair
 857:             1             72  java.util.logging.LogManager$RootLogger
 858:             3             72  java.util.regex.Pattern$CharProperty$1
 859:             3             72  javax.servlet.SessionTrackingMode
 860:             3             72  org.apache.http.HttpVersion
 861:             3             72  org.apache.lucene.analysis.DelegatingAnalyzerWrapper$DelegatingReuseStrategy
 862:             3             72  org.apache.lucene.analysis.ja.JapaneseTokenizer$Mode
 863:             3             72  org.apache.lucene.analysis.util.AnalysisSPILoader
 864:             3             72  org.apache.lucene.index.IndexWriterConfig$OpenMode
 865:             1             72  org.apache.lucene.index.StandardDirectoryReader
 866:             3             72  org.apache.lucene.index.StoredFieldVisitor$Status
 867:             3             72  org.apache.lucene.index.TermsEnum$SeekStatus
 868:             3             72  org.apache.lucene.util.NamedSPILoader
 869:             3             72  org.apache.lucene.util.fst.FST$INPUT_TYPE
 870:             3             72  org.apache.solr.common.params.CommonParams$EchoParamStyle
 871:             3             72  org.apache.solr.core.SolrConfig$HttpCachingConfig$LastModFrom
 872:             1             72  org.apache.solr.handler.PingRequestHandler
 873:             1             72  org.apache.solr.handler.RealTimeGetHandler
 874:             1             72  org.apache.solr.handler.admin.CoreAdminHandler
 875:             1             72  org.apache.solr.handler.component.HttpShardHandlerFactory
 876:             3             72  org.apache.solr.rest.ManagedResourceStorage$JsonStorage
 877:             3             72  org.apache.solr.schema.IndexSchema$DynamicReplacement$DynamicPattern$NameStartsWith
 878:             1             72  org.apache.solr.schema.TrieDateField$ISO8601CanonicalDateFormat
 879:             1             72  org.apache.solr.update.SolrIndexConfig
 880:             3             72  org.apache.solr.update.UpdateLog$SyncLevel
 881:             3             72  org.eclipse.jetty.io.BufferCache
 882:             3             72  org.eclipse.jetty.io.Buffers$Type
 883:             3             72  org.eclipse.jetty.security.UserDataConstraint
 884:             1             72  org.eclipse.jetty.server.handler.ContextHandlerCollection
 885:             1             72  org.eclipse.jetty.server.handler.DefaultHandler
 886:             1             72  org.eclipse.jetty.server.session.HashSessionIdManager
 887:             1             72  org.eclipse.jetty.server.session.SessionHandler
 888:             1             72  org.eclipse.jetty.servlet.DefaultServlet
 889:             3             72  org.eclipse.jetty.util.Scanner$Notification
 890:             1             72  org.eclipse.jetty.util.resource.JarFileResource
 891:             1             72  org.eclipse.jetty.webapp.MetaData
 892:             3             72  org.eclipse.jetty.webapp.MetaDataComplete
 893:             3             72  sun.misc.FloatingDecimal$ExceptionalBinaryToASCIIBuffer
 894:             3             72  sun.misc.Signal
 895:             3             72  sun.security.provider.NativePRNG$Variant
 896:             3             72  sun.security.x509.AccessDescription
 897:             1             72  sun.util.locale.provider.JRELocaleProviderAdapter
 898:             3             72  sun.util.resources.ParallelListResourceBundle$KeySet
 899:             2             64  [Lcom.google.common.cache.LocalCache$Segment;
 900:             2             64  [Lcom.sun.org.apache.xalan.internal.utils.FeaturePropertyBase$State;
 901:             2             64  [Ljavax.servlet.SessionTrackingMode;
 902:             2             64  [Lorg.apache.lucene.analysis.ja.JapaneseTokenizer$Mode;
 903:             1             64  [Lorg.apache.lucene.uninverting.UninvertingReader$Type;
 904:             2             64  [Lorg.apache.lucene.util.RamUsageEstimator$JvmFeature;
 905:             2             64  [Lorg.apache.solr.core.SolrConfig$HttpCachingConfig$LastModFrom;
 906:             2             64  [Lorg.apache.solr.core.SolrConfig$PluginOpts;
 907:             2             64  [Lorg.apache.solr.servlet.cache.Method;
 908:             2             64  [[Lcom.sun.org.apache.xerces.internal.xni.QName;
 909:             1             64  com.google.common.cache.CacheStats
 910:             2             64  com.sun.org.apache.xalan.internal.utils.XMLSecurityPropertyManager$Property
 911:             2             64  com.sun.org.apache.xerces.internal.impl.XMLNSDocumentScannerImpl$NSContentDriver
 912:             2             64  com.sun.org.apache.xerces.internal.util.NamespaceSupport
 913:             2             64  com.sun.org.apache.xerces.internal.utils.XMLSecurityPropertyManager$Property
 914:             2             64  com.sun.org.apache.xpath.internal.objects.XBooleanStatic
 915:             2             64  java.io.PrintStream
 916:             2             64  java.lang.VirtualMachineError
 917:             2             64  java.lang.invoke.BoundMethodHandle$Species_L
 918:             2             64  java.lang.ref.ReferenceQueue$Null
 919:             4             64  java.util.LinkedHashMap$LinkedKeySet
 920:             2             64  java.util.concurrent.ScheduledThreadPoolExecutor$DelayedWorkQueue
 921:             4             64  java.util.concurrent.atomic.AtomicBoolean
 922:             2             64  org.apache.http.conn.ssl.SSLSocketFactory
 923:             2             64  org.apache.http.impl.conn.PoolingClientConnectionManager
 924:             2             64  org.apache.log4j.helpers.PatternParser$BasicPatternConverter
 925:             2             64  org.apache.lucene.analysis.ReusableStringReader
 926:             2             64  org.apache.lucene.analysis.miscellaneous.ASCIIFoldingFilterFactory
 927:             4             64  org.apache.lucene.codecs.lucene40.Lucene40SegmentInfoFormat
 928:             1             64  org.apache.lucene.codecs.lucene410.Lucene410Codec
 929:             1             64  org.apache.lucene.codecs.lucene42.Lucene42Codec
 930:             1             64  org.apache.lucene.codecs.lucene45.Lucene45Codec
 931:             1             64  org.apache.lucene.codecs.lucene46.Lucene46Codec
 932:             1             64  org.apache.lucene.codecs.lucene49.Lucene49Codec
 933:             1             64  org.apache.lucene.codecs.lucene50.Lucene50Codec
 934:             2             64  org.apache.lucene.codecs.lucene50.Lucene50TermVectorsFormat
 935:             1             64  org.apache.lucene.index.DocumentsWriter
 936:             1             64  org.apache.lucene.index.ExitableDirectoryReader
 937:             2             64  org.apache.lucene.store.MMapDirectory
 938:             2             64  org.apache.lucene.store.RAMDirectory
 939:             1             64  org.apache.lucene.uninverting.UninvertingReader$UninvertingDirectoryReader
 940:             1             64  org.apache.solr.client.solrj.impl.LBHttpSolrClient
 941:             2             64  org.apache.solr.cloud.ActionThrottle
 942:             2             64  org.apache.solr.core.InitParams
 943:             1             64  org.apache.solr.core.NRTCachingDirectoryFactory
 944:             1             64  org.apache.solr.core.SchemaCodecFactory$1
 945:             1             64  org.apache.solr.handler.DumpRequestHandler
 946:             1             64  org.apache.solr.handler.SchemaHandler
 947:             1             64  org.apache.solr.handler.SolrConfigHandler
 948:             4             64  org.apache.solr.handler.UpdateRequestHandler$1
 949:             1             64  org.apache.solr.handler.admin.CollectionsHandler
 950:             1             64  org.apache.solr.handler.admin.LukeRequestHandler
 951:             1             64  org.apache.solr.handler.admin.PluginInfoHandler
 952:             1             64  org.apache.solr.handler.admin.ShowFileRequestHandler
 953:             1             64  org.apache.solr.handler.admin.SolrInfoMBeanHandler
 954:             4             64  org.apache.solr.handler.loader.CSVLoader
 955:             4             64  org.apache.solr.handler.loader.JavabinLoader
 956:             4             64  org.apache.solr.handler.loader.JsonLoader
 957:             1             64  org.apache.solr.rest.schema.analysis.ManagedSynonymFilterFactory$1
 958:             1             64  org.apache.solr.schema.BinaryField
 959:             1             64  org.apache.solr.schema.BoolField
 960:             2             64  org.apache.solr.schema.IndexSchema$DynamicCopy
 961:             1             64  org.apache.solr.schema.RandomSortField
 962:             2             64  org.apache.solr.servlet.SolrRequestParsers
 963:             1             64  org.apache.solr.update.DefaultSolrCoreState
 964:             1             64  org.apache.solr.update.UpdateLog$1
 965:             1             64  org.eclipse.jetty.server.handler.HandlerCollection
 966:             1             64  org.eclipse.jetty.server.handler.RequestLogHandler
 967:             2             64  org.eclipse.jetty.servlet.ServletHandler$CachedChain
 968:             2             64  org.eclipse.jetty.xml.XmlParser$Handler
 969:             1             64  org.opensextant.solrtexttagger.TaggerRequestHandler
 970:             4             64  sun.net.www.protocol.jar.Handler
 971:             2             64  sun.reflect.generics.repository.ClassRepository
 972:             4             64  sun.security.ec.ECParameters
 973:             2             64  sun.security.ssl.EphemeralKeyManager$EphemeralKeyPair
 974:             1             64  sun.security.ssl.SSLContextImpl$DefaultSSLContext
 975:             2             64  sun.security.ssl.SSLSessionContextImpl
 976:             2             64  sun.security.x509.AuthorityInfoAccessExtension
 977:             2             64  sun.security.x509.PolicyMappingsExtension
 978:             2             64  sun.security.x509.PrivateKeyUsageExtension
 979:             2             64  sun.util.locale.provider.LocaleResources
 980:             2             64  sun.util.locale.provider.LocaleServiceProviderPool
 981:             1             56  [Ljava.lang.Runnable;
 982:             2             56  [Lorg.apache.solr.search.SolrCache;
 983:             2             56  [Lorg.eclipse.jetty.server.Handler;
 984:             1             56  [Lorg.eclipse.jetty.servlet.ServletMapping;
 985:             1             56  [Lsun.util.logging.PlatformLogger$Level;
 986:             1             56  java.util.logging.LogManager
 987:             1             56  org.apache.lucene.codecs.lucene40.Lucene40Codec
 988:             1             56  org.apache.lucene.codecs.lucene41.Lucene41Codec
 989:             1             56  org.apache.lucene.codecs.simpletext.SimpleTextCodec
 990:             1             56  org.apache.lucene.index.BufferedUpdates
 991:             1             56  org.apache.lucene.index.ConcurrentMergeScheduler
 992:             1             56  org.apache.lucene.index.IndexFileDeleter
 993:             1             56  org.apache.lucene.index.SlowCompositeReaderWrapper
 994:             1             56  org.apache.lucene.search.spell.DirectSpellChecker
 995:             1             56  org.apache.solr.schema.FieldType$DefaultAnalyzer$1
 996:             1             56  org.apache.solr.update.VersionInfo
 997:             1             56  org.eclipse.jetty.server.ResourceCache
 998:             1             56  org.eclipse.jetty.webapp.DefaultsDescriptor
 999:             1             56  org.eclipse.jetty.webapp.WebDescriptor
1000:             1             56  org.tartarus.snowball.ext.FinnishStemmer
1001:             1             56  org.tartarus.snowball.ext.RomanianStemmer
1002:             1             56  sun.security.provider.SHA
1003:             1             48  [Lcom.sun.beans.util.Cache$CacheEntry;
1004:             1             48  [Lcom.sun.management.VMOption$Origin;
1005:             1             48  [Lcom.sun.org.apache.xalan.internal.utils.XMLSecurityManager$Limit;
1006:             1             48  [Lcom.sun.org.apache.xerces.internal.utils.XMLSecurityManager$Limit;
1007:             1             48  [Ljava.beans.WeakIdentityMap$Entry;
1008:             3             48  [Ljava.lang.annotation.Annotation;
1009:             1             48  [Ljava.lang.invoke.MethodHandleImpl$Intrinsic;
1010:             1             48  [Ljava.math.RoundingMode;
1011:             2             48  [Ljava.net.InetAddress;
1012:             1             48  [Ljava.util.concurrent.TimeUnit;
1013:             2             48  [Lorg.apache.lucene.codecs.lucene50.Lucene50StoredFieldsFormat$Mode;
1014:             1             48  [Lorg.eclipse.jetty.servlet.ServletHolder;
1015:             1             48  [Lorg.eclipse.jetty.webapp.Origin;
1016:             2             48  [Lsun.reflect.generics.tree.ClassTypeSignature;
1017:             1             48  [Lsun.security.x509.NetscapeCertTypeExtension$MapEntry;
1018:             3             48  com.ctc.wstx.api.WstxInputProperties$ParsingMode
1019:             2             48  com.ctc.wstx.util.SymbolTable$Bucket
1020:             2             48  com.google.common.collect.RegularImmutableAsList
1021:             2             48  com.google.common.collect.RegularImmutableMap$EntrySet
1022:             2             48  com.google.common.collect.RegularImmutableMap$NonTerminalEntry
1023:             3             48  com.spatial4j.core.distance.GeodesicSphereDistCalc$Haversine
1024:             3             48  com.spatial4j.core.io.BinaryCodec
1025:             3             48  com.spatial4j.core.io.WktShapeParser
1026:             3             48  com.sun.org.apache.xerces.internal.impl.dtd.DTDGrammar$QNameHashtable
1027:             2             48  com.sun.org.apache.xerces.internal.impl.dtd.DTDGrammarBucket
1028:             3             48  com.sun.org.apache.xerces.internal.impl.dv.dtd.ListDatatypeValidator
1029:             2             48  com.sun.org.apache.xerces.internal.impl.msg.XMLMessageFormatter
1030:             2             48  com.sun.org.apache.xerces.internal.impl.validation.ValidationManager
1031:             2             48  com.sun.org.apache.xerces.internal.util.SymbolTable
1032:             2             48  com.sun.org.apache.xerces.internal.utils.XMLSecurityPropertyManager
1033:             2             48  java.io.BufferedOutputStream
1034:             2             48  java.io.File$PathStatus
1035:             3             48  java.lang.ClassValue$Identity
1036:             2             48  java.lang.invoke.MethodHandles$Lookup
1037:             2             48  java.lang.reflect.ReflectPermission
1038:             2             48  java.net.InetAddress
1039:             2             48  java.net.InetAddress$Cache
1040:             2             48  java.net.InetAddress$Cache$Type
1041:             2             48  java.net.InetAddress$CacheEntry
1042:             2             48  java.net.ServerSocket
1043:             3             48  java.nio.channels.FileChannel$MapMode
1044:             2             48  java.nio.charset.CoderResult
1045:             3             48  java.nio.charset.CodingErrorAction
1046:             2             48  java.security.Timestamp
1047:             3             48  java.text.AttributedCharacterIterator$Attribute
1048:             1             48  java.text.RuleBasedCollator
1049:             3             48  java.util.Base64$Decoder
1050:             2             48  java.util.BitSet
1051:             3             48  java.util.concurrent.SynchronousQueue$TransferStack
1052:             1             48  java.util.concurrent.ThreadPoolExecutor$Worker
1053:             3             48  java.util.concurrent.atomic.AtomicMarkableReference
1054:             1             48  java.util.concurrent.locks.ReentrantReadWriteLock$FairSync
1055:             2             48  java.util.concurrent.locks.ReentrantReadWriteLock$Sync$HoldCounter
1056:             3             48  java.util.jar.JarVerifier$3
1057:             2             48  java.util.logging.Logger$LoggerBundle
1058:             2             48  java.util.regex.Pattern$Dollar
1059:             2             48  java.util.regex.Pattern$Prolog
1060:             3             48  org.apache.http.impl.client.BasicCredentialsProvider
1061:             2             48  org.apache.http.impl.client.DefaultHttpRequestRetryHandler
1062:             2             48  org.apache.http.impl.conn.DefaultClientConnectionOperator
1063:             3             48  org.apache.http.impl.conn.SystemDefaultDnsResolver
1064:             1             48  org.apache.log4j.Hierarchy
1065:             2             48  org.apache.log4j.helpers.OnlyOnceErrorHandler
1066:             1             48  org.apache.log4j.helpers.PatternParser
1067:             2             48  org.apache.lucene.analysis.ar.ArabicNormalizationFilterFactory
1068:             2             48  org.apache.lucene.analysis.cjk.CJKWidthFilterFactory
1069:             1             48  org.apache.lucene.analysis.core.StopFilter
1070:             1             48  org.apache.lucene.analysis.ja.JapaneseTokenizerFactory
1071:             1             48  org.apache.lucene.analysis.util.CharArrayMap$EmptyCharArrayMap
1072:             3             48  org.apache.lucene.codecs.lucene46.Lucene46FieldInfosFormat
1073:             3             48  org.apache.lucene.codecs.lucene46.Lucene46SegmentInfoFormat
1074:             2             48  org.apache.lucene.codecs.lucene50.Lucene50Codec$1
1075:             2             48  org.apache.lucene.codecs.lucene50.Lucene50Codec$2
1076:             2             48  org.apache.lucene.codecs.lucene50.Lucene50StoredFieldsFormat$Mode
1077:             1             48  org.apache.lucene.index.IndexFileDeleter$CommitPoint
1078:             2             48  org.apache.lucene.search.spell.WordBreakSpellChecker$BreakSuggestionSortMethod
1079:             1             48  org.apache.lucene.util.packed.BulkOperationPacked1
1080:             1             48  org.apache.lucene.util.packed.BulkOperationPacked10
1081:             1             48  org.apache.lucene.util.packed.BulkOperationPacked11
1082:             1             48  org.apache.lucene.util.packed.BulkOperationPacked12
1083:             1             48  org.apache.lucene.util.packed.BulkOperationPacked13
1084:             1             48  org.apache.lucene.util.packed.BulkOperationPacked14
1085:             1             48  org.apache.lucene.util.packed.BulkOperationPacked15
1086:             1             48  org.apache.lucene.util.packed.BulkOperationPacked16
1087:             1             48  org.apache.lucene.util.packed.BulkOperationPacked17
1088:             1             48  org.apache.lucene.util.packed.BulkOperationPacked18
1089:             1             48  org.apache.lucene.util.packed.BulkOperationPacked19
1090:             1             48  org.apache.lucene.util.packed.BulkOperationPacked2
1091:             1             48  org.apache.lucene.util.packed.BulkOperationPacked20
1092:             1             48  org.apache.lucene.util.packed.BulkOperationPacked21
1093:             1             48  org.apache.lucene.util.packed.BulkOperationPacked22
1094:             1             48  org.apache.lucene.util.packed.BulkOperationPacked23
1095:             1             48  org.apache.lucene.util.packed.BulkOperationPacked24
1096:             1             48  org.apache.lucene.util.packed.BulkOperationPacked3
1097:             1             48  org.apache.lucene.util.packed.BulkOperationPacked4
1098:             1             48  org.apache.lucene.util.packed.BulkOperationPacked5
1099:             1             48  org.apache.lucene.util.packed.BulkOperationPacked6
1100:             1             48  org.apache.lucene.util.packed.BulkOperationPacked7
1101:             1             48  org.apache.lucene.util.packed.BulkOperationPacked8
1102:             1             48  org.apache.lucene.util.packed.BulkOperationPacked9
1103:             1             48  org.apache.solr.analysis.ReversedWildcardFilterFactory
1104:             2             48  org.apache.solr.client.solrj.SolrQuery$ORDER
1105:             2             48  org.apache.solr.client.solrj.impl.HttpClientUtil$1
1106:             3             48  org.apache.solr.common.util.XMLErrorLogger
1107:             2             48  org.apache.solr.core.DirectoryFactory$DirContext
1108:             2             48  org.apache.solr.core.QuerySenderListener
1109:             2             48  org.apache.solr.handler.component.SpellCheckComponent$SpellCheckerListener
1110:             2             48  org.apache.solr.highlight.ScoreOrderFragmentsBuilder
1111:             1             48  org.apache.solr.logging.log4j.EventAppender
1112:             2             48  org.apache.solr.parser.QueryParser$Operator
1113:             2             48  org.apache.solr.rest.RestManager$ManagedResourceRegistration
1114:             3             48  org.apache.solr.rest.schema.analysis.ManagedSynonymFilterFactory$CasePreservedSynonymMappings
1115:             2             48  org.apache.solr.servlet.SolrRequestParsers$StandardRequestParser
1116:             2             48  org.eclipse.jetty.servlet.ServletHolder$Registration
1117:             2             48  org.eclipse.jetty.util.statistic.CounterStatistic
1118:             2             48  org.eclipse.jetty.webapp.ClasspathPattern
1119:             2             48  org.eclipse.jetty.xml.XmlParser$NoopHandler
1120:             1             48  org.tartarus.snowball.ext.ArmenianStemmer
1121:             1             48  org.tartarus.snowball.ext.BasqueStemmer
1122:             1             48  org.tartarus.snowball.ext.CatalanStemmer
1123:             1             48  org.tartarus.snowball.ext.DanishStemmer
1124:             1             48  org.tartarus.snowball.ext.DutchStemmer
1125:             1             48  org.tartarus.snowball.ext.IrishStemmer
1126:             1             48  org.tartarus.snowball.ext.NorwegianStemmer
1127:             1             48  org.tartarus.snowball.ext.RussianStemmer
1128:             1             48  org.tartarus.snowball.ext.SwedishStemmer
1129:             1             48  org.tartarus.snowball.ext.TurkishStemmer
1130:             2             48  sun.misc.NativeSignalHandler
1131:             2             48  sun.net.www.MessageHeader
1132:             3             48  sun.nio.ch.FileDispatcherImpl
1133:             2             48  sun.nio.ch.NativeThreadSet
1134:             2             48  sun.reflect.generics.tree.ClassSignature
1135:             2             48  sun.security.jca.ProviderList
1136:             2             48  sun.security.jca.ProviderList$3
1137:             2             48  sun.security.ssl.SSLAlgorithmConstraints
1138:             2             48  sun.security.x509.CertificatePolicyMap
1139:             3             48  sun.security.x509.RFC822Name
1140:             1             48  sun.text.normalizer.IntTrie
1141:             1             48  sun.text.normalizer.NormalizerBase
1142:             3             48  sun.text.normalizer.NormalizerBase$QuickCheckResult
1143:             1             48  sun.text.resources.FormatData
1144:             1             48  sun.text.resources.en.FormatData_en
1145:             1             48  sun.text.resources.en.FormatData_en_US
1146:             1             40  [Lcom.sun.org.apache.xerces.internal.util.Status;
1147:             1             40  [Ljavax.servlet.DispatcherType;
1148:             1             40  [Lorg.apache.lucene.index.DocValuesType;
1149:             1             40  [Lorg.apache.lucene.index.IndexOptions;
1150:             1             40  [Lorg.apache.solr.schema.TrieField$TrieTypes;
1151:             1             40  [Lorg.eclipse.jetty.webapp.Configuration;
1152:             2             40  [Lsun.reflect.generics.tree.FieldTypeSignature;
1153:             2             40  [Lsun.reflect.generics.tree.FormalTypeParameter;
1154:             1             40  [Lsun.security.jca.ServiceId;
1155:             1             40  [Lsun.security.util.DisabledAlgorithmConstraints$KeySizeConstraint$Operator;
1156:             1             40  [Lsun.util.locale.provider.LocaleProviderAdapter$Type;
1157:             1             40  [[Ljava.lang.invoke.LambdaForm$Name;
1158:             1             40  com.sun.beans.finder.MethodFinder$1
1159:             1             40  java.beans.WeakIdentityMap$Entry
1160:             1             40  java.io.BufferedInputStream
1161:             1             40  java.lang.invoke.DirectMethodHandle$Accessor
1162:             1             40  java.text.CollationElementIterator
1163:             1             40  java.text.RBCollationTables
1164:             1             40  java.util.ResourceBundle$1
1165:             1             40  java.util.ServiceLoader$LazyIterator
1166:             1             40  org.apache.log4j.helpers.CountingQuietWriter
1167:             1             40  org.apache.log4j.helpers.PatternParser$ClassNamePatternConverter
1168:             1             40  org.apache.log4j.helpers.PatternParser$DatePatternConverter
1169:             1             40  org.apache.log4j.spi.RootLogger
1170:             1             40  org.apache.lucene.analysis.core.LowerCaseFilter
1171:             1             40  org.apache.lucene.analysis.ja.JapanesePartOfSpeechStopFilterFactory
1172:             1             40  org.apache.lucene.analysis.miscellaneous.StemmerOverrideFilterFactory
1173:             1             40  org.apache.lucene.analysis.pattern.PatternReplaceFilterFactory
1174:             1             40  org.apache.lucene.analysis.payloads.DelimitedPayloadTokenFilterFactory
1175:             1             40  org.apache.lucene.index.BufferedUpdatesStream
1176:             1             40  org.apache.lucene.index.DocumentsWriterDeleteQueue
1177:             1             40  org.apache.solr.core.Config
1178:             1             40  org.apache.solr.core.CoreDescriptor
1179:             1             40  org.apache.solr.core.SolrConfig$UpdateHandlerInfo
1180:             1             40  org.apache.solr.handler.component.QueryElevationComponent
1181:             1             40  org.apache.solr.highlight.DefaultSolrHighlighter
1182:             1             40  org.apache.solr.rest.RestManager
1183:             1             40  org.apache.solr.rest.RestManager$RestManagerManagedResource
1184:             1             40  org.apache.solr.rest.schema.analysis.ManagedSynonymFilterFactory$SynonymManager
1185:             1             40  org.apache.solr.rest.schema.analysis.ManagedWordSetResource
1186:             1             40  org.apache.solr.schema.IndexSchema$SolrQueryAnalyzer
1187:             1             40  org.apache.solr.search.QueryResultKey
1188:             1             40  org.apache.solr.spelling.WordBreakSolrSpellChecker
1189:             1             40  org.apache.solr.update.UpdateLog$RecoveryInfo
1190:             1             40  org.apache.solr.util.ConcurrentLRUCache$CacheEntry
1191:             1             40  org.eclipse.jetty.server.session.HashSessionManager$2
1192:             1             40  org.eclipse.jetty.webapp.WebAppContext$Context
1193:             1             40  org.tartarus.snowball.ext.HungarianStemmer
1194:             1             40  sun.nio.ch.FileLockImpl
1195:             1             40  sun.nio.cs.StandardCharsets$Aliases
1196:             1             40  sun.nio.cs.StandardCharsets$Cache
1197:             1             40  sun.nio.cs.StandardCharsets$Classes
1198:             1             40  sun.security.provider.DSAPublicKeyImpl
1199:             1             40  sun.text.IntHashtable
1200:             1             40  sun.text.UCompactIntArray
1201:             1             32  [Lcom.google.common.cache.LocalCache$Strength;
1202:             1             32  [Lcom.sun.beans.util.Cache$Kind;
1203:             1             32  [Lcom.sun.org.apache.xalan.internal.utils.XMLSecurityManager$NameMap;
1204:             1             32  [Lcom.sun.org.apache.xerces.internal.utils.XMLSecurityManager$NameMap;
1205:             1             32  [Ljava.lang.OutOfMemoryError;
1206:             1             32  [Ljava.lang.ThreadGroup;
1207:             1             32  [Ljava.text.Normalizer$Form;
1208:             1             32  [Ljava.util.EventListener;
1209:             1             32  [Lorg.apache.lucene.analysis.synonym.SynonymFilter$PendingInput;
1210:             1             32  [Lorg.apache.lucene.analysis.synonym.SynonymFilter$PendingOutputs;
1211:             1             32  [Lorg.apache.lucene.index.IndexWriterConfig$OpenMode;
1212:             1             32  [Lorg.apache.lucene.index.StoredFieldVisitor$Status;
1213:             1             32  [Lorg.apache.lucene.index.TermsEnum$SeekStatus;
1214:             1             32  [Lorg.apache.lucene.search.BooleanClause$Occur;
1215:             1             32  [Lorg.apache.lucene.store.IOContext$Context;
1216:             1             32  [Lorg.apache.lucene.util.fst.FST$INPUT_TYPE;
1217:             1             32  [Lorg.apache.solr.common.params.CommonParams$EchoParamStyle;
1218:             1             32  [Lorg.apache.solr.search.SolrCache$State;
1219:             1             32  [Lorg.apache.solr.update.UpdateLog$State;
1220:             1             32  [Lorg.apache.solr.update.UpdateLog$SyncLevel;
1221:             1             32  [Lorg.apache.solr.update.processor.UpdateRequestProcessorFactory;
1222:             1             32  [Lorg.eclipse.jetty.io.Buffers$Type;
1223:             1             32  [Lorg.eclipse.jetty.security.UserDataConstraint;
1224:             1             32  [Lorg.eclipse.jetty.servlet.Holder$Source;
1225:             1             32  [Lorg.eclipse.jetty.util.Scanner$Notification;
1226:             1             32  [Lorg.eclipse.jetty.webapp.MetaDataComplete;
1227:             1             32  [Lsun.security.provider.NativePRNG$Variant;
1228:             1             32  [Lsun.text.normalizer.NormalizerBase$Mode;
1229:             1             32  [[Lcom.sun.org.apache.xerces.internal.impl.dtd.models.ContentModelValidator;
1230:             1             32  [[Lcom.sun.org.apache.xerces.internal.impl.dv.DatatypeValidator;
1231:             1             32  [[[Ljava.lang.String;
1232:             2             32  com.google.common.cache.LocalCache$LocalManualCache
1233:             1             32  com.google.common.util.concurrent.MoreExecutors$SameThreadExecutorService
1234:             2             32  com.sun.beans.WeakCache
1235:             1             32  com.sun.beans.finder.BeanInfoFinder
1236:             1             32  com.sun.org.apache.xalan.internal.utils.FeatureManager$Feature
1237:             1             32  com.sun.org.apache.xalan.internal.utils.XMLSecurityManager
1238:             2             32  com.sun.org.apache.xerces.internal.impl.XMLDocumentScannerImpl$PrologDriver
1239:             2             32  com.sun.org.apache.xerces.internal.impl.XMLDocumentScannerImpl$TrailingMiscDriver
1240:             2             32  com.sun.org.apache.xerces.internal.impl.XMLDocumentScannerImpl$XMLDeclDriver
1241:             1             32  com.sun.org.apache.xerces.internal.impl.XMLEntityScanner$1
1242:             2             32  com.sun.org.apache.xerces.internal.impl.dv.dtd.DTDDVFactoryImpl
1243:             2             32  com.sun.org.apache.xerces.internal.impl.dv.dtd.ENTITYDatatypeValidator
1244:             2             32  com.sun.org.apache.xerces.internal.parsers.AbstractSAXParser$AttributesProxy
1245:             2             32  com.sun.org.apache.xerces.internal.util.EntityResolverWrapper
1246:             2             32  com.sun.org.apache.xerces.internal.util.ErrorHandlerWrapper
1247:             1             32  com.sun.org.apache.xml.internal.utils.XMLReaderManager
1248:             1             32  com.sun.org.apache.xpath.internal.jaxp.XPathFactoryImpl
1249:             1             32  java.beans.ThreadGroupContext
1250:             1             32  java.beans.ThreadGroupContext$1
1251:             1             32  java.io.RandomAccessFile
1252:             1             32  java.io.UnixFileSystem
1253:             1             32  java.lang.ArithmeticException
1254:             1             32  java.lang.ArrayIndexOutOfBoundsException
1255:             2             32  java.lang.Boolean
1256:             1             32  java.lang.ClassCastException
1257:             1             32  java.lang.NullPointerException
1258:             2             32  java.lang.Shutdown$Lock
1259:             1             32  java.lang.StringCoding$StringEncoder
1260:             1             32  java.lang.reflect.WeakCache
1261:             2             32  java.nio.ByteOrder
1262:             1             32  java.nio.channels.Channels$1
1263:             1             32  java.security.BasicPermissionCollection
1264:             1             32  java.security.MessageDigest$Delegate
1265:             1             32  java.text.DontCareFieldPosition
1266:             2             32  java.util.Collections$SingletonSet
1267:             2             32  java.util.Hashtable$EntrySet
1268:             1             32  java.util.ServiceLoader
1269:             2             32  java.util.concurrent.ConcurrentHashMap$ValuesView
1270:             1             32  java.util.concurrent.ThreadLocalRandom
1271:             1             32  java.util.logging.LogManager$SystemLoggerContext
1272:             2             32  javax.xml.xpath.SecuritySupport
1273:             2             32  org.apache.http.conn.scheme.PlainSocketFactory
1274:             2             32  org.apache.http.conn.scheme.SchemeRegistry
1275:             2             32  org.apache.http.impl.conn.HttpConnPool$InternalConnFactory
1276:             2             32  org.apache.http.params.SyncBasicHttpParams
1277:             1             32  org.apache.log4j.PatternLayout
1278:             1             32  org.apache.lucene.analysis.cjk.CJKBigramFilterFactory
1279:             1             32  org.apache.lucene.analysis.id.IndonesianStemFilterFactory
1280:             1             32  org.apache.lucene.analysis.ja.JapaneseKatakanaStemFilterFactory
1281:             1             32  org.apache.lucene.analysis.miscellaneous.TrimFilterFactory
1282:             1             32  org.apache.lucene.analysis.phonetic.DoubleMetaphoneFilterFactory
1283:             2             32  org.apache.lucene.codecs.lucene40.Lucene40DocValuesFormat
1284:             2             32  org.apache.lucene.codecs.lucene40.Lucene40FieldInfosFormat
1285:             2             32  org.apache.lucene.codecs.lucene40.Lucene40NormsFormat
1286:             2             32  org.apache.lucene.codecs.lucene40.Lucene40TermVectorsFormat
1287:             2             32  org.apache.lucene.codecs.lucene42.Lucene42FieldInfosFormat
1288:             2             32  org.apache.lucene.codecs.lucene50.Lucene50CompoundFormat
1289:             2             32  org.apache.lucene.codecs.lucene50.Lucene50FieldInfosFormat
1290:             2             32  org.apache.lucene.codecs.lucene50.Lucene50LiveDocsFormat
1291:             2             32  org.apache.lucene.codecs.lucene50.Lucene50NormsFormat
1292:             2             32  org.apache.lucene.codecs.lucene50.Lucene50SegmentInfoFormat
1293:             2             32  org.apache.lucene.codecs.lucene50.Lucene50StoredFieldsFormat
1294:             2             32  org.apache.lucene.codecs.simpletext.SimpleTextDocValuesFormat
1295:             2             32  org.apache.lucene.codecs.simpletext.SimpleTextPostingsFormat
1296:             1             32  org.apache.lucene.index.DocumentsWriterPerThreadPool
1297:             1             32  org.apache.lucene.index.FieldInfos$FieldNumbers
1298:             2             32  org.apache.lucene.search.MatchAllDocsQuery
1299:             2             32  org.apache.lucene.search.similarities.DefaultSimilarity
1300:             1             32  org.apache.lucene.search.spell.WordBreakSpellChecker
1301:             1             32  org.apache.lucene.store.NativeFSLockFactory$NativeFSLock
1302:             2             32  org.apache.lucene.store.SingleInstanceLockFactory
1303:             1             32  org.apache.lucene.util.AttributeFactory$DefaultAttributeFactory$1
1304:             1             32  org.apache.solr.core.ConfigOverlay
1305:             1             32  org.apache.solr.core.ConfigSolrXml
1306:             1             32  org.apache.solr.core.IndexDeletionPolicyWrapper
1307:             1             32  org.apache.solr.core.SolrConfig$HttpCachingConfig
1308:             1             32  org.apache.solr.core.SolrConfig$JmxConfiguration
1309:             1             32  org.apache.solr.core.SolrCore$8
1310:             1             32  org.apache.solr.core.SolrCore$LazyQueryResponseWriterWrapper
1311:             1             32  org.apache.solr.core.SolrCores
1312:             1             32  org.apache.solr.core.ZkContainer
1313:             1             32  org.apache.solr.handler.component.SpellCheckComponent
1314:             1             32  org.apache.solr.highlight.RegexFragmenter
1315:             1             32  org.apache.solr.logging.CircularList
1316:             1             32  org.apache.solr.logging.log4j.Log4jWatcher
1317:             2             32  org.apache.solr.response.JSONResponseWriter
1318:             1             32  org.apache.solr.rest.RestManager$Registry
1319:             1             32  org.apache.solr.rest.schema.analysis.ManagedStopFilterFactory
1320:             1             32  org.apache.solr.rest.schema.analysis.ManagedSynonymFilterFactory
1321:             2             32  org.apache.solr.schema.AbstractSpatialFieldType$1
1322:             1             32  org.apache.solr.schema.BoolField$1
1323:             1             32  org.apache.solr.schema.IndexSchema$SolrIndexAnalyzer
1324:             1             32  org.apache.solr.servlet.SolrDispatchFilter
1325:             2             32  org.apache.solr.servlet.SolrRequestParsers$FormDataRequestParser
1326:             2             32  org.apache.solr.servlet.SolrRequestParsers$MultipartRequestParser
1327:             2             32  org.apache.solr.servlet.SolrRequestParsers$RawRequestParser
1328:             2             32  org.apache.solr.servlet.SolrRequestParsers$SimpleRequestParser
1329:             1             32  org.apache.solr.spelling.DirectSolrSpellChecker
1330:             1             32  org.apache.solr.update.SolrIndexConfig$DelayedSchemaAnalyzer
1331:             1             32  org.eclipse.jetty.continuation.ContinuationThrowable
1332:             1             32  org.eclipse.jetty.deploy.App
1333:             1             32  org.eclipse.jetty.deploy.DeploymentManager$AppEntry
1334:             1             32  org.eclipse.jetty.security.ConstraintMapping
1335:             1             32  org.eclipse.jetty.servlet.FilterMapping
1336:             1             32  org.eclipse.jetty.util.Scanner$TimeNSize
1337:             1             32  org.eclipse.jetty.util.security.Constraint
1338:             1             32  org.opensextant.solrtexttagger.ConcatenateFilterFactory
1339:             1             32  sun.nio.ch.FileKey
1340:             1             32  sun.nio.ch.SharedFileLockTable$FileLockReference
1341:             1             32  sun.nio.cs.StandardCharsets
1342:             1             32  sun.nio.fs.LinuxFileSystem
1343:             2             32  sun.reflect.BootstrapConstructorAccessorImpl
1344:             1             32  sun.reflect.generics.reflectiveObjects.TypeVariableImpl
1345:             2             32  sun.security.provider.NativePRNG
1346:             1             32  sun.security.provider.SecureRandom
1347:             2             32  sun.security.ssl.SSLSocketFactoryImpl
1348:             1             32  sun.security.ssl.X509TrustManagerImpl
1349:             2             32  sun.security.util.DisabledAlgorithmConstraints$KeySizeConstraints
1350:             1             32  sun.security.x509.IssuerAlternativeNameExtension
1351:             2             32  sun.text.normalizer.CharTrie$FriendAgent
1352:             1             24  [Lcom.google.common.base.Functions$ToStringFunction;
1353:             1             24  [Lcom.google.common.cache.CacheBuilder$NullListener;
1354:             1             24  [Lcom.google.common.cache.CacheBuilder$OneWeigher;
1355:             1             24  [Lcom.sun.org.apache.xalan.internal.utils.FeatureManager$Feature;
1356:             1             24  [Lcom.sun.org.apache.xalan.internal.utils.XMLSecurityPropertyManager$Property;
1357:             1             24  [Lcom.sun.org.apache.xerces.internal.utils.XMLSecurityPropertyManager$Property;
1358:             1             24  [Ljava.io.File$PathStatus;
1359:             1             24  [Ljava.lang.reflect.TypeVariable;
1360:             1             24  [Ljava.net.InetAddress$Cache$Type;
1361:             1             24  [Ljava.nio.file.LinkOption;
1362:             1             24  [Ljava.util.Locale$Category;
1363:             1             24  [Ljavax.net.ssl.KeyManager;
1364:             1             24  [Ljavax.net.ssl.TrustManager;
1365:             1             24  [Lorg.apache.lucene.search.TermQuery;
1366:             1             24  [Lorg.apache.lucene.search.spell.WordBreakSpellChecker$BreakSuggestionSortMethod;
1367:             1             24  [Lorg.apache.lucene.util.packed.PackedInts$Format;
1368:             1             24  [Lorg.apache.solr.client.solrj.SolrQuery$ORDER;
1369:             1             24  [Lorg.apache.solr.core.DirectoryFactory$DirContext;
1370:             1             24  [Lorg.apache.solr.parser.QueryParser$Operator;
1371:             1             24  [Lorg.apache.solr.schema.IndexSchema$DynamicCopy;
1372:             1             24  [Lorg.apache.solr.search.CacheConfig;
1373:             1             24  [Lorg.apache.solr.util.stats.Histogram$SampleType;
1374:             1             24  [Lorg.eclipse.jetty.server.Connector;
1375:             1             24  [Lorg.eclipse.jetty.servlet.FilterHolder;
1376:             1             24  [Lorg.eclipse.jetty.servlet.FilterMapping;
1377:             1             24  [Lsun.launcher.LauncherHelper;
1378:             1             24  [Lsun.security.ssl.EphemeralKeyManager$EphemeralKeyPair;
1379:             1             24  com.google.common.base.Functions$ToStringFunction
1380:             1             24  com.google.common.base.Joiner$1
1381:             1             24  com.google.common.base.Joiner$MapJoiner
1382:             1             24  com.google.common.cache.CacheBuilder$NullListener
1383:             1             24  com.google.common.cache.CacheBuilder$OneWeigher
1384:             1             24  com.google.common.cache.LocalCache$EntryFactory$1
1385:             1             24  com.google.common.cache.LocalCache$EntryFactory$2
1386:             1             24  com.google.common.cache.LocalCache$EntryFactory$3
1387:             1             24  com.google.common.cache.LocalCache$EntryFactory$4
1388:             1             24  com.google.common.cache.LocalCache$EntryFactory$5
1389:             1             24  com.google.common.cache.LocalCache$EntryFactory$6
1390:             1             24  com.google.common.cache.LocalCache$EntryFactory$7
1391:             1             24  com.google.common.cache.LocalCache$EntryFactory$8
1392:             1             24  com.google.common.cache.LocalCache$Strength$1
1393:             1             24  com.google.common.cache.LocalCache$Strength$2
1394:             1             24  com.google.common.cache.LocalCache$Strength$3
1395:             1             24  com.google.common.collect.ImmutableMapKeySet
1396:             1             24  com.google.common.collect.ImmutableMapKeySet$1
1397:             1             24  com.google.common.collect.SingletonImmutableSet
1398:             1             24  com.sun.beans.util.Cache$Kind$1
1399:             1             24  com.sun.beans.util.Cache$Kind$2
1400:             1             24  com.sun.beans.util.Cache$Kind$3
1401:             1             24  com.sun.org.apache.xalan.internal.utils.FeatureManager
1402:             1             24  com.sun.org.apache.xerces.internal.impl.Constants$ArrayEnumeration
1403:             1             24  com.sun.org.apache.xerces.internal.impl.dtd.XMLContentSpec
1404:             1             24  com.sun.org.apache.xpath.internal.objects.XString
1405:             1             24  java.io.StringWriter
1406:             1             24  java.lang.invoke.Invokers
1407:             1             24  java.lang.invoke.MethodHandleImpl$4
1408:             1             24  java.lang.invoke.MethodType$ConcurrentWeakInternSet
1409:             1             24  java.math.MutableBigInteger
1410:             1             24  java.net.Inet4AddressImpl
1411:             1             24  java.nio.file.LinkOption
1412:             1             24  java.util.Collections$EmptyMap
1413:             1             24  java.util.Locale$Cache
1414:             1             24  java.util.ResourceBundle$Control$CandidateListCache
1415:             1             24  java.util.TaskQueue
1416:             1             24  java.util.Timer
1417:             1             24  java.util.concurrent.TimeUnit$1
1418:             1             24  java.util.concurrent.TimeUnit$2
1419:             1             24  java.util.concurrent.TimeUnit$3
1420:             1             24  java.util.concurrent.TimeUnit$4
1421:             1             24  java.util.concurrent.TimeUnit$5
1422:             1             24  java.util.concurrent.TimeUnit$6
1423:             1             24  java.util.concurrent.TimeUnit$7
1424:             1             24  java.util.jar.Manifest
1425:             1             24  java.util.logging.LogManager$LoggerContext
1426:             1             24  java.util.logging.LoggingPermission
1427:             1             24  java.util.regex.Pattern$7
1428:             1             24  java.util.regex.Pattern$Bound
1429:             1             24  java.util.regex.Pattern$Neg
1430:             1             24  javax.net.ssl.SSLContext
1431:             1             24  org.apache.commons.logging.impl.SLF4JLogFactory
1432:             1             24  org.apache.log4j.helpers.FormattingInfo
1433:             1             24  org.apache.lucene.analysis.Tokenizer$1
1434:             1             24  org.apache.lucene.analysis.ar.ArabicStemFilterFactory
1435:             1             24  org.apache.lucene.analysis.bg.BulgarianStemFilterFactory
1436:             1             24  org.apache.lucene.analysis.ckb.SoraniNormalizationFilterFactory
1437:             1             24  org.apache.lucene.analysis.ckb.SoraniStemFilterFactory
1438:             1             24  org.apache.lucene.analysis.cz.CzechStemFilterFactory
1439:             1             24  org.apache.lucene.analysis.de.GermanLightStemFilterFactory
1440:             1             24  org.apache.lucene.analysis.de.GermanNormalizationFilterFactory
1441:             1             24  org.apache.lucene.analysis.el.GreekLowerCaseFilterFactory
1442:             1             24  org.apache.lucene.analysis.el.GreekStemFilterFactory
1443:             1             24  org.apache.lucene.analysis.en.EnglishMinimalStemFilterFactory
1444:             1             24  org.apache.lucene.analysis.es.SpanishLightStemFilterFactory
1445:             1             24  org.apache.lucene.analysis.fa.PersianCharFilterFactory
1446:             1             24  org.apache.lucene.analysis.fa.PersianNormalizationFilterFactory
1447:             1             24  org.apache.lucene.analysis.fr.FrenchLightStemFilterFactory
1448:             1             24  org.apache.lucene.analysis.ga.IrishLowerCaseFilterFactory
1449:             1             24  org.apache.lucene.analysis.gl.GalicianStemFilterFactory
1450:             1             24  org.apache.lucene.analysis.hi.HindiNormalizationFilterFactory
1451:             1             24  org.apache.lucene.analysis.hi.HindiStemFilterFactory
1452:             1             24  org.apache.lucene.analysis.in.IndicNormalizationFilterFactory
1453:             1             24  org.apache.lucene.analysis.it.ItalianLightStemFilterFactory
1454:             1             24  org.apache.lucene.analysis.ja.JapaneseBaseFormFilterFactory
1455:             1             24  org.apache.lucene.analysis.lv.LatvianStemFilterFactory
1456:             1             24  org.apache.lucene.analysis.miscellaneous.RemoveDuplicatesTokenFilterFactory
1457:             1             24  org.apache.lucene.analysis.miscellaneous.StemmerOverrideFilter$StemmerOverrideMap
1458:             1             24  org.apache.lucene.analysis.pt.PortugueseLightStemFilterFactory
1459:             1             24  org.apache.lucene.analysis.th.ThaiTokenizerFactory
1460:             1             24  org.apache.lucene.analysis.tr.ApostropheFilterFactory
1461:             1             24  org.apache.lucene.analysis.tr.TurkishLowerCaseFilterFactory
1462:             1             24  org.apache.lucene.codecs.blocktreeords.BlockTreeOrdsPostingsFormat
1463:             1             24  org.apache.lucene.codecs.bloom.BloomFilteringPostingsFormat
1464:             1             24  org.apache.lucene.codecs.lucene40.Lucene40Codec$1
1465:             1             24  org.apache.lucene.codecs.lucene41.Lucene41Codec$1
1466:             1             24  org.apache.lucene.codecs.lucene410.Lucene410Codec$1
1467:             1             24  org.apache.lucene.codecs.lucene410.Lucene410Codec$2
1468:             1             24  org.apache.lucene.codecs.lucene42.Lucene42Codec$1
1469:             1             24  org.apache.lucene.codecs.lucene42.Lucene42Codec$2
1470:             1             24  org.apache.lucene.codecs.lucene42.Lucene42Codec$3
1471:             1             24  org.apache.lucene.codecs.lucene42.Lucene42DocValuesFormat
1472:             1             24  org.apache.lucene.codecs.lucene45.Lucene45Codec$1
1473:             1             24  org.apache.lucene.codecs.lucene45.Lucene45Codec$2
1474:             1             24  org.apache.lucene.codecs.lucene45.Lucene45Codec$3
1475:             1             24  org.apache.lucene.codecs.lucene46.Lucene46Codec$1
1476:             1             24  org.apache.lucene.codecs.lucene46.Lucene46Codec$2
1477:             1             24  org.apache.lucene.codecs.lucene46.Lucene46Codec$3
1478:             1             24  org.apache.lucene.codecs.lucene49.Lucene49Codec$1
1479:             1             24  org.apache.lucene.codecs.lucene49.Lucene49Codec$2
1480:             1             24  org.apache.lucene.codecs.lucene50.Lucene50PostingsFormat
1481:             1             24  org.apache.lucene.codecs.memory.DirectPostingsFormat
1482:             1             24  org.apache.lucene.codecs.memory.MemoryDocValuesFormat
1483:             1             24  org.apache.lucene.codecs.memory.MemoryPostingsFormat
1484:             1             24  org.apache.lucene.index.DocumentsWriterDeleteQueue$DeleteSlice
1485:             1             24  org.apache.lucene.index.DocumentsWriterDeleteQueue$Node
1486:             1             24  org.apache.lucene.index.DocumentsWriterFlushQueue
1487:             1             24  org.apache.lucene.index.DocumentsWriterStallControl
1488:             1             24  org.apache.lucene.index.FlushByRamOrCountsPolicy
1489:             1             24  org.apache.lucene.index.IndexWriter$1
1490:             1             24  org.apache.lucene.index.IndexWriter$ReaderPool
1491:             1             24  org.apache.lucene.index.MultiBits
1492:             1             24  org.apache.lucene.index.MultiFields
1493:             1             24  org.apache.lucene.index.MultiTerms
1494:             1             24  org.apache.lucene.search.BooleanClause$Occur$1
1495:             1             24  org.apache.lucene.search.BooleanClause$Occur$2
1496:             1             24  org.apache.lucene.search.BooleanClause$Occur$3
1497:             1             24  org.apache.lucene.search.TopDocs
1498:             1             24  org.apache.lucene.spatial.prefix.tree.GeohashPrefixTree
1499:             1             24  org.apache.lucene.store.FlushInfo
1500:             1             24  org.apache.lucene.uninverting.FieldCacheImpl
1501:             1             24  org.apache.lucene.uninverting.FieldCacheImpl$BinaryDocValuesCache
1502:             1             24  org.apache.lucene.uninverting.FieldCacheImpl$DocTermOrdsCache
1503:             1             24  org.apache.lucene.uninverting.FieldCacheImpl$DocsWithFieldCache
1504:             1             24  org.apache.lucene.uninverting.FieldCacheImpl$LongCache
1505:             1             24  org.apache.lucene.uninverting.FieldCacheImpl$SortedDocValuesCache
1506:             1             24  org.apache.lucene.util.AttributeFactory$1
1507:             1             24  org.apache.lucene.util.AttributeSource$2
1508:             1             24  org.apache.lucene.util.SetOnce
1509:             1             24  org.apache.lucene.util.packed.PackedInts$Format$1
1510:             1             24  org.apache.lucene.util.packed.PackedInts$Format$2
1511:             1             24  org.apache.solr.client.solrj.SolrQuery
1512:             1             24  org.apache.solr.client.solrj.SolrQuery$SortClause
1513:             1             24  org.apache.solr.common.SolrInputDocument
1514:             1             24  org.apache.solr.common.util.SolrjNamedThreadFactory
1515:             1             24  org.apache.solr.core.ConfigSetService$Default
1516:             1             24  org.apache.solr.core.JarRepository
1517:             1             24  org.apache.solr.core.RequestHandlers
1518:             1             24  org.apache.solr.core.RequestParams
1519:             1             24  org.apache.solr.core.SchemaCodecFactory
1520:             1             24  org.apache.solr.core.SolrDeletionPolicy
1521:             1             24  org.apache.solr.handler.ReplicationHandler$3
1522:             1             24  org.apache.solr.handler.component.ExpandComponent
1523:             1             24  org.apache.solr.handler.component.FacetComponent
1524:             1             24  org.apache.solr.handler.component.HighlightComponent
1525:             1             24  org.apache.solr.handler.component.TermVectorComponent
1526:             1             24  org.apache.solr.highlight.BreakIteratorBoundaryScanner
1527:             1             24  org.apache.solr.highlight.DefaultEncoder
1528:             1             24  org.apache.solr.highlight.GapFragmenter
1529:             1             24  org.apache.solr.highlight.HtmlEncoder
1530:             1             24  org.apache.solr.highlight.HtmlFormatter
1531:             1             24  org.apache.solr.highlight.SimpleBoundaryScanner
1532:             1             24  org.apache.solr.highlight.SimpleFragListBuilder
1533:             1             24  org.apache.solr.highlight.SingleFragListBuilder
1534:             1             24  org.apache.solr.highlight.WeightedFragListBuilder
1535:             1             24  org.apache.solr.response.transform.ExplainAugmenterFactory
1536:             1             24  org.apache.solr.response.transform.ValueAugmenterFactory
1537:             1             24  org.apache.solr.schema.FileExchangeRateProvider
1538:             1             24  org.apache.solr.schema.TrieDateField$ThreadLocalDateFormat
1539:             1             24  org.apache.solr.search.BitDocSet
1540:             1             24  org.apache.solr.search.similarities.DefaultSimilarityFactory
1541:             1             24  org.apache.solr.spelling.SpellingQueryConverter
1542:             1             24  org.apache.solr.update.DefaultSolrCoreState$1
1543:             1             24  org.apache.solr.update.UpdateShardHandler
1544:             1             24  org.apache.solr.update.processor.LogUpdateProcessorFactory
1545:             1             24  org.apache.solr.update.processor.UpdateRequestProcessorChain
1546:             1             24  org.apache.solr.util.stats.Histogram$SampleType$1
1547:             1             24  org.apache.solr.util.stats.Histogram$SampleType$2
1548:             1             24  org.eclipse.jetty.deploy.AppLifeCycle
1549:             1             24  org.eclipse.jetty.http.HttpFields$DateGenerator
1550:             1             24  org.eclipse.jetty.http.HttpHeaderValues
1551:             1             24  org.eclipse.jetty.http.HttpHeaders
1552:             1             24  org.eclipse.jetty.server.AbstractConnector$Acceptor
1553:             1             24  org.eclipse.jetty.servlet.FilterHolder$Config
1554:             1             24  org.eclipse.jetty.servlet.NoJspServlet
1555:             1             24  org.eclipse.jetty.util.IO$NullWrite
1556:             1             24  org.eclipse.jetty.util.MultiMap
1557:             1             24  org.noggit.NullCharArr
1558:             1             24  org.slf4j.helpers.FormattingTuple
1559:             1             24  sun.launcher.LauncherHelper
1560:             1             24  sun.management.VMManagementImpl
1561:             1             24  sun.misc.JarIndex
1562:             1             24  sun.misc.URLClassPath$FileLoader
1563:             1             24  sun.net.ProgressMonitor
1564:             1             24  sun.net.sdp.SdpProvider
1565:             1             24  sun.nio.ch.SharedFileLockTable
1566:             1             24  sun.nio.cs.ISO_8859_1
1567:             1             24  sun.nio.cs.US_ASCII
1568:             1             24  sun.nio.cs.UTF_16
1569:             1             24  sun.nio.cs.UTF_16BE
1570:             1             24  sun.nio.cs.UTF_16LE
1571:             1             24  sun.nio.cs.UTF_8
1572:             1             24  sun.reflect.generics.factory.CoreReflectionFactory
1573:             1             24  sun.reflect.generics.scope.ClassScope
1574:             1             24  sun.reflect.generics.tree.FormalTypeParameter
1575:             1             24  sun.security.provider.DSAParameters
1576:             1             24  sun.security.ssl.SSLAlgorithmConstraints$TLSDisabledAlgConstraints
1577:             1             24  sun.security.ssl.SSLAlgorithmConstraints$X509DisabledAlgConstraints
1578:             1             24  sun.security.ssl.SunX509KeyManagerImpl
1579:             1             24  sun.security.util.DisabledAlgorithmConstraints$KeySizeConstraint
1580:             1             24  sun.text.normalizer.ReplaceableUCharacterIterator
1581:             1             24  sun.util.locale.BaseLocale$Cache
1582:             1             24  sun.util.locale.provider.CalendarDataProviderImpl
1583:             1             24  sun.util.locale.provider.CalendarProviderImpl
1584:             1             24  sun.util.locale.provider.CollatorProviderImpl
1585:             1             24  sun.util.locale.provider.CurrencyNameProviderImpl
1586:             1             24  sun.util.locale.provider.DateFormatSymbolsProviderImpl
1587:             1             24  sun.util.locale.provider.DecimalFormatSymbolsProviderImpl
1588:             1             24  sun.util.locale.provider.NumberFormatProviderImpl
1589:             1             16  [Ljava.beans.EventSetDescriptor;
1590:             1             16  [Ljava.lang.Enum;
1591:             1             16  [Ljava.lang.Throwable;
1592:             1             16  [Ljava.nio.file.attribute.FileAttribute;
1593:             1             16  [Ljava.security.Provider;
1594:             1             16  [Ljava.text.FieldPosition;
1595:             1             16  [Ljava.util.logging.Handler;
1596:             1             16  [Lorg.apache.lucene.codecs.PostingsFormat;
1597:             1             16  [Lorg.apache.lucene.search.ScoreDoc;
1598:             1             16  [Lorg.apache.lucene.search.SortField;
1599:             1             16  [Lorg.apache.solr.client.solrj.impl.LBHttpSolrClient$ServerWrapper;
1600:             1             16  com.google.common.base.Equivalence$Equals
1601:             1             16  com.google.common.base.Joiner
1602:             1             16  com.google.common.base.Suppliers$SupplierOfInstance
1603:             1             16  com.google.common.base.Ticker$1
1604:             1             16  com.google.common.cache.CacheBuilder$1
1605:             1             16  com.google.common.cache.CacheBuilder$2
1606:             1             16  com.google.common.cache.CacheBuilder$3
1607:             1             16  com.google.common.cache.LocalCache$1
1608:             1             16  com.google.common.cache.LocalCache$2
1609:             1             16  com.google.common.collect.ImmutableCollection$EmptyImmutableCollection
1610:             1             16  com.google.common.collect.Iterators$1
1611:             1             16  com.google.common.collect.Iterators$2
1612:             1             16  com.sun.naming.internal.VersionHelper12
1613:             1             16  com.sun.org.apache.xalan.internal.utils.SecuritySupport
1614:             1             16  com.sun.org.apache.xerces.internal.dom.CharacterDataImpl$1
1615:             1             16  com.sun.org.apache.xerces.internal.impl.XMLDocumentScannerImpl$DTDDriver
1616:             1             16  com.sun.org.apache.xerces.internal.impl.dv.dtd.IDDatatypeValidator
1617:             1             16  com.sun.org.apache.xerces.internal.impl.dv.dtd.IDREFDatatypeValidator
1618:             1             16  com.sun.org.apache.xerces.internal.impl.dv.dtd.NMTOKENDatatypeValidator
1619:             1             16  com.sun.org.apache.xerces.internal.impl.dv.dtd.NOTATIONDatatypeValidator
1620:             1             16  com.sun.org.apache.xerces.internal.impl.dv.dtd.StringDatatypeValidator
1621:             1             16  com.sun.org.apache.xerces.internal.utils.SecuritySupport
1622:             1             16  com.sun.org.apache.xpath.internal.objects.EqualComparator
1623:             1             16  com.sun.org.apache.xpath.internal.objects.GreaterThanComparator
1624:             1             16  com.sun.org.apache.xpath.internal.objects.GreaterThanOrEqualComparator
1625:             1             16  com.sun.org.apache.xpath.internal.objects.LessThanComparator
1626:             1             16  com.sun.org.apache.xpath.internal.objects.LessThanOrEqualComparator
1627:             1             16  com.sun.org.apache.xpath.internal.objects.NotEqualComparator
1628:             1             16  com.sun.org.apache.xpath.internal.objects.XMLStringFactoryImpl
1629:             1             16  java.io.FileDescriptor$1
1630:             1             16  java.lang.ApplicationShutdownHooks$1
1631:             1             16  java.lang.CharacterData00
1632:             1             16  java.lang.CharacterDataLatin1
1633:             1             16  java.lang.InheritableThreadLocal
1634:             1             16  java.lang.Runtime
1635:             1             16  java.lang.String$CaseInsensitiveComparator
1636:             1             16  java.lang.System$2
1637:             1             16  java.lang.Terminator$1
1638:             1             16  java.lang.invoke.MemberName$Factory
1639:             1             16  java.lang.invoke.MethodHandleImpl$2
1640:             1             16  java.lang.invoke.MethodHandleImpl$3
1641:             1             16  java.lang.management.PlatformComponent$1
1642:             1             16  java.lang.management.PlatformComponent$10
1643:             1             16  java.lang.management.PlatformComponent$11
1644:             1             16  java.lang.management.PlatformComponent$12
1645:             1             16  java.lang.management.PlatformComponent$13
1646:             1             16  java.lang.management.PlatformComponent$14
1647:             1             16  java.lang.management.PlatformComponent$15
1648:             1             16  java.lang.management.PlatformComponent$2
1649:             1             16  java.lang.management.PlatformComponent$3
1650:             1             16  java.lang.management.PlatformComponent$4
1651:             1             16  java.lang.management.PlatformComponent$5
1652:             1             16  java.lang.management.PlatformComponent$6
1653:             1             16  java.lang.management.PlatformComponent$7
1654:             1             16  java.lang.management.PlatformComponent$8
1655:             1             16  java.lang.management.PlatformComponent$9
1656:             1             16  java.lang.ref.Reference$Lock
1657:             1             16  java.lang.reflect.Proxy$KeyFactory
1658:             1             16  java.lang.reflect.Proxy$ProxyClassFactory
1659:             1             16  java.lang.reflect.ReflectAccess
1660:             1             16  java.net.InetAddress$2
1661:             1             16  java.net.URLClassLoader$7
1662:             1             16  java.nio.Bits$1
1663:             1             16  java.nio.channels.spi.AbstractInterruptibleChannel$1
1664:             1             16  java.nio.charset.CoderResult$1
1665:             1             16  java.nio.charset.CoderResult$2
1666:             1             16  java.security.ProtectionDomain$1
1667:             1             16  java.security.ProtectionDomain$3
1668:             1             16  java.text.DontCareFieldPosition$1
1669:             1             16  java.util.Collections$EmptyEnumeration
1670:             1             16  java.util.Collections$EmptyIterator
1671:             1             16  java.util.Collections$EmptyList
1672:             1             16  java.util.Collections$EmptySet
1673:             1             16  java.util.Collections$UnmodifiableMap$UnmodifiableEntrySet
1674:             1             16  java.util.Currency$CurrencyNameGetter
1675:             1             16  java.util.Hashtable$KeySet
1676:             1             16  java.util.ResourceBundle$Control
1677:             1             16  java.util.Timer$1
1678:             1             16  java.util.concurrent.ConcurrentHashMap$EntrySetView
1679:             1             16  java.util.concurrent.ConcurrentSkipListMap$KeySet
1680:             1             16  java.util.concurrent.Executors$FinalizableDelegatedExecutorService
1681:             1             16  java.util.concurrent.ThreadPoolExecutor$AbortPolicy
1682:             1             16  java.util.jar.JavaUtilJarAccessImpl
1683:             1             16  java.util.logging.LoggingProxyImpl
1684:             1             16  java.util.regex.Pattern$4
1685:             1             16  java.util.regex.Pattern$Begin
1686:             1             16  java.util.regex.Pattern$CharPropertyNames$10
1687:             1             16  java.util.regex.Pattern$CharPropertyNames$11
1688:             1             16  java.util.regex.Pattern$CharPropertyNames$12
1689:             1             16  java.util.regex.Pattern$CharPropertyNames$13
1690:             1             16  java.util.regex.Pattern$CharPropertyNames$14
1691:             1             16  java.util.regex.Pattern$CharPropertyNames$15
1692:             1             16  java.util.regex.Pattern$CharPropertyNames$16
1693:             1             16  java.util.regex.Pattern$CharPropertyNames$17
1694:             1             16  java.util.regex.Pattern$CharPropertyNames$18
1695:             1             16  java.util.regex.Pattern$CharPropertyNames$19
1696:             1             16  java.util.regex.Pattern$CharPropertyNames$20
1697:             1             16  java.util.regex.Pattern$CharPropertyNames$21
1698:             1             16  java.util.regex.Pattern$CharPropertyNames$22
1699:             1             16  java.util.regex.Pattern$CharPropertyNames$23
1700:             1             16  java.util.regex.Pattern$CharPropertyNames$5
1701:             1             16  java.util.regex.Pattern$CharPropertyNames$6
1702:             1             16  java.util.regex.Pattern$CharPropertyNames$7
1703:             1             16  java.util.regex.Pattern$CharPropertyNames$8
1704:             1             16  java.util.regex.Pattern$CharPropertyNames$9
1705:             1             16  java.util.regex.Pattern$LastNode
1706:             1             16  java.util.regex.Pattern$Node
1707:             1             16  java.util.zip.ZipFile$1
1708:             1             16  javax.xml.parsers.SecuritySupport
1709:             1             16  javax.xml.stream.SecuritySupport
1710:             1             16  javax.xml.transform.SecuritySupport
1711:             1             16  org.apache.http.conn.ssl.AllowAllHostnameVerifier
1712:             1             16  org.apache.http.conn.ssl.BrowserCompatHostnameVerifier
1713:             1             16  org.apache.http.conn.ssl.StrictHostnameVerifier
1714:             1             16  org.apache.log4j.DefaultCategoryFactory
1715:             1             16  org.apache.log4j.helpers.AppenderAttachableImpl
1716:             1             16  org.apache.log4j.or.DefaultRenderer
1717:             1             16  org.apache.log4j.or.RendererMap
1718:             1             16  org.apache.log4j.spi.DefaultRepositorySelector
1719:             1             16  org.apache.lucene.analysis.Analyzer$1
1720:             1             16  org.apache.lucene.analysis.Analyzer$2
1721:             1             16  org.apache.lucene.analysis.payloads.FloatEncoder
1722:             1             16  org.apache.lucene.analysis.util.CharacterUtils$Java4CharacterUtils
1723:             1             16  org.apache.lucene.analysis.util.CharacterUtils$Java5CharacterUtils
1724:             1             16  org.apache.lucene.codecs.bloom.DefaultBloomFilterFactory
1725:             1             16  org.apache.lucene.codecs.compressing.CompressionMode$1
1726:             1             16  org.apache.lucene.codecs.compressing.CompressionMode$2
1727:             1             16  org.apache.lucene.codecs.compressing.CompressionMode$3
1728:             1             16  org.apache.lucene.codecs.compressing.CompressionMode$4
1729:             1             16  org.apache.lucene.codecs.lucene40.Lucene40PostingsFormat
1730:             1             16  org.apache.lucene.codecs.lucene40.Lucene40StoredFieldsFormat
1731:             1             16  org.apache.lucene.codecs.lucene41.Lucene41PostingsFormat
1732:             1             16  org.apache.lucene.codecs.lucene410.Lucene410Codec$3
1733:             1             16  org.apache.lucene.codecs.lucene410.Lucene410DocValuesFormat
1734:             1             16  org.apache.lucene.codecs.lucene45.Lucene45DocValuesFormat
1735:             1             16  org.apache.lucene.codecs.lucene49.Lucene49Codec$3
1736:             1             16  org.apache.lucene.codecs.lucene49.Lucene49DocValuesFormat
1737:             1             16  org.apache.lucene.codecs.lucene50.Lucene50DocValuesFormat
1738:             1             16  org.apache.lucene.codecs.memory.DirectDocValuesFormat
1739:             1             16  org.apache.lucene.codecs.memory.FSTOrdPostingsFormat
1740:             1             16  org.apache.lucene.codecs.memory.FSTPostingsFormat
1741:             1             16  org.apache.lucene.codecs.simpletext.SimpleTextCompoundFormat
1742:             1             16  org.apache.lucene.codecs.simpletext.SimpleTextFieldInfosFormat
1743:             1             16  org.apache.lucene.codecs.simpletext.SimpleTextLiveDocsFormat
1744:             1             16  org.apache.lucene.codecs.simpletext.SimpleTextNormsFormat
1745:             1             16  org.apache.lucene.codecs.simpletext.SimpleTextSegmentInfoFormat
1746:             1             16  org.apache.lucene.codecs.simpletext.SimpleTextStoredFieldsFormat
1747:             1             16  org.apache.lucene.codecs.simpletext.SimpleTextTermVectorsFormat
1748:             1             16  org.apache.lucene.index.BufferedUpdatesStream$1
1749:             1             16  org.apache.lucene.index.DocumentsWriterPerThread$1
1750:             1             16  org.apache.lucene.index.TermsEnum$2
1751:             1             16  org.apache.lucene.search.MultiTermQuery$1
1752:             1             16  org.apache.lucene.search.ScoringRewrite$1
1753:             1             16  org.apache.lucene.search.ScoringRewrite$2
1754:             1             16  org.apache.lucene.search.spell.LuceneLevenshteinDistance
1755:             1             16  org.apache.lucene.search.spell.SuggestWordScoreComparator
1756:             1             16  org.apache.lucene.store.MMapDirectory$1
1757:             1             16  org.apache.lucene.store.NativeFSLockFactory
1758:             1             16  org.apache.lucene.uninverting.FieldCache$1
1759:             1             16  org.apache.lucene.uninverting.FieldCache$2
1760:             1             16  org.apache.lucene.uninverting.FieldCache$3
1761:             1             16  org.apache.lucene.uninverting.FieldCache$4
1762:             1             16  org.apache.lucene.uninverting.FieldCacheImpl$1
1763:             1             16  org.apache.lucene.util.ArrayUtil$NaturalComparator
1764:             1             16  org.apache.lucene.util.AttributeFactory$DefaultAttributeFactory
1765:             1             16  org.apache.lucene.util.BytesRef$UTF8SortedAsUTF16Comparator
1766:             1             16  org.apache.lucene.util.BytesRef$UTF8SortedAsUnicodeComparator
1767:             1             16  org.apache.lucene.util.CharsRef$UTF16SortedAsUTF8Comparator
1768:             1             16  org.apache.lucene.util.InfoStream$NoOutput
1769:             1             16  org.apache.lucene.util.LongValues$1
1770:             1             16  org.apache.lucene.util.fst.ByteSequenceOutputs
1771:             1             16  org.apache.lucene.util.packed.PackedInts$NullReader
1772:             1             16  org.apache.solr.client.solrj.impl.BinaryResponseParser
1773:             1             16  org.apache.solr.client.solrj.impl.HttpClientConfigurer
1774:             1             16  org.apache.solr.core.ConfigSolrXml$1
1775:             1             16  org.apache.solr.core.ConfigSolrXml$2
1776:             1             16  org.apache.solr.core.ConfigSolrXml$3
1777:             1             16  org.apache.solr.core.CorePropertiesLocator
1778:             1             16  org.apache.solr.core.SolrCore$9
1779:             1             16  org.apache.solr.core.StandardIndexReaderFactory
1780:             1             16  org.apache.solr.handler.ReplicationHandler$2
1781:             1             16  org.apache.solr.handler.component.DebugComponent
1782:             1             16  org.apache.solr.handler.component.MoreLikeThisComponent
1783:             1             16  org.apache.solr.handler.component.QueryComponent
1784:             1             16  org.apache.solr.handler.component.RealTimeGetComponent
1785:             1             16  org.apache.solr.handler.component.StatsComponent
1786:             1             16  org.apache.solr.handler.component.TermsComponent
1787:             1             16  org.apache.solr.response.BinaryResponseWriter
1788:             1             16  org.apache.solr.response.CSVResponseWriter
1789:             1             16  org.apache.solr.response.PHPResponseWriter
1790:             1             16  org.apache.solr.response.PHPSerializedResponseWriter
1791:             1             16  org.apache.solr.response.PythonResponseWriter
1792:             1             16  org.apache.solr.response.RawResponseWriter
1793:             1             16  org.apache.solr.response.RubyResponseWriter
1794:             1             16  org.apache.solr.response.SchemaXmlResponseWriter
1795:             1             16  org.apache.solr.response.SortingResponseWriter
1796:             1             16  org.apache.solr.response.XMLResponseWriter
1797:             1             16  org.apache.solr.response.XSLTResponseWriter
1798:             1             16  org.apache.solr.response.transform.ChildDocTransformerFactory
1799:             1             16  org.apache.solr.response.transform.DocIdAugmenterFactory
1800:             1             16  org.apache.solr.response.transform.ElevatedMarkerFactory
1801:             1             16  org.apache.solr.response.transform.ExcludedMarkerFactory
1802:             1             16  org.apache.solr.response.transform.ShardAugmenterFactory
1803:             1             16  org.apache.solr.rest.ManagedResourceStorage$FileStorageIO
1804:             1             16  org.apache.solr.schema.RandomSortField$1
1805:             1             16  org.apache.solr.search.BoostQParserPlugin
1806:             1             16  org.apache.solr.search.CollapsingQParserPlugin
1807:             1             16  org.apache.solr.search.ComplexPhraseQParserPlugin
1808:             1             16  org.apache.solr.search.DateValueSourceParser
1809:             1             16  org.apache.solr.search.DisMaxQParserPlugin
1810:             1             16  org.apache.solr.search.ExportQParserPlugin
1811:             1             16  org.apache.solr.search.ExtendedDismaxQParserPlugin
1812:             1             16  org.apache.solr.search.FieldQParserPlugin
1813:             1             16  org.apache.solr.search.FunctionQParserPlugin
1814:             1             16  org.apache.solr.search.FunctionRangeQParserPlugin
1815:             1             16  org.apache.solr.search.JoinQParserPlugin
1816:             1             16  org.apache.solr.search.LuceneQParserPlugin
1817:             1             16  org.apache.solr.search.MaxScoreQParserPlugin
1818:             1             16  org.apache.solr.search.NestedQParserPlugin
1819:             1             16  org.apache.solr.search.NoOpRegenerator
1820:             1             16  org.apache.solr.search.OldLuceneQParserPlugin
1821:             1             16  org.apache.solr.search.PrefixQParserPlugin
1822:             1             16  org.apache.solr.search.RawQParserPlugin
1823:             1             16  org.apache.solr.search.ReRankQParserPlugin
1824:             1             16  org.apache.solr.search.SimpleQParserPlugin
1825:             1             16  org.apache.solr.search.SolrFieldCacheMBean
1826:             1             16  org.apache.solr.search.SolrIndexSearcher$1
1827:             1             16  org.apache.solr.search.SolrIndexSearcher$2
1828:             1             16  org.apache.solr.search.SolrIndexSearcher$3
1829:             1             16  org.apache.solr.search.SolrIndexSearcher$4
1830:             1             16  org.apache.solr.search.SolrQueryTimeoutImpl
1831:             1             16  org.apache.solr.search.SolrQueryTimeoutImpl$1
1832:             1             16  org.apache.solr.search.SpatialBoxQParserPlugin
1833:             1             16  org.apache.solr.search.SpatialFilterQParserPlugin
1834:             1             16  org.apache.solr.search.SurroundQParserPlugin
1835:             1             16  org.apache.solr.search.SwitchQParserPlugin
1836:             1             16  org.apache.solr.search.TermQParserPlugin
1837:             1             16  org.apache.solr.search.TermsQParserPlugin
1838:             1             16  org.apache.solr.search.ValueSourceParser$1
1839:             1             16  org.apache.solr.search.ValueSourceParser$10
1840:             1             16  org.apache.solr.search.ValueSourceParser$11
1841:             1             16  org.apache.solr.search.ValueSourceParser$12
1842:             1             16  org.apache.solr.search.ValueSourceParser$13
1843:             1             16  org.apache.solr.search.ValueSourceParser$14
1844:             1             16  org.apache.solr.search.ValueSourceParser$15
1845:             1             16  org.apache.solr.search.ValueSourceParser$16
1846:             1             16  org.apache.solr.search.ValueSourceParser$17
1847:             1             16  org.apache.solr.search.ValueSourceParser$18
1848:             1             16  org.apache.solr.search.ValueSourceParser$19
1849:             1             16  org.apache.solr.search.ValueSourceParser$2
1850:             1             16  org.apache.solr.search.ValueSourceParser$20
1851:             1             16  org.apache.solr.search.ValueSourceParser$21
1852:             1             16  org.apache.solr.search.ValueSourceParser$22
1853:             1             16  org.apache.solr.search.ValueSourceParser$23
1854:             1             16  org.apache.solr.search.ValueSourceParser$24
1855:             1             16  org.apache.solr.search.ValueSourceParser$25
1856:             1             16  org.apache.solr.search.ValueSourceParser$26
1857:             1             16  org.apache.solr.search.ValueSourceParser$27
1858:             1             16  org.apache.solr.search.ValueSourceParser$28
1859:             1             16  org.apache.solr.search.ValueSourceParser$29
1860:             1             16  org.apache.solr.search.ValueSourceParser$3
1861:             1             16  org.apache.solr.search.ValueSourceParser$30
1862:             1             16  org.apache.solr.search.ValueSourceParser$31
1863:             1             16  org.apache.solr.search.ValueSourceParser$32
1864:             1             16  org.apache.solr.search.ValueSourceParser$33
1865:             1             16  org.apache.solr.search.ValueSourceParser$34
1866:             1             16  org.apache.solr.search.ValueSourceParser$35
1867:             1             16  org.apache.solr.search.ValueSourceParser$36
1868:             1             16  org.apache.solr.search.ValueSourceParser$37
1869:             1             16  org.apache.solr.search.ValueSourceParser$38
1870:             1             16  org.apache.solr.search.ValueSourceParser$39
1871:             1             16  org.apache.solr.search.ValueSourceParser$4
1872:             1             16  org.apache.solr.search.ValueSourceParser$40
1873:             1             16  org.apache.solr.search.ValueSourceParser$41
1874:             1             16  org.apache.solr.search.ValueSourceParser$42
1875:             1             16  org.apache.solr.search.ValueSourceParser$43
1876:             1             16  org.apache.solr.search.ValueSourceParser$44
1877:             1             16  org.apache.solr.search.ValueSourceParser$45
1878:             1             16  org.apache.solr.search.ValueSourceParser$46
1879:             1             16  org.apache.solr.search.ValueSourceParser$47
1880:             1             16  org.apache.solr.search.ValueSourceParser$48
1881:             1             16  org.apache.solr.search.ValueSourceParser$49
1882:             1             16  org.apache.solr.search.ValueSourceParser$5
1883:             1             16  org.apache.solr.search.ValueSourceParser$50
1884:             1             16  org.apache.solr.search.ValueSourceParser$51
1885:             1             16  org.apache.solr.search.ValueSourceParser$52
1886:             1             16  org.apache.solr.search.ValueSourceParser$53
1887:             1             16  org.apache.solr.search.ValueSourceParser$54
1888:             1             16  org.apache.solr.search.ValueSourceParser$55
1889:             1             16  org.apache.solr.search.ValueSourceParser$56
1890:             1             16  org.apache.solr.search.ValueSourceParser$57
1891:             1             16  org.apache.solr.search.ValueSourceParser$58
1892:             1             16  org.apache.solr.search.ValueSourceParser$59
1893:             1             16  org.apache.solr.search.ValueSourceParser$6
1894:             1             16  org.apache.solr.search.ValueSourceParser$60
1895:             1             16  org.apache.solr.search.ValueSourceParser$61
1896:             1             16  org.apache.solr.search.ValueSourceParser$62
1897:             1             16  org.apache.solr.search.ValueSourceParser$63
1898:             1             16  org.apache.solr.search.ValueSourceParser$64
1899:             1             16  org.apache.solr.search.ValueSourceParser$65
1900:             1             16  org.apache.solr.search.ValueSourceParser$66
1901:             1             16  org.apache.solr.search.ValueSourceParser$67
1902:             1             16  org.apache.solr.search.ValueSourceParser$68
1903:             1             16  org.apache.solr.search.ValueSourceParser$69
1904:             1             16  org.apache.solr.search.ValueSourceParser$7
1905:             1             16  org.apache.solr.search.ValueSourceParser$70
1906:             1             16  org.apache.solr.search.ValueSourceParser$71
1907:             1             16  org.apache.solr.search.ValueSourceParser$72
1908:             1             16  org.apache.solr.search.ValueSourceParser$73
1909:             1             16  org.apache.solr.search.ValueSourceParser$74
1910:             1             16  org.apache.solr.search.ValueSourceParser$8
1911:             1             16  org.apache.solr.search.ValueSourceParser$9
1912:             1             16  org.apache.solr.search.function.distance.GeoDistValueSourceParser
1913:             1             16  org.apache.solr.search.grouping.endresulttransformer.MainEndResultTransformer
1914:             1             16  org.apache.solr.search.grouping.endresulttransformer.SimpleEndResultTransformer
1915:             1             16  org.apache.solr.search.join.BlockJoinChildQParserPlugin
1916:             1             16  org.apache.solr.search.join.BlockJoinParentQParserPlugin
1917:             1             16  org.apache.solr.search.mlt.MLTQParserPlugin
1918:             1             16  org.apache.solr.search.stats.LocalStatsCache
1919:             1             16  org.apache.solr.update.LoggingInfoStream
1920:             1             16  org.apache.solr.update.TransactionLog$1
1921:             1             16  org.apache.solr.update.processor.DistributedUpdateProcessorFactory
1922:             1             16  org.apache.solr.update.processor.RunUpdateProcessorFactory
1923:             1             16  org.apache.solr.util.EmptyEntityResolver$1
1924:             1             16  org.apache.solr.util.EmptyEntityResolver$2
1925:             1             16  org.apache.solr.util.stats.Clock$UserTimeClock
1926:             1             16  org.eclipse.jetty.deploy.bindings.StandardDeployer
1927:             1             16  org.eclipse.jetty.deploy.bindings.StandardStarter
1928:             1             16  org.eclipse.jetty.deploy.bindings.StandardStopper
1929:             1             16  org.eclipse.jetty.deploy.bindings.StandardUndeployer
1930:             1             16  org.eclipse.jetty.deploy.providers.ContextProvider$1
1931:             1             16  org.eclipse.jetty.deploy.providers.ScanningAppProvider$1
1932:             1             16  org.eclipse.jetty.http.HttpFields$1
1933:             1             16  org.eclipse.jetty.http.HttpFields$2
1934:             1             16  org.eclipse.jetty.http.MimeTypes
1935:             1             16  org.eclipse.jetty.security.DefaultAuthenticatorFactory
1936:             1             16  org.eclipse.jetty.security.SecurityHandler$1
1937:             1             16  org.eclipse.jetty.security.SecurityHandler$2
1938:             1             16  org.eclipse.jetty.security.SecurityHandler$3
1939:             1             16  org.eclipse.jetty.server.Authentication$1
1940:             1             16  org.eclipse.jetty.server.Authentication$2
1941:             1             16  org.eclipse.jetty.server.Authentication$3
1942:             1             16  org.eclipse.jetty.server.Authentication$4
1943:             1             16  org.eclipse.jetty.server.Authentication$5
1944:             1             16  org.eclipse.jetty.server.handler.ContextHandler$ApproveNonExistentDirectoryAliases
1945:             1             16  org.eclipse.jetty.server.session.AbstractSessionManager$1
1946:             1             16  org.eclipse.jetty.server.session.AbstractSessionManager$2
1947:             1             16  org.eclipse.jetty.servlet.listener.ELContextCleaner
1948:             1             16  org.eclipse.jetty.servlet.listener.IntrospectorCleaner
1949:             1             16  org.eclipse.jetty.start.FilenameComparator
1950:             1             16  org.eclipse.jetty.util.IO$ClosedIS
1951:             1             16  org.eclipse.jetty.util.IO$NullOS
1952:             1             16  org.eclipse.jetty.util.StringMap$NullEntry
1953:             1             16  org.eclipse.jetty.util.component.Container
1954:             1             16  org.eclipse.jetty.util.thread.QueuedThreadPool$3
1955:             1             16  org.eclipse.jetty.webapp.FragmentConfiguration
1956:             1             16  org.eclipse.jetty.webapp.JettyWebXmlConfiguration
1957:             1             16  org.eclipse.jetty.webapp.MetaInfConfiguration
1958:             1             16  org.eclipse.jetty.webapp.StandardDescriptorProcessor
1959:             1             16  org.eclipse.jetty.webapp.WebInfConfiguration
1960:             1             16  org.eclipse.jetty.webapp.WebXmlConfiguration
1961:             1             16  org.opensextant.solrtexttagger.TagClusterReducer$1
1962:             1             16  org.opensextant.solrtexttagger.TagClusterReducer$2
1963:             1             16  org.opensextant.solrtexttagger.TagClusterReducer$3
1964:             1             16  org.slf4j.helpers.NOPLoggerFactory
1965:             1             16  org.slf4j.helpers.SubstituteLoggerFactory
1966:             1             16  org.slf4j.impl.Log4jLoggerFactory
1967:             1             16  org.slf4j.impl.StaticLoggerBinder
1968:             1             16  sun.management.HotSpotDiagnostic
1969:             1             16  sun.misc.ASCIICaseInsensitiveComparator
1970:             1             16  sun.misc.FloatingDecimal$1
1971:             1             16  sun.misc.Launcher
1972:             1             16  sun.misc.Launcher$Factory
1973:             1             16  sun.misc.Perf
1974:             1             16  sun.misc.Unsafe
1975:             1             16  sun.net.DefaultProgressMeteringPolicy
1976:             1             16  sun.net.www.protocol.file.Handler
1977:             1             16  sun.net.www.protocol.jar.JarFileFactory
1978:             1             16  sun.nio.ch.Util$1
1979:             1             16  sun.nio.fs.LinuxFileSystemProvider
1980:             1             16  sun.reflect.GeneratedConstructorAccessor13
1981:             1             16  sun.reflect.GeneratedConstructorAccessor8
1982:             1             16  sun.reflect.GeneratedMethodAccessor1
1983:             1             16  sun.reflect.GeneratedMethodAccessor2
1984:             1             16  sun.reflect.GeneratedMethodAccessor3
1985:             1             16  sun.reflect.GeneratedMethodAccessor4
1986:             1             16  sun.reflect.GeneratedMethodAccessor5
1987:             1             16  sun.reflect.GeneratedMethodAccessor6
1988:             1             16  sun.reflect.ReflectionFactory
1989:             1             16  sun.reflect.generics.tree.BottomSignature
1990:             1             16  sun.security.rsa.RSAKeyFactory
1991:             1             16  sun.security.ssl.EphemeralKeyManager
1992:             1             16  sun.security.util.ByteArrayLexOrder
1993:             1             16  sun.security.util.ByteArrayTagOrder
1994:             1             16  sun.text.normalizer.NormalizerBase$Mode
1995:             1             16  sun.text.normalizer.NormalizerBase$NFCMode
1996:             1             16  sun.text.normalizer.NormalizerBase$NFDMode
1997:             1             16  sun.text.normalizer.NormalizerBase$NFKCMode
1998:             1             16  sun.text.normalizer.NormalizerBase$NFKDMode
1999:             1             16  sun.text.normalizer.NormalizerImpl
2000:             1             16  sun.text.normalizer.NormalizerImpl$AuxTrieImpl
2001:             1             16  sun.text.normalizer.NormalizerImpl$FCDTrieImpl
2002:             1             16  sun.text.normalizer.NormalizerImpl$NormTrieImpl
2003:             1             16  sun.text.normalizer.ReplaceableString
2004:             1             16  sun.util.calendar.Gregorian
2005:             1             16  sun.util.locale.provider.AuxLocaleProviderAdapter$NullProvider
2006:             1             16  sun.util.locale.provider.CalendarDataUtility$CalendarWeekParameterGetter
2007:             1             16  sun.util.locale.provider.SPILocaleProviderAdapter
2008:             1             16  sun.util.resources.LocaleData
2009:             1             16  sun.util.resources.LocaleData$LocaleDataResourceBundleControl
Total      44723054     5342608384

 num     #instances         #bytes  class name
----------------------------------------------
   1:      31318906     3145374232  [C
   2:         42662     1406410368  [B
   3:      31309726      751433424  java.lang.String
   4:          4448      391743944  [I
   5:         10178      126157320  [Ljava.lang.Object;
   6:         22689       55879680  [J
   7:         20353         814120  org.apache.lucene.util.packed.Packed64
   8:          8058         580176  org.apache.lucene.util.fst.FST$Arc
   9:          5040         567752  java.lang.Class
  10:         15910         509120  java.util.HashMap$Node
  11:          4059         485584  [Ljava.util.HashMap$Node;
  12:          7410         237120  java.util.concurrent.ConcurrentHashMap$Node
  13:          4825         231600  java.util.HashMap
  14:          6946         166704  java.util.ArrayList
  15:          3596         143840  org.apache.lucene.document.FieldType
  16:            43         139024  [S
  17:          5551         133224  org.apache.lucene.util.BytesRef
  18:            24         127808  [[B
  19:          3594         115008  org.apache.lucene.document.Field
  20:          3594         115008  org.apache.lucene.document.LazyDocument$LazyField
  21:           655         101304  [Lorg.apache.lucene.util.fst.FST$Arc;
  22:            66         101256  [Lorg.apache.lucene.util.packed.PackedInts$Reader;
  23:          3149         100768  org.apache.lucene.util.WeakIdentityMap$IdentityWeakReference
  24:            17          99656  [F
  25:          2376          95040  java.util.LinkedHashMap$Entry
  26:          2161          86440  org.tartarus.snowball.Among
  27:           107          63696  [Ljava.util.concurrent.ConcurrentHashMap$Node;
  28:          3725          59600  java.lang.Object
  29:          2405          57720  org.apache.lucene.util.packed.Direct8
  30:          1802          57664  java.util.Hashtable$Entry
  31:          1369          54760  java.util.TreeMap$Entry
  32:          2005          48120  org.apache.lucene.util.packed.Packed64SingleBlock$Packed64SingleBlock4
  33:           511          43696  [Ljava.util.WeakHashMap$Entry;
  34:           155          43488  [[C
  35:          1752          42048  java.util.concurrent.ConcurrentSkipListMap$Node
  36:           654          41976  [Ljava.lang.String;
  37:          1657          39768  java.lang.Long
  38:          1200          38400  org.apache.lucene.document.LazyDocument
  39:          1417          34008  java.lang.Double
  40:           824          32960  java.util.WeakHashMap$Entry
  41:           498          31872  java.nio.DirectByteBufferR
  42:           782          31280  com.sun.org.apache.xerces.internal.dom.TextImpl
  43:           778          31120  com.sun.org.apache.xerces.internal.dom.DeferredTextImpl
  44:           937          29984  java.lang.ref.WeakReference
  45:           714          28560  java.lang.ref.SoftReference
  46:          1749          27984  java.lang.Integer
  47:           862          27584  sun.security.util.DerInputBuffer
  48:           862          27584  sun.security.util.DerValue
  49:           677          27080  java.math.BigInteger
  50:           241          25064  org.apache.lucene.util.fst.FST
  51:           508          24384  java.util.WeakHashMap
  52:          1501          24016  java.util.HashSet
  53:           736          23552  java.lang.ThreadLocal$ThreadLocalMap$Entry
  54:           477          22896  org.apache.lucene.index.FieldInfo
  55:           354          22656  java.net.URL
  56:           291          20952  com.sun.org.apache.xerces.internal.dom.DeferredElementNSImpl
  57:           649          20768  java.util.Collections$UnmodifiableMap
  58:           862          20688  sun.security.util.DerInputStream
  59:           857          20568  [Lsun.security.x509.AVA;
  60:           857          20568  sun.security.x509.AVA
  61:           857          20568  sun.security.x509.RDN
  62:           609          19488  java.lang.ref.ReferenceQueue
  63:           303          19392  com.sun.org.apache.xerces.internal.dom.ElementNSImpl
  64:          1200          19200  org.apache.lucene.document.Document
  65:           288          18432  org.apache.lucene.store.ByteBufferIndexInput$SingleBufferImpl
  66:           208          18304  org.apache.lucene.codecs.blocktree.FieldReader
  67:           226          18080  java.lang.reflect.Constructor
  68:            74          17744  [Ljava.util.Hashtable$Entry;
  69:           718          17232  java.util.concurrent.ConcurrentSkipListMap$Index
  70:           352          16896  com.sun.org.apache.xerces.internal.dom.AttrNSImpl
  71:           341          16368  com.sun.org.apache.xerces.internal.dom.DeferredAttrNSImpl
  72:           254          16256  java.util.concurrent.ConcurrentHashMap
  73:           384          15360  java.lang.ref.Finalizer
  74:           236          15104  org.apache.lucene.codecs.compressing.CompressingStoredFieldsReader
  75:           236          15104  org.eclipse.jetty.io.BufferCache$CachedBuffer
  76:           377          15080  org.eclipse.jetty.util.StringMap$Node
  77:           471          15072  sun.security.util.ObjectIdentifier
  78:           246          13776  java.util.LinkedHashMap
  79:           571          13704  com.sun.org.apache.xerces.internal.dom.AttributeMap
  80:           237          13272  java.lang.Package
  81:           236          13216  org.apache.lucene.codecs.compressing.CompressingStoredFieldsReader$BlockState
  82:           540          12960  java.util.concurrent.atomic.AtomicLong
  83:           130          11440  [Lorg.eclipse.jetty.util.StringMap$Node;
  84:           119          11424  java.util.jar.JarFile$JarFileEntry
  85:           232          11136  java.util.TreeMap
  86:           341          10912  sun.misc.FDBigInteger
  87:           261          10440  org.eclipse.jetty.xml.XmlParser$Node
  88:           184          10304  org.eclipse.jetty.io.ByteArrayBuffer
  89:            91          10216  [Lorg.tartarus.snowball.Among;
  90:           211          10128  sun.security.x509.X500Name
  91:           104           9984  org.apache.lucene.index.SegmentCommitInfo
  92:           415           9960  org.apache.lucene.util.fst.ReverseBytesReader
  93:            39           9840  [Ljava.lang.ThreadLocal$ThreadLocalMap$Entry;
  94:           611           9776  java.lang.ref.ReferenceQueue$Lock
  95:           241           9640  org.apache.lucene.util.fst.BytesStore
  96:           298           9536  sun.security.x509.AlgorithmId
  97:            25           9400  java.lang.Thread
  98:           292           9344  org.apache.lucene.util.Version
  99:           156           8736  org.apache.lucene.codecs.memory.MemoryPostingsFormat$FSTTermsEnum
 100:           156           8736  org.apache.lucene.util.fst.BytesRefFSTEnum
 101:           209           8360  com.sun.org.apache.xerces.internal.dom.CommentImpl
 102:           209           8360  com.sun.org.apache.xerces.internal.dom.DeferredCommentImpl
 103:           147           8232  sun.nio.cs.UTF_8$Encoder
 104:           124           7936  java.util.jar.JarFile
 105:            99           7920  sun.security.x509.X509CertImpl
 106:           316           7584  java.util.LinkedList$Node
 107:           211           7344  [Lsun.security.x509.RDN;
 108:           458           7328  java.util.concurrent.atomic.AtomicInteger
 109:           288           6912  [Ljava.nio.ByteBuffer;
 110:           117           6880  [Z
 111:            75           6600  java.lang.reflect.Method
 112:           164           6560  org.apache.log4j.Logger
 113:           200           6400  com.sun.org.apache.xerces.internal.xni.QName
 114:           133           6384  java.util.zip.Inflater
 115:           133           6384  org.apache.lucene.index.LeafReaderContext
 116:           133           6384  sun.misc.URLClassPath$JarLoader
 117:           256           6144  org.apache.solr.update.VersionBucket
 118:            99           5544  sun.security.util.MemoryCache$SoftCacheEntry
 119:            99           5544  sun.security.x509.X509CertInfo
 120:           230           5520  org.apache.lucene.util.packed.Packed64SingleBlock$Packed64SingleBlock2
 121:           172           5504  org.apache.lucene.store.ByteArrayDataInput
 122:           170           5440  java.util.LinkedList
 123:           223           5352  java.security.Provider$ServiceKey
 124:            95           5320  java.security.Provider$Service
 125:           221           5304  org.apache.log4j.CategoryKey
 126:           212           5088  java.util.Date
 127:           211           5064  org.apache.lucene.index.IndexFileDeleter$RefCount
 128:           208           4992  org.apache.lucene.index.MultiDocsEnum$EnumWithSlice
 129:           155           4960  org.apache.lucene.index.MultiTermsEnum$TermsEnumWithSlice
 130:           202           4848  java.util.Collections$SynchronizedSet
 131:           210           4696  [Ljava.lang.Class;
 132:           140           4480  java.util.zip.ZipCoder
 133:           276           4416  java.lang.ThreadLocal
 134:           276           4416  java.util.HashMap$EntrySet
 135:           273           4368  java.lang.Byte
 136:           181           4344  java.lang.Class$AnnotationData
 137:            90           4320  org.apache.solr.util.stats.EWMA
 138:           265           4240  org.apache.solr.common.util.NamedList
 139:           259           4184  [Lorg.eclipse.jetty.xml.XmlParser$Attribute;
 140:             1           4112  [Lcom.sun.org.apache.xpath.internal.objects.XObject;
 141:           256           4096  java.lang.Short
 142:            26           3952  [Lorg.apache.lucene.util.packed.PackedInts$Decoder;
 143:            26           3952  [Lorg.apache.lucene.util.packed.PackedInts$Encoder;
 144:           162           3888  org.slf4j.impl.Log4jLoggerAdapter
 145:            97           3880  org.apache.solr.analysis.TokenizerChain
 146:            94           3760  sun.security.rsa.RSAPublicKeyImpl
 147:           156           3744  org.apache.lucene.index.ExitableDirectoryReader$ExitableTermsEnum
 148:           156           3744  org.apache.lucene.util.fst.BytesRefFSTEnum$InputOutput
 149:           111           3552  java.io.FileDescriptor
 150:            63           3528  java.lang.invoke.MemberName
 151:            62           3472  java.beans.MethodDescriptor
 152:            56           3360  [Ljava.lang.ref.SoftReference;
 153:           140           3360  java.util.ArrayDeque
 154:            45           3240  org.apache.solr.schema.TextField
 155:           133           3192  java.util.zip.ZStreamRef
 156:           132           3168  java.util.jar.Attributes$Name
 157:           130           3120  org.apache.lucene.index.MultiDocsAndPositionsEnum$EnumWithSlice
 158:            78           3120  sun.misc.Cleaner
 159:            78           3120  sun.nio.ch.FileChannelImpl$Unmapper
 160:            96           3072  java.util.concurrent.locks.ReentrantLock$NonfairSync
 161:           127           3048  org.apache.lucene.util.CloseableThreadLocal
 162:            95           3040  java.util.Collections$SynchronizedMap
 163:            94           3008  org.apache.solr.schema.StrFieldSource$1
 164:            16           2944  org.eclipse.jetty.server.Request
 165:            52           2912  org.apache.lucene.index.SegmentInfo
 166:            10           2848  [Lcom.sun.org.apache.xerces.internal.xni.QName;
 167:            71           2840  org.apache.solr.schema.SchemaField
 168:           118           2832  java.beans.MethodRef
 169:            86           2752  sun.security.x509.BasicConstraintsExtension
 170:            83           2656  com.sun.org.apache.xerces.internal.util.SymbolTable$Entry
 171:           166           2656  java.util.HashMap$KeySet
 172:            97           2648  [Lorg.apache.lucene.analysis.util.TokenFilterFactory;
 173:           108           2592  sun.reflect.NativeConstructorAccessorImpl
 174:           161           2576  java.util.HashMap$Values
 175:            64           2560  org.apache.solr.core.PluginInfo
 176:            53           2544  org.eclipse.jetty.util.resource.FileResource
 177:            79           2528  java.io.File
 178:            79           2528  sun.security.x509.SubjectKeyIdentifierExtension
 179:            78           2496  java.lang.invoke.LambdaForm$Name
 180:           103           2472  org.apache.lucene.index.MultiTermsEnum$TermsEnumIndex
 181:            60           2400  java.security.ProtectionDomain
 182:            50           2400  java.util.Hashtable
 183:            50           2400  org.apache.lucene.analysis.util.CharArrayMap
 184:           100           2400  org.apache.lucene.util.CharsRef
 185:           149           2384  org.apache.solr.common.util.SimpleOrderedMap
 186:            99           2376  sun.security.util.BitArray
 187:            99           2376  sun.security.util.Cache$EqualByteArray
 188:            99           2376  sun.security.x509.CertificateValidity
 189:            74           2368  sun.security.x509.KeyUsageExtension
 190:            98           2352  org.eclipse.jetty.webapp.MetaData$OriginInfo
 191:           144           2304  java.util.LinkedHashSet
 192:             2           2256  [Lorg.eclipse.jetty.http.HttpStatus$Code;
 193:            94           2256  org.apache.lucene.uninverting.FieldCacheImpl$SortedDocValuesImpl$1
 194:            94           2256  org.apache.lucene.util.mutable.MutableValueStr
 195:            20           2240  java.net.SocksSocketImpl
 196:            11           2200  [[Ljava.lang.Object;
 197:            87           2088  sun.security.x509.CertificateExtensions
 198:            38           2064  [D
 199:             1           2048  [Lorg.eclipse.jetty.http.HttpGenerator$Status;
 200:           128           2048  java.lang.Character
 201:           128           2048  java.util.WeakHashMap$KeySet
 202:            85           2040  java.util.Collections$SetFromMap
 203:            28           2016  java.beans.PropertyDescriptor
 204:            84           2016  java.security.Provider$UString
 205:            84           2016  java.util.concurrent.ConcurrentLinkedQueue$Node
 206:            28           2016  org.apache.lucene.index.SegmentReader
 207:            83           1992  java.util.Collections$SingletonList
 208:            64           1952  [Ljava.security.cert.Certificate;
 209:            60           1920  java.security.CodeSource
 210:           120           1920  org.apache.lucene.util.BytesRefBuilder
 211:            40           1920  org.apache.lucene.util.packed.BulkOperationPacked
 212:            34           1904  org.eclipse.jetty.io.ByteArrayBuffer$CaseInsensitive
 213:            79           1896  org.eclipse.jetty.http.HttpFields$Field
 214:            78           1872  org.apache.lucene.util.WeakIdentityMap
 215:            39           1872  sun.util.locale.LocaleObjectCache$CacheEntry
 216:            46           1840  org.apache.solr.search.DocSlice
 217:            46           1840  sun.security.ec.NamedCurve
 218:            57           1824  org.apache.log4j.ProvisionNode
 219:            15           1800  [Lorg.apache.lucene.index.MultiTermsEnum$TermsEnumWithSlice;
 220:            32           1792  org.eclipse.jetty.io.View$CaseInsensitive
 221:           112           1792  sun.security.x509.KeyIdentifier
 222:            44           1760  sun.nio.cs.UTF_8$Decoder
 223:           110           1760  sun.reflect.DelegatingConstructorAccessorImpl
 224:           110           1760  sun.security.x509.SerialNumber
 225:            31           1736  org.eclipse.jetty.io.View
 226:            54           1728  java.util.Vector
 227:            24           1728  java.util.regex.Pattern
 228:            17           1712  [[I
 229:            53           1696  org.apache.lucene.index.FieldInfos
 230:            21           1680  java.net.URI
 231:           105           1680  java.util.jar.Attributes
 232:            30           1680  org.apache.solr.util.stats.ExponentiallyDecayingSample
 233:            30           1680  org.apache.solr.util.stats.Meter
 234:            16           1664  org.eclipse.jetty.server.BlockingHttpConnection
 235:            41           1640  java.io.ObjectStreamField
 236:            41           1640  java.lang.invoke.MethodType
 237:            40           1600  org.apache.lucene.analysis.core.StopFilterFactory
 238:            33           1584  java.nio.HeapByteBuffer
 239:            99           1584  sun.security.x509.CertificateAlgorithmId
 240:            99           1584  sun.security.x509.CertificateSerialNumber
 241:            99           1584  sun.security.x509.CertificateVersion
 242:            99           1584  sun.security.x509.CertificateX509Key
 243:            28           1568  java.lang.invoke.MethodTypeForm
 244:            98           1568  org.apache.lucene.util.CharsRefBuilder
 245:            14           1544  [[Ljava.lang.String;
 246:            16           1536  org.eclipse.jetty.http.HttpParser
 247:            47           1504  org.eclipse.jetty.http.HttpStatus$Code
 248:             3           1480  [Ljava.lang.Integer;
 249:            46           1472  java.security.spec.EllipticCurve
 250:            26           1456  org.apache.lucene.index.SegmentCoreReaders
 251:            45           1440  java.io.FilePermission
 252:            45           1440  java.security.Permissions
 253:            30           1440  java.util.concurrent.ConcurrentSkipListMap
 254:            30           1440  java.util.concurrent.locks.ReentrantReadWriteLock$NonfairSync
 255:             2           1424  [Lcom.sun.org.apache.xerces.internal.util.SymbolTable$Entry;
 256:            16           1408  org.eclipse.jetty.http.HttpGenerator
 257:            29           1392  sun.nio.cs.StreamDecoder
 258:            15           1376  [Ljava.lang.Byte;
 259:             1           1376  [Lsun.misc.FDBigInteger;
 260:            43           1376  java.lang.invoke.MethodType$ConcurrentWeakInternSet$WeakEntry
 261:            34           1360  sun.security.x509.AuthorityKeyIdentifierExtension
 262:            83           1328  java.util.concurrent.locks.ReentrantLock
 263:             9           1296  [Ljava.lang.invoke.MethodHandle;
 264:             9           1296  java.text.DecimalFormat
 265:            54           1296  java.util.concurrent.CopyOnWriteArrayList
 266:            40           1280  java.util.concurrent.ConcurrentSkipListMap$HeadIndex
 267:            40           1280  java.util.regex.Pattern$Curly
 268:            16           1280  sun.net.www.protocol.jar.URLJarFile
 269:            39           1248  org.apache.lucene.analysis.standard.StandardTokenizerFactory
 270:            26           1248  org.apache.lucene.codecs.blocktree.BlockTreeTermsReader
 271:            26           1248  org.apache.lucene.codecs.memory.MemoryPostingsFormat$TermsReader
 272:            26           1248  org.apache.lucene.index.ReadersAndUpdates
 273:            26           1248  org.apache.lucene.uninverting.UninvertingReader
 274:            31           1240  java.security.AccessControlContext
 275:            51           1224  java.security.spec.ECPoint
 276:            38           1216  org.apache.solr.servlet.SolrRequestParsers$HttpRequestContentStream
 277:            30           1200  org.apache.solr.util.stats.Histogram
 278:            38           1184  [Ljava.math.BigInteger;
 279:            49           1176  com.sun.org.apache.xerces.internal.util.XMLStringBuffer
 280:            21           1176  org.apache.solr.servlet.SolrRequestParsers$1
 281:            16           1152  org.apache.lucene.analysis.standard.StandardTokenizerImpl
 282:            16           1152  org.eclipse.jetty.http.HttpURI
 283:            46           1104  org.eclipse.jetty.http.HttpGenerator$Status
 284:            45           1080  java.io.FilePermissionCollection
 285:            44           1056  com.sun.org.apache.xerces.internal.xni.XMLString
 286:            66           1056  org.eclipse.jetty.util.log.JettyAwareLogger
 287:            66           1056  org.eclipse.jetty.util.log.Slf4jLog
 288:             1           1040  [Lcom.sun.org.apache.xerces.internal.impl.dtd.models.ContentModelValidator;
 289:             1           1040  [Lcom.sun.org.apache.xerces.internal.impl.dv.DatatypeValidator;
 290:             1           1040  [Ljava.lang.Long;
 291:             1           1040  [Ljava.lang.Short;
 292:             1           1040  [Lorg.apache.solr.update.VersionBucket;
 293:             1           1040  [Lsun.text.normalizer.UnicodeSet;
 294:            26           1040  org.apache.lucene.codecs.compressing.CompressingStoredFieldsIndexReader
 295:            26           1040  org.apache.lucene.index.ExitableDirectoryReader$ExitableFilterAtomicReader
 296:            32           1024  java.util.Random
 297:            16           1024  org.apache.lucene.analysis.standard.StandardTokenizer
 298:            16           1024  org.eclipse.jetty.server.AsyncContinuation
 299:             8           1024  org.eclipse.jetty.servlet.ServletHolder
 300:            21           1008  java.lang.invoke.LambdaForm
 301:            25           1000  org.apache.solr.schema.FieldType$DefaultAnalyzer
 302:            60            960  [Ljava.security.Principal;
 303:             8            960  [Lorg.apache.lucene.index.MultiDocsEnum$EnumWithSlice;
 304:             8            960  [Lorg.apache.lucene.queries.function.FunctionValues;
 305:            20            960  com.sun.org.apache.xerces.internal.util.XMLAttributesImpl$Attribute
 306:            60            960  java.security.ProtectionDomain$Key
 307:            30            960  java.security.Provider$EngineDescription
 308:            15            960  org.apache.lucene.codecs.memory.MemoryPostingsFormat$FSTDocsEnum
 309:            20            960  org.apache.solr.response.SolrQueryResponse
 310:            30            960  org.apache.solr.util.stats.Timer
 311:            17            952  java.util.ResourceBundle$CacheKey
 312:            39            936  java.lang.ThreadLocal$ThreadLocalMap
 313:            39            936  java.util.Currency
 314:            39            936  org.apache.lucene.analysis.core.LowerCaseFilterFactory
 315:            23            920  org.apache.solr.search.SolrReturnFields
 316:            57            912  java.util.Collections$UnmodifiableCollection
 317:            38            912  java.util.regex.Pattern$5
 318:            38            912  org.apache.lucene.util.IntsRef
 319:            38            912  org.apache.solr.common.params.DefaultSolrParams
 320:            26            896  [Ljava.lang.invoke.LambdaForm$Name;
 321:            28            896  org.apache.lucene.index.CodecReader$1
 322:            28            896  org.apache.lucene.index.CodecReader$2
 323:            28            896  org.apache.lucene.index.CodecReader$3
 324:            16            896  org.eclipse.jetty.server.Response
 325:            16            896  org.eclipse.jetty.server.bio.SocketConnector$ConnectorEndPoint
 326:            37            888  java.lang.invoke.LambdaForm$NamedFunction
 327:            37            888  java.net.InetAddress$InetAddressHolder
 328:             7            880  [Ljava.beans.MethodDescriptor;
 329:            55            880  java.util.TreeMap$Values
 330:            53            864  [Lorg.apache.lucene.analysis.util.CharFilterFactory;
 331:            18            864  java.util.Properties
 332:            21            840  com.sun.org.apache.xerces.internal.impl.dtd.XMLSimpleType
 333:            35            840  java.net.Inet4Address
 334:            15            840  org.apache.lucene.analysis.miscellaneous.ASCIIFoldingFilter
 335:            26            832  org.apache.lucene.codecs.lucene50.ForUtil
 336:            26            832  org.apache.lucene.codecs.lucene50.Lucene50PostingsReader
 337:            26            832  org.apache.lucene.index.SegmentCoreReaders$1
 338:            26            832  org.apache.lucene.index.SegmentCoreReaders$2
 339:            17            816  java.util.ResourceBundle$BundleReference
 340:            34            816  java.util.regex.Pattern$GroupHead
 341:            34            816  java.util.regex.Pattern$GroupTail
 342:            17            816  org.apache.lucene.analysis.tokenattributes.PackedTokenAttributeImpl
 343:            51            816  org.apache.lucene.analysis.util.CharArraySet
 344:            32            768  java.net.InetSocketAddress$InetSocketAddressHolder
 345:            16            768  java.net.SocketInputStream
 346:            16            768  java.net.SocketOutputStream
 347:            32            768  org.apache.lucene.util.AttributeSource$State
 348:            32            768  org.apache.solr.schema.IndexSchema$DynamicField
 349:            32            768  org.eclipse.jetty.http.HttpFields
 350:            16            768  org.eclipse.jetty.util.StringMap
 351:            24            768  sun.security.x509.OIDMap$OIDInfo
 352:            19            760  sun.util.locale.BaseLocale$Key
 353:            31            744  java.util.concurrent.locks.ReentrantReadWriteLock
 354:            31            744  org.apache.solr.core.ConfigSolr$CfgProp
 355:            15            720  java.lang.management.PlatformComponent
 356:            15            720  org.apache.solr.parser.Token
 357:            18            720  org.apache.solr.request.SolrRequestInfo
 358:            15            720  org.eclipse.jetty.server.AbstractHttpConnection$Output
 359:             2            704  com.sun.org.apache.xerces.internal.impl.XMLNSDocumentScannerImpl
 360:            22            704  com.sun.org.apache.xerces.internal.util.AugmentationsImpl$SmallContainer
 361:            29            696  java.io.InputStreamReader
 362:            12            672  com.sun.org.apache.xerces.internal.dom.DeferredElementImpl
 363:             6            672  java.util.GregorianCalendar
 364:            28            672  java.util.regex.Pattern$Ctype
 365:            14            672  org.apache.lucene.util.packed.MonotonicLongValues
 366:            21            672  sun.security.x509.URIName
 367:            41            656  java.lang.Float
 368:            27            648  java.util.Collections$UnmodifiableRandomAccessList
 369:            27            648  org.apache.solr.schema.IndexSchema$DynamicReplacement$DynamicPattern$NameEndsWith
 370:             8            640  com.google.common.cache.LocalCache$Segment
 371:            20            640  java.util.RegularEnumSet
 372:            18            632  [Ljava.security.ProtectionDomain;
 373:             3            624  [Ljava.lang.invoke.LambdaForm;
 374:            26            624  java.security.spec.ECFieldF2m
 375:            39            624  java.util.regex.Pattern$CharPropertyNames$1
 376:            26            624  org.apache.lucene.codecs.memory.MemoryPostingsFormat$1
 377:            26            624  org.apache.lucene.codecs.perfield.PerFieldPostingsFormat$FieldsReader
 378:            26            624  org.apache.lucene.index.ExitableDirectoryReader$ExitableFields
 379:            26            624  org.apache.lucene.index.ExitableDirectoryReader$ExitableTerms
 380:            26            624  org.apache.lucene.index.ReaderSlice
 381:            39            624  org.apache.solr.common.params.MultiMapSolrParams
 382:             6            624  org.opensextant.solrtexttagger.TaggerRequestHandler$1
 383:            19            608  java.util.Locale
 384:            19            608  sun.util.locale.BaseLocale
 385:             5            600  [Lorg.apache.lucene.index.MultiDocsAndPositionsEnum$EnumWithSlice;
 386:            15            600  org.apache.lucene.analysis.en.EnglishPossessiveFilter
 387:            37            592  sun.security.x509.GeneralName
 388:            18            576  java.net.Socket
 389:             9            576  java.text.DecimalFormatSymbols
 390:            24            576  java.util.regex.Pattern$Start
 391:            18            576  org.apache.lucene.search.TermQuery
 392:            24            576  org.apache.lucene.uninverting.FieldCacheImpl$CacheKey
 393:            18            576  org.eclipse.jetty.http.PathMap$Entry
 394:             8            576  sun.reflect.DelegatingClassLoader
 395:            18            576  sun.security.x509.DistributionPoint
 396:             6            576  sun.util.calendar.Gregorian$Date
 397:            14            560  java.util.IdentityHashMap
 398:            14            560  org.apache.lucene.util.PagedBytes$Reader
 399:            10            560  sun.invoke.util.Wrapper
 400:            10            560  sun.util.calendar.ZoneInfo
 401:            23            552  java.lang.StringBuilder
 402:            17            544  com.sun.org.apache.xerces.internal.impl.dtd.XMLElementDecl
 403:            17            544  java.util.ResourceBundle$LoaderReference
 404:            17            544  java.util.regex.Pattern$Branch
 405:            17            544  sun.security.x509.CRLDistributionPointsExtension
 406:             1            528  [Ljava.lang.Character;
 407:             1            528  [Ljava.util.TimerTask;
 408:            22            528  java.util.regex.Pattern$1
 409:            22            528  java.util.regex.Pattern$Slice
 410:            33            528  sun.security.x509.GeneralNames
 411:            13            520  org.apache.lucene.analysis.snowball.SnowballPorterFilterFactory
 412:            32            512  java.net.InetSocketAddress
 413:            32            512  org.apache.solr.common.params.MapSolrParams
 414:            16            512  org.eclipse.jetty.util.Utf8StringBuilder
 415:            21            504  org.eclipse.jetty.webapp.ClasspathPattern$Entry
 416:            21            504  sun.security.x509.AVAKeyword
 417:            31            496  java.util.concurrent.locks.ReentrantReadWriteLock$ReadLock
 418:            31            496  java.util.concurrent.locks.ReentrantReadWriteLock$Sync$ThreadLocalHoldCounter
 419:            31            496  java.util.concurrent.locks.ReentrantReadWriteLock$WriteLock
 420:             4            480  com.ctc.wstx.api.ReaderConfig
 421:            15            480  java.lang.StringCoding$StringDecoder
 422:            15            480  java.lang.invoke.DirectMethodHandle
 423:            30            480  java.util.concurrent.atomic.AtomicReference
 424:            20            480  java.util.regex.Pattern$Single
 425:            15            480  org.eclipse.jetty.server.CookieCutter
 426:            10            480  org.opensextant.solrtexttagger.TagLL
 427:            10            480  sun.util.locale.provider.LocaleResources$ResourceReference
 428:            17            464  [Ljava.util.regex.Pattern$Node;
 429:            16            456  [Ljava.io.ObjectStreamField;
 430:             4            456  [Ljava.lang.ClassValue$Entry;
 431:            19            456  java.util.Locale$LocaleKey
 432:            19            456  org.apache.lucene.index.Term
 433:            14            448  com.sun.org.apache.xml.internal.dtm.ref.ExtendedType
 434:            14            448  org.apache.lucene.uninverting.FieldCacheImpl$SortedDocValuesImpl
 435:            14            448  org.apache.lucene.util.packed.BulkOperationPackedSingleBlock
 436:            11            440  com.sun.org.apache.xerces.internal.dom.DeferredAttrImpl
 437:             1            432  [[[C
 438:            18            432  com.google.common.collect.RegularImmutableMap$TerminalEntry
 439:            18            432  java.text.DateFormat$Field
 440:             6            432  java.util.concurrent.ThreadPoolExecutor
 441:            18            432  java.util.concurrent.locks.AbstractQueuedSynchronizer$ConditionObject
 442:            18            432  org.apache.solr.core.SolrConfig$SolrPluginInfo
 443:             2            416  [Lorg.apache.lucene.util.packed.BulkOperation;
 444:            26            416  org.apache.lucene.index.SegmentDocValues
 445:            17            408  [Lorg.apache.lucene.util.AttributeSource$State;
 446:            17            408  org.apache.lucene.analysis.Analyzer$TokenStreamComponents
 447:            17            408  org.apache.lucene.search.BooleanClause
 448:             2            400  com.sun.org.apache.xerces.internal.dom.DeferredDocumentImpl
 449:             2            400  com.sun.org.apache.xerces.internal.impl.XMLDTDScannerImpl
 450:            25            400  java.util.Collections$UnmodifiableSet
 451:             1            392  org.apache.solr.core.CloserThread
 452:             1            392  org.eclipse.jetty.server.ShutdownMonitor
 453:             2            384  com.sun.org.apache.xerces.internal.parsers.XIncludeAwareParserConfiguration
 454:             1            384  java.lang.ref.Finalizer$FinalizerThread
 455:             6            384  java.nio.DirectByteBuffer
 456:            12            384  java.security.cert.PolicyQualifierInfo
 457:             6            384  java.text.DateFormatSymbols
 458:            12            384  java.util.Stack
 459:             1            384  java.util.TimerThread
 460:             1            384  java.util.logging.LogManager$Cleaner
 461:             8            384  java.util.logging.LogManager$LoggerWeakRef
 462:             8            384  org.apache.solr.common.util.JavaBinCodec
 463:             1            384  org.eclipse.jetty.util.thread.ShutdownThread
 464:             4            376  [Lorg.apache.lucene.index.MultiTermsEnum$TermsEnumIndex;
 465:             1            376  java.lang.ref.Reference$ReferenceHandler
 466:            23            368  [Ljavax.servlet.http.Cookie;
 467:             7            360  [Ljava.beans.PropertyDescriptor;
 468:             3            360  [Lorg.apache.lucene.index.DocsEnum;
 469:             9            360  java.text.DigitList
 470:            15            360  org.apache.lucene.index.BitsSlice
 471:            15            360  org.eclipse.jetty.server.HttpInput
 472:            15            360  sun.misc.MetaIndex
 473:             2            352  com.sun.org.apache.xerces.internal.impl.dtd.XMLNSDTDValidator
 474:            22            352  com.sun.org.apache.xerces.internal.util.AugmentationsImpl
 475:             7            336  java.beans.BeanDescriptor
 476:             6            336  java.nio.DirectLongBufferU
 477:             7            336  java.nio.HeapCharBuffer
 478:            14            336  java.util.concurrent.ConcurrentLinkedQueue
 479:            14            336  java.util.regex.Pattern$BitClass
 480:             6            336  org.apache.lucene.util.BytesRefHash
 481:            14            336  org.apache.solr.schema.CopyField
 482:             7            336  sun.misc.URLClassPath
 483:            21            336  sun.security.x509.DNSName
 484:            16            328  [Ljava.lang.management.PlatformComponent;
 485:            10            320  java.lang.OutOfMemoryError
 486:            20            320  java.security.spec.ECFieldFp
 487:            20            320  java.util.LinkedHashMap$LinkedValues
 488:            10            320  java.util.logging.LogManager$LogNode
 489:            10            320  org.apache.solr.common.util.FastOutputStream
 490:             4            320  org.apache.solr.schema.TrieDateField
 491:             8            320  org.opensextant.solrtexttagger.ValueSourceAccessor
 492:            10            320  sun.security.x509.CertificatePoliciesExtension
 493:            13            312  org.apache.log4j.Level
 494:            19            304  org.eclipse.jetty.util.AttributesMap
 495:             6            296  [Lcom.google.common.collect.RegularImmutableMap$LinkedEntry;
 496:             4            296  [Lsun.invoke.util.Wrapper;
 497:             1            296  org.eclipse.jetty.webapp.WebAppContext
 498:             7            288  [[S
 499:            12            288  java.lang.invoke.SimpleMethodHandle
 500:             9            288  java.util.logging.Level
 501:            18            288  java.util.regex.Pattern$CharPropertyNames$4
 502:             9            288  jdk.internal.org.objectweb.asm.Type
 503:             4            288  org.apache.log4j.spi.LoggingEvent
 504:             4            288  org.apache.solr.handler.UpdateRequestHandler
 505:             4            288  org.apache.solr.handler.component.SearchHandler
 506:             2            288  org.apache.solr.search.SolrQueryParser
 507:             9            288  sun.security.jca.ProviderConfig
 508:             9            288  sun.security.x509.NetscapeCertTypeExtension
 509:             7            280  com.sun.org.apache.xalan.internal.utils.XMLSecurityManager$Limit
 510:             7            280  com.sun.org.apache.xerces.internal.utils.XMLSecurityManager$Limit
 511:             7            280  java.beans.GenericBeanInfo
 512:             5            280  org.apache.lucene.analysis.synonym.SynonymFilterFactory
 513:             1            272  [Lcom.ctc.wstx.util.SymbolTable$Bucket;
 514:             2            272  com.sun.org.apache.xerces.internal.dom.DocumentImpl
 515:             1            272  com.sun.org.apache.xerces.internal.impl.dtd.DTDGrammar
 516:            17            272  java.util.regex.Pattern$BranchConn
 517:             3            264  java.util.jar.JarVerifier
 518:            11            264  org.apache.lucene.uninverting.UninvertingReader$Type
 519:            11            264  org.apache.lucene.util.packed.Direct16
 520:            11            264  sun.security.x509.Extension
 521:             3            256  [Lorg.apache.lucene.index.ReaderSlice;
 522:             2            256  com.google.common.cache.LocalCache
 523:             2            256  com.sun.org.apache.xerces.internal.impl.XMLEntityManager
 524:             4            256  java.text.SimpleDateFormat
 525:             8            256  org.apache.lucene.index.DocumentsWriterPerThreadPool$ThreadState
 526:             8            256  org.apache.solr.response.BinaryResponseWriter$Resolver
 527:            16            256  org.eclipse.jetty.server.AbstractHttpConnection$RequestHandler
 528:            16            256  sun.reflect.DelegatingMethodAccessorImpl
 529:             8            256  sun.security.x509.ExtendedKeyUsageExtension
 530:             8            248  [Ljava.lang.Boolean;
 531:             2            240  [Lorg.apache.lucene.index.IndexReaderContext;
 532:             2            240  [Lorg.apache.lucene.index.LeafReader;
 533:             2            240  com.sun.org.apache.xerces.internal.jaxp.SAXParserImpl$JAXPSAXParser
 534:            10            240  com.sun.xml.internal.stream.Entity$InternalEntity
 535:            10            240  java.lang.StringBuffer
 536:            10            240  java.nio.file.StandardOpenOption
 537:            10            240  java.security.CryptoPrimitive
 538:            10            240  java.util.Arrays$ArrayList
 539:             5            240  org.apache.lucene.analysis.miscellaneous.KeywordMarkerFilterFactory
 540:             6            240  org.apache.lucene.util.ByteBlockPool
 541:            10            240  org.apache.lucene.util.FixedBitSet
 542:             3            240  org.apache.solr.schema.TrieDoubleField
 543:             3            240  org.apache.solr.schema.TrieLongField
 544:             3            240  org.apache.solr.search.LRUCache
 545:             3            240  org.eclipse.jetty.http.PathMap
 546:            15            240  org.opensextant.solrtexttagger.TaggingAttributeImpl
 547:            10            240  sun.reflect.NativeMethodAccessorImpl
 548:            10            240  sun.security.x509.PolicyInformation
 549:             7            224  java.io.FileInputStream
 550:             7            224  java.lang.ClassValue$Entry
 551:             7            224  org.apache.solr.core.RequestHandlers$LazyRequestHandlerWrapper
 552:             7            224  org.apache.solr.util.stats.TimerContext
 553:            14            224  sun.security.x509.CertificatePolicyId
 554:             9            216  java.util.logging.Level$KnownLevel
 555:             3            216  java.util.logging.Logger
 556:             9            216  org.apache.lucene.util.packed.Packed8ThreeBlocks
 557:             9            216  org.eclipse.jetty.servlet.ServletMapping
 558:             9            216  org.noggit.CharArr
 559:             9            216  sun.util.logging.PlatformLogger$Level
 560:             1            208  org.apache.solr.update.SolrIndexWriter
 561:             2            208  sun.net.www.protocol.file.FileURLConnection
 562:             3            200  [Ljava.lang.Thread;
 563:             2            200  [Ljava.text.DateFormat$Field;
 564:             5            200  com.sun.org.apache.xerces.internal.impl.dtd.XMLEntityDecl
 565:             5            200  java.lang.ClassLoader$NativeLibrary
 566:             1            200  org.apache.solr.core.SolrCore
 567:             5            200  org.apache.solr.search.CacheConfig
 568:            12            192  com.sun.org.apache.xerces.internal.dom.DeferredDocumentImpl$RefCount
 569:             2            192  com.sun.org.apache.xerces.internal.impl.dtd.XMLDTDProcessor
 570:             6            192  com.sun.org.apache.xerces.internal.util.XMLResourceIdentifierImpl
 571:             3            192  java.lang.ClassValue$ClassValueMap
 572:             6            192  java.lang.invoke.LambdaForm$BasicType
 573:             8            192  java.lang.invoke.MethodHandleImpl$Intrinsic
 574:             8            192  java.math.RoundingMode
 575:            12            192  java.util.LinkedHashMap$LinkedEntrySet
 576:             2            192  org.apache.http.impl.client.SystemDefaultHttpClient
 577:             3            192  org.apache.lucene.index.MultiTermsEnum
 578:             6            192  org.apache.lucene.search.BooleanQuery
 579:             3            192  org.apache.solr.schema.StrField
 580:             3            192  org.apache.solr.search.LRUCache$1
 581:             8            192  org.eclipse.jetty.deploy.graph.Edge
 582:             8            192  org.eclipse.jetty.servlet.ServletHolder$Config
 583:             4            192  sun.nio.cs.StreamEncoder
 584:             3            192  sun.security.provider.NativePRNG$RandomIO
 585:             2            192  sun.security.provider.Sun
 586:             6            192  sun.security.util.MemoryCache
 587:             1            184  org.eclipse.jetty.server.bio.SocketConnector
 588:             1            184  org.eclipse.jetty.server.session.HashSessionManager
 589:             2            176  java.net.FactoryURLClassLoader
 590:            11            176  java.text.NumberFormat$Field
 591:             8            168  [Ljava.security.CodeSigner;
 592:             1            168  [[Ljava.math.BigInteger;
 593:             7            168  com.sun.management.VMOption$Origin
 594:             7            168  com.sun.org.apache.xerces.internal.util.FeatureState
 595:             7            168  org.apache.commons.logging.impl.SLF4JLocationAwareLog
 596:             3            168  org.apache.lucene.index.SegmentInfos
 597:             7            168  org.apache.solr.util.DefaultSolrThreadFactory
 598:             7            168  org.eclipse.jetty.webapp.Origin
 599:             7            168  org.eclipse.jetty.xml.XmlParser$Attribute
 600:             7            168  sun.reflect.generics.tree.SimpleClassTypeSignature
 601:             7            168  sun.security.x509.NetscapeCertTypeExtension$MapEntry
 602:             5            160  [Ljava.lang.invoke.LambdaForm$BasicType;
 603:             2            160  [Ljava.util.concurrent.RunnableScheduledFuture;
 604:             5            160  com.google.common.collect.RegularImmutableList
 605:             4            160  com.sun.org.apache.xerces.internal.dom.DeferredCDATASectionImpl
 606:             5            160  com.sun.org.apache.xpath.internal.objects.XNumber
 607:             5            160  java.security.AlgorithmParameters
 608:            10            160  java.util.Formatter$Flags
 609:             2            160  java.util.concurrent.ScheduledThreadPoolExecutor
 610:             4            160  org.apache.lucene.analysis.util.ElisionFilterFactory
 611:             2            160  org.apache.solr.schema.TrieFloatField
 612:             2            160  org.apache.solr.schema.TrieIntField
 613:             5            160  org.apache.solr.search.SolrCacheBase$AutoWarmCountRef
 614:             4            160  org.apache.solr.util.ConcurrentLRUCache$Stats
 615:             4            160  org.apache.solr.util.DistanceUnits
 616:             4            160  sun.security.ec.ECPublicKeyImpl
 617:             5            160  sun.util.locale.provider.LocaleProviderAdapter$Type
 618:             1            152  org.apache.solr.core.SolrConfig
 619:             1            152  org.apache.solr.search.SolrIndexSearcher
 620:             4            144  [Lcom.sun.org.apache.xerces.internal.util.XMLAttributesImpl$Attribute;
 621:             3            144  [Ljava.util.Map;
 622:             1            144  [Ljava.util.Queue;
 623:             1            144  [Ljava.util.concurrent.ConcurrentMap;
 624:             1            144  [Lorg.apache.solr.core.ConfigSolr$CfgProp;
 625:             6            144  [Lorg.opensextant.solrtexttagger.TagLL;
 626:             3            144  com.spatial4j.core.shape.impl.RectangleImpl
 627:             6            144  com.sun.org.apache.xerces.internal.util.Status
 628:             6            144  com.sun.org.apache.xml.internal.utils.NSInfo
 629:             2            144  java.lang.reflect.Field
 630:             6            144  java.util.Collections$SynchronizedRandomAccessList
 631:             3            144  java.util.concurrent.LinkedBlockingQueue
 632:             6            144  java.util.regex.Pattern$CharPropertyNames$2
 633:             2            144  org.apache.http.impl.conn.HttpConnPool
 634:             3            144  org.apache.lucene.analysis.miscellaneous.WordDelimiterFilterFactory
 635:             3            144  org.apache.lucene.analysis.synonym.SynonymFilter$PendingOutputs
 636:             6            144  org.apache.lucene.analysis.synonym.SynonymMap
 637:             6            144  org.apache.lucene.index.DocValuesType
 638:             3            144  org.apache.lucene.index.MultiDocsEnum
 639:             6            144  org.apache.lucene.util.BytesRefHash$DirectBytesStartArray
 640:             6            144  org.apache.lucene.util.Counter$SerialCounter
 641:             2            144  org.apache.solr.handler.admin.SystemInfoHandler
 642:             1            144  org.apache.solr.update.UpdateLog
 643:             1            144  org.eclipse.jetty.servlet.ServletHandler
 644:             6            144  org.eclipse.jetty.util.component.AggregateLifeCycle$Bean
 645:             3            144  org.opensextant.solrtexttagger.TermPrefixCursor
 646:             6            144  sun.misc.PerfCounter
 647:             6            144  sun.security.ssl.ProtocolVersion
 648:             6            144  sun.security.util.DisabledAlgorithmConstraints$KeySizeConstraint$Operator
 649:             3            136  [Lcom.sun.org.apache.xerces.internal.utils.XMLSecurityManager$State;
 650:             2            136  [Lorg.apache.lucene.index.Fields;
 651:             2            136  [Lorg.apache.lucene.index.Terms;
 652:             1            136  [Lorg.apache.solr.schema.IndexSchema$DynamicField;
 653:             1            136  org.apache.lucene.index.DocumentsWriterFlushControl
 654:             4            128  [Lcom.sun.org.apache.xerces.internal.impl.XMLEntityManager$CharacterBuffer;
 655:             4            128  com.ctc.wstx.stax.WstxInputFactory
 656:             4            128  com.sun.org.apache.xerces.internal.jaxp.SAXParserFactoryImpl
 657:             2            128  java.io.ExpiringCache$1
 658:             4            128  java.io.FileOutputStream
 659:             4            128  java.lang.StringCoding$StringEncoder
 660:             2            128  java.security.SecureRandom
 661:             8            128  java.util.concurrent.atomic.AtomicReferenceArray
 662:             8            128  java.util.regex.Pattern$CharPropertyNames$3
 663:             4            128  org.apache.http.conn.scheme.Scheme
 664:             4            128  org.apache.log4j.helpers.PatternParser$LiteralPatternConverter
 665:             4            128  org.apache.lucene.store.IOContext
 666:             2            128  org.apache.solr.handler.admin.LoggingHandler
 667:             2            128  org.apache.solr.handler.admin.PropertiesRequestHandler
 668:             2            128  org.apache.solr.handler.admin.ThreadDumpHandler
 669:             8            128  org.apache.solr.schema.StrFieldSource
 670:             1            128  org.eclipse.jetty.util.BlockingArrayQueue
 671:             2            128  sun.nio.ch.FileChannelImpl
 672:             4            128  sun.nio.fs.UnixPath
 673:             3            120  [Ljava.lang.invoke.BoundMethodHandle$SpeciesData;
 674:             4            120  [Ljava.lang.invoke.LambdaForm$NamedFunction;
 675:             1            120  [Lorg.apache.lucene.index.SegmentReader;
 676:             1            120  [Lorg.apache.lucene.util.Bits;
 677:             3            120  com.google.common.collect.RegularImmutableMap
 678:             5            120  com.sun.org.apache.xalan.internal.utils.FeaturePropertyBase$State
 679:             5            120  com.sun.org.apache.xalan.internal.utils.XMLSecurityManager$State
 680:             3            120  com.sun.org.apache.xerces.internal.impl.dtd.XMLDTDDescription
 681:             5            120  com.sun.org.apache.xerces.internal.util.PropertyState
 682:             3            120  com.sun.org.apache.xerces.internal.utils.XMLLimitAnalyzer
 683:             5            120  com.sun.org.apache.xerces.internal.utils.XMLSecurityManager$State
 684:             5            120  com.sun.org.apache.xerces.internal.utils.XMLSecurityPropertyManager$State
 685:             3            120  java.io.StringReader
 686:             5            120  java.util.regex.Pattern$Category
 687:             3            120  javax.net.ssl.SSLParameters
 688:             5            120  javax.servlet.DispatcherType
 689:             5            120  javax.xml.namespace.QName
 690:             5            120  org.apache.lucene.analysis.core.KeywordTokenizerFactory
 691:             5            120  org.apache.lucene.analysis.core.WhitespaceTokenizerFactory
 692:             1            120  org.apache.lucene.analysis.synonym.SynonymFilter
 693:             5            120  org.apache.lucene.index.IndexOptions
 694:             5            120  org.apache.lucene.index.MultiTermsEnum$TermMergeQueue
 695:             1            120  org.apache.solr.handler.ReplicationHandler
 696:             3            120  org.apache.solr.parser.FastCharStream
 697:             5            120  org.apache.solr.schema.TrieField$TrieTypes
 698:             5            120  sun.misc.FloatingDecimal$PreparedASCIIToBinaryBuffer
 699:             5            120  sun.security.jca.ServiceId
 700:             5            120  sun.security.provider.certpath.X509CertPath
 701:             2            112  [Ljava.nio.file.StandardOpenOption;
 702:             2            112  [Ljava.security.CryptoPrimitive;
 703:             7            112  [Lsun.reflect.generics.tree.TypeArgument;
 704:             2            112  com.sun.org.apache.xerces.internal.impl.XMLEntityScanner
 705:             2            112  com.sun.org.apache.xerces.internal.jaxp.SAXParserImpl
 706:             7            112  java.util.TreeMap$KeySet
 707:             7            112  org.apache.lucene.codecs.lucene40.Lucene40CompoundFormat
 708:             7            112  org.apache.lucene.codecs.lucene40.Lucene40LiveDocsFormat
 709:             2            112  org.apache.solr.parser.QueryParserTokenManager
 710:             1            112  org.apache.solr.schema.IndexSchema
 711:             2            112  org.apache.solr.search.FastLRUCache
 712:             2            112  org.apache.solr.search.LuceneQParser
 713:             2            112  org.apache.solr.update.CommitTracker
 714:             1            112  org.apache.solr.update.DirectUpdateHandler2
 715:             2            112  org.apache.solr.util.ConcurrentLRUCache
 716:             7            112  org.eclipse.jetty.deploy.graph.Node
 717:             2            112  org.eclipse.jetty.io.PooledBuffers
 718:             1            112  org.eclipse.jetty.security.ConstraintSecurityHandler
 719:             7            112  sun.reflect.generics.tree.ClassTypeSignature
 720:             1            104  org.apache.lucene.index.IndexWriterConfig
 721:             1            104  org.apache.solr.schema.BBoxField
 722:             1            104  org.apache.solr.schema.SpatialRecursivePrefixTreeFieldType
 723:             1            104  org.eclipse.jetty.util.thread.QueuedThreadPool
 724:             1            104  org.eclipse.jetty.webapp.WebAppClassLoader
 725:             2             96  [Lcom.google.common.cache.LocalCache$EntryFactory;
 726:             1             96  [Ljava.lang.invoke.MethodType;
 727:             2             96  [Lorg.apache.lucene.index.DocumentsWriterPerThreadPool$ThreadState;
 728:             3             96  com.spatial4j.core.context.SpatialContext
 729:             1             96  com.sun.net.ssl.internal.ssl.Provider
 730:             3             96  com.sun.org.apache.xalan.internal.utils.XMLSecurityManager$NameMap
 731:             3             96  com.sun.org.apache.xerces.internal.dom.NodeListCache
 732:             2             96  com.sun.org.apache.xerces.internal.impl.XMLDocumentFragmentScannerImpl$ElementStack
 733:             2             96  com.sun.org.apache.xerces.internal.util.XMLAttributesIteratorImpl
 734:             3             96  com.sun.org.apache.xerces.internal.utils.XMLSecurityManager$NameMap
 735:             4             96  java.io.OutputStreamWriter
 736:             4             96  java.lang.RuntimePermission
 737:             2             96  java.lang.ThreadGroup
 738:             4             96  java.text.EntryPair
 739:             4             96  java.text.Normalizer$Form
 740:             6             96  java.util.TreeSet
 741:             4             96  java.util.concurrent.ConcurrentHashMap$KeySetView
 742:             3             96  java.util.concurrent.SynchronousQueue
 743:             3             96  java.util.concurrent.atomic.AtomicReferenceFieldUpdater$AtomicReferenceFieldUpdaterImpl
 744:             3             96  java.util.concurrent.locks.AbstractQueuedSynchronizer$Node
 745:             3             96  java.util.concurrent.locks.ReentrantLock$FairSync
 746:             4             96  java.util.concurrent.locks.ReentrantReadWriteLock$Sync$HoldCounter
 747:             6             96  java.util.regex.Pattern$Dot
 748:             1             96  org.apache.http.impl.client.DefaultHttpClient
 749:             4             96  org.apache.lucene.analysis.en.EnglishPossessiveFilterFactory
 750:             4             96  org.apache.lucene.analysis.en.PorterStemFilterFactory
 751:             3             96  org.apache.lucene.analysis.synonym.SynonymFilter$PendingInput
 752:             6             96  org.apache.lucene.codecs.lucene41.Lucene41StoredFieldsFormat
 753:             4             96  org.apache.lucene.store.IOContext$Context
 754:             6             96  org.apache.lucene.util.ByteBlockPool$DirectAllocator
 755:             4             96  org.apache.lucene.util.RamUsageEstimator$JvmFeature
 756:             4             96  org.apache.lucene.util.packed.Direct32
 757:             4             96  org.apache.lucene.util.packed.Packed64SingleBlock$Packed64SingleBlock1
 758:             1             96  org.apache.solr.core.CoreContainer
 759:             4             96  org.apache.solr.core.SolrConfig$PluginOpts
 760:             2             96  org.apache.solr.core.SolrResourceLoader
 761:             2             96  org.apache.solr.handler.component.QueryElevationComponent$ElevationObj
 762:             4             96  org.apache.solr.handler.loader.XMLLoader
 763:             3             96  org.apache.solr.parser.QueryParser$JJCalls
 764:             4             96  org.apache.solr.schema.IndexSchema$DynamicReplacement$DynamicPattern$NameEquals
 765:             1             96  org.apache.solr.schema.PointType
 766:             3             96  org.apache.solr.search.LRUCache$CumulativeStats
 767:             4             96  org.apache.solr.search.SolrCache$State
 768:             4             96  org.apache.solr.servlet.cache.Method
 769:             4             96  org.apache.solr.update.UpdateLog$State
 770:             1             96  org.eclipse.jetty.server.Server
 771:             4             96  org.eclipse.jetty.servlet.Holder$Source
 772:             1             96  org.eclipse.jetty.util.Scanner
 773:             3             96  org.eclipse.jetty.util.statistic.SampleStatistic
 774:             1             96  sun.misc.Launcher$AppClassLoader
 775:             1             96  sun.net.www.protocol.jar.URLJarFile$URLJarFileEntry
 776:             1             96  sun.security.ec.SunEC
 777:             1             96  sun.security.jca.ProviderList$1
 778:             1             96  sun.security.rsa.SunRsaSign
 779:             3             96  sun.security.x509.SubjectAlternativeNameExtension
 780:             2             96  sun.text.normalizer.CharTrie
 781:             2             88  [Lcom.sun.org.apache.xalan.internal.utils.XMLSecurityManager$State;
 782:             3             88  [Lcom.sun.org.apache.xerces.internal.utils.XMLSecurityPropertyManager$State;
 783:             1             88  [Lsun.security.util.ObjectIdentifier;
 784:             1             88  [[Ljava.lang.Byte;
 785:             1             88  org.apache.log4j.RollingFileAppender
 786:             1             88  org.apache.solr.schema.CurrencyField
 787:             1             88  org.apache.solr.schema.LatLonType
 788:             1             88  org.eclipse.jetty.http.HttpBuffersImpl
 789:             1             88  org.eclipse.jetty.io.BufferDateCache
 790:             1             88  org.eclipse.jetty.servlet.FilterHolder
 791:             1             88  org.eclipse.jetty.start.Classpath$Loader
 792:             1             88  sun.misc.Launcher$ExtClassLoader
 793:             1             80  [[Z
 794:             2             80  com.ctc.wstx.util.SymbolTable
 795:             2             80  com.google.common.collect.SingletonImmutableBiMap
 796:             2             80  com.sun.org.apache.xerces.internal.impl.XMLDocumentFragmentScannerImpl$ElementStack2
 797:             2             80  com.sun.org.apache.xerces.internal.impl.XMLEntityManager$CharacterBufferPool
 798:             2             80  com.sun.org.apache.xerces.internal.impl.XMLErrorReporter
 799:             2             80  com.sun.org.apache.xerces.internal.impl.XMLVersionDetector
 800:             2             80  com.sun.org.apache.xerces.internal.impl.validation.ValidationState
 801:             2             80  com.sun.org.apache.xerces.internal.util.XMLAttributesImpl
 802:             2             80  com.sun.org.apache.xerces.internal.utils.XMLSecurityManager
 803:             2             80  com.sun.xml.internal.stream.XMLEntityStorage
 804:             2             80  java.io.BufferedWriter
 805:             2             80  java.io.ExpiringCache
 806:             2             80  java.io.PrintWriter
 807:             2             80  java.lang.invoke.BoundMethodHandle$SpeciesData
 808:             2             80  java.lang.invoke.DirectMethodHandle$Constructor
 809:             2             80  java.util.Locale$Category
 810:             2             80  java.util.PropertyResourceBundle
 811:             2             80  java.util.regex.Pattern$Loop
 812:             2             80  org.apache.log4j.helpers.CountingQuietWriter
 813:             2             80  org.apache.lucene.analysis.path.PathHierarchyTokenizerFactory
 814:             5             80  org.apache.lucene.codecs.lucene42.Lucene42TermVectorsFormat
 815:             2             80  org.apache.lucene.index.CompositeReaderContext
 816:             1             80  org.apache.lucene.index.TieredMergePolicy
 817:             2             80  org.apache.lucene.store.NRTCachingDirectory
 818:             2             80  org.apache.solr.core.CachingDirectoryFactory$CacheValue
 819:             1             80  org.apache.solr.core.JmxMonitoredMap
 820:             1             80  org.apache.solr.handler.admin.InfoHandler
 821:             1             80  org.apache.solr.update.TransactionLog
 822:             1             80  org.eclipse.jetty.deploy.DeploymentManager
 823:             1             80  org.eclipse.jetty.deploy.providers.ContextProvider
 824:             1             80  org.eclipse.jetty.servlet.ErrorPageErrorHandler
 825:             2             80  org.eclipse.jetty.xml.XmlParser
 826:             2             80  sun.misc.FloatingDecimal$BinaryToASCIIBuffer
 827:             1             72  [Lcom.sun.org.apache.xml.internal.dtm.ref.ExtendedType;
 828:             3             72  [Lorg.apache.lucene.util.CharsRefBuilder;
 829:             2             72  [Lsun.security.jca.ProviderConfig;
 830:             3             72  com.sun.org.apache.xerces.internal.impl.dtd.XMLAttributeDecl
 831:             3             72  java.lang.ClassValue$Version
 832:             3             72  java.security.CodeSigner
 833:             3             72  java.util.Base64$Encoder
 834:             1             72  java.util.ResourceBundle$RBClassLoader
 835:             3             72  java.util.concurrent.LinkedBlockingQueue$Node
 836:             3             72  java.util.concurrent.atomic.AtomicMarkableReference$Pair
 837:             1             72  java.util.logging.LogManager$RootLogger
 838:             3             72  java.util.regex.Pattern$CharProperty$1
 839:             3             72  javax.servlet.SessionTrackingMode
 840:             3             72  org.apache.http.HttpVersion
 841:             3             72  org.apache.lucene.analysis.DelegatingAnalyzerWrapper$DelegatingReuseStrategy
 842:             3             72  org.apache.lucene.analysis.ja.JapaneseTokenizer$Mode
 843:             3             72  org.apache.lucene.analysis.util.AnalysisSPILoader
 844:             3             72  org.apache.lucene.index.IndexWriterConfig$OpenMode
 845:             1             72  org.apache.lucene.index.StandardDirectoryReader
 846:             3             72  org.apache.lucene.index.StoredFieldVisitor$Status
 847:             3             72  org.apache.lucene.index.TermsEnum$SeekStatus
 848:             3             72  org.apache.lucene.util.NamedSPILoader
 849:             3             72  org.apache.lucene.util.fst.FST$INPUT_TYPE
 850:             3             72  org.apache.solr.common.params.CommonParams$EchoParamStyle
 851:             3             72  org.apache.solr.core.SolrConfig$HttpCachingConfig$LastModFrom
 852:             1             72  org.apache.solr.handler.PingRequestHandler
 853:             1             72  org.apache.solr.handler.RealTimeGetHandler
 854:             1             72  org.apache.solr.handler.admin.CoreAdminHandler
 855:             1             72  org.apache.solr.handler.component.HttpShardHandlerFactory
 856:             3             72  org.apache.solr.rest.ManagedResourceStorage$JsonStorage
 857:             3             72  org.apache.solr.schema.IndexSchema$DynamicReplacement$DynamicPattern$NameStartsWith
 858:             1             72  org.apache.solr.schema.TrieDateField$ISO8601CanonicalDateFormat
 859:             1             72  org.apache.solr.update.SolrIndexConfig
 860:             3             72  org.apache.solr.update.UpdateLog$SyncLevel
 861:             3             72  org.eclipse.jetty.io.BufferCache
 862:             3             72  org.eclipse.jetty.io.Buffers$Type
 863:             3             72  org.eclipse.jetty.security.UserDataConstraint
 864:             1             72  org.eclipse.jetty.server.handler.ContextHandlerCollection
 865:             1             72  org.eclipse.jetty.server.handler.DefaultHandler
 866:             1             72  org.eclipse.jetty.server.session.HashSessionIdManager
 867:             1             72  org.eclipse.jetty.server.session.SessionHandler
 868:             1             72  org.eclipse.jetty.servlet.DefaultServlet
 869:             3             72  org.eclipse.jetty.util.Scanner$Notification
 870:             1             72  org.eclipse.jetty.util.resource.JarFileResource
 871:             1             72  org.eclipse.jetty.webapp.MetaData
 872:             3             72  org.eclipse.jetty.webapp.MetaDataComplete
 873:             3             72  sun.misc.FloatingDecimal$ExceptionalBinaryToASCIIBuffer
 874:             3             72  sun.misc.Signal
 875:             3             72  sun.security.provider.NativePRNG$Variant
 876:             3             72  sun.security.x509.AccessDescription
 877:             1             72  sun.util.locale.provider.JRELocaleProviderAdapter
 878:             3             72  sun.util.resources.ParallelListResourceBundle$KeySet
 879:             2             64  [Lcom.google.common.cache.LocalCache$Segment;
 880:             2             64  [Lcom.sun.org.apache.xalan.internal.utils.FeaturePropertyBase$State;
 881:             2             64  [Ljavax.servlet.SessionTrackingMode;
 882:             2             64  [Lorg.apache.lucene.analysis.ja.JapaneseTokenizer$Mode;
 883:             1             64  [Lorg.apache.lucene.uninverting.UninvertingReader$Type;
 884:             2             64  [Lorg.apache.lucene.util.RamUsageEstimator$JvmFeature;
 885:             2             64  [Lorg.apache.solr.core.SolrConfig$HttpCachingConfig$LastModFrom;
 886:             2             64  [Lorg.apache.solr.core.SolrConfig$PluginOpts;
 887:             2             64  [Lorg.apache.solr.servlet.cache.Method;
 888:             2             64  [[Lcom.sun.org.apache.xerces.internal.xni.QName;
 889:             1             64  com.google.common.cache.CacheStats
 890:             2             64  com.sun.org.apache.xalan.internal.utils.XMLSecurityPropertyManager$Property
 891:             2             64  com.sun.org.apache.xerces.internal.impl.XMLNSDocumentScannerImpl$NSContentDriver
 892:             2             64  com.sun.org.apache.xerces.internal.util.NamespaceSupport
 893:             2             64  com.sun.org.apache.xerces.internal.utils.XMLSecurityPropertyManager$Property
 894:             2             64  com.sun.org.apache.xpath.internal.objects.XBooleanStatic
 895:             2             64  java.io.IOException
 896:             2             64  java.io.PrintStream
 897:             2             64  java.lang.VirtualMachineError
 898:             2             64  java.lang.invoke.BoundMethodHandle$Species_L
 899:             2             64  java.lang.ref.ReferenceQueue$Null
 900:             2             64  java.util.ArrayList$ListItr
 901:             4             64  java.util.LinkedHashMap$LinkedKeySet
 902:             2             64  java.util.concurrent.ScheduledThreadPoolExecutor$DelayedWorkQueue
 903:             4             64  java.util.concurrent.atomic.AtomicBoolean
 904:             2             64  org.apache.http.conn.ssl.SSLSocketFactory
 905:             2             64  org.apache.http.impl.conn.PoolingClientConnectionManager
 906:             2             64  org.apache.log4j.helpers.PatternParser$BasicPatternConverter
 907:             2             64  org.apache.log4j.spi.LocationInfo
 908:             2             64  org.apache.lucene.analysis.ReusableStringReader
 909:             2             64  org.apache.lucene.analysis.miscellaneous.ASCIIFoldingFilterFactory
 910:             4             64  org.apache.lucene.codecs.lucene40.Lucene40SegmentInfoFormat
 911:             1             64  org.apache.lucene.codecs.lucene410.Lucene410Codec
 912:             1             64  org.apache.lucene.codecs.lucene42.Lucene42Codec
 913:             1             64  org.apache.lucene.codecs.lucene45.Lucene45Codec
 914:             1             64  org.apache.lucene.codecs.lucene46.Lucene46Codec
 915:             1             64  org.apache.lucene.codecs.lucene49.Lucene49Codec
 916:             1             64  org.apache.lucene.codecs.lucene50.Lucene50Codec
 917:             2             64  org.apache.lucene.codecs.lucene50.Lucene50TermVectorsFormat
 918:             1             64  org.apache.lucene.index.DocumentsWriter
 919:             1             64  org.apache.lucene.index.ExitableDirectoryReader
 920:             2             64  org.apache.lucene.store.MMapDirectory
 921:             2             64  org.apache.lucene.store.RAMDirectory
 922:             1             64  org.apache.lucene.uninverting.UninvertingReader$UninvertingDirectoryReader
 923:             1             64  org.apache.solr.client.solrj.impl.LBHttpSolrClient
 924:             2             64  org.apache.solr.cloud.ActionThrottle
 925:             2             64  org.apache.solr.core.InitParams
 926:             1             64  org.apache.solr.core.NRTCachingDirectoryFactory
 927:             1             64  org.apache.solr.core.SchemaCodecFactory$1
 928:             1             64  org.apache.solr.handler.DumpRequestHandler
 929:             1             64  org.apache.solr.handler.SchemaHandler
 930:             1             64  org.apache.solr.handler.SolrConfigHandler
 931:             4             64  org.apache.solr.handler.UpdateRequestHandler$1
 932:             1             64  org.apache.solr.handler.admin.CollectionsHandler
 933:             1             64  org.apache.solr.handler.admin.LukeRequestHandler
 934:             1             64  org.apache.solr.handler.admin.PluginInfoHandler
 935:             1             64  org.apache.solr.handler.admin.ShowFileRequestHandler
 936:             1             64  org.apache.solr.handler.admin.SolrInfoMBeanHandler
 937:             4             64  org.apache.solr.handler.loader.CSVLoader
 938:             4             64  org.apache.solr.handler.loader.JavabinLoader
 939:             4             64  org.apache.solr.handler.loader.JsonLoader
 940:             2             64  org.apache.solr.parser.QueryParser$LookaheadSuccess
 941:             1             64  org.apache.solr.rest.schema.analysis.ManagedSynonymFilterFactory$1
 942:             1             64  org.apache.solr.schema.BinaryField
 943:             1             64  org.apache.solr.schema.BoolField
 944:             2             64  org.apache.solr.schema.IndexSchema$DynamicCopy
 945:             1             64  org.apache.solr.schema.RandomSortField
 946:             2             64  org.apache.solr.servlet.SolrRequestParsers
 947:             1             64  org.apache.solr.update.DefaultSolrCoreState
 948:             1             64  org.apache.solr.update.UpdateLog$1
 949:             1             64  org.eclipse.jetty.server.handler.HandlerCollection
 950:             1             64  org.eclipse.jetty.server.handler.RequestLogHandler
 951:             2             64  org.eclipse.jetty.servlet.ServletHandler$CachedChain
 952:             2             64  org.eclipse.jetty.xml.XmlParser$Handler
 953:             1             64  org.opensextant.solrtexttagger.TaggerRequestHandler
 954:             4             64  sun.net.www.protocol.jar.Handler
 955:             2             64  sun.reflect.generics.repository.ClassRepository
 956:             4             64  sun.security.ec.ECParameters
 957:             2             64  sun.security.ssl.EphemeralKeyManager$EphemeralKeyPair
 958:             1             64  sun.security.ssl.SSLContextImpl$DefaultSSLContext
 959:             2             64  sun.security.ssl.SSLSessionContextImpl
 960:             2             64  sun.security.x509.AuthorityInfoAccessExtension
 961:             2             64  sun.security.x509.PolicyMappingsExtension
 962:             2             64  sun.security.x509.PrivateKeyUsageExtension
 963:             2             64  sun.util.locale.provider.LocaleResources
 964:             2             64  sun.util.locale.provider.LocaleServiceProviderPool
 965:             1             56  [Ljava.lang.Runnable;
 966:             2             56  [Lorg.apache.solr.search.SolrCache;
 967:             2             56  [Lorg.eclipse.jetty.server.Handler;
 968:             1             56  [Lorg.eclipse.jetty.servlet.ServletMapping;
 969:             1             56  [Lsun.util.logging.PlatformLogger$Level;
 970:             1             56  java.util.logging.LogManager
 971:             1             56  org.apache.lucene.codecs.lucene40.Lucene40Codec
 972:             1             56  org.apache.lucene.codecs.lucene41.Lucene41Codec
 973:             1             56  org.apache.lucene.codecs.simpletext.SimpleTextCodec
 974:             1             56  org.apache.lucene.index.BufferedUpdates
 975:             1             56  org.apache.lucene.index.ConcurrentMergeScheduler
 976:             1             56  org.apache.lucene.index.IndexFileDeleter
 977:             1             56  org.apache.lucene.index.SlowCompositeReaderWrapper
 978:             1             56  org.apache.lucene.search.spell.DirectSpellChecker
 979:             1             56  org.apache.solr.schema.FieldType$DefaultAnalyzer$1
 980:             1             56  org.apache.solr.update.VersionInfo
 981:             1             56  org.eclipse.jetty.server.ResourceCache
 982:             1             56  org.eclipse.jetty.webapp.DefaultsDescriptor
 983:             1             56  org.eclipse.jetty.webapp.WebDescriptor
 984:             1             56  org.tartarus.snowball.ext.FinnishStemmer
 985:             1             56  org.tartarus.snowball.ext.RomanianStemmer
 986:             1             56  sun.security.provider.SHA
 987:             1             48  [Lcom.sun.beans.util.Cache$CacheEntry;
 988:             1             48  [Lcom.sun.management.VMOption$Origin;
 989:             1             48  [Lcom.sun.org.apache.xalan.internal.utils.XMLSecurityManager$Limit;
 990:             1             48  [Lcom.sun.org.apache.xerces.internal.utils.XMLSecurityManager$Limit;
 991:             1             48  [Ljava.beans.WeakIdentityMap$Entry;
 992:             3             48  [Ljava.lang.annotation.Annotation;
 993:             1             48  [Ljava.lang.invoke.MethodHandleImpl$Intrinsic;
 994:             1             48  [Ljava.math.RoundingMode;
 995:             2             48  [Ljava.net.InetAddress;
 996:             1             48  [Ljava.util.concurrent.TimeUnit;
 997:             2             48  [Lorg.apache.lucene.codecs.lucene50.Lucene50StoredFieldsFormat$Mode;
 998:             2             48  [Lorg.apache.solr.parser.QueryParser$JJCalls;
 999:             1             48  [Lorg.eclipse.jetty.servlet.ServletHolder;
1000:             1             48  [Lorg.eclipse.jetty.webapp.Origin;
1001:             2             48  [Lsun.reflect.generics.tree.ClassTypeSignature;
1002:             1             48  [Lsun.security.x509.NetscapeCertTypeExtension$MapEntry;
1003:             3             48  com.ctc.wstx.api.WstxInputProperties$ParsingMode
1004:             2             48  com.ctc.wstx.util.SymbolTable$Bucket
1005:             2             48  com.google.common.collect.RegularImmutableAsList
1006:             2             48  com.google.common.collect.RegularImmutableMap$EntrySet
1007:             2             48  com.google.common.collect.RegularImmutableMap$NonTerminalEntry
1008:             3             48  com.spatial4j.core.distance.GeodesicSphereDistCalc$Haversine
1009:             3             48  com.spatial4j.core.io.BinaryCodec
1010:             3             48  com.spatial4j.core.io.WktShapeParser
1011:             3             48  com.sun.org.apache.xerces.internal.impl.dtd.DTDGrammar$QNameHashtable
1012:             2             48  com.sun.org.apache.xerces.internal.impl.dtd.DTDGrammarBucket
1013:             3             48  com.sun.org.apache.xerces.internal.impl.dv.dtd.ListDatatypeValidator
1014:             2             48  com.sun.org.apache.xerces.internal.impl.msg.XMLMessageFormatter
1015:             2             48  com.sun.org.apache.xerces.internal.impl.validation.ValidationManager
1016:             2             48  com.sun.org.apache.xerces.internal.util.SymbolTable
1017:             2             48  com.sun.org.apache.xerces.internal.utils.XMLSecurityPropertyManager
1018:             2             48  java.io.BufferedOutputStream
1019:             2             48  java.io.File$PathStatus
1020:             3             48  java.lang.ClassValue$Identity
1021:             2             48  java.lang.invoke.MethodHandles$Lookup
1022:             2             48  java.lang.reflect.ReflectPermission
1023:             2             48  java.net.InetAddress
1024:             2             48  java.net.InetAddress$Cache
1025:             2             48  java.net.InetAddress$Cache$Type
1026:             2             48  java.net.InetAddress$CacheEntry
1027:             2             48  java.net.ServerSocket
1028:             3             48  java.nio.channels.FileChannel$MapMode
1029:             2             48  java.nio.charset.CoderResult
1030:             3             48  java.nio.charset.CodingErrorAction
1031:             2             48  java.security.Timestamp
1032:             3             48  java.text.AttributedCharacterIterator$Attribute
1033:             1             48  java.text.RuleBasedCollator
1034:             3             48  java.util.Base64$Decoder
1035:             2             48  java.util.BitSet
1036:             3             48  java.util.concurrent.SynchronousQueue$TransferStack
1037:             1             48  java.util.concurrent.ThreadPoolExecutor$Worker
1038:             3             48  java.util.concurrent.atomic.AtomicMarkableReference
1039:             1             48  java.util.concurrent.locks.ReentrantReadWriteLock$FairSync
1040:             3             48  java.util.jar.JarVerifier$3
1041:             2             48  java.util.logging.Logger$LoggerBundle
1042:             2             48  java.util.regex.Pattern$Dollar
1043:             2             48  java.util.regex.Pattern$Prolog
1044:             3             48  org.apache.http.impl.client.BasicCredentialsProvider
1045:             2             48  org.apache.http.impl.client.DefaultHttpRequestRetryHandler
1046:             2             48  org.apache.http.impl.conn.DefaultClientConnectionOperator
1047:             3             48  org.apache.http.impl.conn.SystemDefaultDnsResolver
1048:             1             48  org.apache.log4j.Hierarchy
1049:             2             48  org.apache.log4j.helpers.OnlyOnceErrorHandler
1050:             1             48  org.apache.log4j.helpers.PatternParser
1051:             2             48  org.apache.lucene.analysis.ar.ArabicNormalizationFilterFactory
1052:             2             48  org.apache.lucene.analysis.cjk.CJKWidthFilterFactory
1053:             1             48  org.apache.lucene.analysis.core.StopFilter
1054:             1             48  org.apache.lucene.analysis.ja.JapaneseTokenizerFactory
1055:             1             48  org.apache.lucene.analysis.util.CharArrayMap$EmptyCharArrayMap
1056:             3             48  org.apache.lucene.codecs.lucene46.Lucene46FieldInfosFormat
1057:             3             48  org.apache.lucene.codecs.lucene46.Lucene46SegmentInfoFormat
1058:             2             48  org.apache.lucene.codecs.lucene50.Lucene50Codec$1
1059:             2             48  org.apache.lucene.codecs.lucene50.Lucene50Codec$2
1060:             2             48  org.apache.lucene.codecs.lucene50.Lucene50StoredFieldsFormat$Mode
1061:             1             48  org.apache.lucene.index.IndexFileDeleter$CommitPoint
1062:             2             48  org.apache.lucene.search.spell.WordBreakSpellChecker$BreakSuggestionSortMethod
1063:             1             48  org.apache.lucene.util.packed.BulkOperationPacked1
1064:             1             48  org.apache.lucene.util.packed.BulkOperationPacked10
1065:             1             48  org.apache.lucene.util.packed.BulkOperationPacked11
1066:             1             48  org.apache.lucene.util.packed.BulkOperationPacked12
1067:             1             48  org.apache.lucene.util.packed.BulkOperationPacked13
1068:             1             48  org.apache.lucene.util.packed.BulkOperationPacked14
1069:             1             48  org.apache.lucene.util.packed.BulkOperationPacked15
1070:             1             48  org.apache.lucene.util.packed.BulkOperationPacked16
1071:             1             48  org.apache.lucene.util.packed.BulkOperationPacked17
1072:             1             48  org.apache.lucene.util.packed.BulkOperationPacked18
1073:             1             48  org.apache.lucene.util.packed.BulkOperationPacked19
1074:             1             48  org.apache.lucene.util.packed.BulkOperationPacked2
1075:             1             48  org.apache.lucene.util.packed.BulkOperationPacked20
1076:             1             48  org.apache.lucene.util.packed.BulkOperationPacked21
1077:             1             48  org.apache.lucene.util.packed.BulkOperationPacked22
1078:             1             48  org.apache.lucene.util.packed.BulkOperationPacked23
1079:             1             48  org.apache.lucene.util.packed.BulkOperationPacked24
1080:             1             48  org.apache.lucene.util.packed.BulkOperationPacked3
1081:             1             48  org.apache.lucene.util.packed.BulkOperationPacked4
1082:             1             48  org.apache.lucene.util.packed.BulkOperationPacked5
1083:             1             48  org.apache.lucene.util.packed.BulkOperationPacked6
1084:             1             48  org.apache.lucene.util.packed.BulkOperationPacked7
1085:             1             48  org.apache.lucene.util.packed.BulkOperationPacked8
1086:             1             48  org.apache.lucene.util.packed.BulkOperationPacked9
1087:             1             48  org.apache.solr.analysis.ReversedWildcardFilterFactory
1088:             2             48  org.apache.solr.client.solrj.SolrQuery$ORDER
1089:             2             48  org.apache.solr.client.solrj.impl.HttpClientUtil$1
1090:             3             48  org.apache.solr.common.util.XMLErrorLogger
1091:             2             48  org.apache.solr.core.DirectoryFactory$DirContext
1092:             2             48  org.apache.solr.core.QuerySenderListener
1093:             2             48  org.apache.solr.handler.component.SpellCheckComponent$SpellCheckerListener
1094:             2             48  org.apache.solr.highlight.ScoreOrderFragmentsBuilder
1095:             1             48  org.apache.solr.logging.log4j.EventAppender
1096:             2             48  org.apache.solr.parser.QueryParser$Operator
1097:             2             48  org.apache.solr.rest.RestManager$ManagedResourceRegistration
1098:             3             48  org.apache.solr.rest.schema.analysis.ManagedSynonymFilterFactory$CasePreservedSynonymMappings
1099:             2             48  org.apache.solr.search.DocSlice$1
1100:             2             48  org.apache.solr.search.SolrIndexSearcher$SetNonLazyFieldSelector
1101:             2             48  org.apache.solr.servlet.SolrRequestParsers$StandardRequestParser
1102:             2             48  org.eclipse.jetty.servlet.ServletHolder$Registration
1103:             2             48  org.eclipse.jetty.util.statistic.CounterStatistic
1104:             2             48  org.eclipse.jetty.webapp.ClasspathPattern
1105:             2             48  org.eclipse.jetty.xml.XmlParser$NoopHandler
1106:             1             48  org.tartarus.snowball.ext.ArmenianStemmer
1107:             1             48  org.tartarus.snowball.ext.BasqueStemmer
1108:             1             48  org.tartarus.snowball.ext.CatalanStemmer
1109:             1             48  org.tartarus.snowball.ext.DanishStemmer
1110:             1             48  org.tartarus.snowball.ext.DutchStemmer
1111:             1             48  org.tartarus.snowball.ext.IrishStemmer
1112:             1             48  org.tartarus.snowball.ext.NorwegianStemmer
1113:             1             48  org.tartarus.snowball.ext.RussianStemmer
1114:             1             48  org.tartarus.snowball.ext.SwedishStemmer
1115:             1             48  org.tartarus.snowball.ext.TurkishStemmer
1116:             2             48  sun.misc.NativeSignalHandler
1117:             2             48  sun.net.www.MessageHeader
1118:             3             48  sun.nio.ch.FileDispatcherImpl
1119:             2             48  sun.nio.ch.NativeThreadSet
1120:             2             48  sun.reflect.generics.tree.ClassSignature
1121:             2             48  sun.security.jca.ProviderList
1122:             2             48  sun.security.jca.ProviderList$3
1123:             2             48  sun.security.ssl.SSLAlgorithmConstraints
1124:             2             48  sun.security.x509.CertificatePolicyMap
1125:             3             48  sun.security.x509.RFC822Name
1126:             1             48  sun.text.normalizer.IntTrie
1127:             1             48  sun.text.normalizer.NormalizerBase
1128:             3             48  sun.text.normalizer.NormalizerBase$QuickCheckResult
1129:             1             48  sun.text.resources.FormatData
1130:             1             48  sun.text.resources.en.FormatData_en
1131:             1             48  sun.text.resources.en.FormatData_en_US
1132:             1             40  [Lcom.sun.org.apache.xerces.internal.util.Status;
1133:             1             40  [Ljavax.servlet.DispatcherType;
1134:             1             40  [Lorg.apache.lucene.index.DocValuesType;
1135:             1             40  [Lorg.apache.lucene.index.IndexOptions;
1136:             1             40  [Lorg.apache.solr.schema.TrieField$TrieTypes;
1137:             1             40  [Lorg.eclipse.jetty.webapp.Configuration;
1138:             2             40  [Lsun.reflect.generics.tree.FieldTypeSignature;
1139:             2             40  [Lsun.reflect.generics.tree.FormalTypeParameter;
1140:             1             40  [Lsun.security.jca.ServiceId;
1141:             1             40  [Lsun.security.util.DisabledAlgorithmConstraints$KeySizeConstraint$Operator;
1142:             1             40  [Lsun.util.locale.provider.LocaleProviderAdapter$Type;
1143:             1             40  [[Ljava.lang.invoke.LambdaForm$Name;
1144:             1             40  com.sun.beans.finder.MethodFinder$1
1145:             1             40  java.beans.WeakIdentityMap$Entry
1146:             1             40  java.io.BufferedInputStream
1147:             1             40  java.lang.invoke.DirectMethodHandle$Accessor
1148:             1             40  java.text.CollationElementIterator
1149:             1             40  java.text.RBCollationTables
1150:             1             40  java.util.HashMap$KeyIterator
1151:             1             40  java.util.ResourceBundle$1
1152:             1             40  java.util.ServiceLoader$LazyIterator
1153:             1             40  org.apache.log4j.helpers.PatternParser$ClassNamePatternConverter
1154:             1             40  org.apache.log4j.helpers.PatternParser$DatePatternConverter
1155:             1             40  org.apache.log4j.spi.RootLogger
1156:             1             40  org.apache.lucene.analysis.core.LowerCaseFilter
1157:             1             40  org.apache.lucene.analysis.ja.JapanesePartOfSpeechStopFilterFactory
1158:             1             40  org.apache.lucene.analysis.miscellaneous.StemmerOverrideFilterFactory
1159:             1             40  org.apache.lucene.analysis.pattern.PatternReplaceFilterFactory
1160:             1             40  org.apache.lucene.analysis.payloads.DelimitedPayloadTokenFilterFactory
1161:             1             40  org.apache.lucene.index.BufferedUpdatesStream
1162:             1             40  org.apache.lucene.index.DocumentsWriterDeleteQueue
1163:             1             40  org.apache.solr.core.Config
1164:             1             40  org.apache.solr.core.CoreDescriptor
1165:             1             40  org.apache.solr.core.SolrConfig$UpdateHandlerInfo
1166:             1             40  org.apache.solr.handler.component.QueryElevationComponent
1167:             1             40  org.apache.solr.highlight.DefaultSolrHighlighter
1168:             1             40  org.apache.solr.rest.RestManager
1169:             1             40  org.apache.solr.rest.RestManager$RestManagerManagedResource
1170:             1             40  org.apache.solr.rest.schema.analysis.ManagedSynonymFilterFactory$SynonymManager
1171:             1             40  org.apache.solr.rest.schema.analysis.ManagedWordSetResource
1172:             1             40  org.apache.solr.schema.IndexSchema$SolrQueryAnalyzer
1173:             1             40  org.apache.solr.search.QueryResultKey
1174:             1             40  org.apache.solr.spelling.WordBreakSolrSpellChecker
1175:             1             40  org.apache.solr.update.UpdateLog$RecoveryInfo
1176:             1             40  org.apache.solr.util.ConcurrentLRUCache$CacheEntry
1177:             1             40  org.eclipse.jetty.server.session.HashSessionManager$2
1178:             1             40  org.eclipse.jetty.webapp.WebAppContext$Context
1179:             1             40  org.tartarus.snowball.ext.HungarianStemmer
1180:             1             40  sun.nio.ch.FileLockImpl
1181:             1             40  sun.nio.cs.StandardCharsets$Aliases
1182:             1             40  sun.nio.cs.StandardCharsets$Cache
1183:             1             40  sun.nio.cs.StandardCharsets$Classes
1184:             1             40  sun.security.provider.DSAPublicKeyImpl
1185:             1             40  sun.text.IntHashtable
1186:             1             40  sun.text.UCompactIntArray
1187:             1             32  [Lcom.google.common.cache.LocalCache$Strength;
1188:             1             32  [Lcom.sun.beans.util.Cache$Kind;
1189:             1             32  [Lcom.sun.org.apache.xalan.internal.utils.XMLSecurityManager$NameMap;
1190:             1             32  [Lcom.sun.org.apache.xerces.internal.utils.XMLSecurityManager$NameMap;
1191:             1             32  [Ljava.lang.OutOfMemoryError;
1192:             2             32  [Ljava.lang.StackTraceElement;
1193:             1             32  [Ljava.lang.ThreadGroup;
1194:             1             32  [Ljava.text.Normalizer$Form;
1195:             1             32  [Ljava.util.EventListener;
1196:             1             32  [Lorg.apache.lucene.analysis.synonym.SynonymFilter$PendingInput;
1197:             1             32  [Lorg.apache.lucene.analysis.synonym.SynonymFilter$PendingOutputs;
1198:             1             32  [Lorg.apache.lucene.index.IndexWriterConfig$OpenMode;
1199:             1             32  [Lorg.apache.lucene.index.StoredFieldVisitor$Status;
1200:             1             32  [Lorg.apache.lucene.index.TermsEnum$SeekStatus;
1201:             1             32  [Lorg.apache.lucene.search.BooleanClause$Occur;
1202:             1             32  [Lorg.apache.lucene.store.IOContext$Context;
1203:             1             32  [Lorg.apache.lucene.util.fst.FST$INPUT_TYPE;
1204:             1             32  [Lorg.apache.solr.common.params.CommonParams$EchoParamStyle;
1205:             1             32  [Lorg.apache.solr.search.SolrCache$State;
1206:             1             32  [Lorg.apache.solr.update.UpdateLog$State;
1207:             1             32  [Lorg.apache.solr.update.UpdateLog$SyncLevel;
1208:             1             32  [Lorg.apache.solr.update.processor.UpdateRequestProcessorFactory;
1209:             1             32  [Lorg.eclipse.jetty.io.Buffers$Type;
1210:             1             32  [Lorg.eclipse.jetty.security.UserDataConstraint;
1211:             1             32  [Lorg.eclipse.jetty.servlet.Holder$Source;
1212:             1             32  [Lorg.eclipse.jetty.util.Scanner$Notification;
1213:             1             32  [Lorg.eclipse.jetty.webapp.MetaDataComplete;
1214:             1             32  [Lsun.security.provider.NativePRNG$Variant;
1215:             1             32  [Lsun.text.normalizer.NormalizerBase$Mode;
1216:             1             32  [[Lcom.sun.org.apache.xerces.internal.impl.dtd.models.ContentModelValidator;
1217:             1             32  [[Lcom.sun.org.apache.xerces.internal.impl.dv.DatatypeValidator;
1218:             1             32  [[[Ljava.lang.String;
1219:             2             32  com.google.common.cache.LocalCache$LocalManualCache
1220:             1             32  com.google.common.util.concurrent.MoreExecutors$SameThreadExecutorService
1221:             2             32  com.sun.beans.WeakCache
1222:             1             32  com.sun.beans.finder.BeanInfoFinder
1223:             1             32  com.sun.org.apache.xalan.internal.utils.FeatureManager$Feature
1224:             1             32  com.sun.org.apache.xalan.internal.utils.XMLSecurityManager
1225:             2             32  com.sun.org.apache.xerces.internal.impl.XMLDocumentScannerImpl$PrologDriver
1226:             2             32  com.sun.org.apache.xerces.internal.impl.XMLDocumentScannerImpl$TrailingMiscDriver
1227:             2             32  com.sun.org.apache.xerces.internal.impl.XMLDocumentScannerImpl$XMLDeclDriver
1228:             1             32  com.sun.org.apache.xerces.internal.impl.XMLEntityScanner$1
1229:             2             32  com.sun.org.apache.xerces.internal.impl.dv.dtd.DTDDVFactoryImpl
1230:             2             32  com.sun.org.apache.xerces.internal.impl.dv.dtd.ENTITYDatatypeValidator
1231:             2             32  com.sun.org.apache.xerces.internal.parsers.AbstractSAXParser$AttributesProxy
1232:             2             32  com.sun.org.apache.xerces.internal.util.EntityResolverWrapper
1233:             2             32  com.sun.org.apache.xerces.internal.util.ErrorHandlerWrapper
1234:             1             32  com.sun.org.apache.xml.internal.utils.XMLReaderManager
1235:             1             32  com.sun.org.apache.xpath.internal.jaxp.XPathFactoryImpl
1236:             1             32  java.beans.ThreadGroupContext
1237:             1             32  java.beans.ThreadGroupContext$1
1238:             1             32  java.io.RandomAccessFile
1239:             1             32  java.io.UnixFileSystem
1240:             1             32  java.lang.ArithmeticException
1241:             1             32  java.lang.ArrayIndexOutOfBoundsException
1242:             2             32  java.lang.Boolean
1243:             1             32  java.lang.ClassCastException
1244:             1             32  java.lang.NullPointerException
1245:             2             32  java.lang.Shutdown$Lock
1246:             1             32  java.lang.reflect.WeakCache
1247:             2             32  java.nio.ByteOrder
1248:             1             32  java.nio.channels.Channels$1
1249:             1             32  java.security.BasicPermissionCollection
1250:             1             32  java.security.MessageDigest$Delegate
1251:             1             32  java.text.DontCareFieldPosition
1252:             2             32  java.util.Collections$SingletonSet
1253:             2             32  java.util.Hashtable$EntrySet
1254:             1             32  java.util.ServiceLoader
1255:             2             32  java.util.concurrent.ConcurrentHashMap$ValuesView
1256:             2             32  java.util.concurrent.CopyOnWriteArraySet
1257:             1             32  java.util.concurrent.ThreadLocalRandom
1258:             1             32  java.util.logging.LogManager$SystemLoggerContext
1259:             2             32  javax.xml.xpath.SecuritySupport
1260:             2             32  org.apache.http.conn.scheme.PlainSocketFactory
1261:             2             32  org.apache.http.conn.scheme.SchemeRegistry
1262:             2             32  org.apache.http.impl.conn.HttpConnPool$InternalConnFactory
1263:             2             32  org.apache.http.params.SyncBasicHttpParams
1264:             1             32  org.apache.log4j.PatternLayout
1265:             1             32  org.apache.lucene.analysis.cjk.CJKBigramFilterFactory
1266:             1             32  org.apache.lucene.analysis.id.IndonesianStemFilterFactory
1267:             1             32  org.apache.lucene.analysis.ja.JapaneseKatakanaStemFilterFactory
1268:             1             32  org.apache.lucene.analysis.miscellaneous.TrimFilterFactory
1269:             1             32  org.apache.lucene.analysis.phonetic.DoubleMetaphoneFilterFactory
1270:             2             32  org.apache.lucene.codecs.lucene40.Lucene40DocValuesFormat
1271:             2             32  org.apache.lucene.codecs.lucene40.Lucene40FieldInfosFormat
1272:             2             32  org.apache.lucene.codecs.lucene40.Lucene40NormsFormat
1273:             2             32  org.apache.lucene.codecs.lucene40.Lucene40TermVectorsFormat
1274:             2             32  org.apache.lucene.codecs.lucene42.Lucene42FieldInfosFormat
1275:             2             32  org.apache.lucene.codecs.lucene50.Lucene50CompoundFormat
1276:             2             32  org.apache.lucene.codecs.lucene50.Lucene50FieldInfosFormat
1277:             2             32  org.apache.lucene.codecs.lucene50.Lucene50LiveDocsFormat
1278:             2             32  org.apache.lucene.codecs.lucene50.Lucene50NormsFormat
1279:             2             32  org.apache.lucene.codecs.lucene50.Lucene50SegmentInfoFormat
1280:             2             32  org.apache.lucene.codecs.lucene50.Lucene50StoredFieldsFormat
1281:             2             32  org.apache.lucene.codecs.simpletext.SimpleTextDocValuesFormat
1282:             2             32  org.apache.lucene.codecs.simpletext.SimpleTextPostingsFormat
1283:             1             32  org.apache.lucene.index.DocumentsWriterPerThreadPool
1284:             1             32  org.apache.lucene.index.FieldInfos$FieldNumbers
1285:             2             32  org.apache.lucene.search.MatchAllDocsQuery
1286:             2             32  org.apache.lucene.search.similarities.DefaultSimilarity
1287:             1             32  org.apache.lucene.search.spell.WordBreakSpellChecker
1288:             1             32  org.apache.lucene.store.NativeFSLockFactory$NativeFSLock
1289:             2             32  org.apache.lucene.store.SingleInstanceLockFactory
1290:             1             32  org.apache.lucene.util.AttributeFactory$DefaultAttributeFactory$1
1291:             1             32  org.apache.solr.core.ConfigOverlay
1292:             1             32  org.apache.solr.core.ConfigSolrXml
1293:             1             32  org.apache.solr.core.IndexDeletionPolicyWrapper
1294:             1             32  org.apache.solr.core.SolrConfig$HttpCachingConfig
1295:             1             32  org.apache.solr.core.SolrConfig$JmxConfiguration
1296:             1             32  org.apache.solr.core.SolrCore$8
1297:             1             32  org.apache.solr.core.SolrCore$LazyQueryResponseWriterWrapper
1298:             1             32  org.apache.solr.core.SolrCores
1299:             1             32  org.apache.solr.core.ZkContainer
1300:             1             32  org.apache.solr.handler.component.SpellCheckComponent
1301:             1             32  org.apache.solr.highlight.RegexFragmenter
1302:             1             32  org.apache.solr.logging.CircularList
1303:             1             32  org.apache.solr.logging.log4j.Log4jWatcher
1304:             2             32  org.apache.solr.response.JSONResponseWriter
1305:             1             32  org.apache.solr.rest.RestManager$Registry
1306:             1             32  org.apache.solr.rest.schema.analysis.ManagedStopFilterFactory
1307:             1             32  org.apache.solr.rest.schema.analysis.ManagedSynonymFilterFactory
1308:             2             32  org.apache.solr.schema.AbstractSpatialFieldType$1
1309:             1             32  org.apache.solr.schema.BoolField$1
1310:             1             32  org.apache.solr.schema.IndexSchema$SolrIndexAnalyzer
1311:             1             32  org.apache.solr.servlet.SolrDispatchFilter
1312:             2             32  org.apache.solr.servlet.SolrRequestParsers$FormDataRequestParser
1313:             2             32  org.apache.solr.servlet.SolrRequestParsers$MultipartRequestParser
1314:             2             32  org.apache.solr.servlet.SolrRequestParsers$RawRequestParser
1315:             2             32  org.apache.solr.servlet.SolrRequestParsers$SimpleRequestParser
1316:             1             32  org.apache.solr.spelling.DirectSolrSpellChecker
1317:             1             32  org.apache.solr.update.SolrIndexConfig$DelayedSchemaAnalyzer
1318:             1             32  org.eclipse.jetty.continuation.ContinuationThrowable
1319:             1             32  org.eclipse.jetty.deploy.App
1320:             1             32  org.eclipse.jetty.deploy.DeploymentManager$AppEntry
1321:             1             32  org.eclipse.jetty.security.ConstraintMapping
1322:             1             32  org.eclipse.jetty.servlet.FilterMapping
1323:             1             32  org.eclipse.jetty.util.Scanner$TimeNSize
1324:             1             32  org.eclipse.jetty.util.security.Constraint
1325:             1             32  org.opensextant.solrtexttagger.ConcatenateFilterFactory
1326:             1             32  sun.nio.ch.FileKey
1327:             1             32  sun.nio.ch.SharedFileLockTable$FileLockReference
1328:             1             32  sun.nio.cs.StandardCharsets
1329:             1             32  sun.nio.fs.LinuxFileSystem
1330:             2             32  sun.reflect.BootstrapConstructorAccessorImpl
1331:             1             32  sun.reflect.generics.reflectiveObjects.TypeVariableImpl
1332:             2             32  sun.security.provider.NativePRNG
1333:             1             32  sun.security.provider.SecureRandom
1334:             2             32  sun.security.ssl.SSLSocketFactoryImpl
1335:             1             32  sun.security.ssl.X509TrustManagerImpl
1336:             2             32  sun.security.util.DisabledAlgorithmConstraints$KeySizeConstraints
1337:             1             32  sun.security.x509.IssuerAlternativeNameExtension
1338:             2             32  sun.text.normalizer.CharTrie$FriendAgent
1339:             1             24  [Lcom.google.common.base.Functions$ToStringFunction;
1340:             1             24  [Lcom.google.common.cache.CacheBuilder$NullListener;
1341:             1             24  [Lcom.google.common.cache.CacheBuilder$OneWeigher;
1342:             1             24  [Lcom.sun.org.apache.xalan.internal.utils.FeatureManager$Feature;
1343:             1             24  [Lcom.sun.org.apache.xalan.internal.utils.XMLSecurityPropertyManager$Property;
1344:             1             24  [Lcom.sun.org.apache.xerces.internal.utils.XMLSecurityPropertyManager$Property;
1345:             1             24  [Ljava.io.File$PathStatus;
1346:             1             24  [Ljava.lang.reflect.TypeVariable;
1347:             1             24  [Ljava.net.InetAddress$Cache$Type;
1348:             1             24  [Ljava.nio.file.LinkOption;
1349:             1             24  [Ljava.util.Locale$Category;
1350:             1             24  [Ljavax.net.ssl.KeyManager;
1351:             1             24  [Ljavax.net.ssl.TrustManager;
1352:             1             24  [Lorg.apache.lucene.search.TermQuery;
1353:             1             24  [Lorg.apache.lucene.search.spell.WordBreakSpellChecker$BreakSuggestionSortMethod;
1354:             1             24  [Lorg.apache.lucene.util.packed.PackedInts$Format;
1355:             1             24  [Lorg.apache.solr.client.solrj.SolrQuery$ORDER;
1356:             1             24  [Lorg.apache.solr.core.DirectoryFactory$DirContext;
1357:             1             24  [Lorg.apache.solr.parser.QueryParser$Operator;
1358:             1             24  [Lorg.apache.solr.schema.IndexSchema$DynamicCopy;
1359:             1             24  [Lorg.apache.solr.search.CacheConfig;
1360:             1             24  [Lorg.apache.solr.util.stats.Histogram$SampleType;
1361:             1             24  [Lorg.eclipse.jetty.server.Connector;
1362:             1             24  [Lorg.eclipse.jetty.servlet.FilterHolder;
1363:             1             24  [Lorg.eclipse.jetty.servlet.FilterMapping;
1364:             1             24  [Lsun.launcher.LauncherHelper;
1365:             1             24  [Lsun.security.ssl.EphemeralKeyManager$EphemeralKeyPair;
1366:             1             24  com.google.common.base.Functions$ToStringFunction
1367:             1             24  com.google.common.base.Joiner$1
1368:             1             24  com.google.common.base.Joiner$MapJoiner
1369:             1             24  com.google.common.cache.CacheBuilder$NullListener
1370:             1             24  com.google.common.cache.CacheBuilder$OneWeigher
1371:             1             24  com.google.common.cache.LocalCache$EntryFactory$1
1372:             1             24  com.google.common.cache.LocalCache$EntryFactory$2
1373:             1             24  com.google.common.cache.LocalCache$EntryFactory$3
1374:             1             24  com.google.common.cache.LocalCache$EntryFactory$4
1375:             1             24  com.google.common.cache.LocalCache$EntryFactory$5
1376:             1             24  com.google.common.cache.LocalCache$EntryFactory$6
1377:             1             24  com.google.common.cache.LocalCache$EntryFactory$7
1378:             1             24  com.google.common.cache.LocalCache$EntryFactory$8
1379:             1             24  com.google.common.cache.LocalCache$Strength$1
1380:             1             24  com.google.common.cache.LocalCache$Strength$2
1381:             1             24  com.google.common.cache.LocalCache$Strength$3
1382:             1             24  com.google.common.collect.ImmutableMapKeySet
1383:             1             24  com.google.common.collect.ImmutableMapKeySet$1
1384:             1             24  com.google.common.collect.SingletonImmutableSet
1385:             1             24  com.sun.beans.util.Cache$Kind$1
1386:             1             24  com.sun.beans.util.Cache$Kind$2
1387:             1             24  com.sun.beans.util.Cache$Kind$3
1388:             1             24  com.sun.org.apache.xalan.internal.utils.FeatureManager
1389:             1             24  com.sun.org.apache.xerces.internal.impl.Constants$ArrayEnumeration
1390:             1             24  com.sun.org.apache.xerces.internal.impl.dtd.XMLContentSpec
1391:             1             24  com.sun.org.apache.xpath.internal.objects.XString
1392:             1             24  java.io.StringWriter
1393:             1             24  java.lang.invoke.Invokers
1394:             1             24  java.lang.invoke.MethodHandleImpl$4
1395:             1             24  java.lang.invoke.MethodType$ConcurrentWeakInternSet
1396:             1             24  java.math.MutableBigInteger
1397:             1             24  java.net.Inet4AddressImpl
1398:             1             24  java.nio.file.LinkOption
1399:             1             24  java.util.Collections$EmptyMap
1400:             1             24  java.util.Locale$Cache
1401:             1             24  java.util.ResourceBundle$Control$CandidateListCache
1402:             1             24  java.util.TaskQueue
1403:             1             24  java.util.Timer
1404:             1             24  java.util.concurrent.TimeUnit$1
1405:             1             24  java.util.concurrent.TimeUnit$2
1406:             1             24  java.util.concurrent.TimeUnit$3
1407:             1             24  java.util.concurrent.TimeUnit$4
1408:             1             24  java.util.concurrent.TimeUnit$5
1409:             1             24  java.util.concurrent.TimeUnit$6
1410:             1             24  java.util.concurrent.TimeUnit$7
1411:             1             24  java.util.jar.Manifest
1412:             1             24  java.util.logging.LogManager$LoggerContext
1413:             1             24  java.util.logging.LoggingPermission
1414:             1             24  java.util.regex.Pattern$7
1415:             1             24  java.util.regex.Pattern$Bound
1416:             1             24  java.util.regex.Pattern$Neg
1417:             1             24  javax.net.ssl.SSLContext
1418:             1             24  org.apache.commons.logging.impl.SLF4JLogFactory
1419:             1             24  org.apache.log4j.helpers.FormattingInfo
1420:             1             24  org.apache.lucene.analysis.Tokenizer$1
1421:             1             24  org.apache.lucene.analysis.ar.ArabicStemFilterFactory
1422:             1             24  org.apache.lucene.analysis.bg.BulgarianStemFilterFactory
1423:             1             24  org.apache.lucene.analysis.ckb.SoraniNormalizationFilterFactory
1424:             1             24  org.apache.lucene.analysis.ckb.SoraniStemFilterFactory
1425:             1             24  org.apache.lucene.analysis.cz.CzechStemFilterFactory
1426:             1             24  org.apache.lucene.analysis.de.GermanLightStemFilterFactory
1427:             1             24  org.apache.lucene.analysis.de.GermanNormalizationFilterFactory
1428:             1             24  org.apache.lucene.analysis.el.GreekLowerCaseFilterFactory
1429:             1             24  org.apache.lucene.analysis.el.GreekStemFilterFactory
1430:             1             24  org.apache.lucene.analysis.en.EnglishMinimalStemFilterFactory
1431:             1             24  org.apache.lucene.analysis.es.SpanishLightStemFilterFactory
1432:             1             24  org.apache.lucene.analysis.fa.PersianCharFilterFactory
1433:             1             24  org.apache.lucene.analysis.fa.PersianNormalizationFilterFactory
1434:             1             24  org.apache.lucene.analysis.fr.FrenchLightStemFilterFactory
1435:             1             24  org.apache.lucene.analysis.ga.IrishLowerCaseFilterFactory
1436:             1             24  org.apache.lucene.analysis.gl.GalicianStemFilterFactory
1437:             1             24  org.apache.lucene.analysis.hi.HindiNormalizationFilterFactory
1438:             1             24  org.apache.lucene.analysis.hi.HindiStemFilterFactory
1439:             1             24  org.apache.lucene.analysis.in.IndicNormalizationFilterFactory
1440:             1             24  org.apache.lucene.analysis.it.ItalianLightStemFilterFactory
1441:             1             24  org.apache.lucene.analysis.ja.JapaneseBaseFormFilterFactory
1442:             1             24  org.apache.lucene.analysis.lv.LatvianStemFilterFactory
1443:             1             24  org.apache.lucene.analysis.miscellaneous.RemoveDuplicatesTokenFilterFactory
1444:             1             24  org.apache.lucene.analysis.miscellaneous.StemmerOverrideFilter$StemmerOverrideMap
1445:             1             24  org.apache.lucene.analysis.pt.PortugueseLightStemFilterFactory
1446:             1             24  org.apache.lucene.analysis.th.ThaiTokenizerFactory
1447:             1             24  org.apache.lucene.analysis.tr.ApostropheFilterFactory
1448:             1             24  org.apache.lucene.analysis.tr.TurkishLowerCaseFilterFactory
1449:             1             24  org.apache.lucene.codecs.blocktreeords.BlockTreeOrdsPostingsFormat
1450:             1             24  org.apache.lucene.codecs.bloom.BloomFilteringPostingsFormat
1451:             1             24  org.apache.lucene.codecs.lucene40.Lucene40Codec$1
1452:             1             24  org.apache.lucene.codecs.lucene41.Lucene41Codec$1
1453:             1             24  org.apache.lucene.codecs.lucene410.Lucene410Codec$1
1454:             1             24  org.apache.lucene.codecs.lucene410.Lucene410Codec$2
1455:             1             24  org.apache.lucene.codecs.lucene42.Lucene42Codec$1
1456:             1             24  org.apache.lucene.codecs.lucene42.Lucene42Codec$2
1457:             1             24  org.apache.lucene.codecs.lucene42.Lucene42Codec$3
1458:             1             24  org.apache.lucene.codecs.lucene42.Lucene42DocValuesFormat
1459:             1             24  org.apache.lucene.codecs.lucene45.Lucene45Codec$1
1460:             1             24  org.apache.lucene.codecs.lucene45.Lucene45Codec$2
1461:             1             24  org.apache.lucene.codecs.lucene45.Lucene45Codec$3
1462:             1             24  org.apache.lucene.codecs.lucene46.Lucene46Codec$1
1463:             1             24  org.apache.lucene.codecs.lucene46.Lucene46Codec$2
1464:             1             24  org.apache.lucene.codecs.lucene46.Lucene46Codec$3
1465:             1             24  org.apache.lucene.codecs.lucene49.Lucene49Codec$1
1466:             1             24  org.apache.lucene.codecs.lucene49.Lucene49Codec$2
1467:             1             24  org.apache.lucene.codecs.lucene50.Lucene50PostingsFormat
1468:             1             24  org.apache.lucene.codecs.memory.DirectPostingsFormat
1469:             1             24  org.apache.lucene.codecs.memory.MemoryDocValuesFormat
1470:             1             24  org.apache.lucene.codecs.memory.MemoryPostingsFormat
1471:             1             24  org.apache.lucene.index.DocumentsWriterDeleteQueue$DeleteSlice
1472:             1             24  org.apache.lucene.index.DocumentsWriterDeleteQueue$Node
1473:             1             24  org.apache.lucene.index.DocumentsWriterFlushQueue
1474:             1             24  org.apache.lucene.index.DocumentsWriterStallControl
1475:             1             24  org.apache.lucene.index.FlushByRamOrCountsPolicy
1476:             1             24  org.apache.lucene.index.IndexWriter$1
1477:             1             24  org.apache.lucene.index.IndexWriter$ReaderPool
1478:             1             24  org.apache.lucene.index.MultiBits
1479:             1             24  org.apache.lucene.index.MultiFields
1480:             1             24  org.apache.lucene.index.MultiTerms
1481:             1             24  org.apache.lucene.search.BooleanClause$Occur$1
1482:             1             24  org.apache.lucene.search.BooleanClause$Occur$2
1483:             1             24  org.apache.lucene.search.BooleanClause$Occur$3
1484:             1             24  org.apache.lucene.search.TopDocs
1485:             1             24  org.apache.lucene.spatial.prefix.tree.GeohashPrefixTree
1486:             1             24  org.apache.lucene.store.FlushInfo
1487:             1             24  org.apache.lucene.uninverting.FieldCacheImpl
1488:             1             24  org.apache.lucene.uninverting.FieldCacheImpl$BinaryDocValuesCache
1489:             1             24  org.apache.lucene.uninverting.FieldCacheImpl$DocTermOrdsCache
1490:             1             24  org.apache.lucene.uninverting.FieldCacheImpl$DocsWithFieldCache
1491:             1             24  org.apache.lucene.uninverting.FieldCacheImpl$LongCache
1492:             1             24  org.apache.lucene.uninverting.FieldCacheImpl$SortedDocValuesCache
1493:             1             24  org.apache.lucene.util.AttributeFactory$1
1494:             1             24  org.apache.lucene.util.AttributeSource$2
1495:             1             24  org.apache.lucene.util.SetOnce
1496:             1             24  org.apache.lucene.util.packed.PackedInts$Format$1
1497:             1             24  org.apache.lucene.util.packed.PackedInts$Format$2
1498:             1             24  org.apache.solr.client.solrj.SolrQuery
1499:             1             24  org.apache.solr.client.solrj.SolrQuery$SortClause
1500:             1             24  org.apache.solr.common.SolrInputDocument
1501:             1             24  org.apache.solr.common.util.SolrjNamedThreadFactory
1502:             1             24  org.apache.solr.core.ConfigSetService$Default
1503:             1             24  org.apache.solr.core.JarRepository
1504:             1             24  org.apache.solr.core.RequestHandlers
1505:             1             24  org.apache.solr.core.RequestParams
1506:             1             24  org.apache.solr.core.SchemaCodecFactory
1507:             1             24  org.apache.solr.core.SolrDeletionPolicy
1508:             1             24  org.apache.solr.handler.ReplicationHandler$3
1509:             1             24  org.apache.solr.handler.component.ExpandComponent
1510:             1             24  org.apache.solr.handler.component.FacetComponent
1511:             1             24  org.apache.solr.handler.component.HighlightComponent
1512:             1             24  org.apache.solr.handler.component.TermVectorComponent
1513:             1             24  org.apache.solr.highlight.BreakIteratorBoundaryScanner
1514:             1             24  org.apache.solr.highlight.DefaultEncoder
1515:             1             24  org.apache.solr.highlight.GapFragmenter
1516:             1             24  org.apache.solr.highlight.HtmlEncoder
1517:             1             24  org.apache.solr.highlight.HtmlFormatter
1518:             1             24  org.apache.solr.highlight.SimpleBoundaryScanner
1519:             1             24  org.apache.solr.highlight.SimpleFragListBuilder
1520:             1             24  org.apache.solr.highlight.SingleFragListBuilder
1521:             1             24  org.apache.solr.highlight.WeightedFragListBuilder
1522:             1             24  org.apache.solr.response.transform.ExplainAugmenterFactory
1523:             1             24  org.apache.solr.response.transform.ValueAugmenterFactory
1524:             1             24  org.apache.solr.schema.FileExchangeRateProvider
1525:             1             24  org.apache.solr.schema.TrieDateField$ThreadLocalDateFormat
1526:             1             24  org.apache.solr.search.BitDocSet
1527:             1             24  org.apache.solr.search.QueryParsing$StrParser
1528:             1             24  org.apache.solr.search.similarities.DefaultSimilarityFactory
1529:             1             24  org.apache.solr.spelling.SpellingQueryConverter
1530:             1             24  org.apache.solr.update.DefaultSolrCoreState$1
1531:             1             24  org.apache.solr.update.UpdateShardHandler
1532:             1             24  org.apache.solr.update.processor.LogUpdateProcessorFactory
1533:             1             24  org.apache.solr.update.processor.UpdateRequestProcessorChain
1534:             1             24  org.apache.solr.util.stats.Histogram$SampleType$1
1535:             1             24  org.apache.solr.util.stats.Histogram$SampleType$2
1536:             1             24  org.eclipse.jetty.deploy.AppLifeCycle
1537:             1             24  org.eclipse.jetty.http.HttpFields$DateGenerator
1538:             1             24  org.eclipse.jetty.http.HttpHeaderValues
1539:             1             24  org.eclipse.jetty.http.HttpHeaders
1540:             1             24  org.eclipse.jetty.security.RoleInfo
1541:             1             24  org.eclipse.jetty.server.AbstractConnector$Acceptor
1542:             1             24  org.eclipse.jetty.servlet.FilterHolder$Config
1543:             1             24  org.eclipse.jetty.servlet.NoJspServlet
1544:             1             24  org.eclipse.jetty.util.IO$NullWrite
1545:             1             24  org.eclipse.jetty.util.MultiMap
1546:             1             24  org.noggit.NullCharArr
1547:             1             24  org.slf4j.helpers.FormattingTuple
1548:             1             24  sun.launcher.LauncherHelper
1549:             1             24  sun.management.VMManagementImpl
1550:             1             24  sun.misc.JarIndex
1551:             1             24  sun.misc.URLClassPath$FileLoader
1552:             1             24  sun.net.ProgressMonitor
1553:             1             24  sun.net.sdp.SdpProvider
1554:             1             24  sun.nio.ch.SharedFileLockTable
1555:             1             24  sun.nio.cs.ISO_8859_1
1556:             1             24  sun.nio.cs.US_ASCII
1557:             1             24  sun.nio.cs.UTF_16
1558:             1             24  sun.nio.cs.UTF_16BE
1559:             1             24  sun.nio.cs.UTF_16LE
1560:             1             24  sun.nio.cs.UTF_8
1561:             1             24  sun.reflect.generics.factory.CoreReflectionFactory
1562:             1             24  sun.reflect.generics.scope.ClassScope
1563:             1             24  sun.reflect.generics.tree.FormalTypeParameter
1564:             1             24  sun.security.provider.DSAParameters
1565:             1             24  sun.security.ssl.SSLAlgorithmConstraints$TLSDisabledAlgConstraints
1566:             1             24  sun.security.ssl.SSLAlgorithmConstraints$X509DisabledAlgConstraints
1567:             1             24  sun.security.ssl.SunX509KeyManagerImpl
1568:             1             24  sun.security.util.DisabledAlgorithmConstraints$KeySizeConstraint
1569:             1             24  sun.text.normalizer.ReplaceableUCharacterIterator
1570:             1             24  sun.util.locale.BaseLocale$Cache
1571:             1             24  sun.util.locale.provider.CalendarDataProviderImpl
1572:             1             24  sun.util.locale.provider.CalendarProviderImpl
1573:             1             24  sun.util.locale.provider.CollatorProviderImpl
1574:             1             24  sun.util.locale.provider.CurrencyNameProviderImpl
1575:             1             24  sun.util.locale.provider.DateFormatSymbolsProviderImpl
1576:             1             24  sun.util.locale.provider.DecimalFormatSymbolsProviderImpl
1577:             1             24  sun.util.locale.provider.NumberFormatProviderImpl
1578:             1             16  [Ljava.beans.EventSetDescriptor;
1579:             1             16  [Ljava.lang.Enum;
1580:             1             16  [Ljava.lang.Throwable;
1581:             1             16  [Ljava.nio.file.attribute.FileAttribute;
1582:             1             16  [Ljava.security.Provider;
1583:             1             16  [Ljava.text.FieldPosition;
1584:             1             16  [Ljava.util.logging.Handler;
1585:             1             16  [Lorg.apache.lucene.codecs.PostingsFormat;
1586:             1             16  [Lorg.apache.lucene.search.ScoreDoc;
1587:             1             16  [Lorg.apache.lucene.search.SortField;
1588:             1             16  [Lorg.apache.solr.client.solrj.impl.LBHttpSolrClient$ServerWrapper;
1589:             1             16  com.google.common.base.Equivalence$Equals
1590:             1             16  com.google.common.base.Joiner
1591:             1             16  com.google.common.base.Suppliers$SupplierOfInstance
1592:             1             16  com.google.common.base.Ticker$1
1593:             1             16  com.google.common.cache.CacheBuilder$1
1594:             1             16  com.google.common.cache.CacheBuilder$2
1595:             1             16  com.google.common.cache.CacheBuilder$3
1596:             1             16  com.google.common.cache.LocalCache$1
1597:             1             16  com.google.common.cache.LocalCache$2
1598:             1             16  com.google.common.collect.ImmutableCollection$EmptyImmutableCollection
1599:             1             16  com.google.common.collect.Iterators$1
1600:             1             16  com.google.common.collect.Iterators$2
1601:             1             16  com.sun.naming.internal.VersionHelper12
1602:             1             16  com.sun.org.apache.xalan.internal.utils.SecuritySupport
1603:             1             16  com.sun.org.apache.xerces.internal.dom.CharacterDataImpl$1
1604:             1             16  com.sun.org.apache.xerces.internal.impl.XMLDocumentScannerImpl$DTDDriver
1605:             1             16  com.sun.org.apache.xerces.internal.impl.dv.dtd.IDDatatypeValidator
1606:             1             16  com.sun.org.apache.xerces.internal.impl.dv.dtd.IDREFDatatypeValidator
1607:             1             16  com.sun.org.apache.xerces.internal.impl.dv.dtd.NMTOKENDatatypeValidator
1608:             1             16  com.sun.org.apache.xerces.internal.impl.dv.dtd.NOTATIONDatatypeValidator
1609:             1             16  com.sun.org.apache.xerces.internal.impl.dv.dtd.StringDatatypeValidator
1610:             1             16  com.sun.org.apache.xerces.internal.utils.SecuritySupport
1611:             1             16  com.sun.org.apache.xpath.internal.objects.EqualComparator
1612:             1             16  com.sun.org.apache.xpath.internal.objects.GreaterThanComparator
1613:             1             16  com.sun.org.apache.xpath.internal.objects.GreaterThanOrEqualComparator
1614:             1             16  com.sun.org.apache.xpath.internal.objects.LessThanComparator
1615:             1             16  com.sun.org.apache.xpath.internal.objects.LessThanOrEqualComparator
1616:             1             16  com.sun.org.apache.xpath.internal.objects.NotEqualComparator
1617:             1             16  com.sun.org.apache.xpath.internal.objects.XMLStringFactoryImpl
1618:             1             16  java.io.FileDescriptor$1
1619:             1             16  java.lang.ApplicationShutdownHooks$1
1620:             1             16  java.lang.CharacterData00
1621:             1             16  java.lang.CharacterDataLatin1
1622:             1             16  java.lang.InheritableThreadLocal
1623:             1             16  java.lang.Runtime
1624:             1             16  java.lang.String$CaseInsensitiveComparator
1625:             1             16  java.lang.System$2
1626:             1             16  java.lang.Terminator$1
1627:             1             16  java.lang.invoke.MemberName$Factory
1628:             1             16  java.lang.invoke.MethodHandleImpl$2
1629:             1             16  java.lang.invoke.MethodHandleImpl$3
1630:             1             16  java.lang.management.PlatformComponent$1
1631:             1             16  java.lang.management.PlatformComponent$10
1632:             1             16  java.lang.management.PlatformComponent$11
1633:             1             16  java.lang.management.PlatformComponent$12
1634:             1             16  java.lang.management.PlatformComponent$13
1635:             1             16  java.lang.management.PlatformComponent$14
1636:             1             16  java.lang.management.PlatformComponent$15
1637:             1             16  java.lang.management.PlatformComponent$2
1638:             1             16  java.lang.management.PlatformComponent$3
1639:             1             16  java.lang.management.PlatformComponent$4
1640:             1             16  java.lang.management.PlatformComponent$5
1641:             1             16  java.lang.management.PlatformComponent$6
1642:             1             16  java.lang.management.PlatformComponent$7
1643:             1             16  java.lang.management.PlatformComponent$8
1644:             1             16  java.lang.management.PlatformComponent$9
1645:             1             16  java.lang.ref.Reference$Lock
1646:             1             16  java.lang.reflect.Proxy$KeyFactory
1647:             1             16  java.lang.reflect.Proxy$ProxyClassFactory
1648:             1             16  java.lang.reflect.ReflectAccess
1649:             1             16  java.net.InetAddress$2
1650:             1             16  java.net.URLClassLoader$7
1651:             1             16  java.nio.Bits$1
1652:             1             16  java.nio.channels.spi.AbstractInterruptibleChannel$1
1653:             1             16  java.nio.charset.CoderResult$1
1654:             1             16  java.nio.charset.CoderResult$2
1655:             1             16  java.security.ProtectionDomain$1
1656:             1             16  java.security.ProtectionDomain$3
1657:             1             16  java.text.DontCareFieldPosition$1
1658:             1             16  java.util.Collections$EmptyEnumeration
1659:             1             16  java.util.Collections$EmptyIterator
1660:             1             16  java.util.Collections$EmptyList
1661:             1             16  java.util.Collections$EmptySet
1662:             1             16  java.util.Collections$UnmodifiableMap$UnmodifiableEntrySet
1663:             1             16  java.util.Currency$CurrencyNameGetter
1664:             1             16  java.util.Hashtable$KeySet
1665:             1             16  java.util.ResourceBundle$Control
1666:             1             16  java.util.Timer$1
1667:             1             16  java.util.concurrent.ConcurrentHashMap$EntrySetView
1668:             1             16  java.util.concurrent.ConcurrentSkipListMap$KeySet
1669:             1             16  java.util.concurrent.Executors$FinalizableDelegatedExecutorService
1670:             1             16  java.util.concurrent.ThreadPoolExecutor$AbortPolicy
1671:             1             16  java.util.jar.JavaUtilJarAccessImpl
1672:             1             16  java.util.logging.LoggingProxyImpl
1673:             1             16  java.util.regex.Pattern$4
1674:             1             16  java.util.regex.Pattern$Begin
1675:             1             16  java.util.regex.Pattern$CharPropertyNames$10
1676:             1             16  java.util.regex.Pattern$CharPropertyNames$11
1677:             1             16  java.util.regex.Pattern$CharPropertyNames$12
1678:             1             16  java.util.regex.Pattern$CharPropertyNames$13
1679:             1             16  java.util.regex.Pattern$CharPropertyNames$14
1680:             1             16  java.util.regex.Pattern$CharPropertyNames$15
1681:             1             16  java.util.regex.Pattern$CharPropertyNames$16
1682:             1             16  java.util.regex.Pattern$CharPropertyNames$17
1683:             1             16  java.util.regex.Pattern$CharPropertyNames$18
1684:             1             16  java.util.regex.Pattern$CharPropertyNames$19
1685:             1             16  java.util.regex.Pattern$CharPropertyNames$20
1686:             1             16  java.util.regex.Pattern$CharPropertyNames$21
1687:             1             16  java.util.regex.Pattern$CharPropertyNames$22
1688:             1             16  java.util.regex.Pattern$CharPropertyNames$23
1689:             1             16  java.util.regex.Pattern$CharPropertyNames$5
1690:             1             16  java.util.regex.Pattern$CharPropertyNames$6
1691:             1             16  java.util.regex.Pattern$CharPropertyNames$7
1692:             1             16  java.util.regex.Pattern$CharPropertyNames$8
1693:             1             16  java.util.regex.Pattern$CharPropertyNames$9
1694:             1             16  java.util.regex.Pattern$LastNode
1695:             1             16  java.util.regex.Pattern$Node
1696:             1             16  java.util.zip.ZipFile$1
1697:             1             16  javax.xml.parsers.SecuritySupport
1698:             1             16  javax.xml.stream.SecuritySupport
1699:             1             16  javax.xml.transform.SecuritySupport
1700:             1             16  org.apache.http.conn.ssl.AllowAllHostnameVerifier
1701:             1             16  org.apache.http.conn.ssl.BrowserCompatHostnameVerifier
1702:             1             16  org.apache.http.conn.ssl.StrictHostnameVerifier
1703:             1             16  org.apache.log4j.DefaultCategoryFactory
1704:             1             16  org.apache.log4j.helpers.AppenderAttachableImpl
1705:             1             16  org.apache.log4j.or.DefaultRenderer
1706:             1             16  org.apache.log4j.or.RendererMap
1707:             1             16  org.apache.log4j.spi.DefaultRepositorySelector
1708:             1             16  org.apache.lucene.analysis.Analyzer$1
1709:             1             16  org.apache.lucene.analysis.Analyzer$2
1710:             1             16  org.apache.lucene.analysis.payloads.FloatEncoder
1711:             1             16  org.apache.lucene.analysis.util.CharacterUtils$Java4CharacterUtils
1712:             1             16  org.apache.lucene.analysis.util.CharacterUtils$Java5CharacterUtils
1713:             1             16  org.apache.lucene.codecs.bloom.DefaultBloomFilterFactory
1714:             1             16  org.apache.lucene.codecs.compressing.CompressionMode$1
1715:             1             16  org.apache.lucene.codecs.compressing.CompressionMode$2
1716:             1             16  org.apache.lucene.codecs.compressing.CompressionMode$3
1717:             1             16  org.apache.lucene.codecs.compressing.CompressionMode$4
1718:             1             16  org.apache.lucene.codecs.lucene40.Lucene40PostingsFormat
1719:             1             16  org.apache.lucene.codecs.lucene40.Lucene40StoredFieldsFormat
1720:             1             16  org.apache.lucene.codecs.lucene41.Lucene41PostingsFormat
1721:             1             16  org.apache.lucene.codecs.lucene410.Lucene410Codec$3
1722:             1             16  org.apache.lucene.codecs.lucene410.Lucene410DocValuesFormat
1723:             1             16  org.apache.lucene.codecs.lucene45.Lucene45DocValuesFormat
1724:             1             16  org.apache.lucene.codecs.lucene49.Lucene49Codec$3
1725:             1             16  org.apache.lucene.codecs.lucene49.Lucene49DocValuesFormat
1726:             1             16  org.apache.lucene.codecs.lucene50.Lucene50DocValuesFormat
1727:             1             16  org.apache.lucene.codecs.memory.DirectDocValuesFormat
1728:             1             16  org.apache.lucene.codecs.memory.FSTOrdPostingsFormat
1729:             1             16  org.apache.lucene.codecs.memory.FSTPostingsFormat
1730:             1             16  org.apache.lucene.codecs.simpletext.SimpleTextCompoundFormat
1731:             1             16  org.apache.lucene.codecs.simpletext.SimpleTextFieldInfosFormat
1732:             1             16  org.apache.lucene.codecs.simpletext.SimpleTextLiveDocsFormat
1733:             1             16  org.apache.lucene.codecs.simpletext.SimpleTextNormsFormat
1734:             1             16  org.apache.lucene.codecs.simpletext.SimpleTextSegmentInfoFormat
1735:             1             16  org.apache.lucene.codecs.simpletext.SimpleTextStoredFieldsFormat
1736:             1             16  org.apache.lucene.codecs.simpletext.SimpleTextTermVectorsFormat
1737:             1             16  org.apache.lucene.index.BufferedUpdatesStream$1
1738:             1             16  org.apache.lucene.index.DocumentsWriterPerThread$1
1739:             1             16  org.apache.lucene.index.TermsEnum$2
1740:             1             16  org.apache.lucene.search.MultiTermQuery$1
1741:             1             16  org.apache.lucene.search.ScoringRewrite$1
1742:             1             16  org.apache.lucene.search.ScoringRewrite$2
1743:             1             16  org.apache.lucene.search.spell.LuceneLevenshteinDistance
1744:             1             16  org.apache.lucene.search.spell.SuggestWordScoreComparator
1745:             1             16  org.apache.lucene.store.MMapDirectory$1
1746:             1             16  org.apache.lucene.store.NativeFSLockFactory
1747:             1             16  org.apache.lucene.uninverting.FieldCache$1
1748:             1             16  org.apache.lucene.uninverting.FieldCache$2
1749:             1             16  org.apache.lucene.uninverting.FieldCache$3
1750:             1             16  org.apache.lucene.uninverting.FieldCache$4
1751:             1             16  org.apache.lucene.uninverting.FieldCacheImpl$1
1752:             1             16  org.apache.lucene.util.ArrayUtil$NaturalComparator
1753:             1             16  org.apache.lucene.util.AttributeFactory$DefaultAttributeFactory
1754:             1             16  org.apache.lucene.util.BytesRef$UTF8SortedAsUTF16Comparator
1755:             1             16  org.apache.lucene.util.BytesRef$UTF8SortedAsUnicodeComparator
1756:             1             16  org.apache.lucene.util.CharsRef$UTF16SortedAsUTF8Comparator
1757:             1             16  org.apache.lucene.util.InfoStream$NoOutput
1758:             1             16  org.apache.lucene.util.LongValues$1
1759:             1             16  org.apache.lucene.util.fst.ByteSequenceOutputs
1760:             1             16  org.apache.lucene.util.packed.PackedInts$NullReader
1761:             1             16  org.apache.solr.client.solrj.impl.BinaryResponseParser
1762:             1             16  org.apache.solr.client.solrj.impl.HttpClientConfigurer
1763:             1             16  org.apache.solr.core.ConfigSolrXml$1
1764:             1             16  org.apache.solr.core.ConfigSolrXml$2
1765:             1             16  org.apache.solr.core.ConfigSolrXml$3
1766:             1             16  org.apache.solr.core.CorePropertiesLocator
1767:             1             16  org.apache.solr.core.SolrCore$9
1768:             1             16  org.apache.solr.core.StandardIndexReaderFactory
1769:             1             16  org.apache.solr.handler.ReplicationHandler$2
1770:             1             16  org.apache.solr.handler.component.DebugComponent
1771:             1             16  org.apache.solr.handler.component.MoreLikeThisComponent
1772:             1             16  org.apache.solr.handler.component.QueryComponent
1773:             1             16  org.apache.solr.handler.component.RealTimeGetComponent
1774:             1             16  org.apache.solr.handler.component.StatsComponent
1775:             1             16  org.apache.solr.handler.component.TermsComponent
1776:             1             16  org.apache.solr.response.BinaryResponseWriter
1777:             1             16  org.apache.solr.response.CSVResponseWriter
1778:             1             16  org.apache.solr.response.PHPResponseWriter
1779:             1             16  org.apache.solr.response.PHPSerializedResponseWriter
1780:             1             16  org.apache.solr.response.PythonResponseWriter
1781:             1             16  org.apache.solr.response.RawResponseWriter
1782:             1             16  org.apache.solr.response.RubyResponseWriter
1783:             1             16  org.apache.solr.response.SchemaXmlResponseWriter
1784:             1             16  org.apache.solr.response.SortingResponseWriter
1785:             1             16  org.apache.solr.response.XMLResponseWriter
1786:             1             16  org.apache.solr.response.XSLTResponseWriter
1787:             1             16  org.apache.solr.response.transform.ChildDocTransformerFactory
1788:             1             16  org.apache.solr.response.transform.DocIdAugmenterFactory
1789:             1             16  org.apache.solr.response.transform.DocTransformers
1790:             1             16  org.apache.solr.response.transform.ElevatedMarkerFactory
1791:             1             16  org.apache.solr.response.transform.ExcludedMarkerFactory
1792:             1             16  org.apache.solr.response.transform.ShardAugmenterFactory
1793:             1             16  org.apache.solr.rest.ManagedResourceStorage$FileStorageIO
1794:             1             16  org.apache.solr.schema.RandomSortField$1
1795:             1             16  org.apache.solr.search.BoostQParserPlugin
1796:             1             16  org.apache.solr.search.CollapsingQParserPlugin
1797:             1             16  org.apache.solr.search.ComplexPhraseQParserPlugin
1798:             1             16  org.apache.solr.search.DateValueSourceParser
1799:             1             16  org.apache.solr.search.DisMaxQParserPlugin
1800:             1             16  org.apache.solr.search.ExportQParserPlugin
1801:             1             16  org.apache.solr.search.ExtendedDismaxQParserPlugin
1802:             1             16  org.apache.solr.search.FieldQParserPlugin
1803:             1             16  org.apache.solr.search.FunctionQParserPlugin
1804:             1             16  org.apache.solr.search.FunctionRangeQParserPlugin
1805:             1             16  org.apache.solr.search.JoinQParserPlugin
1806:             1             16  org.apache.solr.search.LuceneQParserPlugin
1807:             1             16  org.apache.solr.search.MaxScoreQParserPlugin
1808:             1             16  org.apache.solr.search.NestedQParserPlugin
1809:             1             16  org.apache.solr.search.NoOpRegenerator
1810:             1             16  org.apache.solr.search.OldLuceneQParserPlugin
1811:             1             16  org.apache.solr.search.PrefixQParserPlugin
1812:             1             16  org.apache.solr.search.RawQParserPlugin
1813:             1             16  org.apache.solr.search.ReRankQParserPlugin
1814:             1             16  org.apache.solr.search.SimpleQParserPlugin
1815:             1             16  org.apache.solr.search.SolrFieldCacheMBean
1816:             1             16  org.apache.solr.search.SolrIndexSearcher$1
1817:             1             16  org.apache.solr.search.SolrIndexSearcher$2
1818:             1             16  org.apache.solr.search.SolrIndexSearcher$3
1819:             1             16  org.apache.solr.search.SolrIndexSearcher$4
1820:             1             16  org.apache.solr.search.SolrQueryTimeoutImpl
1821:             1             16  org.apache.solr.search.SolrQueryTimeoutImpl$1
1822:             1             16  org.apache.solr.search.SpatialBoxQParserPlugin
1823:             1             16  org.apache.solr.search.SpatialFilterQParserPlugin
1824:             1             16  org.apache.solr.search.SurroundQParserPlugin
1825:             1             16  org.apache.solr.search.SwitchQParserPlugin
1826:             1             16  org.apache.solr.search.TermQParserPlugin
1827:             1             16  org.apache.solr.search.TermsQParserPlugin
1828:             1             16  org.apache.solr.search.ValueSourceParser$1
1829:             1             16  org.apache.solr.search.ValueSourceParser$10
1830:             1             16  org.apache.solr.search.ValueSourceParser$11
1831:             1             16  org.apache.solr.search.ValueSourceParser$12
1832:             1             16  org.apache.solr.search.ValueSourceParser$13
1833:             1             16  org.apache.solr.search.ValueSourceParser$14
1834:             1             16  org.apache.solr.search.ValueSourceParser$15
1835:             1             16  org.apache.solr.search.ValueSourceParser$16
1836:             1             16  org.apache.solr.search.ValueSourceParser$17
1837:             1             16  org.apache.solr.search.ValueSourceParser$18
1838:             1             16  org.apache.solr.search.ValueSourceParser$19
1839:             1             16  org.apache.solr.search.ValueSourceParser$2
1840:             1             16  org.apache.solr.search.ValueSourceParser$20
1841:             1             16  org.apache.solr.search.ValueSourceParser$21
1842:             1             16  org.apache.solr.search.ValueSourceParser$22
1843:             1             16  org.apache.solr.search.ValueSourceParser$23
1844:             1             16  org.apache.solr.search.ValueSourceParser$24
1845:             1             16  org.apache.solr.search.ValueSourceParser$25
1846:             1             16  org.apache.solr.search.ValueSourceParser$26
1847:             1             16  org.apache.solr.search.ValueSourceParser$27
1848:             1             16  org.apache.solr.search.ValueSourceParser$28
1849:             1             16  org.apache.solr.search.ValueSourceParser$29
1850:             1             16  org.apache.solr.search.ValueSourceParser$3
1851:             1             16  org.apache.solr.search.ValueSourceParser$30
1852:             1             16  org.apache.solr.search.ValueSourceParser$31
1853:             1             16  org.apache.solr.search.ValueSourceParser$32
1854:             1             16  org.apache.solr.search.ValueSourceParser$33
1855:             1             16  org.apache.solr.search.ValueSourceParser$34
1856:             1             16  org.apache.solr.search.ValueSourceParser$35
1857:             1             16  org.apache.solr.search.ValueSourceParser$36
1858:             1             16  org.apache.solr.search.ValueSourceParser$37
1859:             1             16  org.apache.solr.search.ValueSourceParser$38
1860:             1             16  org.apache.solr.search.ValueSourceParser$39
1861:             1             16  org.apache.solr.search.ValueSourceParser$4
1862:             1             16  org.apache.solr.search.ValueSourceParser$40
1863:             1             16  org.apache.solr.search.ValueSourceParser$41
1864:             1             16  org.apache.solr.search.ValueSourceParser$42
1865:             1             16  org.apache.solr.search.ValueSourceParser$43
1866:             1             16  org.apache.solr.search.ValueSourceParser$44
1867:             1             16  org.apache.solr.search.ValueSourceParser$45
1868:             1             16  org.apache.solr.search.ValueSourceParser$46
1869:             1             16  org.apache.solr.search.ValueSourceParser$47
1870:             1             16  org.apache.solr.search.ValueSourceParser$48
1871:             1             16  org.apache.solr.search.ValueSourceParser$49
1872:             1             16  org.apache.solr.search.ValueSourceParser$5
1873:             1             16  org.apache.solr.search.ValueSourceParser$50
1874:             1             16  org.apache.solr.search.ValueSourceParser$51
1875:             1             16  org.apache.solr.search.ValueSourceParser$52
1876:             1             16  org.apache.solr.search.ValueSourceParser$53
1877:             1             16  org.apache.solr.search.ValueSourceParser$54
1878:             1             16  org.apache.solr.search.ValueSourceParser$55
1879:             1             16  org.apache.solr.search.ValueSourceParser$56
1880:             1             16  org.apache.solr.search.ValueSourceParser$57
1881:             1             16  org.apache.solr.search.ValueSourceParser$58
1882:             1             16  org.apache.solr.search.ValueSourceParser$59
1883:             1             16  org.apache.solr.search.ValueSourceParser$6
1884:             1             16  org.apache.solr.search.ValueSourceParser$60
1885:             1             16  org.apache.solr.search.ValueSourceParser$61
1886:             1             16  org.apache.solr.search.ValueSourceParser$62
1887:             1             16  org.apache.solr.search.ValueSourceParser$63
1888:             1             16  org.apache.solr.search.ValueSourceParser$64
1889:             1             16  org.apache.solr.search.ValueSourceParser$65
1890:             1             16  org.apache.solr.search.ValueSourceParser$66
1891:             1             16  org.apache.solr.search.ValueSourceParser$67
1892:             1             16  org.apache.solr.search.ValueSourceParser$68
1893:             1             16  org.apache.solr.search.ValueSourceParser$69
1894:             1             16  org.apache.solr.search.ValueSourceParser$7
1895:             1             16  org.apache.solr.search.ValueSourceParser$70
1896:             1             16  org.apache.solr.search.ValueSourceParser$71
1897:             1             16  org.apache.solr.search.ValueSourceParser$72
1898:             1             16  org.apache.solr.search.ValueSourceParser$73
1899:             1             16  org.apache.solr.search.ValueSourceParser$74
1900:             1             16  org.apache.solr.search.ValueSourceParser$8
1901:             1             16  org.apache.solr.search.ValueSourceParser$9
1902:             1             16  org.apache.solr.search.function.distance.GeoDistValueSourceParser
1903:             1             16  org.apache.solr.search.grouping.endresulttransformer.MainEndResultTransformer
1904:             1             16  org.apache.solr.search.grouping.endresulttransformer.SimpleEndResultTransformer
1905:             1             16  org.apache.solr.search.join.BlockJoinChildQParserPlugin
1906:             1             16  org.apache.solr.search.join.BlockJoinParentQParserPlugin
1907:             1             16  org.apache.solr.search.mlt.MLTQParserPlugin
1908:             1             16  org.apache.solr.search.stats.LocalStatsCache
1909:             1             16  org.apache.solr.update.LoggingInfoStream
1910:             1             16  org.apache.solr.update.TransactionLog$1
1911:             1             16  org.apache.solr.update.processor.DistributedUpdateProcessorFactory
1912:             1             16  org.apache.solr.update.processor.RunUpdateProcessorFactory
1913:             1             16  org.apache.solr.util.EmptyEntityResolver$1
1914:             1             16  org.apache.solr.util.EmptyEntityResolver$2
1915:             1             16  org.apache.solr.util.stats.Clock$UserTimeClock
1916:             1             16  org.eclipse.jetty.deploy.bindings.StandardDeployer
1917:             1             16  org.eclipse.jetty.deploy.bindings.StandardStarter
1918:             1             16  org.eclipse.jetty.deploy.bindings.StandardStopper
1919:             1             16  org.eclipse.jetty.deploy.bindings.StandardUndeployer
1920:             1             16  org.eclipse.jetty.deploy.providers.ContextProvider$1
1921:             1             16  org.eclipse.jetty.deploy.providers.ScanningAppProvider$1
1922:             1             16  org.eclipse.jetty.http.HttpFields$1
1923:             1             16  org.eclipse.jetty.http.HttpFields$2
1924:             1             16  org.eclipse.jetty.http.MimeTypes
1925:             1             16  org.eclipse.jetty.security.DefaultAuthenticatorFactory
1926:             1             16  org.eclipse.jetty.security.SecurityHandler$1
1927:             1             16  org.eclipse.jetty.security.SecurityHandler$2
1928:             1             16  org.eclipse.jetty.security.SecurityHandler$3
1929:             1             16  org.eclipse.jetty.server.Authentication$1
1930:             1             16  org.eclipse.jetty.server.Authentication$2
1931:             1             16  org.eclipse.jetty.server.Authentication$3
1932:             1             16  org.eclipse.jetty.server.Authentication$4
1933:             1             16  org.eclipse.jetty.server.Authentication$5
1934:             1             16  org.eclipse.jetty.server.handler.ContextHandler$ApproveNonExistentDirectoryAliases
1935:             1             16  org.eclipse.jetty.server.session.AbstractSessionManager$1
1936:             1             16  org.eclipse.jetty.server.session.AbstractSessionManager$2
1937:             1             16  org.eclipse.jetty.servlet.listener.ELContextCleaner
1938:             1             16  org.eclipse.jetty.servlet.listener.IntrospectorCleaner
1939:             1             16  org.eclipse.jetty.start.FilenameComparator
1940:             1             16  org.eclipse.jetty.util.IO$ClosedIS
1941:             1             16  org.eclipse.jetty.util.IO$NullOS
1942:             1             16  org.eclipse.jetty.util.StringMap$NullEntry
1943:             1             16  org.eclipse.jetty.util.component.Container
1944:             1             16  org.eclipse.jetty.util.thread.QueuedThreadPool$3
1945:             1             16  org.eclipse.jetty.webapp.FragmentConfiguration
1946:             1             16  org.eclipse.jetty.webapp.JettyWebXmlConfiguration
1947:             1             16  org.eclipse.jetty.webapp.MetaInfConfiguration
1948:             1             16  org.eclipse.jetty.webapp.StandardDescriptorProcessor
1949:             1             16  org.eclipse.jetty.webapp.WebInfConfiguration
1950:             1             16  org.eclipse.jetty.webapp.WebXmlConfiguration
1951:             1             16  org.opensextant.solrtexttagger.TagClusterReducer$1
1952:             1             16  org.opensextant.solrtexttagger.TagClusterReducer$2
1953:             1             16  org.opensextant.solrtexttagger.TagClusterReducer$3
1954:             1             16  org.slf4j.helpers.NOPLoggerFactory
1955:             1             16  org.slf4j.helpers.SubstituteLoggerFactory
1956:             1             16  org.slf4j.impl.Log4jLoggerFactory
1957:             1             16  org.slf4j.impl.StaticLoggerBinder
1958:             1             16  sun.management.HotSpotDiagnostic
1959:             1             16  sun.misc.ASCIICaseInsensitiveComparator
1960:             1             16  sun.misc.FloatingDecimal$1
1961:             1             16  sun.misc.Launcher
1962:             1             16  sun.misc.Launcher$Factory
1963:             1             16  sun.misc.Perf
1964:             1             16  sun.misc.Unsafe
1965:             1             16  sun.net.DefaultProgressMeteringPolicy
1966:             1             16  sun.net.www.protocol.file.Handler
1967:             1             16  sun.net.www.protocol.jar.JarFileFactory
1968:             1             16  sun.nio.ch.Util$1
1969:             1             16  sun.nio.fs.LinuxFileSystemProvider
1970:             1             16  sun.reflect.GeneratedConstructorAccessor13
1971:             1             16  sun.reflect.GeneratedConstructorAccessor8
1972:             1             16  sun.reflect.GeneratedMethodAccessor1
1973:             1             16  sun.reflect.GeneratedMethodAccessor2
1974:             1             16  sun.reflect.GeneratedMethodAccessor3
1975:             1             16  sun.reflect.GeneratedMethodAccessor4
1976:             1             16  sun.reflect.GeneratedMethodAccessor5
1977:             1             16  sun.reflect.GeneratedMethodAccessor6
1978:             1             16  sun.reflect.ReflectionFactory
1979:             1             16  sun.reflect.generics.tree.BottomSignature
1980:             1             16  sun.security.rsa.RSAKeyFactory
1981:             1             16  sun.security.ssl.EphemeralKeyManager
1982:             1             16  sun.security.util.ByteArrayLexOrder
1983:             1             16  sun.security.util.ByteArrayTagOrder
1984:             1             16  sun.text.normalizer.NormalizerBase$Mode
1985:             1             16  sun.text.normalizer.NormalizerBase$NFCMode
1986:             1             16  sun.text.normalizer.NormalizerBase$NFDMode
1987:             1             16  sun.text.normalizer.NormalizerBase$NFKCMode
1988:             1             16  sun.text.normalizer.NormalizerBase$NFKDMode
1989:             1             16  sun.text.normalizer.NormalizerImpl
1990:             1             16  sun.text.normalizer.NormalizerImpl$AuxTrieImpl
1991:             1             16  sun.text.normalizer.NormalizerImpl$FCDTrieImpl
1992:             1             16  sun.text.normalizer.NormalizerImpl$NormTrieImpl
1993:             1             16  sun.text.normalizer.ReplaceableString
1994:             1             16  sun.util.calendar.Gregorian
1995:             1             16  sun.util.locale.provider.AuxLocaleProviderAdapter$NullProvider
1996:             1             16  sun.util.locale.provider.CalendarDataUtility$CalendarWeekParameterGetter
1997:             1             16  sun.util.locale.provider.SPILocaleProviderAdapter
1998:             1             16  sun.util.resources.LocaleData
1999:             1             16  sun.util.resources.LocaleData$LocaleDataResourceBundleControl
Total      62877282     5884411800

 num     #instances         #bytes  class name
----------------------------------------------
   1:         73911     1395288672  [B
   2:       5280110      529526672  [C
   3:          4459      136694088  [I
   4:       5271101      126506424  java.lang.String
   5:         23942       27560040  [J
   6:         87196       25391000  [Ljava.lang.Object;
   7:         32540        2658528  [Ljava.util.HashMap$Node;
   8:         71157        2277024  java.util.HashMap$Node
   9:         83721        2009304  java.util.ArrayList
  10:         41634        1665360  java.util.LinkedHashMap$Entry
  11:         27329        1530424  org.eclipse.jetty.io.ByteArrayBuffer
  12:         31544        1261760  org.apache.lucene.document.FieldType
  13:         30024        1200960  sun.nio.cs.UTF_8$Decoder
  14:         23321        1119408  java.util.HashMap
  15:         31542        1009344  org.apache.lucene.document.Field
  16:         31542        1009344  org.apache.lucene.document.LazyDocument$LazyField
  17:         20353         814120  org.apache.lucene.util.packed.Packed64
  18:         10226         572656  java.util.LinkedHashMap
  19:          5042         567984  java.lang.Class
  20:          7354         529488  org.apache.lucene.util.fst.FST$Arc
  21:         10514         336448  org.apache.lucene.document.LazyDocument
  22:         20989         335824  java.lang.Integer
  23:         10181         325792  org.apache.lucene.store.ByteArrayDataInput
  24:         10002         240048  org.apache.lucene.codecs.compressing.CompressingStoredFieldsReader$SerializedDocument
  25:         10002         240048  org.apache.solr.common.SolrDocument
  26:         10002         240048  org.apache.solr.search.SolrIndexSearcher$SetNonLazyFieldSelector
  27:          7410         237120  java.util.concurrent.ConcurrentHashMap$Node
  28:         10773         172368  java.util.HashSet
  29:         10514         168224  org.apache.lucene.document.Document
  30:         10013         160208  java.util.LinkedHashMap$LinkedEntrySet
  31:            62         140544  [S
  32:            24         127808  [[B
  33:          5284         126816  org.apache.lucene.util.BytesRef
  34:           808         110552  [Lorg.apache.lucene.util.fst.FST$Arc;
  35:            66         101256  [Lorg.apache.lucene.util.packed.PackedInts$Reader;
  36:          3149         100768  org.apache.lucene.util.WeakIdentityMap$IdentityWeakReference
  37:            17          99656  [F
  38:          2161          86440  org.tartarus.snowball.Among
  39:          1262          70672  org.apache.lucene.util.packed.PackedReaderIterator
  40:           107          63696  [Ljava.util.concurrent.ConcurrentHashMap$Node;
  41:          3725          59600  java.lang.Object
  42:          2405          57720  org.apache.lucene.util.packed.Direct8
  43:          1802          57664  java.util.Hashtable$Entry
  44:          1369          54760  java.util.TreeMap$Entry
  45:          2005          48120  org.apache.lucene.util.packed.Packed64SingleBlock$Packed64SingleBlock4
  46:           511          43696  [Ljava.util.WeakHashMap$Entry;
  47:           155          43488  [[C
  48:          1636          39264  java.util.concurrent.ConcurrentSkipListMap$Node
  49:           488          38376  [Ljava.lang.String;
  50:          1534          36816  java.lang.Long
  51:           824          32960  java.util.WeakHashMap$Entry
  52:          1359          32616  java.lang.Double
  53:           498          31872  java.nio.DirectByteBufferR
  54:           782          31280  com.sun.org.apache.xerces.internal.dom.TextImpl
  55:           778          31120  com.sun.org.apache.xerces.internal.dom.DeferredTextImpl
  56:          1262          30288  org.apache.lucene.util.LongsRef
  57:           937          29984  java.lang.ref.WeakReference
  58:           713          28520  java.lang.ref.SoftReference
  59:           862          27584  sun.security.util.DerInputBuffer
  60:           862          27584  sun.security.util.DerValue
  61:           677          27080  java.math.BigInteger
  62:           241          25064  org.apache.lucene.util.fst.FST
  63:           508          24384  java.util.WeakHashMap
  64:           725          23200  java.lang.ThreadLocal$ThreadLocalMap$Entry
  65:           477          22896  org.apache.lucene.index.FieldInfo
  66:           354          22656  java.net.URL
  67:           291          20952  com.sun.org.apache.xerces.internal.dom.DeferredElementNSImpl
  68:           649          20768  java.util.Collections$UnmodifiableMap
  69:           862          20688  sun.security.util.DerInputStream
  70:           857          20568  [Lsun.security.x509.AVA;
  71:           857          20568  sun.security.x509.AVA
  72:           857          20568  sun.security.x509.RDN
  73:           609          19488  java.lang.ref.ReferenceQueue
  74:           303          19392  com.sun.org.apache.xerces.internal.dom.ElementNSImpl
  75:           288          18432  org.apache.lucene.store.ByteBufferIndexInput$SingleBufferImpl
  76:           208          18304  org.apache.lucene.codecs.blocktree.FieldReader
  77:           226          18080  java.lang.reflect.Constructor
  78:            74          17744  [Ljava.util.Hashtable$Entry;
  79:           352          16896  com.sun.org.apache.xerces.internal.dom.AttrNSImpl
  80:           341          16368  com.sun.org.apache.xerces.internal.dom.DeferredAttrNSImpl
  81:           254          16256  java.util.concurrent.ConcurrentHashMap
  82:           650          15600  java.util.concurrent.ConcurrentSkipListMap$Index
  83:           646          15504  org.apache.lucene.util.fst.ReverseBytesReader
  84:           384          15360  java.lang.ref.Finalizer
  85:           236          15104  org.apache.lucene.codecs.compressing.CompressingStoredFieldsReader
  86:           236          15104  org.eclipse.jetty.io.BufferCache$CachedBuffer
  87:           377          15080  org.eclipse.jetty.util.StringMap$Node
  88:           471          15072  sun.security.util.ObjectIdentifier
  89:           571          13704  com.sun.org.apache.xerces.internal.dom.AttributeMap
  90:           237          13272  java.lang.Package
  91:           236          13216  org.apache.lucene.codecs.compressing.CompressingStoredFieldsReader$BlockState
  92:           540          12960  java.util.concurrent.atomic.AtomicLong
  93:           130          11440  [Lorg.eclipse.jetty.util.StringMap$Node;
  94:           119          11424  java.util.jar.JarFile$JarFileEntry
  95:           232          11136  java.util.TreeMap
  96:           341          10912  sun.misc.FDBigInteger
  97:           261          10440  org.eclipse.jetty.xml.XmlParser$Node
  98:            91          10216  [Lorg.tartarus.snowball.Among;
  99:           211          10128  sun.security.x509.X500Name
 100:           104           9984  org.apache.lucene.index.SegmentCommitInfo
 101:            39           9840  [Ljava.lang.ThreadLocal$ThreadLocalMap$Entry;
 102:           611           9776  java.lang.ref.ReferenceQueue$Lock
 103:           241           9640  org.apache.lucene.util.fst.BytesStore
 104:           298           9536  sun.security.x509.AlgorithmId
 105:            25           9400  java.lang.Thread
 106:           292           9344  org.apache.lucene.util.Version
 107:           156           8736  org.apache.lucene.codecs.memory.MemoryPostingsFormat$FSTTermsEnum
 108:           156           8736  org.apache.lucene.util.fst.BytesRefFSTEnum
 109:           209           8360  com.sun.org.apache.xerces.internal.dom.CommentImpl
 110:           209           8360  com.sun.org.apache.xerces.internal.dom.DeferredCommentImpl
 111:           147           8232  sun.nio.cs.UTF_8$Encoder
 112:           336           8064  java.util.LinkedList$Node
 113:           124           7936  java.util.jar.JarFile
 114:            99           7920  sun.security.x509.X509CertImpl
 115:           211           7344  [Lsun.security.x509.RDN;
 116:           459           7344  java.util.concurrent.atomic.AtomicInteger
 117:           288           6912  [Ljava.nio.ByteBuffer;
 118:           117           6880  [Z
 119:           286           6864  org.apache.lucene.index.MultiDocsEnum$EnumWithSlice
 120:            75           6600  java.lang.reflect.Method
 121:           164           6560  org.apache.log4j.Logger
 122:           200           6400  com.sun.org.apache.xerces.internal.xni.QName
 123:           133           6384  java.util.zip.Inflater
 124:           133           6384  org.apache.lucene.index.LeafReaderContext
 125:           133           6384  sun.misc.URLClassPath$JarLoader
 126:           256           6144  org.apache.solr.update.VersionBucket
 127:            99           5544  sun.security.util.MemoryCache$SoftCacheEntry
 128:            99           5544  sun.security.x509.X509CertInfo
 129:           230           5520  org.apache.lucene.util.packed.Packed64SingleBlock$Packed64SingleBlock2
 130:           171           5472  java.util.LinkedList
 131:           223           5352  java.security.Provider$ServiceKey
 132:            95           5320  java.security.Provider$Service
 133:           221           5304  org.apache.log4j.CategoryKey
 134:           212           5088  java.util.Date
 135:           211           5064  org.apache.lucene.index.IndexFileDeleter$RefCount
 136:           156           4992  org.apache.lucene.index.MultiTermsEnum$TermsEnumWithSlice
 137:           202           4848  java.util.Collections$SynchronizedSet
 138:           210           4696  [Ljava.lang.Class;
 139:           140           4480  java.util.zip.ZipCoder
 140:           276           4416  java.lang.ThreadLocal
 141:           273           4368  java.lang.Byte
 142:           181           4344  java.lang.Class$AnnotationData
 143:            90           4320  org.apache.solr.util.stats.EWMA
 144:           259           4184  [Lorg.eclipse.jetty.xml.XmlParser$Attribute;
 145:             1           4112  [Lcom.sun.org.apache.xpath.internal.objects.XObject;
 146:           256           4096  java.lang.Short
 147:            26           3952  [Lorg.apache.lucene.util.packed.PackedInts$Decoder;
 148:            26           3952  [Lorg.apache.lucene.util.packed.PackedInts$Encoder;
 149:           162           3888  org.slf4j.impl.Log4jLoggerAdapter
 150:            97           3880  org.apache.solr.analysis.TokenizerChain
 151:           240           3840  java.util.HashMap$EntrySet
 152:            94           3760  sun.security.rsa.RSAPublicKeyImpl
 153:           156           3744  org.apache.lucene.index.ExitableDirectoryReader$ExitableTermsEnum
 154:           156           3744  org.apache.lucene.index.MultiDocsAndPositionsEnum$EnumWithSlice
 155:           156           3744  org.apache.lucene.index.MultiTermsEnum$TermsEnumIndex
 156:           156           3744  org.apache.lucene.util.fst.BytesRefFSTEnum$InputOutput
 157:           111           3552  java.io.FileDescriptor
 158:            63           3528  java.lang.invoke.MemberName
 159:            62           3472  java.beans.MethodDescriptor
 160:            56           3360  [Ljava.lang.ref.SoftReference;
 161:           140           3360  java.util.ArrayDeque
 162:            45           3240  org.apache.solr.schema.TextField
 163:           133           3192  java.util.zip.ZStreamRef
 164:           132           3168  java.util.jar.Attributes$Name
 165:            78           3120  sun.misc.Cleaner
 166:            78           3120  sun.nio.ch.FileChannelImpl$Unmapper
 167:            97           3104  java.util.concurrent.locks.ReentrantLock$NonfairSync
 168:           127           3048  org.apache.lucene.util.CloseableThreadLocal
 169:            95           3040  java.util.Collections$SynchronizedMap
 170:            16           2944  org.eclipse.jetty.server.Request
 171:            52           2912  org.apache.lucene.index.SegmentInfo
 172:            10           2848  [Lcom.sun.org.apache.xerces.internal.xni.QName;
 173:            71           2840  org.apache.solr.schema.SchemaField
 174:           118           2832  java.beans.MethodRef
 175:            86           2752  java.lang.StackTraceElement
 176:            86           2752  sun.security.x509.BasicConstraintsExtension
 177:            83           2656  com.sun.org.apache.xerces.internal.util.SymbolTable$Entry
 178:            97           2648  [Lorg.apache.lucene.analysis.util.TokenFilterFactory;
 179:           108           2592  sun.reflect.NativeConstructorAccessorImpl
 180:           161           2576  java.util.HashMap$Values
 181:            64           2560  org.apache.solr.core.PluginInfo
 182:            53           2544  org.eclipse.jetty.util.resource.FileResource
 183:            79           2528  java.io.File
 184:            79           2528  sun.security.x509.SubjectKeyIdentifierExtension
 185:            78           2496  java.lang.invoke.LambdaForm$Name
 186:            60           2400  java.security.ProtectionDomain
 187:            50           2400  java.util.Hashtable
 188:            50           2400  org.apache.lucene.analysis.util.CharArrayMap
 189:            99           2376  sun.security.util.BitArray
 190:            99           2376  sun.security.util.Cache$EqualByteArray
 191:            99           2376  sun.security.x509.CertificateValidity
 192:            74           2368  sun.security.x509.KeyUsageExtension
 193:            98           2352  org.eclipse.jetty.webapp.MetaData$OriginInfo
 194:           145           2320  java.util.HashMap$KeySet
 195:             2           2256  [Lorg.eclipse.jetty.http.HttpStatus$Code;
 196:            20           2240  java.net.SocksSocketImpl
 197:           138           2208  org.apache.solr.common.util.NamedList
 198:            11           2200  [[Ljava.lang.Object;
 199:            18           2160  [Lorg.apache.lucene.index.MultiTermsEnum$TermsEnumWithSlice;
 200:            39           2096  [D
 201:            87           2088  sun.security.x509.CertificateExtensions
 202:             1           2048  [Lorg.eclipse.jetty.http.HttpGenerator$Status;
 203:           128           2048  java.lang.Character
 204:           128           2048  java.util.WeakHashMap$KeySet
 205:            85           2040  java.util.Collections$SetFromMap
 206:            28           2016  java.beans.PropertyDescriptor
 207:            84           2016  java.security.Provider$UString
 208:            28           2016  org.apache.lucene.index.SegmentReader
 209:            83           1992  java.util.Collections$SingletonList
 210:           123           1968  java.util.LinkedHashSet
 211:            64           1952  [Ljava.security.cert.Certificate;
 212:            81           1944  java.util.concurrent.ConcurrentLinkedQueue$Node
 213:            60           1920  java.security.CodeSource
 214:            40           1920  org.apache.lucene.util.packed.BulkOperationPacked
 215:            78           1872  org.apache.lucene.util.WeakIdentityMap
 216:            39           1872  sun.util.locale.LocaleObjectCache$CacheEntry
 217:            46           1840  sun.security.ec.NamedCurve
 218:            57           1824  org.apache.log4j.ProvisionNode
 219:            32           1792  org.eclipse.jetty.io.View$CaseInsensitive
 220:           112           1792  sun.security.x509.KeyIdentifier
 221:           110           1760  sun.reflect.DelegatingConstructorAccessorImpl
 222:           110           1760  sun.security.x509.SerialNumber
 223:            31           1736  org.eclipse.jetty.io.View
 224:            54           1728  java.util.Vector
 225:            24           1728  java.util.regex.Pattern
 226:            17           1712  [[I
 227:            53           1696  org.apache.lucene.index.FieldInfos
 228:            21           1680  java.net.URI
 229:           105           1680  java.util.jar.Attributes
 230:            30           1680  org.apache.solr.util.stats.ExponentiallyDecayingSample
 231:            30           1680  org.apache.solr.util.stats.Meter
 232:            16           1664  org.eclipse.jetty.server.BlockingHttpConnection
 233:            41           1640  java.io.ObjectStreamField
 234:            41           1640  java.lang.invoke.MethodType
 235:            40           1600  org.apache.lucene.analysis.core.StopFilterFactory
 236:            99           1584  sun.security.x509.CertificateAlgorithmId
 237:            99           1584  sun.security.x509.CertificateSerialNumber
 238:            99           1584  sun.security.x509.CertificateVersion
 239:            99           1584  sun.security.x509.CertificateX509Key
 240:            28           1568  java.lang.invoke.MethodTypeForm
 241:            14           1544  [[Ljava.lang.String;
 242:            16           1536  org.eclipse.jetty.http.HttpParser
 243:            47           1504  org.eclipse.jetty.http.HttpStatus$Code
 244:            31           1488  java.util.WeakHashMap$KeyIterator
 245:             3           1480  [Ljava.lang.Integer;
 246:            46           1472  java.security.spec.EllipticCurve
 247:            26           1456  org.apache.lucene.index.SegmentCoreReaders
 248:            45           1440  java.io.FilePermission
 249:            45           1440  java.security.Permissions
 250:            30           1440  java.util.concurrent.ConcurrentSkipListMap
 251:            30           1440  java.util.concurrent.locks.ReentrantReadWriteLock$NonfairSync
 252:             2           1424  [Lcom.sun.org.apache.xerces.internal.util.SymbolTable$Entry;
 253:            22           1408  org.apache.lucene.codecs.memory.MemoryPostingsFormat$FSTDocsEnum
 254:            16           1408  org.eclipse.jetty.http.HttpGenerator
 255:            15           1376  [Ljava.lang.Byte;
 256:             1           1376  [Lsun.misc.FDBigInteger;
 257:            43           1376  java.lang.invoke.MethodType$ConcurrentWeakInternSet$WeakEntry
 258:            34           1360  sun.security.x509.AuthorityKeyIdentifierExtension
 259:            84           1344  java.util.concurrent.locks.ReentrantLock
 260:            11           1320  [Lorg.apache.lucene.index.MultiDocsEnum$EnumWithSlice;
 261:            55           1320  java.util.concurrent.CopyOnWriteArrayList
 262:             9           1296  [Ljava.lang.invoke.MethodHandle;
 263:             9           1296  java.text.DecimalFormat
 264:            40           1280  java.util.regex.Pattern$Curly
 265:            16           1280  sun.net.www.protocol.jar.URLJarFile
 266:            39           1248  java.util.concurrent.ConcurrentSkipListMap$HeadIndex
 267:            39           1248  org.apache.lucene.analysis.standard.StandardTokenizerFactory
 268:            26           1248  org.apache.lucene.codecs.blocktree.BlockTreeTermsReader
 269:            26           1248  org.apache.lucene.codecs.memory.MemoryPostingsFormat$TermsReader
 270:            26           1248  org.apache.lucene.index.ReadersAndUpdates
 271:            26           1248  org.apache.lucene.uninverting.UninvertingReader
 272:            31           1240  java.security.AccessControlContext
 273:            51           1224  java.security.spec.ECPoint
 274:            30           1200  org.apache.solr.util.stats.Histogram
 275:            38           1184  [Ljava.math.BigInteger;
 276:            49           1176  com.sun.org.apache.xerces.internal.util.XMLStringBuffer
 277:            16           1152  org.apache.lucene.analysis.standard.StandardTokenizerImpl
 278:            16           1152  org.eclipse.jetty.http.HttpURI
 279:            46           1104  org.eclipse.jetty.http.HttpGenerator$Status
 280:            45           1080  java.io.FilePermissionCollection
 281:            44           1056  com.sun.org.apache.xerces.internal.xni.XMLString
 282:            22           1056  java.nio.HeapCharBuffer
 283:            66           1056  org.eclipse.jetty.util.log.JettyAwareLogger
 284:            66           1056  org.eclipse.jetty.util.log.Slf4jLog
 285:             1           1040  [Lcom.sun.org.apache.xerces.internal.impl.dtd.models.ContentModelValidator;
 286:             1           1040  [Lcom.sun.org.apache.xerces.internal.impl.dv.DatatypeValidator;
 287:             1           1040  [Ljava.lang.Long;
 288:             1           1040  [Ljava.lang.Short;
 289:             1           1040  [Lorg.apache.solr.update.VersionBucket;
 290:             1           1040  [Lsun.text.normalizer.UnicodeSet;
 291:            26           1040  org.apache.lucene.codecs.compressing.CompressingStoredFieldsIndexReader
 292:            26           1040  org.apache.lucene.index.ExitableDirectoryReader$ExitableFilterAtomicReader
 293:            32           1024  java.util.Random
 294:            16           1024  org.apache.lucene.analysis.standard.StandardTokenizer
 295:            16           1024  org.eclipse.jetty.server.AsyncContinuation
 296:             8           1024  org.eclipse.jetty.servlet.ServletHolder
 297:            21           1008  java.lang.invoke.LambdaForm
 298:            25           1000  org.apache.solr.schema.FieldType$DefaultAnalyzer
 299:            60            960  [Ljava.security.Principal;
 300:            20            960  com.sun.org.apache.xerces.internal.util.XMLAttributesImpl$Attribute
 301:            60            960  java.security.ProtectionDomain$Key
 302:            30            960  java.security.Provider$EngineDescription
 303:            30            960  org.apache.solr.util.stats.Timer
 304:            17            952  java.util.ResourceBundle$CacheKey
 305:            39            936  java.lang.ThreadLocal$ThreadLocalMap
 306:            39            936  java.util.Currency
 307:            39            936  org.apache.lucene.analysis.core.LowerCaseFilterFactory
 308:            57            912  java.util.Collections$UnmodifiableCollection
 309:            38            912  java.util.regex.Pattern$5
 310:            26            896  [Ljava.lang.invoke.LambdaForm$Name;
 311:            28            896  org.apache.lucene.index.CodecReader$1
 312:            28            896  org.apache.lucene.index.CodecReader$2
 313:            28            896  org.apache.lucene.index.CodecReader$3
 314:            16            896  org.eclipse.jetty.server.Response
 315:            16            896  org.eclipse.jetty.server.bio.SocketConnector$ConnectorEndPoint
 316:            37            888  java.lang.invoke.LambdaForm$NamedFunction
 317:            37            888  java.net.InetAddress$InetAddressHolder
 318:             7            880  [Ljava.beans.MethodDescriptor;
 319:            55            880  java.util.TreeMap$Values
 320:            53            864  [Lorg.apache.lucene.analysis.util.CharFilterFactory;
 321:            18            864  java.util.Properties
 322:            21            840  com.sun.org.apache.xerces.internal.impl.dtd.XMLSimpleType
 323:            35            840  java.net.Inet4Address
 324:            15            840  org.apache.lucene.analysis.miscellaneous.ASCIIFoldingFilter
 325:            26            832  org.apache.lucene.codecs.lucene50.ForUtil
 326:            26            832  org.apache.lucene.codecs.lucene50.Lucene50PostingsReader
 327:            26            832  org.apache.lucene.index.SegmentCoreReaders$1
 328:            26            832  org.apache.lucene.index.SegmentCoreReaders$2
 329:            17            816  java.util.ResourceBundle$BundleReference
 330:            34            816  java.util.regex.Pattern$GroupHead
 331:            34            816  java.util.regex.Pattern$GroupTail
 332:            17            816  org.apache.lucene.analysis.tokenattributes.PackedTokenAttributeImpl
 333:            51            816  org.apache.lucene.analysis.util.CharArraySet
 334:             6            800  [Ljava.lang.StackTraceElement;
 335:            32            768  java.net.InetSocketAddress$InetSocketAddressHolder
 336:            16            768  java.net.SocketInputStream
 337:            16            768  java.net.SocketOutputStream
 338:            32            768  org.apache.lucene.util.AttributeSource$State
 339:            32            768  org.apache.solr.schema.IndexSchema$DynamicField
 340:            32            768  org.eclipse.jetty.http.HttpFields
 341:            16            768  org.eclipse.jetty.server.AbstractHttpConnection$Output
 342:            16            768  org.eclipse.jetty.util.StringMap
 343:            24            768  sun.security.x509.OIDMap$OIDInfo
 344:            19            760  sun.util.locale.BaseLocale$Key
 345:            31            744  java.util.concurrent.locks.ReentrantReadWriteLock
 346:            31            744  org.apache.solr.core.ConfigSolr$CfgProp
 347:             7            736  [Lorg.apache.lucene.index.MultiTermsEnum$TermsEnumIndex;
 348:             6            720  [Lorg.apache.lucene.index.MultiDocsAndPositionsEnum$EnumWithSlice;
 349:            15            720  java.lang.management.PlatformComponent
 350:            15            720  java.nio.HeapByteBuffer
 351:            45            720  org.apache.lucene.util.BytesRefBuilder
 352:             2            704  com.sun.org.apache.xerces.internal.impl.XMLNSDocumentScannerImpl
 353:            22            704  com.sun.org.apache.xerces.internal.util.AugmentationsImpl$SmallContainer
 354:            12            672  com.sun.org.apache.xerces.internal.dom.DeferredElementImpl
 355:             6            672  java.util.GregorianCalendar
 356:            28            672  java.util.regex.Pattern$Ctype
 357:            14            672  org.apache.lucene.util.packed.MonotonicLongValues
 358:            21            672  sun.security.x509.URIName
 359:            27            648  java.util.Collections$UnmodifiableRandomAccessList
 360:            27            648  org.apache.solr.schema.IndexSchema$DynamicReplacement$DynamicPattern$NameEndsWith
 361:             8            640  com.google.common.cache.LocalCache$Segment
 362:            20            640  java.util.RegularEnumSet
 363:            20            640  java.util.concurrent.locks.AbstractQueuedSynchronizer$Node
 364:            18            632  [Ljava.security.ProtectionDomain;
 365:             3            624  [Ljava.lang.invoke.LambdaForm;
 366:            39            624  java.lang.Float
 367:            26            624  java.lang.StringBuilder
 368:            26            624  java.security.spec.ECFieldF2m
 369:            39            624  java.util.regex.Pattern$CharPropertyNames$1
 370:            26            624  org.apache.lucene.codecs.memory.MemoryPostingsFormat$1
 371:            26            624  org.apache.lucene.codecs.perfield.PerFieldPostingsFormat$FieldsReader
 372:            26            624  org.apache.lucene.index.ExitableDirectoryReader$ExitableFields
 373:            26            624  org.apache.lucene.index.ExitableDirectoryReader$ExitableTerms
 374:            26            624  org.apache.lucene.index.ReaderSlice
 375:            19            608  java.util.Locale
 376:            19            608  sun.util.locale.BaseLocale
 377:             5            600  [Lorg.apache.lucene.index.DocsEnum;
 378:            15            600  java.net.SocketTimeoutException
 379:            15            600  org.apache.lucene.analysis.en.EnglishPossessiveFilter
 380:            37            592  sun.security.x509.GeneralName
 381:            18            576  java.net.Socket
 382:             9            576  java.text.DecimalFormatSymbols
 383:            24            576  java.util.regex.Pattern$Start
 384:            18            576  org.eclipse.jetty.http.PathMap$Entry
 385:             8            576  sun.reflect.DelegatingClassLoader
 386:            18            576  sun.security.x509.DistributionPoint
 387:             6            576  sun.util.calendar.Gregorian$Date
 388:            14            560  org.apache.lucene.util.PagedBytes$Reader
 389:            10            560  sun.invoke.util.Wrapper
 390:            10            560  sun.util.calendar.ZoneInfo
 391:            17            544  com.sun.org.apache.xerces.internal.impl.dtd.XMLElementDecl
 392:            17            544  java.util.ResourceBundle$LoaderReference
 393:            17            544  java.util.regex.Pattern$Branch
 394:            17            544  sun.security.x509.CRLDistributionPointsExtension
 395:             1            528  [Ljava.lang.Character;
 396:             1            528  [Ljava.util.TimerTask;
 397:            22            528  java.util.regex.Pattern$1
 398:            22            528  java.util.regex.Pattern$Slice
 399:            22            528  org.apache.lucene.index.BitsSlice
 400:            22            528  org.apache.lucene.uninverting.FieldCacheImpl$CacheKey
 401:            22            528  org.apache.lucene.util.CharsRef
 402:            33            528  sun.security.x509.GeneralNames
 403:            13            520  org.apache.lucene.analysis.snowball.SnowballPorterFilterFactory
 404:            32            512  java.net.InetSocketAddress
 405:             8            512  java.text.DateFormatSymbols
 406:            16            512  org.apache.lucene.search.TermQuery
 407:            32            512  org.apache.solr.common.params.MapSolrParams
 408:            16            512  org.apache.solr.schema.StrFieldSource$1
 409:            16            512  org.eclipse.jetty.server.CookieCutter
 410:            16            512  org.eclipse.jetty.util.Utf8StringBuilder
 411:            21            504  org.eclipse.jetty.webapp.ClasspathPattern$Entry
 412:            21            504  sun.security.x509.AVAKeyword
 413:            31            496  java.util.concurrent.locks.ReentrantReadWriteLock$ReadLock
 414:            31            496  java.util.concurrent.locks.ReentrantReadWriteLock$Sync$ThreadLocalHoldCounter
 415:            31            496  java.util.concurrent.locks.ReentrantReadWriteLock$WriteLock
 416:             4            480  com.ctc.wstx.api.ReaderConfig
 417:            15            480  java.lang.StringCoding$StringDecoder
 418:            15            480  java.lang.invoke.DirectMethodHandle
 419:            30            480  java.util.concurrent.atomic.AtomicReference
 420:            20            480  java.util.regex.Pattern$Single
 421:            10            480  org.apache.solr.parser.Token
 422:            10            480  sun.util.locale.provider.LocaleResources$ResourceReference
 423:            17            464  [Ljava.util.regex.Pattern$Node;
 424:            16            456  [Ljava.io.ObjectStreamField;
 425:             4            456  [Ljava.lang.ClassValue$Entry;
 426:            19            456  java.util.Locale$LocaleKey
 427:            14            448  com.sun.org.apache.xml.internal.dtm.ref.ExtendedType
 428:            14            448  org.apache.lucene.uninverting.FieldCacheImpl$SortedDocValuesImpl
 429:            14            448  org.apache.lucene.util.packed.BulkOperationPackedSingleBlock
 430:            11            440  com.sun.org.apache.xerces.internal.dom.DeferredAttrImpl
 431:             1            432  [[[C
 432:            18            432  com.google.common.collect.RegularImmutableMap$TerminalEntry
 433:            18            432  java.text.DateFormat$Field
 434:             6            432  java.util.concurrent.ThreadPoolExecutor
 435:            18            432  java.util.concurrent.locks.AbstractQueuedSynchronizer$ConditionObject
 436:            18            432  org.apache.solr.core.SolrConfig$SolrPluginInfo
 437:             2            416  [Lorg.apache.lucene.util.packed.BulkOperation;
 438:            26            416  org.apache.lucene.index.SegmentDocValues
 439:            17            408  [Lorg.apache.lucene.util.AttributeSource$State;
 440:            17            408  org.apache.lucene.analysis.Analyzer$TokenStreamComponents
 441:            17            408  org.apache.lucene.index.Term
 442:             2            400  com.sun.org.apache.xerces.internal.dom.DeferredDocumentImpl
 443:             2            400  com.sun.org.apache.xerces.internal.impl.XMLDTDScannerImpl
 444:            25            400  java.util.Collections$UnmodifiableSet
 445:             1            392  org.apache.solr.core.CloserThread
 446:             1            392  org.eclipse.jetty.server.ShutdownMonitor
 447:             2            384  com.sun.org.apache.xerces.internal.parsers.XIncludeAwareParserConfiguration
 448:             1            384  java.lang.ref.Finalizer$FinalizerThread
 449:             6            384  java.nio.DirectByteBuffer
 450:            12            384  java.security.cert.PolicyQualifierInfo
 451:            12            384  java.util.Stack
 452:             1            384  java.util.TimerThread
 453:             1            384  java.util.logging.LogManager$Cleaner
 454:             8            384  java.util.logging.LogManager$LoggerWeakRef
 455:             6            384  org.apache.lucene.index.MultiTermsEnum
 456:            16            384  org.apache.lucene.uninverting.FieldCacheImpl$SortedDocValuesImpl$1
 457:            16            384  org.apache.lucene.util.mutable.MutableValueStr
 458:            16            384  org.eclipse.jetty.server.HttpInput
 459:             1            384  org.eclipse.jetty.util.thread.ShutdownThread
 460:             8            384  org.opensextant.solrtexttagger.TagLL
 461:             1            376  java.lang.ref.Reference$ReferenceHandler
 462:             7            360  [Ljava.beans.PropertyDescriptor;
 463:             9            360  java.text.DigitList
 464:            15            360  org.apache.lucene.search.BooleanClause
 465:            15            360  sun.misc.MetaIndex
 466:             2            352  com.sun.org.apache.xerces.internal.impl.dtd.XMLNSDTDValidator
 467:            22            352  com.sun.org.apache.xerces.internal.util.AugmentationsImpl
 468:             7            336  java.beans.BeanDescriptor
 469:            14            336  java.lang.StringBuffer
 470:             6            336  java.nio.DirectLongBufferU
 471:            14            336  java.util.concurrent.ConcurrentLinkedQueue
 472:            14            336  java.util.regex.Pattern$BitClass
 473:             6            336  org.apache.lucene.util.BytesRefHash
 474:            14            336  org.apache.solr.schema.CopyField
 475:             7            336  sun.misc.URLClassPath
 476:            21            336  sun.security.x509.DNSName
 477:            16            328  [Ljava.lang.management.PlatformComponent;
 478:            10            320  java.lang.OutOfMemoryError
 479:            20            320  java.security.spec.ECFieldFp
 480:             8            320  java.util.IdentityHashMap
 481:            20            320  java.util.LinkedHashMap$LinkedValues
 482:            10            320  java.util.logging.LogManager$LogNode
 483:            20            320  org.apache.lucene.util.CharsRefBuilder
 484:             4            320  org.apache.solr.schema.TrieDateField
 485:            20            320  org.eclipse.jetty.util.AttributesMap
 486:            10            320  sun.security.x509.CertificatePoliciesExtension
 487:            13            312  org.apache.log4j.Level
 488:             6            296  [Lcom.google.common.collect.RegularImmutableMap$LinkedEntry;
 489:             4            296  [Lsun.invoke.util.Wrapper;
 490:             1            296  org.eclipse.jetty.webapp.WebAppContext
 491:             7            288  [[S
 492:            12            288  java.lang.invoke.SimpleMethodHandle
 493:             9            288  java.util.logging.Level
 494:            18            288  java.util.regex.Pattern$CharPropertyNames$4
 495:             9            288  jdk.internal.org.objectweb.asm.Type
 496:             4            288  org.apache.solr.handler.UpdateRequestHandler
 497:             4            288  org.apache.solr.handler.component.SearchHandler
 498:            12            288  org.eclipse.jetty.http.HttpFields$Field
 499:             6            288  org.opensextant.solrtexttagger.TermPrefixCursor
 500:             9            288  sun.security.jca.ProviderConfig
 501:             9            288  sun.security.x509.NetscapeCertTypeExtension
 502:             7            280  com.sun.org.apache.xalan.internal.utils.XMLSecurityManager$Limit
 503:             7            280  com.sun.org.apache.xerces.internal.utils.XMLSecurityManager$Limit
 504:             7            280  java.beans.GenericBeanInfo
 505:             5            280  org.apache.lucene.analysis.synonym.SynonymFilterFactory
 506:             5            280  org.eclipse.jetty.io.ByteArrayBuffer$CaseInsensitive
 507:             1            272  [Lcom.ctc.wstx.util.SymbolTable$Bucket;
 508:             2            272  com.sun.org.apache.xerces.internal.dom.DocumentImpl
 509:             1            272  com.sun.org.apache.xerces.internal.impl.dtd.DTDGrammar
 510:            17            272  java.util.regex.Pattern$BranchConn
 511:             3            264  java.util.jar.JarVerifier
 512:            11            264  org.apache.lucene.uninverting.UninvertingReader$Type
 513:            11            264  org.apache.lucene.util.packed.Direct16
 514:            11            264  sun.security.x509.Extension
 515:            16            256  [Ljavax.servlet.http.Cookie;
 516:             3            256  [Lorg.apache.lucene.index.ReaderSlice;
 517:             2            256  com.google.common.cache.LocalCache
 518:             2            256  com.sun.org.apache.xerces.internal.impl.XMLEntityManager
 519:             4            256  java.text.SimpleDateFormat
 520:             8            256  org.apache.lucene.index.DocumentsWriterPerThreadPool$ThreadState
 521:            16            256  org.eclipse.jetty.server.AbstractHttpConnection$RequestHandler
 522:            16            256  sun.reflect.DelegatingMethodAccessorImpl
 523:             8            256  sun.security.x509.ExtendedKeyUsageExtension
 524:             8            248  [Ljava.lang.Boolean;
 525:             2            240  [Lorg.apache.lucene.index.IndexReaderContext;
 526:             2            240  [Lorg.apache.lucene.index.LeafReader;
 527:             2            240  [Lorg.apache.lucene.queries.function.FunctionValues;
 528:             2            240  com.sun.org.apache.xerces.internal.jaxp.SAXParserImpl$JAXPSAXParser
 529:            10            240  com.sun.xml.internal.stream.Entity$InternalEntity
 530:            10            240  java.nio.file.StandardOpenOption
 531:            10            240  java.security.CryptoPrimitive
 532:            10            240  java.util.Arrays$ArrayList
 533:             5            240  org.apache.lucene.analysis.miscellaneous.KeywordMarkerFilterFactory
 534:             5            240  org.apache.lucene.index.MultiDocsEnum
 535:             6            240  org.apache.lucene.util.ByteBlockPool
 536:             3            240  org.apache.solr.schema.TrieDoubleField
 537:             3            240  org.apache.solr.schema.TrieLongField
 538:             3            240  org.apache.solr.search.LRUCache
 539:             3            240  org.eclipse.jetty.http.PathMap
 540:            15            240  org.opensextant.solrtexttagger.TaggingAttributeImpl
 541:            10            240  sun.reflect.NativeMethodAccessorImpl
 542:            10            240  sun.security.x509.PolicyInformation
 543:             7            224  java.io.FileInputStream
 544:             7            224  java.lang.ClassValue$Entry
 545:             7            224  org.apache.solr.core.RequestHandlers$LazyRequestHandlerWrapper
 546:            14            224  sun.security.x509.CertificatePolicyId
 547:             9            216  java.util.logging.Level$KnownLevel
 548:             3            216  java.util.logging.Logger
 549:             9            216  org.apache.lucene.util.packed.Packed8ThreeBlocks
 550:             9            216  org.eclipse.jetty.servlet.ServletMapping
 551:             9            216  sun.util.logging.PlatformLogger$Level
 552:             1            208  org.apache.solr.update.SolrIndexWriter
 553:             2            208  org.opensextant.solrtexttagger.TaggerRequestHandler$1
 554:             2            208  sun.net.www.protocol.file.FileURLConnection
 555:             3            200  [Ljava.lang.Thread;
 556:             2            200  [Ljava.text.DateFormat$Field;
 557:             5            200  com.sun.org.apache.xerces.internal.impl.dtd.XMLEntityDecl
 558:             5            200  java.lang.ClassLoader$NativeLibrary
 559:             1            200  org.apache.solr.core.SolrCore
 560:             5            200  org.apache.solr.search.CacheConfig
 561:            12            192  com.sun.org.apache.xerces.internal.dom.DeferredDocumentImpl$RefCount
 562:             2            192  com.sun.org.apache.xerces.internal.impl.dtd.XMLDTDProcessor
 563:             6            192  com.sun.org.apache.xerces.internal.util.XMLResourceIdentifierImpl
 564:             3            192  java.lang.ClassValue$ClassValueMap
 565:             6            192  java.lang.invoke.LambdaForm$BasicType
 566:             8            192  java.lang.invoke.MethodHandleImpl$Intrinsic
 567:             8            192  java.math.RoundingMode
 568:             2            192  org.apache.http.impl.client.SystemDefaultHttpClient
 569:             6            192  org.apache.lucene.search.BooleanQuery
 570:             8            192  org.apache.lucene.util.IntsRef
 571:             3            192  org.apache.solr.schema.StrField
 572:             3            192  org.apache.solr.search.LRUCache$1
 573:             8            192  org.eclipse.jetty.deploy.graph.Edge
 574:             8            192  org.eclipse.jetty.servlet.ServletHolder$Config
 575:             3            192  sun.security.provider.NativePRNG$RandomIO
 576:             2            192  sun.security.provider.Sun
 577:             6            192  sun.security.util.MemoryCache
 578:             1            184  org.eclipse.jetty.server.bio.SocketConnector
 579:             1            184  org.eclipse.jetty.server.session.HashSessionManager
 580:             2            176  java.net.FactoryURLClassLoader
 581:            11            176  java.text.NumberFormat$Field
 582:             8            168  [Ljava.security.CodeSigner;
 583:             1            168  [[Ljava.math.BigInteger;
 584:             7            168  com.sun.management.VMOption$Origin
 585:             7            168  com.sun.org.apache.xerces.internal.util.FeatureState
 586:             7            168  org.apache.commons.logging.impl.SLF4JLocationAwareLog
 587:             3            168  org.apache.lucene.index.SegmentInfos
 588:             7            168  org.apache.solr.util.DefaultSolrThreadFactory
 589:             7            168  org.eclipse.jetty.webapp.Origin
 590:             7            168  org.eclipse.jetty.xml.XmlParser$Attribute
 591:             7            168  sun.reflect.generics.tree.SimpleClassTypeSignature
 592:             7            168  sun.security.x509.NetscapeCertTypeExtension$MapEntry
 593:             5            160  [Ljava.lang.invoke.LambdaForm$BasicType;
 594:             2            160  [Ljava.util.concurrent.RunnableScheduledFuture;
 595:             5            160  com.google.common.collect.RegularImmutableList
 596:             4            160  com.sun.org.apache.xerces.internal.dom.DeferredCDATASectionImpl
 597:             5            160  com.sun.org.apache.xpath.internal.objects.XNumber
 598:             5            160  java.lang.StringCoding$StringEncoder
 599:             5            160  java.security.AlgorithmParameters
 600:            10            160  java.util.Formatter$Flags
 601:             2            160  java.util.concurrent.ScheduledThreadPoolExecutor
 602:             4            160  org.apache.lucene.analysis.util.ElisionFilterFactory
 603:             2            160  org.apache.solr.schema.TrieFloatField
 604:             2            160  org.apache.solr.schema.TrieIntField
 605:             5            160  org.apache.solr.search.SolrCacheBase$AutoWarmCountRef
 606:             4            160  org.apache.solr.util.ConcurrentLRUCache$Stats
 607:             4            160  org.apache.solr.util.DistanceUnits
 608:             4            160  sun.security.ec.ECPublicKeyImpl
 609:             5            160  sun.util.locale.provider.LocaleProviderAdapter$Type
 610:             1            152  org.apache.solr.core.SolrConfig
 611:             1            152  org.apache.solr.search.SolrIndexSearcher
 612:             4            144  [Lcom.sun.org.apache.xerces.internal.util.XMLAttributesImpl$Attribute;
 613:             3            144  [Ljava.util.Map;
 614:             1            144  [Ljava.util.Queue;
 615:             1            144  [Ljava.util.concurrent.ConcurrentMap;
 616:             1            144  [Lorg.apache.solr.core.ConfigSolr$CfgProp;
 617:             3            144  com.spatial4j.core.shape.impl.RectangleImpl
 618:             6            144  com.sun.org.apache.xerces.internal.util.Status
 619:             6            144  com.sun.org.apache.xml.internal.utils.NSInfo
 620:             2            144  java.lang.reflect.Field
 621:             6            144  java.util.Collections$SynchronizedRandomAccessList
 622:             3            144  java.util.concurrent.LinkedBlockingQueue
 623:             6            144  java.util.regex.Pattern$CharPropertyNames$2
 624:             2            144  org.apache.http.impl.conn.HttpConnPool
 625:             2            144  org.apache.log4j.spi.LoggingEvent
 626:             3            144  org.apache.lucene.analysis.miscellaneous.WordDelimiterFilterFactory
 627:             3            144  org.apache.lucene.analysis.synonym.SynonymFilter$PendingOutputs
 628:             6            144  org.apache.lucene.analysis.synonym.SynonymMap
 629:             6            144  org.apache.lucene.index.DocValuesType
 630:             6            144  org.apache.lucene.index.MultiTermsEnum$TermMergeQueue
 631:             6            144  org.apache.lucene.util.BytesRefHash$DirectBytesStartArray
 632:             6            144  org.apache.lucene.util.Counter$SerialCounter
 633:             2            144  org.apache.solr.handler.admin.SystemInfoHandler
 634:             1            144  org.apache.solr.search.SolrQueryParser
 635:             1            144  org.apache.solr.update.UpdateLog
 636:             1            144  org.eclipse.jetty.servlet.ServletHandler
 637:             6            144  org.eclipse.jetty.util.component.AggregateLifeCycle$Bean
 638:             6            144  sun.misc.PerfCounter
 639:             3            144  sun.nio.cs.StreamEncoder
 640:             6            144  sun.security.ssl.ProtocolVersion
 641:             6            144  sun.security.util.DisabledAlgorithmConstraints$KeySizeConstraint$Operator
 642:             3            136  [Lcom.sun.org.apache.xerces.internal.utils.XMLSecurityManager$State;
 643:             2            136  [Lorg.apache.lucene.index.Fields;
 644:             2            136  [Lorg.apache.lucene.index.Terms;
 645:             1            136  [Lorg.apache.solr.schema.IndexSchema$DynamicField;
 646:             1            136  org.apache.lucene.index.DocumentsWriterFlushControl
 647:             4            128  [Lcom.sun.org.apache.xerces.internal.impl.XMLEntityManager$CharacterBuffer;
 648:             4            128  com.ctc.wstx.stax.WstxInputFactory
 649:             4            128  com.sun.org.apache.xerces.internal.jaxp.SAXParserFactoryImpl
 650:             2            128  java.io.ExpiringCache$1
 651:             4            128  java.io.FileOutputStream
 652:             4            128  java.io.IOException
 653:             2            128  java.security.SecureRandom
 654:             8            128  java.util.concurrent.atomic.AtomicReferenceArray
 655:             8            128  java.util.regex.Pattern$CharPropertyNames$3
 656:             4            128  org.apache.http.conn.scheme.Scheme
 657:             4            128  org.apache.log4j.helpers.PatternParser$LiteralPatternConverter
 658:             4            128  org.apache.lucene.store.IOContext
 659:             8            128  org.apache.solr.common.util.SimpleOrderedMap
 660:             2            128  org.apache.solr.handler.admin.LoggingHandler
 661:             2            128  org.apache.solr.handler.admin.PropertiesRequestHandler
 662:             2            128  org.apache.solr.handler.admin.ThreadDumpHandler
 663:             1            128  org.eclipse.jetty.util.BlockingArrayQueue
 664:             2            128  sun.nio.ch.FileChannelImpl
 665:             4            128  sun.nio.fs.UnixPath
 666:             3            120  [Ljava.lang.invoke.BoundMethodHandle$SpeciesData;
 667:             4            120  [Ljava.lang.invoke.LambdaForm$NamedFunction;
 668:             1            120  [Lorg.apache.lucene.index.SegmentReader;
 669:             1            120  [Lorg.apache.lucene.util.Bits;
 670:             3            120  com.google.common.collect.RegularImmutableMap
 671:             5            120  com.sun.org.apache.xalan.internal.utils.FeaturePropertyBase$State
 672:             5            120  com.sun.org.apache.xalan.internal.utils.XMLSecurityManager$State
 673:             3            120  com.sun.org.apache.xerces.internal.impl.dtd.XMLDTDDescription
 674:             5            120  com.sun.org.apache.xerces.internal.util.PropertyState
 675:             3            120  com.sun.org.apache.xerces.internal.utils.XMLLimitAnalyzer
 676:             5            120  com.sun.org.apache.xerces.internal.utils.XMLSecurityManager$State
 677:             5            120  com.sun.org.apache.xerces.internal.utils.XMLSecurityPropertyManager$State
 678:             3            120  java.util.HashMap$KeyIterator
 679:             5            120  java.util.regex.Pattern$Category
 680:             3            120  javax.net.ssl.SSLParameters
 681:             5            120  javax.servlet.DispatcherType
 682:             5            120  javax.xml.namespace.QName
 683:             5            120  org.apache.lucene.analysis.core.KeywordTokenizerFactory
 684:             5            120  org.apache.lucene.analysis.core.WhitespaceTokenizerFactory
 685:             1            120  org.apache.lucene.analysis.synonym.SynonymFilter
 686:             5            120  org.apache.lucene.index.IndexOptions
 687:             5            120  org.apache.lucene.util.FixedBitSet
 688:             1            120  org.apache.solr.handler.ReplicationHandler
 689:             5            120  org.apache.solr.schema.TrieField$TrieTypes
 690:             3            120  org.apache.solr.search.DocSlice
 691:             5            120  sun.misc.FloatingDecimal$PreparedASCIIToBinaryBuffer
 692:             5            120  sun.security.jca.ServiceId
 693:             5            120  sun.security.provider.certpath.X509CertPath
 694:             2            112  [Ljava.nio.file.StandardOpenOption;
 695:             2            112  [Ljava.security.CryptoPrimitive;
 696:             7            112  [Lsun.reflect.generics.tree.TypeArgument;
 697:             2            112  com.sun.org.apache.xerces.internal.impl.XMLEntityScanner
 698:             2            112  com.sun.org.apache.xerces.internal.jaxp.SAXParserImpl
 699:             7            112  java.util.TreeMap$KeySet
 700:             2            112  java.util.concurrent.ConcurrentHashMap$ValueIterator
 701:             7            112  org.apache.lucene.codecs.lucene40.Lucene40CompoundFormat
 702:             7            112  org.apache.lucene.codecs.lucene40.Lucene40LiveDocsFormat
 703:             1            112  org.apache.solr.schema.IndexSchema
 704:             2            112  org.apache.solr.search.FastLRUCache
 705:             2            112  org.apache.solr.servlet.SolrRequestParsers$1
 706:             2            112  org.apache.solr.update.CommitTracker
 707:             1            112  org.apache.solr.update.DirectUpdateHandler2
 708:             2            112  org.apache.solr.util.ConcurrentLRUCache
 709:             7            112  org.eclipse.jetty.deploy.graph.Node
 710:             2            112  org.eclipse.jetty.io.PooledBuffers
 711:             1            112  org.eclipse.jetty.security.ConstraintSecurityHandler
 712:             7            112  sun.reflect.generics.tree.ClassTypeSignature
 713:             1            104  org.apache.lucene.index.IndexWriterConfig
 714:             1            104  org.apache.solr.schema.BBoxField
 715:             1            104  org.apache.solr.schema.SpatialRecursivePrefixTreeFieldType
 716:             1            104  org.eclipse.jetty.util.thread.QueuedThreadPool
 717:             1            104  org.eclipse.jetty.webapp.WebAppClassLoader
 718:             2             96  [Lcom.google.common.cache.LocalCache$EntryFactory;
 719:             1             96  [Ljava.lang.invoke.MethodType;
 720:             2             96  [Lorg.apache.lucene.index.DocumentsWriterPerThreadPool$ThreadState;
 721:             3             96  com.spatial4j.core.context.SpatialContext
 722:             1             96  com.sun.net.ssl.internal.ssl.Provider
 723:             3             96  com.sun.org.apache.xalan.internal.utils.XMLSecurityManager$NameMap
 724:             3             96  com.sun.org.apache.xerces.internal.dom.NodeListCache
 725:             2             96  com.sun.org.apache.xerces.internal.impl.XMLDocumentFragmentScannerImpl$ElementStack
 726:             2             96  com.sun.org.apache.xerces.internal.util.XMLAttributesIteratorImpl
 727:             3             96  com.sun.org.apache.xerces.internal.utils.XMLSecurityManager$NameMap
 728:             4             96  java.lang.RuntimePermission
 729:             2             96  java.lang.ThreadGroup
 730:             4             96  java.text.EntryPair
 731:             4             96  java.text.Normalizer$Form
 732:             6             96  java.util.TreeSet
 733:             4             96  java.util.concurrent.ConcurrentHashMap$KeySetView
 734:             3             96  java.util.concurrent.SynchronousQueue
 735:             3             96  java.util.concurrent.atomic.AtomicReferenceFieldUpdater$AtomicReferenceFieldUpdaterImpl
 736:             3             96  java.util.concurrent.locks.ReentrantLock$FairSync
 737:             6             96  java.util.regex.Pattern$Dot
 738:             1             96  org.apache.http.impl.client.DefaultHttpClient
 739:             3             96  org.apache.log4j.spi.LocationInfo
 740:             4             96  org.apache.lucene.analysis.en.EnglishPossessiveFilterFactory
 741:             4             96  org.apache.lucene.analysis.en.PorterStemFilterFactory
 742:             3             96  org.apache.lucene.analysis.synonym.SynonymFilter$PendingInput
 743:             6             96  org.apache.lucene.codecs.lucene41.Lucene41StoredFieldsFormat
 744:             4             96  org.apache.lucene.store.IOContext$Context
 745:             6             96  org.apache.lucene.util.ByteBlockPool$DirectAllocator
 746:             4             96  org.apache.lucene.util.RamUsageEstimator$JvmFeature
 747:             4             96  org.apache.lucene.util.packed.Direct32
 748:             4             96  org.apache.lucene.util.packed.Packed64SingleBlock$Packed64SingleBlock1
 749:             3             96  org.apache.solr.common.util.FastOutputStream
 750:             2             96  org.apache.solr.common.util.JavaBinCodec
 751:             1             96  org.apache.solr.core.CoreContainer
 752:             4             96  org.apache.solr.core.SolrConfig$PluginOpts
 753:             2             96  org.apache.solr.core.SolrResourceLoader
 754:             2             96  org.apache.solr.handler.component.QueryElevationComponent$ElevationObj
 755:             4             96  org.apache.solr.handler.loader.XMLLoader
 756:             2             96  org.apache.solr.response.SolrQueryResponse
 757:             4             96  org.apache.solr.schema.IndexSchema$DynamicReplacement$DynamicPattern$NameEquals
 758:             1             96  org.apache.solr.schema.PointType
 759:             3             96  org.apache.solr.search.LRUCache$CumulativeStats
 760:             4             96  org.apache.solr.search.SolrCache$State
 761:             4             96  org.apache.solr.servlet.cache.Method
 762:             4             96  org.apache.solr.update.UpdateLog$State
 763:             1             96  org.eclipse.jetty.server.Server
 764:             4             96  org.eclipse.jetty.servlet.Holder$Source
 765:             1             96  org.eclipse.jetty.util.Scanner
 766:             3             96  org.eclipse.jetty.util.statistic.SampleStatistic
 767:             1             96  sun.misc.Launcher$AppClassLoader
 768:             1             96  sun.net.www.protocol.jar.URLJarFile$URLJarFileEntry
 769:             2             96  sun.nio.cs.StreamDecoder
 770:             1             96  sun.security.ec.SunEC
 771:             1             96  sun.security.jca.ProviderList$1
 772:             1             96  sun.security.rsa.SunRsaSign
 773:             3             96  sun.security.x509.SubjectAlternativeNameExtension
 774:             2             96  sun.text.normalizer.CharTrie
 775:             2             88  [Lcom.sun.org.apache.xalan.internal.utils.XMLSecurityManager$State;
 776:             3             88  [Lcom.sun.org.apache.xerces.internal.utils.XMLSecurityPropertyManager$State;
 777:             1             88  [Lsun.security.util.ObjectIdentifier;
 778:             1             88  [[Ljava.lang.Byte;
 779:             1             88  org.apache.log4j.RollingFileAppender
 780:             1             88  org.apache.solr.schema.CurrencyField
 781:             1             88  org.apache.solr.schema.LatLonType
 782:             1             88  org.eclipse.jetty.http.HttpBuffersImpl
 783:             1             88  org.eclipse.jetty.io.BufferDateCache
 784:             1             88  org.eclipse.jetty.servlet.FilterHolder
 785:             1             88  org.eclipse.jetty.start.Classpath$Loader
 786:             1             88  sun.misc.Launcher$ExtClassLoader
 787:             1             80  [[Z
 788:             2             80  com.ctc.wstx.util.SymbolTable
 789:             2             80  com.google.common.collect.SingletonImmutableBiMap
 790:             2             80  com.sun.org.apache.xerces.internal.impl.XMLDocumentFragmentScannerImpl$ElementStack2
 791:             2             80  com.sun.org.apache.xerces.internal.impl.XMLEntityManager$CharacterBufferPool
 792:             2             80  com.sun.org.apache.xerces.internal.impl.XMLErrorReporter
 793:             2             80  com.sun.org.apache.xerces.internal.impl.XMLVersionDetector
 794:             2             80  com.sun.org.apache.xerces.internal.impl.validation.ValidationState
 795:             2             80  com.sun.org.apache.xerces.internal.util.XMLAttributesImpl
 796:             2             80  com.sun.org.apache.xerces.internal.utils.XMLSecurityManager
 797:             2             80  com.sun.xml.internal.stream.XMLEntityStorage
 798:             2             80  java.io.BufferedWriter
 799:             2             80  java.io.ExpiringCache
 800:             2             80  java.io.PrintWriter
 801:             2             80  java.io.StringReader
 802:             2             80  java.lang.invoke.BoundMethodHandle$SpeciesData
 803:             2             80  java.lang.invoke.DirectMethodHandle$Constructor
 804:             2             80  java.util.Locale$Category
 805:             2             80  java.util.PropertyResourceBundle
 806:             2             80  java.util.regex.Pattern$Loop
 807:             2             80  org.apache.lucene.analysis.path.PathHierarchyTokenizerFactory
 808:             5             80  org.apache.lucene.codecs.lucene42.Lucene42TermVectorsFormat
 809:             2             80  org.apache.lucene.index.CompositeReaderContext
 810:             1             80  org.apache.lucene.index.TieredMergePolicy
 811:             2             80  org.apache.lucene.store.NRTCachingDirectory
 812:             2             80  org.apache.solr.core.CachingDirectoryFactory$CacheValue
 813:             1             80  org.apache.solr.core.JmxMonitoredMap
 814:             1             80  org.apache.solr.handler.admin.InfoHandler
 815:             2             80  org.apache.solr.parser.FastCharStream
 816:             2             80  org.apache.solr.request.SolrRequestInfo
 817:             2             80  org.apache.solr.search.SolrReturnFields
 818:             1             80  org.apache.solr.update.TransactionLog
 819:             1             80  org.eclipse.jetty.deploy.DeploymentManager
 820:             1             80  org.eclipse.jetty.deploy.providers.ContextProvider
 821:             1             80  org.eclipse.jetty.servlet.ErrorPageErrorHandler
 822:             2             80  org.eclipse.jetty.xml.XmlParser
 823:             2             80  org.opensextant.solrtexttagger.ValueSourceAccessor
 824:             2             80  sun.misc.FloatingDecimal$BinaryToASCIIBuffer
 825:             1             72  [Lcom.sun.org.apache.xml.internal.dtm.ref.ExtendedType;
 826:             3             72  [Lorg.apache.lucene.util.CharsRefBuilder;
 827:             2             72  [Lsun.security.jca.ProviderConfig;
 828:             3             72  com.sun.org.apache.xerces.internal.impl.dtd.XMLAttributeDecl
 829:             3             72  java.io.OutputStreamWriter
 830:             3             72  java.lang.ClassValue$Version
 831:             3             72  java.security.CodeSigner
 832:             3             72  java.util.Base64$Encoder
 833:             1             72  java.util.ResourceBundle$RBClassLoader
 834:             3             72  java.util.concurrent.LinkedBlockingQueue$Node
 835:             3             72  java.util.concurrent.atomic.AtomicMarkableReference$Pair
 836:             1             72  java.util.logging.LogManager$RootLogger
 837:             3             72  java.util.regex.Pattern$CharProperty$1
 838:             3             72  javax.servlet.SessionTrackingMode
 839:             3             72  org.apache.http.HttpVersion
 840:             3             72  org.apache.lucene.analysis.DelegatingAnalyzerWrapper$DelegatingReuseStrategy
 841:             3             72  org.apache.lucene.analysis.ja.JapaneseTokenizer$Mode
 842:             3             72  org.apache.lucene.analysis.util.AnalysisSPILoader
 843:             3             72  org.apache.lucene.index.IndexWriterConfig$OpenMode
 844:             1             72  org.apache.lucene.index.StandardDirectoryReader
 845:             3             72  org.apache.lucene.index.StoredFieldVisitor$Status
 846:             3             72  org.apache.lucene.index.TermsEnum$SeekStatus
 847:             3             72  org.apache.lucene.util.NamedSPILoader
 848:             3             72  org.apache.lucene.util.fst.FST$INPUT_TYPE
 849:             3             72  org.apache.solr.common.params.CommonParams$EchoParamStyle
 850:             3             72  org.apache.solr.core.SolrConfig$HttpCachingConfig$LastModFrom
 851:             1             72  org.apache.solr.handler.PingRequestHandler
 852:             1             72  org.apache.solr.handler.RealTimeGetHandler
 853:             1             72  org.apache.solr.handler.admin.CoreAdminHandler
 854:             1             72  org.apache.solr.handler.component.HttpShardHandlerFactory
 855:             3             72  org.apache.solr.rest.ManagedResourceStorage$JsonStorage
 856:             3             72  org.apache.solr.schema.IndexSchema$DynamicReplacement$DynamicPattern$NameStartsWith
 857:             1             72  org.apache.solr.schema.TrieDateField$ISO8601CanonicalDateFormat
 858:             1             72  org.apache.solr.update.SolrIndexConfig
 859:             3             72  org.apache.solr.update.UpdateLog$SyncLevel
 860:             3             72  org.eclipse.jetty.io.BufferCache
 861:             3             72  org.eclipse.jetty.io.Buffers$Type
 862:             3             72  org.eclipse.jetty.security.UserDataConstraint
 863:             1             72  org.eclipse.jetty.server.handler.ContextHandlerCollection
 864:             1             72  org.eclipse.jetty.server.handler.DefaultHandler
 865:             1             72  org.eclipse.jetty.server.session.HashSessionIdManager
 866:             1             72  org.eclipse.jetty.server.session.SessionHandler
 867:             1             72  org.eclipse.jetty.servlet.DefaultServlet
 868:             3             72  org.eclipse.jetty.util.Scanner$Notification
 869:             1             72  org.eclipse.jetty.util.resource.JarFileResource
 870:             1             72  org.eclipse.jetty.webapp.MetaData
 871:             3             72  org.eclipse.jetty.webapp.MetaDataComplete
 872:             3             72  sun.misc.FloatingDecimal$ExceptionalBinaryToASCIIBuffer
 873:             3             72  sun.misc.Signal
 874:             3             72  sun.security.provider.NativePRNG$Variant
 875:             3             72  sun.security.x509.AccessDescription
 876:             1             72  sun.util.locale.provider.JRELocaleProviderAdapter
 877:             3             72  sun.util.resources.ParallelListResourceBundle$KeySet
 878:             2             64  [Lcom.google.common.cache.LocalCache$Segment;
 879:             2             64  [Lcom.sun.org.apache.xalan.internal.utils.FeaturePropertyBase$State;
 880:             2             64  [Ljavax.servlet.SessionTrackingMode;
 881:             2             64  [Lorg.apache.lucene.analysis.ja.JapaneseTokenizer$Mode;
 882:             1             64  [Lorg.apache.lucene.uninverting.UninvertingReader$Type;
 883:             2             64  [Lorg.apache.lucene.util.RamUsageEstimator$JvmFeature;
 884:             2             64  [Lorg.apache.solr.core.SolrConfig$HttpCachingConfig$LastModFrom;
 885:             2             64  [Lorg.apache.solr.core.SolrConfig$PluginOpts;
 886:             2             64  [Lorg.apache.solr.servlet.cache.Method;
 887:             2             64  [[Lcom.sun.org.apache.xerces.internal.xni.QName;
 888:             1             64  com.google.common.cache.CacheStats
 889:             2             64  com.sun.org.apache.xalan.internal.utils.XMLSecurityPropertyManager$Property
 890:             2             64  com.sun.org.apache.xerces.internal.impl.XMLNSDocumentScannerImpl$NSContentDriver
 891:             2             64  com.sun.org.apache.xerces.internal.util.NamespaceSupport
 892:             2             64  com.sun.org.apache.xerces.internal.utils.XMLSecurityPropertyManager$Property
 893:             2             64  com.sun.org.apache.xpath.internal.objects.XBooleanStatic
 894:             2             64  java.io.PrintStream
 895:             2             64  java.lang.Throwable
 896:             2             64  java.lang.VirtualMachineError
 897:             2             64  java.lang.invoke.BoundMethodHandle$Species_L
 898:             2             64  java.lang.ref.ReferenceQueue$Null
 899:             2             64  java.util.ArrayList$ListItr
 900:             4             64  java.util.LinkedHashMap$LinkedKeySet
 901:             2             64  java.util.concurrent.ScheduledThreadPoolExecutor$DelayedWorkQueue
 902:             4             64  java.util.concurrent.atomic.AtomicBoolean
 903:             2             64  org.apache.http.conn.ssl.SSLSocketFactory
 904:             2             64  org.apache.http.impl.conn.PoolingClientConnectionManager
 905:             2             64  org.apache.log4j.helpers.PatternParser$BasicPatternConverter
 906:             2             64  org.apache.lucene.analysis.ReusableStringReader
 907:             2             64  org.apache.lucene.analysis.miscellaneous.ASCIIFoldingFilterFactory
 908:             4             64  org.apache.lucene.codecs.lucene40.Lucene40SegmentInfoFormat
 909:             1             64  org.apache.lucene.codecs.lucene410.Lucene410Codec
 910:             1             64  org.apache.lucene.codecs.lucene42.Lucene42Codec
 911:             1             64  org.apache.lucene.codecs.lucene45.Lucene45Codec
 912:             1             64  org.apache.lucene.codecs.lucene46.Lucene46Codec
 913:             1             64  org.apache.lucene.codecs.lucene49.Lucene49Codec
 914:             1             64  org.apache.lucene.codecs.lucene50.Lucene50Codec
 915:             2             64  org.apache.lucene.codecs.lucene50.Lucene50TermVectorsFormat
 916:             1             64  org.apache.lucene.index.DocumentsWriter
 917:             1             64  org.apache.lucene.index.ExitableDirectoryReader
 918:             2             64  org.apache.lucene.store.MMapDirectory
 919:             2             64  org.apache.lucene.store.RAMDirectory
 920:             1             64  org.apache.lucene.uninverting.UninvertingReader$UninvertingDirectoryReader
 921:             1             64  org.apache.solr.client.solrj.impl.LBHttpSolrClient
 922:             2             64  org.apache.solr.cloud.ActionThrottle
 923:             2             64  org.apache.solr.core.InitParams
 924:             1             64  org.apache.solr.core.NRTCachingDirectoryFactory
 925:             1             64  org.apache.solr.core.SchemaCodecFactory$1
 926:             1             64  org.apache.solr.handler.DumpRequestHandler
 927:             1             64  org.apache.solr.handler.SchemaHandler
 928:             1             64  org.apache.solr.handler.SolrConfigHandler
 929:             4             64  org.apache.solr.handler.UpdateRequestHandler$1
 930:             1             64  org.apache.solr.handler.admin.CollectionsHandler
 931:             1             64  org.apache.solr.handler.admin.LukeRequestHandler
 932:             1             64  org.apache.solr.handler.admin.PluginInfoHandler
 933:             1             64  org.apache.solr.handler.admin.ShowFileRequestHandler
 934:             1             64  org.apache.solr.handler.admin.SolrInfoMBeanHandler
 935:             4             64  org.apache.solr.handler.loader.CSVLoader
 936:             4             64  org.apache.solr.handler.loader.JavabinLoader
 937:             4             64  org.apache.solr.handler.loader.JsonLoader
 938:             2             64  org.apache.solr.parser.QueryParser$JJCalls
 939:             2             64  org.apache.solr.response.BinaryResponseWriter$Resolver
 940:             1             64  org.apache.solr.rest.schema.analysis.ManagedSynonymFilterFactory$1
 941:             1             64  org.apache.solr.schema.BinaryField
 942:             1             64  org.apache.solr.schema.BoolField
 943:             2             64  org.apache.solr.schema.IndexSchema$DynamicCopy
 944:             1             64  org.apache.solr.schema.RandomSortField
 945:             2             64  org.apache.solr.servlet.SolrRequestParsers
 946:             2             64  org.apache.solr.servlet.SolrRequestParsers$HttpRequestContentStream
 947:             1             64  org.apache.solr.update.DefaultSolrCoreState
 948:             1             64  org.apache.solr.update.UpdateLog$1
 949:             2             64  org.apache.solr.util.stats.TimerContext
 950:             1             64  org.eclipse.jetty.server.handler.HandlerCollection
 951:             1             64  org.eclipse.jetty.server.handler.RequestLogHandler
 952:             2             64  org.eclipse.jetty.servlet.ServletHandler$CachedChain
 953:             2             64  org.eclipse.jetty.xml.XmlParser$Handler
 954:             1             64  org.opensextant.solrtexttagger.TaggerRequestHandler
 955:             4             64  sun.net.www.protocol.jar.Handler
 956:             2             64  sun.reflect.generics.repository.ClassRepository
 957:             4             64  sun.security.ec.ECParameters
 958:             2             64  sun.security.ssl.EphemeralKeyManager$EphemeralKeyPair
 959:             1             64  sun.security.ssl.SSLContextImpl$DefaultSSLContext
 960:             2             64  sun.security.ssl.SSLSessionContextImpl
 961:             2             64  sun.security.x509.AuthorityInfoAccessExtension
 962:             2             64  sun.security.x509.PolicyMappingsExtension
 963:             2             64  sun.security.x509.PrivateKeyUsageExtension
 964:             2             64  sun.util.locale.provider.LocaleResources
 965:             2             64  sun.util.locale.provider.LocaleServiceProviderPool
 966:             1             56  [Ljava.lang.Runnable;
 967:             2             56  [Lorg.apache.solr.search.SolrCache;
 968:             2             56  [Lorg.eclipse.jetty.server.Handler;
 969:             1             56  [Lorg.eclipse.jetty.servlet.ServletMapping;
 970:             1             56  [Lsun.util.logging.PlatformLogger$Level;
 971:             1             56  java.util.logging.LogManager
 972:             1             56  org.apache.lucene.codecs.lucene40.Lucene40Codec
 973:             1             56  org.apache.lucene.codecs.lucene41.Lucene41Codec
 974:             1             56  org.apache.lucene.codecs.simpletext.SimpleTextCodec
 975:             1             56  org.apache.lucene.index.BufferedUpdates
 976:             1             56  org.apache.lucene.index.ConcurrentMergeScheduler
 977:             1             56  org.apache.lucene.index.IndexFileDeleter
 978:             1             56  org.apache.lucene.index.SlowCompositeReaderWrapper
 979:             1             56  org.apache.lucene.search.spell.DirectSpellChecker
 980:             1             56  org.apache.solr.parser.QueryParserTokenManager
 981:             1             56  org.apache.solr.schema.FieldType$DefaultAnalyzer$1
 982:             1             56  org.apache.solr.search.LuceneQParser
 983:             1             56  org.apache.solr.update.VersionInfo
 984:             1             56  org.eclipse.jetty.server.ResourceCache
 985:             1             56  org.eclipse.jetty.webapp.DefaultsDescriptor
 986:             1             56  org.eclipse.jetty.webapp.WebDescriptor
 987:             1             56  org.tartarus.snowball.ext.FinnishStemmer
 988:             1             56  org.tartarus.snowball.ext.RomanianStemmer
 989:             1             56  sun.security.provider.SHA
 990:             1             48  [Lcom.sun.beans.util.Cache$CacheEntry;
 991:             1             48  [Lcom.sun.management.VMOption$Origin;
 992:             1             48  [Lcom.sun.org.apache.xalan.internal.utils.XMLSecurityManager$Limit;
 993:             1             48  [Lcom.sun.org.apache.xerces.internal.utils.XMLSecurityManager$Limit;
 994:             1             48  [Ljava.beans.WeakIdentityMap$Entry;
 995:             3             48  [Ljava.lang.annotation.Annotation;
 996:             1             48  [Ljava.lang.invoke.MethodHandleImpl$Intrinsic;
 997:             1             48  [Ljava.math.RoundingMode;
 998:             2             48  [Ljava.net.InetAddress;
 999:             1             48  [Ljava.util.concurrent.TimeUnit;
1000:             2             48  [Lorg.apache.lucene.codecs.lucene50.Lucene50StoredFieldsFormat$Mode;
1001:             1             48  [Lorg.eclipse.jetty.servlet.ServletHolder;
1002:             1             48  [Lorg.eclipse.jetty.webapp.Origin;
1003:             2             48  [Lorg.opensextant.solrtexttagger.TagLL;
1004:             2             48  [Lsun.reflect.generics.tree.ClassTypeSignature;
1005:             1             48  [Lsun.security.x509.NetscapeCertTypeExtension$MapEntry;
1006:             3             48  com.ctc.wstx.api.WstxInputProperties$ParsingMode
1007:             2             48  com.ctc.wstx.util.SymbolTable$Bucket
1008:             2             48  com.google.common.collect.RegularImmutableAsList
1009:             2             48  com.google.common.collect.RegularImmutableMap$EntrySet
1010:             2             48  com.google.common.collect.RegularImmutableMap$NonTerminalEntry
1011:             3             48  com.spatial4j.core.distance.GeodesicSphereDistCalc$Haversine
1012:             3             48  com.spatial4j.core.io.BinaryCodec
1013:             3             48  com.spatial4j.core.io.WktShapeParser
1014:             3             48  com.sun.org.apache.xerces.internal.impl.dtd.DTDGrammar$QNameHashtable
1015:             2             48  com.sun.org.apache.xerces.internal.impl.dtd.DTDGrammarBucket
1016:             3             48  com.sun.org.apache.xerces.internal.impl.dv.dtd.ListDatatypeValidator
1017:             2             48  com.sun.org.apache.xerces.internal.impl.msg.XMLMessageFormatter
1018:             2             48  com.sun.org.apache.xerces.internal.impl.validation.ValidationManager
1019:             2             48  com.sun.org.apache.xerces.internal.util.SymbolTable
1020:             2             48  com.sun.org.apache.xerces.internal.utils.XMLSecurityPropertyManager
1021:             2             48  java.io.BufferedOutputStream
1022:             2             48  java.io.ByteArrayOutputStream
1023:             2             48  java.io.File$PathStatus
1024:             2             48  java.io.InputStreamReader
1025:             3             48  java.lang.ClassValue$Identity
1026:             2             48  java.lang.invoke.MethodHandles$Lookup
1027:             2             48  java.lang.reflect.ReflectPermission
1028:             2             48  java.net.InetAddress
1029:             2             48  java.net.InetAddress$Cache
1030:             2             48  java.net.InetAddress$Cache$Type
1031:             2             48  java.net.InetAddress$CacheEntry
1032:             2             48  java.net.ServerSocket
1033:             3             48  java.nio.channels.FileChannel$MapMode
1034:             2             48  java.nio.charset.CoderResult
1035:             3             48  java.nio.charset.CodingErrorAction
1036:             2             48  java.security.Timestamp
1037:             3             48  java.text.AttributedCharacterIterator$Attribute
1038:             1             48  java.text.RuleBasedCollator
1039:             3             48  java.util.Base64$Decoder
1040:             2             48  java.util.BitSet
1041:             3             48  java.util.concurrent.CopyOnWriteArraySet
1042:             3             48  java.util.concurrent.SynchronousQueue$TransferStack
1043:             1             48  java.util.concurrent.ThreadPoolExecutor$Worker
1044:             3             48  java.util.concurrent.atomic.AtomicMarkableReference
1045:             1             48  java.util.concurrent.locks.ReentrantReadWriteLock$FairSync
1046:             3             48  java.util.jar.JarVerifier$3
1047:             2             48  java.util.logging.Logger$LoggerBundle
1048:             2             48  java.util.regex.Pattern$Dollar
1049:             2             48  java.util.regex.Pattern$Prolog
1050:             3             48  org.apache.http.impl.client.BasicCredentialsProvider
1051:             2             48  org.apache.http.impl.client.DefaultHttpRequestRetryHandler
1052:             2             48  org.apache.http.impl.conn.DefaultClientConnectionOperator
1053:             3             48  org.apache.http.impl.conn.SystemDefaultDnsResolver
1054:             1             48  org.apache.log4j.Hierarchy
1055:             2             48  org.apache.log4j.helpers.OnlyOnceErrorHandler
1056:             1             48  org.apache.log4j.helpers.PatternParser
1057:             2             48  org.apache.lucene.analysis.ar.ArabicNormalizationFilterFactory
1058:             2             48  org.apache.lucene.analysis.cjk.CJKWidthFilterFactory
1059:             1             48  org.apache.lucene.analysis.core.StopFilter
1060:             1             48  org.apache.lucene.analysis.ja.JapaneseTokenizerFactory
1061:             1             48  org.apache.lucene.analysis.util.CharArrayMap$EmptyCharArrayMap
1062:             3             48  org.apache.lucene.codecs.lucene46.Lucene46FieldInfosFormat
1063:             3             48  org.apache.lucene.codecs.lucene46.Lucene46SegmentInfoFormat
1064:             2             48  org.apache.lucene.codecs.lucene50.Lucene50Codec$1
1065:             2             48  org.apache.lucene.codecs.lucene50.Lucene50Codec$2
1066:             2             48  org.apache.lucene.codecs.lucene50.Lucene50StoredFieldsFormat$Mode
1067:             1             48  org.apache.lucene.index.IndexFileDeleter$CommitPoint
1068:             2             48  org.apache.lucene.search.spell.WordBreakSpellChecker$BreakSuggestionSortMethod
1069:             1             48  org.apache.lucene.util.packed.BulkOperationPacked1
1070:             1             48  org.apache.lucene.util.packed.BulkOperationPacked10
1071:             1             48  org.apache.lucene.util.packed.BulkOperationPacked11
1072:             1             48  org.apache.lucene.util.packed.BulkOperationPacked12
1073:             1             48  org.apache.lucene.util.packed.BulkOperationPacked13
1074:             1             48  org.apache.lucene.util.packed.BulkOperationPacked14
1075:             1             48  org.apache.lucene.util.packed.BulkOperationPacked15
1076:             1             48  org.apache.lucene.util.packed.BulkOperationPacked16
1077:             1             48  org.apache.lucene.util.packed.BulkOperationPacked17
1078:             1             48  org.apache.lucene.util.packed.BulkOperationPacked18
1079:             1             48  org.apache.lucene.util.packed.BulkOperationPacked19
1080:             1             48  org.apache.lucene.util.packed.BulkOperationPacked2
1081:             1             48  org.apache.lucene.util.packed.BulkOperationPacked20
1082:             1             48  org.apache.lucene.util.packed.BulkOperationPacked21
1083:             1             48  org.apache.lucene.util.packed.BulkOperationPacked22
1084:             1             48  org.apache.lucene.util.packed.BulkOperationPacked23
1085:             1             48  org.apache.lucene.util.packed.BulkOperationPacked24
1086:             1             48  org.apache.lucene.util.packed.BulkOperationPacked3
1087:             1             48  org.apache.lucene.util.packed.BulkOperationPacked4
1088:             1             48  org.apache.lucene.util.packed.BulkOperationPacked5
1089:             1             48  org.apache.lucene.util.packed.BulkOperationPacked6
1090:             1             48  org.apache.lucene.util.packed.BulkOperationPacked7
1091:             1             48  org.apache.lucene.util.packed.BulkOperationPacked8
1092:             1             48  org.apache.lucene.util.packed.BulkOperationPacked9
1093:             1             48  org.apache.solr.analysis.ReversedWildcardFilterFactory
1094:             2             48  org.apache.solr.client.solrj.SolrQuery$ORDER
1095:             2             48  org.apache.solr.client.solrj.impl.HttpClientUtil$1
1096:             2             48  org.apache.solr.common.params.DefaultSolrParams
1097:             3             48  org.apache.solr.common.params.MultiMapSolrParams
1098:             2             48  org.apache.solr.common.util.NamedList$1
1099:             3             48  org.apache.solr.common.util.XMLErrorLogger
1100:             2             48  org.apache.solr.core.DirectoryFactory$DirContext
1101:             2             48  org.apache.solr.core.QuerySenderListener
1102:             2             48  org.apache.solr.handler.component.SpellCheckComponent$SpellCheckerListener
1103:             2             48  org.apache.solr.highlight.ScoreOrderFragmentsBuilder
1104:             1             48  org.apache.solr.logging.log4j.EventAppender
1105:             2             48  org.apache.solr.parser.QueryParser$Operator
1106:             2             48  org.apache.solr.response.ResultContext
1107:             2             48  org.apache.solr.rest.RestManager$ManagedResourceRegistration
1108:             3             48  org.apache.solr.rest.schema.analysis.ManagedSynonymFilterFactory$CasePreservedSynonymMappings
1109:             2             48  org.apache.solr.search.DocSlice$1
1110:             2             48  org.apache.solr.search.QueryParsing$StrParser
1111:             2             48  org.apache.solr.servlet.SolrRequestParsers$StandardRequestParser
1112:             2             48  org.eclipse.jetty.security.RoleInfo
1113:             2             48  org.eclipse.jetty.servlet.ServletHolder$Registration
1114:             2             48  org.eclipse.jetty.util.statistic.CounterStatistic
1115:             2             48  org.eclipse.jetty.webapp.ClasspathPattern
1116:             2             48  org.eclipse.jetty.xml.XmlParser$NoopHandler
1117:             2             48  org.noggit.CharArr
1118:             1             48  org.tartarus.snowball.ext.ArmenianStemmer
1119:             1             48  org.tartarus.snowball.ext.BasqueStemmer
1120:             1             48  org.tartarus.snowball.ext.CatalanStemmer
1121:             1             48  org.tartarus.snowball.ext.DanishStemmer
1122:             1             48  org.tartarus.snowball.ext.DutchStemmer
1123:             1             48  org.tartarus.snowball.ext.IrishStemmer
1124:             1             48  org.tartarus.snowball.ext.NorwegianStemmer
1125:             1             48  org.tartarus.snowball.ext.RussianStemmer
1126:             1             48  org.tartarus.snowball.ext.SwedishStemmer
1127:             1             48  org.tartarus.snowball.ext.TurkishStemmer
1128:             2             48  sun.misc.NativeSignalHandler
1129:             2             48  sun.net.www.MessageHeader
1130:             3             48  sun.nio.ch.FileDispatcherImpl
1131:             2             48  sun.nio.ch.NativeThreadSet
1132:             2             48  sun.reflect.generics.tree.ClassSignature
1133:             2             48  sun.security.jca.ProviderList
1134:             2             48  sun.security.jca.ProviderList$3
1135:             2             48  sun.security.ssl.SSLAlgorithmConstraints
1136:             2             48  sun.security.x509.CertificatePolicyMap
1137:             3             48  sun.security.x509.RFC822Name
1138:             1             48  sun.text.normalizer.IntTrie
1139:             1             48  sun.text.normalizer.NormalizerBase
1140:             3             48  sun.text.normalizer.NormalizerBase$QuickCheckResult
1141:             1             48  sun.text.resources.FormatData
1142:             1             48  sun.text.resources.en.FormatData_en
1143:             1             48  sun.text.resources.en.FormatData_en_US
1144:             1             40  [Lcom.sun.org.apache.xerces.internal.util.Status;
1145:             1             40  [Ljavax.servlet.DispatcherType;
1146:             1             40  [Lorg.apache.lucene.index.DocValuesType;
1147:             1             40  [Lorg.apache.lucene.index.IndexOptions;
1148:             1             40  [Lorg.apache.solr.schema.TrieField$TrieTypes;
1149:             1             40  [Lorg.eclipse.jetty.webapp.Configuration;
1150:             2             40  [Lsun.reflect.generics.tree.FieldTypeSignature;
1151:             2             40  [Lsun.reflect.generics.tree.FormalTypeParameter;
1152:             1             40  [Lsun.security.jca.ServiceId;
1153:             1             40  [Lsun.security.util.DisabledAlgorithmConstraints$KeySizeConstraint$Operator;
1154:             1             40  [Lsun.util.locale.provider.LocaleProviderAdapter$Type;
1155:             1             40  [[Ljava.lang.invoke.LambdaForm$Name;
1156:             1             40  com.sun.beans.finder.MethodFinder$1
1157:             1             40  java.beans.WeakIdentityMap$Entry
1158:             1             40  java.io.BufferedInputStream
1159:             1             40  java.lang.invoke.DirectMethodHandle$Accessor
1160:             1             40  java.text.CollationElementIterator
1161:             1             40  java.text.RBCollationTables
1162:             1             40  java.util.ResourceBundle$1
1163:             1             40  java.util.ServiceLoader$LazyIterator
1164:             1             40  org.apache.log4j.helpers.CountingQuietWriter
1165:             1             40  org.apache.log4j.helpers.PatternParser$ClassNamePatternConverter
1166:             1             40  org.apache.log4j.helpers.PatternParser$DatePatternConverter
1167:             1             40  org.apache.log4j.spi.RootLogger
1168:             1             40  org.apache.lucene.analysis.core.LowerCaseFilter
1169:             1             40  org.apache.lucene.analysis.ja.JapanesePartOfSpeechStopFilterFactory
1170:             1             40  org.apache.lucene.analysis.miscellaneous.StemmerOverrideFilterFactory
1171:             1             40  org.apache.lucene.analysis.pattern.PatternReplaceFilterFactory
1172:             1             40  org.apache.lucene.analysis.payloads.DelimitedPayloadTokenFilterFactory
1173:             1             40  org.apache.lucene.index.BufferedUpdatesStream
1174:             1             40  org.apache.lucene.index.DocumentsWriterDeleteQueue
1175:             1             40  org.apache.solr.core.Config
1176:             1             40  org.apache.solr.core.CoreDescriptor
1177:             1             40  org.apache.solr.core.SolrConfig$UpdateHandlerInfo
1178:             1             40  org.apache.solr.handler.component.QueryElevationComponent
1179:             1             40  org.apache.solr.highlight.DefaultSolrHighlighter
1180:             1             40  org.apache.solr.rest.RestManager
1181:             1             40  org.apache.solr.rest.RestManager$RestManagerManagedResource
1182:             1             40  org.apache.solr.rest.schema.analysis.ManagedSynonymFilterFactory$SynonymManager
1183:             1             40  org.apache.solr.rest.schema.analysis.ManagedWordSetResource
1184:             1             40  org.apache.solr.schema.IndexSchema$SolrQueryAnalyzer
1185:             1             40  org.apache.solr.search.QueryResultKey
1186:             1             40  org.apache.solr.spelling.WordBreakSolrSpellChecker
1187:             1             40  org.apache.solr.update.UpdateLog$RecoveryInfo
1188:             1             40  org.apache.solr.util.ConcurrentLRUCache$CacheEntry
1189:             1             40  org.eclipse.jetty.server.session.HashSessionManager$2
1190:             1             40  org.eclipse.jetty.webapp.WebAppContext$Context
1191:             1             40  org.tartarus.snowball.ext.HungarianStemmer
1192:             1             40  sun.nio.ch.FileLockImpl
1193:             1             40  sun.nio.cs.StandardCharsets$Aliases
1194:             1             40  sun.nio.cs.StandardCharsets$Cache
1195:             1             40  sun.nio.cs.StandardCharsets$Classes
1196:             1             40  sun.security.provider.DSAPublicKeyImpl
1197:             1             40  sun.text.IntHashtable
1198:             1             40  sun.text.UCompactIntArray
1199:             1             32  [Lcom.google.common.cache.LocalCache$Strength;
1200:             1             32  [Lcom.sun.beans.util.Cache$Kind;
1201:             1             32  [Lcom.sun.org.apache.xalan.internal.utils.XMLSecurityManager$NameMap;
1202:             1             32  [Lcom.sun.org.apache.xerces.internal.utils.XMLSecurityManager$NameMap;
1203:             1             32  [Ljava.lang.OutOfMemoryError;
1204:             1             32  [Ljava.lang.ThreadGroup;
1205:             1             32  [Ljava.text.Normalizer$Form;
1206:             1             32  [Ljava.util.EventListener;
1207:             1             32  [Lorg.apache.lucene.analysis.synonym.SynonymFilter$PendingInput;
1208:             1             32  [Lorg.apache.lucene.analysis.synonym.SynonymFilter$PendingOutputs;
1209:             1             32  [Lorg.apache.lucene.index.IndexWriterConfig$OpenMode;
1210:             1             32  [Lorg.apache.lucene.index.StoredFieldVisitor$Status;
1211:             1             32  [Lorg.apache.lucene.index.TermsEnum$SeekStatus;
1212:             1             32  [Lorg.apache.lucene.search.BooleanClause$Occur;
1213:             1             32  [Lorg.apache.lucene.store.IOContext$Context;
1214:             1             32  [Lorg.apache.lucene.util.fst.FST$INPUT_TYPE;
1215:             1             32  [Lorg.apache.solr.common.params.CommonParams$EchoParamStyle;
1216:             1             32  [Lorg.apache.solr.search.SolrCache$State;
1217:             1             32  [Lorg.apache.solr.update.UpdateLog$State;
1218:             1             32  [Lorg.apache.solr.update.UpdateLog$SyncLevel;
1219:             1             32  [Lorg.apache.solr.update.processor.UpdateRequestProcessorFactory;
1220:             1             32  [Lorg.eclipse.jetty.io.Buffers$Type;
1221:             1             32  [Lorg.eclipse.jetty.security.UserDataConstraint;
1222:             1             32  [Lorg.eclipse.jetty.servlet.Holder$Source;
1223:             1             32  [Lorg.eclipse.jetty.util.Scanner$Notification;
1224:             1             32  [Lorg.eclipse.jetty.webapp.MetaDataComplete;
1225:             1             32  [Lsun.security.provider.NativePRNG$Variant;
1226:             1             32  [Lsun.text.normalizer.NormalizerBase$Mode;
1227:             1             32  [[Lcom.sun.org.apache.xerces.internal.impl.dtd.models.ContentModelValidator;
1228:             1             32  [[Lcom.sun.org.apache.xerces.internal.impl.dv.DatatypeValidator;
1229:             1             32  [[[Ljava.lang.String;
1230:             2             32  com.google.common.cache.LocalCache$LocalManualCache
1231:             1             32  com.google.common.util.concurrent.MoreExecutors$SameThreadExecutorService
1232:             2             32  com.sun.beans.WeakCache
1233:             1             32  com.sun.beans.finder.BeanInfoFinder
1234:             1             32  com.sun.org.apache.xalan.internal.utils.FeatureManager$Feature
1235:             1             32  com.sun.org.apache.xalan.internal.utils.XMLSecurityManager
1236:             2             32  com.sun.org.apache.xerces.internal.impl.XMLDocumentScannerImpl$PrologDriver
1237:             2             32  com.sun.org.apache.xerces.internal.impl.XMLDocumentScannerImpl$TrailingMiscDriver
1238:             2             32  com.sun.org.apache.xerces.internal.impl.XMLDocumentScannerImpl$XMLDeclDriver
1239:             1             32  com.sun.org.apache.xerces.internal.impl.XMLEntityScanner$1
1240:             2             32  com.sun.org.apache.xerces.internal.impl.dv.dtd.DTDDVFactoryImpl
1241:             2             32  com.sun.org.apache.xerces.internal.impl.dv.dtd.ENTITYDatatypeValidator
1242:             2             32  com.sun.org.apache.xerces.internal.parsers.AbstractSAXParser$AttributesProxy
1243:             2             32  com.sun.org.apache.xerces.internal.util.EntityResolverWrapper
1244:             2             32  com.sun.org.apache.xerces.internal.util.ErrorHandlerWrapper
1245:             1             32  com.sun.org.apache.xml.internal.utils.XMLReaderManager
1246:             1             32  com.sun.org.apache.xpath.internal.jaxp.XPathFactoryImpl
1247:             1             32  java.beans.ThreadGroupContext
1248:             1             32  java.beans.ThreadGroupContext$1
1249:             1             32  java.io.RandomAccessFile
1250:             1             32  java.io.UnixFileSystem
1251:             1             32  java.lang.ArithmeticException
1252:             1             32  java.lang.ArrayIndexOutOfBoundsException
1253:             2             32  java.lang.Boolean
1254:             1             32  java.lang.ClassCastException
1255:             1             32  java.lang.NullPointerException
1256:             2             32  java.lang.Shutdown$Lock
1257:             1             32  java.lang.reflect.WeakCache
1258:             2             32  java.nio.ByteOrder
1259:             1             32  java.nio.channels.Channels$1
1260:             1             32  java.security.BasicPermissionCollection
1261:             1             32  java.security.MessageDigest$Delegate
1262:             1             32  java.text.DontCareFieldPosition
1263:             2             32  java.util.Collections$SingletonSet
1264:             2             32  java.util.Hashtable$EntrySet
1265:             1             32  java.util.ServiceLoader
1266:             2             32  java.util.concurrent.ConcurrentHashMap$ValuesView
1267:             1             32  java.util.concurrent.ThreadLocalRandom
1268:             1             32  java.util.logging.LogManager$SystemLoggerContext
1269:             2             32  javax.xml.xpath.SecuritySupport
1270:             2             32  org.apache.http.conn.scheme.PlainSocketFactory
1271:             2             32  org.apache.http.conn.scheme.SchemeRegistry
